c[?7l[2J[0mSeaBIOS (version rel-1.17.0-0-gb52ca86e094d-prebuilt.qemu.org)


iPXE (http://ipxe.org) 00:03.0 CA00 PCI2.10 PnP PMM+0EFD1C40+0EF31C40 CA00
Press Ctrl-B to configure iPXE (PCI 00:03.0)...                                                                               


Booting from ROM..c[?7l[2JNo EFI environment detected.
early console in extract_kernel
input_data: 0x000000000266d2c4
input_len: 0x000000000094b4db
output: 0x0000000001000000
output_len: 0x0000000001f78348
kernel_total_size: 0x0000000001d7d000
needed_size: 0x0000000002000000
trampoline_32bit: 0x0000000000000000


KASLR disabled: 'nokaslr' on cmdline.


Decompressing Linux... Parsing ELF... No relocation needed... done.
Booting the kernel (entry_offset: 0x0000000001a0e3b0).
[    0.000000] Linux version 7.1.0-rc7+ (yfblock@9950x) (gcc (Ubuntu 13.3.0-6ubuntu2~24.04.1) 13.3.0, GNU ld (GNU Binutils for Ubuntu) 2.42) #17 SMP PREEMPT_DYNAMIC Tue Aug 25 17:24:02 CST 2026
[    0.000000] Command line: console=ttyS0 nokaslr panic=1 ignore_loglevel earlyprintk=serial,ttyS0,115200
[    0.000000] BIOS-provided physical RAM map:
[    0.000000] BIOS-e820: [mem 0x0000000000000000-0x000000000009fbff]  System RAM
[    0.000000] BIOS-e820: [mem 0x000000000009fc00-0x000000000009ffff]  device reserved
[    0.000000] BIOS-e820: [gap 0x00000000000a0000-0x00000000000effff]
[    0.000000] BIOS-e820: [mem 0x00000000000f0000-0x00000000000fffff]  device reserved
[    0.000000] BIOS-e820: [mem 0x0000000000100000-0x000000000ffdffff]  System RAM
[    0.000000] BIOS-e820: [mem 0x000000000ffe0000-0x000000000fffffff]  device reserved
[    0.000000] BIOS-e820: [gap 0x0000000010000000-0x00000000fffbffff]
[    0.000000] BIOS-e820: [mem 0x00000000fffc0000-0x00000000ffffffff]  device reserved
[    0.000000] BIOS-e820: [gap 0x0000000100000000-0x000000fcffffffff]
[    0.000000] BIOS-e820: [mem 0x000000fd00000000-0x000000ffffffffff]  device reserved
[    0.000000] printk: debug: ignoring loglevel setting.
[    0.000000] printk: legacy bootconsole [earlyser0] enabled
[    0.000000] NX (Execute Disable) protection: active
[    0.000000] APIC: Static calls initialized
[    0.000000] DMI: SMBIOS 2.8 present.
[    0.000000] DMI: QEMU Standard PC (i440FX + PIIX, 1996), BIOS rel-1.17.0-0-gb52ca86e094d-prebuilt.qemu.org 04/01/2014
[    0.000000] DMI: Memory slots populated: 1/1
[    0.000000] tsc: Fast TSC calibration using PIT
[    0.000000] tsc: Detected 4299.858 MHz processor
[    0.007863] e820: update [mem 0x00000000-0x00000fff] System RAM ==> device reserved
[    0.008041] e820: remove [mem 0x000a0000-0x000fffff] System RAM
[    0.008191] last_pfn = 0xffe0 max_arch_pfn = 0x400000000
[    0.008625] MTRR map: 4 entries (3 fixed + 1 variable; max 19), built from 8 variable MTRRs
[    0.008782] x86/PAT: Configuration [0-7]: WB  WC  UC- UC  WB  WP  UC- WT  
[    0.020446] found SMP MP-table at [mem 0x000f54b0-0x000f54bf]
[    0.023445] RAMDISK: [mem 0x0f82f000-0x0ffdffff]
[    0.023714] ACPI: Early table checksum verification disabled
[    0.024030] ACPI: RSDP 0x00000000000F52D0 000014 (v00 BOCHS )
[    0.024222] ACPI: RSDT 0x000000000FFE2389 000034 (v01 BOCHS  BXPC     00000001 BXPC 00000001)
[    0.024693] ACPI: FACP 0x000000000FFE2235 000074 (v01 BOCHS  BXPC     00000001 BXPC 00000001)
[    0.025128] ACPI: DSDT 0x000000000FFE0040 0021F5 (v01 BOCHS  BXPC     00000001 BXPC 00000001)
[    0.025224] ACPI: FACS 0x000000000FFE0000 000040
[    0.025285] ACPI: APIC 0x000000000FFE22A9 000080 (v03 BOCHS  BXPC     00000001 BXPC 00000001)
[    0.025349] ACPI: HPET 0x000000000FFE2329 000038 (v01 BOCHS  BXPC     00000001 BXPC 00000001)
[    0.025415] ACPI: WAET 0x000000000FFE2361 000028 (v01 BOCHS  BXPC     00000001 BXPC 00000001)
[    0.025517] ACPI: Reserving FACP table memory at [mem 0xffe2235-0xffe22a8]
[    0.025568] ACPI: Reserving DSDT table memory at [mem 0xffe0040-0xffe2234]
[    0.025611] ACPI: Reserving FACS table memory at [mem 0xffe0000-0xffe003f]
[    0.025652] ACPI: Reserving APIC table memory at [mem 0xffe22a9-0xffe2328]
[    0.025694] ACPI: Reserving HPET table memory at [mem 0xffe2329-0xffe2360]
[    0.025748] ACPI: Reserving WAET table memory at [mem 0xffe2361-0xffe2388]
[    0.026976] No NUMA configuration found
[    0.027018] Faking a node at [mem 0x0000000000000000-0x000000000ffdffff]
[    0.027402] NODE_DATA(0) allocated [mem 0x0f82b680-0x0f82efff]
[    0.027885] ACPI: PM-Timer IO Port: 0x608
[    0.028150] ACPI: LAPIC_NMI (acpi_id[0xff] dfl dfl lint[0x1])
[    0.028403] IOAPIC[0]: apic_id 0, version 32, address 0xfec00000, GSI 0-23
[    0.028511] ACPI: INT_SRC_OVR (bus 0 bus_irq 0 global_irq 2 dfl dfl)
[    0.028684] ACPI: INT_SRC_OVR (bus 0 bus_irq 5 global_irq 5 high level)
[    0.028746] ACPI: INT_SRC_OVR (bus 0 bus_irq 9 global_irq 9 high level)
[    0.028837] ACPI: INT_SRC_OVR (bus 0 bus_irq 10 global_irq 10 high level)
[    0.028881] ACPI: INT_SRC_OVR (bus 0 bus_irq 11 global_irq 11 high level)
[    0.029023] ACPI: Using ACPI (MADT) for SMP configuration information
[    0.029083] ACPI: HPET id: 0x8086a201 base: 0xfed00000
[    0.029337] CPU topo: Max. logical packages:   1
[    0.029392] CPU topo: Max. logical nodes:      1
[    0.029426] CPU topo: Num. nodes per package:  1
[    0.029485] CPU topo: Max. logical dies:       1
[    0.029518] CPU topo: Max. dies per package:   1
[    0.029579] CPU topo: Max. threads per core:   1
[    0.029686] CPU topo: Num. cores per package:     2
[    0.029725] CPU topo: Num. threads per package:   2
[    0.029759] CPU topo: Allowing 2 present CPUs plus 0 hotplug CPUs
[    0.030245] PM: hibernation: Registered nosave memory: [mem 0x00000000-0x00000fff]
[    0.030309] PM: hibernation: Registered nosave memory: [mem 0x0009f000-0x000fffff]
[    0.030422] [gap 0x10000000-0xfffbffff] available for PCI devices
[    0.030490] Booting paravirtualized kernel on bare hardware
[    0.030702] clocksource: refined-jiffies: mask: 0xffffffff max_cycles: 0xffffffff, max_idle_ns: 1910969940391419 ns
[    0.038127] Zone ranges:
[    0.038163]   DMA      [mem 0x0000000000001000-0x0000000000ffffff]
[    0.038240]   DMA32    [mem 0x0000000001000000-0x000000000ffdffff]
[    0.038285]   Normal   empty
[    0.038318] Movable zone start for each node
[    0.038360] Early memory node ranges
[    0.038401]   node   0: [mem 0x0000000000001000-0x000000000009efff]
[    0.038511]   node   0: [mem 0x0000000000100000-0x000000000ffdffff]
[    0.038620] Initmem setup node 0 [mem 0x0000000000001000-0x000000000ffdffff]
[    0.039238] On node 0, zone DMA: 1 pages in unavailable ranges
[    0.039419] On node 0, zone DMA: 97 pages in unavailable ranges
[    0.040106] On node 0, zone DMA32: 32 pages in unavailable ranges
[    0.040261] setup_percpu: NR_CPUS:64 nr_cpumask_bits:2 nr_cpu_ids:2 nr_node_ids:1
[    0.041038] percpu: Embedded 52 pages/cpu s175064 r8192 d29736 u1048576
[    0.041305] pcpu-alloc: s175064 r8192 d29736 u1048576 alloc=1*2097152
[    0.041393] pcpu-alloc: [0] 0 1 
[    0.042232] Kernel command line: console=ttyS0 nokaslr panic=1 ignore_loglevel earlyprintk=serial,ttyS0,115200
[    0.042940] Unknown kernel command line parameters "nokaslr", will be passed to user space.
[    0.043106] printk: log buffer data + meta data: 262144 + 917504 = 1179648 bytes
[    0.043305] Dentry cache hash table entries: 32768 (order: 6, 262144 bytes, linear)
[    0.043413] Inode-cache hash table entries: 16384 (order: 5, 131072 bytes, linear)
[    0.044896] Fallback order for Node 0: 0 
[    0.045145] Built 1 zonelists, mobility grouping on.  Total pages: 65406
[    0.045224] Policy zone: DMA32
[    0.045387] mem auto-init: stack:all(zero), heap alloc:off, heap free:off
[    0.050576] SLUB: HWalign=64, Order=0-3, MinObjects=0, CPUs=2, Nodes=1
Poking KASLR using RDTSC...
[    0.071712] ftrace: allocating 38031 entries in 150 pages
[    0.071962] ftrace: allocated 150 pages with 4 groups
[    0.076300] Dynamic Preempt: lazy
[    0.078073] rcu: Preemptible hierarchical RCU implementation.
[    0.078118] rcu: 	RCU event tracing is enabled.
[    0.078156] rcu: 	RCU restricting CPUs from NR_CPUS=64 to nr_cpu_ids=2.
[    0.078335] 	Trampoline variant of Tasks RCU enabled.
[    0.078371] 	Rude variant of Tasks RCU enabled.
[    0.078400] 	Tracing variant of Tasks RCU enabled.
[    0.078483] rcu: RCU calculated value of scheduler-enlistment delay is 100 jiffies.
[    0.078538] rcu: Adjusting geometry for rcu_fanout_leaf=16, nr_cpu_ids=2
[    0.079219] RCU Tasks: Setting shift to 1 and lim to 1 rcu_task_cb_adjust=1 rcu_task_cpu_ids=2.
[    0.079278] RCU Tasks Rude: Setting shift to 1 and lim to 1 rcu_task_cb_adjust=1 rcu_task_cpu_ids=2.
[    0.094191] NR_IRQS: 4352, nr_irqs: 440, preallocated irqs: 16
[    0.099529] rcu: srcu_init: Setting srcu_struct sizes based on contention.
[    0.103923] Console: colour VGA+ 80x25
[    0.105023] printk: legacy console [ttyS0] enabled
[    0.105023] printk: legacy console [ttyS0] enabled
[    0.105303] printk: legacy bootconsole [earlyser0] disabled
[    0.105303] printk: legacy bootconsole [earlyser0] disabled
[    0.106143] ACPI: Core revision 20251212
[    0.109205] clocksource: hpet: mask: 0xffffffff max_cycles: 0xffffffff, max_idle_ns: 19112604467 ns
[    0.110363] APIC: Switch to symmetric I/O mode setup
[    0.114686] ..TIMER: vector=0x30 apic1=0 pin1=2 apic2=-1 pin2=-1
[    0.120033] clocksource: tsc-early: mask: 0xffffffffffffffff max_cycles: 0x3dfaddbd9c5, max_idle_ns: 440795378234 ns
[    0.120301] Calibrating delay loop (skipped), value calculated using timer frequency.. 8599.71 BogoMIPS (lpj=4299858)
[    0.122446] Last level iTLB entries: 4KB 512, 2MB 255, 4MB 127
[    0.122505] Last level dTLB entries: 4KB 512, 2MB 255, 4MB 127, 1GB 0
[    0.122672] mitigations: Enabled attack vectors: user_kernel, user_user, SMT mitigations: auto
[    0.122931] Spectre V2 : Mitigation: Retpolines
[    0.123030] Spectre V1 : Mitigation: usercopy/swapgs barriers and __user pointer sanitization
[    0.123132] Spectre V2 : Spectre v2 / SpectreRSB: Filling RSB on context switch and VMEXIT
[    0.123597] x86/fpu: x87 FPU will use FXSAVE
[    0.184917] pid_max: default: 32768 minimum: 301
[    0.192446] Mount-cache hash table entries: 512 (order: 0, 4096 bytes, linear)
[    0.192562] Mountpoint-cache hash table entries: 512 (order: 0, 4096 bytes, linear)
[    0.197068] VFS: Finished mounting rootfs on nullfs
[    0.311900] smpboot: CPU0: AMD QEMU Virtual CPU version 2.5+ (family: 0xf, model: 0x6b, stepping: 0x1)
[    0.317445] Performance Events: PMU not available due to virtualization, using software events only.
[    0.318002] signal: max sigframe size: 1440
[    0.318748] rcu: Hierarchical SRCU implementation.
[    0.318800] rcu: 	Max phase no-delay instances is 400.
[    0.319448] Timer migration: 1 hierarchy levels; 8 children per group; 1 crossnode level
[    0.321781] smp: Bringing up secondary CPUs ...
[    0.325571] smpboot: x86: Booting SMP configuration:
[    0.325629] .... node  #0, CPUs:      #1
[    0.395472] smp: Brought up 1 node, 2 CPUs
[    0.395609] smpboot: Total of 2 processors activated (17199.74 BogoMIPS)
[    0.400688] Memory: 214648K/261624K available (12659K kernel code, 2337K rwdata, 5116K rodata, 2792K init, 544K bss, 43540K reserved, 0K cma-reserved)
[    0.405191] devtmpfs: initialized
[    0.410365] clocksource: jiffies: mask: 0xffffffff max_cycles: 0xffffffff, max_idle_ns: 1911260446275000 ns
[    0.411331] posixtimers hash table entries: 1024 (order: 2, 16384 bytes, linear)
[    0.411520] futex hash table entries: 512 (32768 bytes on 1 NUMA nodes, total 32 KiB, linear).
[    0.413826] PM: RTC time: 09:34:32, date: 2026-08-25
[    0.416269] NET: Registered PF_NETLINK/PF_ROUTE protocol family
[    0.420344] thermal_sys: Registered thermal governor 'step_wise'
[    0.420662] cpuidle: using governor menu
[    0.421669] Freeing SMP alternatives memory: 36K
[    0.423003] PCI: Using configuration type 1 for base access
[    0.423277] mtrr: your CPUs had inconsistent fixed MTRR settings
[    0.423326] mtrr: your CPUs had inconsistent variable MTRR settings
[    0.423370] mtrr: your CPUs had inconsistent MTRRdefType settings
[    0.423419] mtrr: probably your BIOS does not setup all CPUs.
[    0.423457] mtrr: corrected configuration.
[    0.424782] kprobes: kprobe jump-optimization is enabled. All kprobes are optimized if possible.
[    0.426042] HugeTLB: registered 2.00 MiB page size, pre-allocated 0 pages
[    0.426119] HugeTLB: 28 KiB vmemmap can be freed for a 2.00 MiB page
[    0.428549] ACPI: Added _OSI(Module Device)
[    0.428598] ACPI: Added _OSI(Processor Device)
[    0.428630] ACPI: Added _OSI(Processor Aggregator Device)
[    0.439448] ACPI: 1 ACPI AML tables successfully acquired and loaded
[    0.453409] ACPI: \_SB_: platform _OSC: OS support mask [002a7eee]
[    0.458326] ACPI: Interpreter enabled
[    0.458947] ACPI: PM: (supports S0 S3 S4 S5)
[    0.459004] ACPI: Using IOAPIC for interrupt routing
[    0.459249] PCI: Using host bridge windows from ACPI; if necessary, use "pci=nocrs" and report a bug
[    0.459325] PCI: Using E820 reservations for host bridge windows
[    0.460158] ACPI: Enabled 2 GPEs in block 00 to 0F
[    0.482501] ACPI: PCI Root Bridge [PCI0] (domain 0000 [bus 00-ff])
[    0.482943] acpi PNP0A03:00: _OSC: OS supports [ASPM ClockPM Segments MSI HPX-Type3]
[    0.483074] acpi PNP0A03:00: _OSC: not requesting OS control; OS requires [ExtendedConfig ASPM ClockPM MSI]
[    0.483322] acpi PNP0A03:00: _OSC: platform retains control of PCIe features (AE_ERROR)
[    0.483616] acpi PNP0A03:00: fail to add MMCONFIG information, can't access extended configuration space under this bridge
[    0.485410] PCI host bridge to bus 0000:00
[    0.485559] pci_bus 0000:00: root bus resource [io  0x0000-0x0cf7 window]
[    0.485670] pci_bus 0000:00: root bus resource [io  0x0d00-0xffff window]
[    0.485718] pci_bus 0000:00: root bus resource [mem 0x000a0000-0x000bffff window]
[    0.485786] pci_bus 0000:00: root bus resource [mem 0x10000000-0xfebfffff window]
[    0.485846] pci_bus 0000:00: root bus resource [mem 0x100000000-0x17fffffff window]
[    0.485964] pci_bus 0000:00: root bus resource [bus 00-ff]
[    0.486763] pci 0000:00:00.0: [8086:1237] type 00 class 0x060000 conventional PCI endpoint
[    0.489114] pci 0000:00:01.0: [8086:7000] type 00 class 0x060100 conventional PCI endpoint
[    0.489468] pci 0000:00:01.1: [8086:7010] type 00 class 0x010180 conventional PCI endpoint
[    0.489840] pci 0000:00:01.1: BAR 4 [io  0xc040-0xc04f]
[    0.489914] pci 0000:00:01.1: BAR 0 [io  0x01f0-0x01f7]: legacy IDE quirk
[    0.489969] pci 0000:00:01.1: BAR 1 [io  0x03f6]: legacy IDE quirk
[    0.490027] pci 0000:00:01.1: BAR 2 [io  0x0170-0x0177]: legacy IDE quirk
[    0.490083] pci 0000:00:01.1: BAR 3 [io  0x0376]: legacy IDE quirk
[    0.490468] pci 0000:00:01.3: [8086:7113] type 00 class 0x068000 conventional PCI endpoint
[    0.490722] pci 0000:00:01.3: quirk: [io  0x0600-0x063f] claimed by PIIX4 ACPI
[    0.490786] pci 0000:00:01.3: quirk: [io  0x0700-0x070f] claimed by PIIX4 SMB
[    0.491097] pci 0000:00:02.0: [1234:1111] type 00 class 0x030000 conventional PCI endpoint
[    0.491503] pci 0000:00:02.0: BAR 0 [mem 0xfd000000-0xfdffffff pref]
[    0.491586] pci 0000:00:02.0: BAR 2 [mem 0xfeb70000-0xfeb70fff]
[    0.491628] pci 0000:00:02.0: ROM [mem 0xfeb60000-0xfeb6ffff pref]
[    0.491798] pci 0000:00:02.0: Video device with shadowed ROM at [mem 0x000c0000-0x000dffff]
[    0.492154] pci 0000:00:03.0: [8086:100e] type 00 class 0x020000 conventional PCI endpoint
[    0.492617] pci 0000:00:03.0: BAR 0 [mem 0xfeb40000-0xfeb5ffff]
[    0.492671] pci 0000:00:03.0: BAR 1 [io  0xc000-0xc03f]
[    0.492710] pci 0000:00:03.0: ROM [mem 0xfeb00000-0xfeb3ffff pref]
[    0.495846] pci 0000:00:04.0: [1234:11e8] type 00 class 0x00ff00 conventional PCI endpoint
[    0.496124] pci 0000:00:04.0: BAR 0 [mem 0xfea00000-0xfeafffff]
[    0.501130] ACPI: PCI: Interrupt link LNKA configured for IRQ 10
[    0.501574] ACPI: PCI: Interrupt link LNKB configured for IRQ 10
[    0.501876] ACPI: PCI: Interrupt link LNKC configured for IRQ 11
[    0.502282] ACPI: PCI: Interrupt link LNKD configured for IRQ 11
[    0.502457] ACPI: PCI: Interrupt link LNKS configured for IRQ 9
[    0.504250] iommu: Default domain type: Translated
[    0.504307] iommu: DMA domain TLB invalidation policy: lazy mode
[    0.506468] SCSI subsystem initialized
[    0.506844] libata version 3.00 loaded.
[    0.507357] ACPI: bus type USB registered
[    0.507642] usbcore: registered new interface driver usbfs
[    0.507840] usbcore: registered new interface driver hub
[    0.507938] usbcore: registered new device driver usb
[    0.508109] pps_core: LinuxPPS API ver. 1 registered
[    0.508148] pps_core: Software ver. 5.3.6 - Copyright 2005-2007 Rodolfo Giometti <giometti@linux.it>
[    0.508209] PTP clock support registered
[    0.513428] PCI: Using ACPI for IRQ routing
[    0.513534] PCI: pci_cache_line_size set to 64 bytes
[    0.513763] e820: register RAM buffer resource [mem 0x0009fc00-0x0009ffff]
[    0.513897] e820: register RAM buffer resource [mem 0x0ffe0000-0x0fffffff]
[    0.516171] pci 0000:00:02.0: vgaarb: setting as boot VGA device
[    0.516179] pci 0000:00:02.0: vgaarb: bridge control possible
[    0.516179] pci 0000:00:02.0: vgaarb: VGA device added: decodes=io+mem,owns=io+mem,locks=none
[    0.516196] vgaarb: loaded
[    0.516798] hpet: 3 channels of 0 reserved for per-cpu timers
[    0.517192] hpet0: at MMIO 0xfed00000, IRQs 2, 8, 0
[    0.517276] hpet0: 3 comparators, 64-bit 100.000000 MHz counter
[    0.521798] clocksource: Switched to clocksource tsc-early
[    0.522379] VFS: Disk quotas dquot_6.6.0
[    0.522494] VFS: Dquot-cache hash table entries: 512 (order 0, 4096 bytes)
[    0.524301] pnp: PnP ACPI init
[    0.525437] pnp 00:02: [dma 2]
[    0.526402] pnp: PnP ACPI: found 5 devices
[    0.540068] clocksource: acpi_pm: mask: 0xffffff max_cycles: 0xffffff, max_idle_ns: 2085701024 ns
[    0.540491] NET: Registered PF_INET protocol family
[    0.541027] IP idents hash table entries: 4096 (order: 3, 32768 bytes, linear)
[    0.542513] tcp_listen_portaddr_hash hash table entries: 256 (order: 0, 4096 bytes, linear)
[    0.542703] Table-perturb hash table entries: 65536 (order: 6, 262144 bytes, linear)
[    0.542782] TCP established hash table entries: 2048 (order: 2, 16384 bytes, linear)
[    0.542960] TCP bind hash table entries: 2048 (order: 4, 65536 bytes, linear)
[    0.543146] TCP: Hash tables configured (established 2048 bind 2048)
[    0.543873] UDP hash table entries: 256 (order: 2, 16384 bytes, linear)
[    0.544877] pci_bus 0000:00: resource 4 [io  0x0000-0x0cf7 window]
[    0.544929] pci_bus 0000:00: resource 5 [io  0x0d00-0xffff window]
[    0.544972] pci_bus 0000:00: resource 6 [mem 0x000a0000-0x000bffff window]
[    0.545018] pci_bus 0000:00: resource 7 [mem 0x10000000-0xfebfffff window]
[    0.545064] pci_bus 0000:00: resource 8 [mem 0x100000000-0x17fffffff window]
[    0.545381] pci 0000:00:01.0: PIIX3: Enabling Passive Release
[    0.545477] pci 0000:00:00.0: Limiting direct PCI/PCI transfers
[    0.545595] PCI: CLS 0 bytes, default 64
[    0.547833] Unpacking initramfs...
[    0.552850] Initialise system trusted keyrings
[    0.554270] workingset: timestamp_bits=56 (anon: 52) max_order=16 bucket_order=0 (anon: 0)
[    0.556259] Key type asymmetric registered
[    0.556333] Asymmetric key parser 'x509' registered
[    0.556489] Block layer SCSI generic (bsg) driver version 0.4 loaded (major 250)
[    0.556746] io scheduler mq-deadline registered
[    0.556806] io scheduler kyber registered
[    0.558760] input: Power Button as /devices/platform/LNXPWRBN:00/input/input0
[    0.559332] ACPI: button: Power Button [PWRF]
[    0.562133] Serial: 8250/16550 driver, 4 ports, IRQ sharing enabled
[    0.564359] 00:04: ttyS0 at I/O 0x3f8 (irq = 4, base_baud = 115200) is a 16550A
[    0.569391] Non-volatile memory driver v1.3
[    0.579018] loop: module loaded
[    0.585363] scsi host0: ata_piix
[    0.588555] scsi host1: ata_piix
[    0.588821] ata1: PATA max MWDMA2 cmd 0x1f0 ctl 0x3f6 bmdma 0xc040 irq 14 lpm-pol 0
[    0.588895] ata2: PATA max MWDMA2 cmd 0x170 ctl 0x376 bmdma 0xc048 irq 15 lpm-pol 0
[    0.591647] i8042: PNP: PS/2 Controller [PNP0303:KBD,PNP0f13:MOU] at 0x60,0x64 irq 1,12
[    0.593443] serio: i8042 KBD port at 0x60,0x64 irq 1
[    0.593620] serio: i8042 AUX port at 0x60,0x64 irq 12
[    0.595233] rtc_cmos PNP0B00:00: RTC can wake from S4
[    0.597117] input: AT Translated Set 2 keyboard as /devices/platform/i8042/serio0/input/input1
[    0.599809] rtc_cmos PNP0B00:00: registered as rtc0
[    0.600603] rtc_cmos PNP0B00:00: alarms up to one day, y3k, 242 bytes nvram, hpet irqs
[    0.601164] device-mapper: ioctl: 4.50.0-ioctl (2025-04-28) initialised: dm-devel@lists.linux.dev
[    0.601382] amd_pstate: the _CPC object is not present in SBIOS or ACPI disabled
[    0.601585] hid: raw HID events driver (C) Jiri Kosina
[    0.601960] usbcore: registered new interface driver usbhid
[    0.602005] usbhid: USB HID core driver
[    0.602633] NET: Registered PF_INET6 protocol family
[    0.606539] Segment Routing with IPv6
[    0.606672] In-situ OAM (IOAM) with IPv6
[    0.608660] IPI shorthand broadcast: enabled
[    0.616073] sched_clock: Marking stable (604226374, 11228878)->(618465343, -3010091)
[    0.617354] Loading compiled-in X.509 certificates
[    0.623900] Demotion targets for Node 0: null
[    0.627162] PM:   Magic number: 6:873:576
[    0.627980] clk: Disabling unused clocks
[    0.628188] KTAP version 1
[    0.628213] 1..0
[    0.703424] Freeing initrd memory: 7876K
[    0.743323] ata2: found unknown device (class 0)
[    0.745191] ata2.00: ATAPI: QEMU DVD-ROM, 2.5+, max UDMA/100
[    0.751527] scsi 1:0:0:0: CD-ROM            QEMU     QEMU DVD-ROM     2.5+ PQ: 0 ANSI: 5
[    0.767032] sr 1:0:0:0: [sr0] scsi3-mmc drive: 4x/4x cd/rw xa/form2 tray
[    0.779303] cdrom: Uniform CD-ROM driver Revision: 3.20
[    0.786802] sr 1:0:0:0: Attached scsi CD-ROM sr0
[    0.787438] sr 1:0:0:0: Attached scsi generic sg0 type 5
[    0.825134] Freeing unused kernel image (initmem) memory: 2792K
[    0.825297] Write protecting the kernel read-only data: 20480k
[    0.827141] Freeing unused kernel image (text/rodata gap) memory: 1676K
[    0.827602] Freeing unused kernel image (rodata/data gap) memory: 1028K
[    0.913082] x86/mm: Checked W+X mappings: passed, no W+X pages found.
[    0.913260] Run /init as init process
[    0.913287]   with arguments:
[    0.913312]     /init
[    0.913333]     nokaslr
[    0.913352]   with environment:
[    0.913378]     HOME=/
[    0.913399]     TERM=linux
[    0.968365] mount (54) used greatest stack depth: 13208 bytes left
[    0.976111] mount (55) used greatest stack depth: 13152 bytes left
=== insmod edu_drv ===
[    0.999183] edu_drv: loading out-of-tree module taints kernel.
[    1.007288] ACPI: \_SB_.LNKD: Enabled at IRQ 11
[    1.007553] edu_drv 0000:00:04.0: edu id reg: 0x10000ed
[    1.007862] edu_drv 0000:00:04.0: edu probed (irq 11)
[    1.009459] insmod (61) used greatest stack depth: 13104 bytes left
REHARNESS_DRIVER_INSMOD_RC=0
[    1.015096] input: ImExPS/2 Generic Explorer Mouse as /devices/platform/i8042/serio1/input/input3
REHARNESS_DRIVER_PROBE_BOUND=1
=== dmesg ===
[    0.030245] PM: hibernation: Registered nosave memory: [mem 0x00000000-0x00000fff]
[    0.030309] PM: hibernation: Registered nosave memory: [mem 0x0009f000-0x000fffff]
[    0.416269] NET: Registered PF_NETLINK/PF_ROUTE protocol family
[    0.420344] thermal_sys: Registered thermal governor 'step_wise'
[    0.424782] kprobes: kprobe jump-optimization is enabled. All kprobes are optimized if possible.
[    0.426042] HugeTLB: registered 2.00 MiB page size, pre-allocated 0 pages
[    0.507357] ACPI: bus type USB registered
[    0.507642] usbcore: registered new interface driver usbfs
[    0.507840] usbcore: registered new interface driver hub
[    0.507938] usbcore: registered new device driver usb
[    0.508109] pps_core: LinuxPPS API ver. 1 registered
[    0.508209] PTP clock support registered
[    0.540491] NET: Registered PF_INET protocol family
[    0.556259] Key type asymmetric registered
[    0.556333] Asymmetric key parser 'x509' registered
[    0.556746] io scheduler mq-deadline registered
[    0.556806] io scheduler kyber registered
[    0.599809] rtc_cmos PNP0B00:00: registered as rtc0
[    0.601960] usbcore: registered new interface driver usbhid
[    0.602633] NET: Registered PF_INET6 protocol family
[    0.999183] edu_drv: loading out-of-tree module taints kernel.
[    1.007553] edu_drv 0000:00:04.0: edu id reg: 0x10000ed
[    1.007862] edu_drv 0000:00:04.0: edu probed (irq 11)
=== exerciser ===
TRACE id@0x00 = 0x010000ed OK
TRACE live_check@0x04 write0xa5a5a5a5 read0x5a5a5a5a OK (~X)
TRACE factorial@0x08(5)=120 OK
EDU_TRACE_OK
EXERCISER_RC=0
=== rmmod edu_drv ===
[    1.061061] edu_drv 0000:00:04.0: edu removed
REHARNESS_DRIVER_RMMOD_RC=0
=== QEMU_RUN_DONE ===
[    1.275748] sysrq: Power Off
[    1.276067] Kernel panic - not syncing: Attempted to kill init! exitcode=0x00000000
[    1.276408] CPU: 1 UID: 0 PID: 1 Comm: init Tainted: G           O        7.1.0-rc7+ #17 PREEMPT(lazy) 
[    1.276507] Tainted: [O]=OOT_MODULE
[    1.276532] Hardware name: QEMU Standard PC (i440FX + PIIX, 1996), BIOS rel-1.17.0-0-gb52ca86e094d-prebuilt.qemu.org 04/01/2014
[    1.276660] Call Trace:
[    1.276984]  <TASK>
[    1.277106]  vpanic+0x32f/0x4b0
[    1.277269]  panic+0x63/0x70
[    1.277292]  do_exit+0x952/0xaf0
[    1.277319]  ? handle_mm_fault+0xde/0x220
[    1.277346]  do_group_exit+0x30/0x80
[    1.277372]  __x64_sys_exit_group+0x18/0x20
[    1.277402]  x64_sys_call+0x12e2/0x1880
[    1.277429]  do_syscall_64+0x10e/0x4e0
[    1.277457]  entry_SYSCALL_64_after_hwframe+0x77/0x7f
[    1.277552] RIP: 0033:0x7fdc9c14131d
[    1.277684] Code: 02 ba ff ff ff ff 89 d0 c3 0f 1f 40 00 f3 0f 1e fa 48 8b 35 ed 4a 11 00 ba e7 00 00 00 eb 07 66 0f 1f 44 00 00 f4 89 d0 0f 05 <48> 3d 00 f0 ff ff 76 f3 f7 d8 64 89 06 eb ec 0f 1f 40 00 f3 0f 1e
[    1.277801] RSP: 002b:00007ffd90659fd8 EFLAGS: 00000202 ORIG_RAX: 00000000000000e7
[    1.277860] RAX: ffffffffffffffda RBX: 00007ffd9065a260 RCX: 00007fdc9c14131d
[    1.277906] RDX: 00000000000000e7 RSI: ffffffffffffff88 RDI: 0000000000000000
[    1.277946] RBP: 00007ffd9065a0b0 R08: 000055950c288010 R09: 0000000000000007
[    1.277986] R10: 000055950c28b860 R11: 0000000000000202 R12: 0000000000000000
[    1.278025] R13: 00007ffd9065a250 R14: 00005594d807add8 R15: 00007fdc9c2a7000
[    1.278087]  </TASK>
[    1.278431] Kernel Offset: disabled
[    1.278595] Rebooting in 1 seconds..
