c[?7l[2J[0mSeaBIOS (version rel-1.17.0-0-gb52ca86e094d-prebuilt.qemu.org)


iPXE (http://ipxe.org) 00:03.0 CA00 PCI2.10 PnP PMM+0EFD1C90+0EF31C90 CA00
Press Ctrl-B to configure iPXE (PCI 00:03.0)...                                                                               


Booting from ROM..c[?7l[2JNo EFI environment detected.
early console in extract_kernel
input_data: 0x000000000266e2c4
input_len: 0x0000000000941f16
output: 0x0000000001000000
output_len: 0x0000000001f706d0
kernel_total_size: 0x0000000001d76000
needed_size: 0x0000000002000000
trampoline_32bit: 0x0000000000000000


KASLR disabled: 'nokaslr' on cmdline.


Decompressing Linux... Parsing ELF... No relocation needed... done.
Booting the kernel (entry_offset: 0x0000000001a083b0).
[    0.000000] Linux version 7.1.0-rc7-gacb7500801e9 (yfblock@9950x) (gcc (Ubuntu 13.3.0-6ubuntu2~24.04.1) 13.3.0, GNU ld (GNU Binutils for Ubuntu) 2.42) #15 SMP PREEMPT_DYNAMIC Tue Aug 25 15:37:57 CST 2026
[    0.000000] Command line: console=ttyS0 nokaslr panic=1 ignore_loglevel earlyprintk=serial,ttyS0,115200
[    0.000000] BIOS-provided physical RAM map:
[    0.000000] BIOS-e820: [mem 0x0000000000000000-0x000000000009fbff]  System RAM
[    0.000000] BIOS-e820: [mem 0x000000000009fc00-0x000000000009ffff]  device reserved
[    0.000000] BIOS-e820: [gap 0x00000000000a0000-0x00000000000effff]
[    0.000000] BIOS-e820: [mem 0x00000000000f0000-0x00000000000fffff]  device reserved
[    0.000000] BIOS-e820: [mem 0x0000000000100000-0x000000000ffdffff]  System RAM
[    0.000000] BIOS-e820: [mem 0x000000000ffe0000-0x000000000fffffff]  device reserved
[    0.000000] BIOS-e820: [gap 0x0000000010000000-0x00000000fffbffff]
[    0.000000] BIOS-e820: [mem 0x00000000fffc0000-0x00000000ffffffff]  device reserved
[    0.000000] BIOS-e820: [gap 0x0000000100000000-0x000000fcffffffff]
[    0.000000] BIOS-e820: [mem 0x000000fd00000000-0x000000ffffffffff]  device reserved
[    0.000000] printk: debug: ignoring loglevel setting.
[    0.000000] printk: legacy bootconsole [earlyser0] enabled
[    0.000000] NX (Execute Disable) protection: active
[    0.000000] APIC: Static calls initialized
[    0.000000] DMI: SMBIOS 2.8 present.
[    0.000000] DMI: QEMU Standard PC (i440FX + PIIX, 1996), BIOS rel-1.17.0-0-gb52ca86e094d-prebuilt.qemu.org 04/01/2014
[    0.000000] DMI: Memory slots populated: 1/1
[    0.000000] tsc: Fast TSC calibration using PIT
[    0.000000] tsc: Detected 4299.976 MHz processor
[    0.007884] e820: update [mem 0x00000000-0x00000fff] System RAM ==> device reserved
[    0.008060] e820: remove [mem 0x000a0000-0x000fffff] System RAM
[    0.008210] last_pfn = 0xffe0 max_arch_pfn = 0x400000000
[    0.008638] MTRR map: 4 entries (3 fixed + 1 variable; max 19), built from 8 variable MTRRs
[    0.008797] x86/PAT: Configuration [0-7]: WB  WC  UC- UC  WB  WP  UC- WT  
[    0.020406] found SMP MP-table at [mem 0x000f54c0-0x000f54cf]
[    0.023416] RAMDISK: [mem 0x0f771000-0x0ffdffff]
[    0.023688] ACPI: Early table checksum verification disabled
[    0.023977] ACPI: RSDP 0x00000000000F52E0 000014 (v00 BOCHS )
[    0.024171] ACPI: RSDT 0x000000000FFE2383 000034 (v01 BOCHS  BXPC     00000001 BXPC 00000001)
[    0.024640] ACPI: FACP 0x000000000FFE222F 000074 (v01 BOCHS  BXPC     00000001 BXPC 00000001)
[    0.025071] ACPI: DSDT 0x000000000FFE0040 0021EF (v01 BOCHS  BXPC     00000001 BXPC 00000001)
[    0.025168] ACPI: FACS 0x000000000FFE0000 000040
[    0.025229] ACPI: APIC 0x000000000FFE22A3 000080 (v03 BOCHS  BXPC     00000001 BXPC 00000001)
[    0.025294] ACPI: HPET 0x000000000FFE2323 000038 (v01 BOCHS  BXPC     00000001 BXPC 00000001)
[    0.025358] ACPI: WAET 0x000000000FFE235B 000028 (v01 BOCHS  BXPC     00000001 BXPC 00000001)
[    0.025462] ACPI: Reserving FACP table memory at [mem 0xffe222f-0xffe22a2]
[    0.025513] ACPI: Reserving DSDT table memory at [mem 0xffe0040-0xffe222e]
[    0.025556] ACPI: Reserving FACS table memory at [mem 0xffe0000-0xffe003f]
[    0.025601] ACPI: Reserving APIC table memory at [mem 0xffe22a3-0xffe2322]
[    0.025659] ACPI: Reserving HPET table memory at [mem 0xffe2323-0xffe235a]
[    0.025701] ACPI: Reserving WAET table memory at [mem 0xffe235b-0xffe2382]
[    0.026922] No NUMA configuration found
[    0.026963] Faking a node at [mem 0x0000000000000000-0x000000000ffdffff]
[    0.027347] NODE_DATA(0) allocated [mem 0x0f76d680-0x0f770fff]
[    0.027831] ACPI: PM-Timer IO Port: 0x608
[    0.028099] ACPI: LAPIC_NMI (acpi_id[0xff] dfl dfl lint[0x1])
[    0.028346] IOAPIC[0]: apic_id 0, version 32, address 0xfec00000, GSI 0-23
[    0.028452] ACPI: INT_SRC_OVR (bus 0 bus_irq 0 global_irq 2 dfl dfl)
[    0.028626] ACPI: INT_SRC_OVR (bus 0 bus_irq 5 global_irq 5 high level)
[    0.028689] ACPI: INT_SRC_OVR (bus 0 bus_irq 9 global_irq 9 high level)
[    0.028780] ACPI: INT_SRC_OVR (bus 0 bus_irq 10 global_irq 10 high level)
[    0.028824] ACPI: INT_SRC_OVR (bus 0 bus_irq 11 global_irq 11 high level)
[    0.028967] ACPI: Using ACPI (MADT) for SMP configuration information
[    0.029026] ACPI: HPET id: 0x8086a201 base: 0xfed00000
[    0.029282] CPU topo: Max. logical packages:   1
[    0.029333] CPU topo: Max. logical nodes:      1
[    0.029366] CPU topo: Num. nodes per package:  1
[    0.029424] CPU topo: Max. logical dies:       1
[    0.029456] CPU topo: Max. dies per package:   1
[    0.029516] CPU topo: Max. threads per core:   1
[    0.029624] CPU topo: Num. cores per package:     2
[    0.029663] CPU topo: Num. threads per package:   2
[    0.029696] CPU topo: Allowing 2 present CPUs plus 0 hotplug CPUs
[    0.030185] PM: hibernation: Registered nosave memory: [mem 0x00000000-0x00000fff]
[    0.030248] PM: hibernation: Registered nosave memory: [mem 0x0009f000-0x000fffff]
[    0.030357] [gap 0x10000000-0xfffbffff] available for PCI devices
[    0.030424] Booting paravirtualized kernel on bare hardware
[    0.030646] clocksource: refined-jiffies: mask: 0xffffffff max_cycles: 0xffffffff, max_idle_ns: 1910969940391419 ns
[    0.038088] Zone ranges:
[    0.038124]   DMA      [mem 0x0000000000001000-0x0000000000ffffff]
[    0.038200]   DMA32    [mem 0x0000000001000000-0x000000000ffdffff]
[    0.038243]   Normal   empty
[    0.038275] Movable zone start for each node
[    0.038315] Early memory node ranges
[    0.038353]   node   0: [mem 0x0000000000001000-0x000000000009efff]
[    0.038467]   node   0: [mem 0x0000000000100000-0x000000000ffdffff]
[    0.038573] Initmem setup node 0 [mem 0x0000000000001000-0x000000000ffdffff]
[    0.039183] On node 0, zone DMA: 1 pages in unavailable ranges
[    0.039357] On node 0, zone DMA: 97 pages in unavailable ranges
[    0.040049] On node 0, zone DMA32: 32 pages in unavailable ranges
[    0.040201] setup_percpu: NR_CPUS:64 nr_cpumask_bits:2 nr_cpu_ids:2 nr_node_ids:1
[    0.040978] percpu: Embedded 52 pages/cpu s175064 r8192 d29736 u1048576
[    0.041242] pcpu-alloc: s175064 r8192 d29736 u1048576 alloc=1*2097152
[    0.041324] pcpu-alloc: [0] 0 1 
[    0.042166] Kernel command line: console=ttyS0 nokaslr panic=1 ignore_loglevel earlyprintk=serial,ttyS0,115200
[    0.042865] Unknown kernel command line parameters "nokaslr", will be passed to user space.
[    0.043029] printk: log buffer data + meta data: 262144 + 917504 = 1179648 bytes
[    0.043230] Dentry cache hash table entries: 32768 (order: 6, 262144 bytes, linear)
[    0.043333] Inode-cache hash table entries: 16384 (order: 5, 131072 bytes, linear)
[    0.044834] Fallback order for Node 0: 0 
[    0.045085] Built 1 zonelists, mobility grouping on.  Total pages: 65406
[    0.045165] Policy zone: DMA32
[    0.045325] mem auto-init: stack:all(zero), heap alloc:off, heap free:off
[    0.050546] SLUB: HWalign=64, Order=0-3, MinObjects=0, CPUs=2, Nodes=1
Poking KASLR using RDTSC...
[    0.071574] ftrace: allocating 37804 entries in 148 pages
[    0.071829] ftrace: allocated 148 pages with 3 groups
[    0.076176] Dynamic Preempt: lazy
[    0.077928] rcu: Preemptible hierarchical RCU implementation.
[    0.077971] rcu: 	RCU event tracing is enabled.
[    0.078009] rcu: 	RCU restricting CPUs from NR_CPUS=64 to nr_cpu_ids=2.
[    0.078131] 	Trampoline variant of Tasks RCU enabled.
[    0.078163] 	Rude variant of Tasks RCU enabled.
[    0.078192] 	Tracing variant of Tasks RCU enabled.
[    0.078274] rcu: RCU calculated value of scheduler-enlistment delay is 100 jiffies.
[    0.078329] rcu: Adjusting geometry for rcu_fanout_leaf=16, nr_cpu_ids=2
[    0.079026] RCU Tasks: Setting shift to 1 and lim to 1 rcu_task_cb_adjust=1 rcu_task_cpu_ids=2.
[    0.079086] RCU Tasks Rude: Setting shift to 1 and lim to 1 rcu_task_cb_adjust=1 rcu_task_cpu_ids=2.
[    0.093572] NR_IRQS: 4352, nr_irqs: 440, preallocated irqs: 16
[    0.098897] rcu: srcu_init: Setting srcu_struct sizes based on contention.
[    0.102654] Console: colour VGA+ 80x25
[    0.103748] printk: legacy console [ttyS0] enabled
[    0.103748] printk: legacy console [ttyS0] enabled
[    0.104016] printk: legacy bootconsole [earlyser0] disabled
[    0.104016] printk: legacy bootconsole [earlyser0] disabled
[    0.104852] ACPI: Core revision 20251212
[    0.107920] clocksource: hpet: mask: 0xffffffff max_cycles: 0xffffffff, max_idle_ns: 19112604467 ns
[    0.109063] APIC: Switch to symmetric I/O mode setup
[    0.113353] ..TIMER: vector=0x30 apic1=0 pin1=2 apic2=-1 pin2=-1
[    0.118735] clocksource: tsc-early: mask: 0xffffffffffffffff max_cycles: 0x3dfb4c698bd, max_idle_ns: 440795202126 ns
[    0.119006] Calibrating delay loop (skipped), value calculated using timer frequency.. 8599.95 BogoMIPS (lpj=4299976)
[    0.121166] Last level iTLB entries: 4KB 512, 2MB 255, 4MB 127
[    0.121227] Last level dTLB entries: 4KB 512, 2MB 255, 4MB 127, 1GB 0
[    0.121394] mitigations: Enabled attack vectors: user_kernel, user_user, SMT mitigations: auto
[    0.121660] Spectre V2 : Mitigation: Retpolines
[    0.121759] Spectre V1 : Mitigation: usercopy/swapgs barriers and __user pointer sanitization
[    0.121935] Spectre V2 : Spectre v2 / SpectreRSB: Filling RSB on context switch and VMEXIT
[    0.122400] x86/fpu: x87 FPU will use FXSAVE
[    0.183503] pid_max: default: 32768 minimum: 301
[    0.192004] Mount-cache hash table entries: 512 (order: 0, 4096 bytes, linear)
[    0.192122] Mountpoint-cache hash table entries: 512 (order: 0, 4096 bytes, linear)
[    0.196815] VFS: Finished mounting rootfs on nullfs
[    0.311876] smpboot: CPU0: AMD QEMU Virtual CPU version 2.5+ (family: 0xf, model: 0x6b, stepping: 0x1)
[    0.317167] Performance Events: PMU not available due to virtualization, using software events only.
[    0.317730] signal: max sigframe size: 1440
[    0.318509] rcu: Hierarchical SRCU implementation.
[    0.318563] rcu: 	Max phase no-delay instances is 400.
[    0.319212] Timer migration: 1 hierarchy levels; 8 children per group; 1 crossnode level
[    0.321515] smp: Bringing up secondary CPUs ...
[    0.325174] smpboot: x86: Booting SMP configuration:
[    0.325232] .... node  #0, CPUs:      #1
[    0.395193] smp: Brought up 1 node, 2 CPUs
[    0.395335] smpboot: Total of 2 processors activated (17200.36 BogoMIPS)
[    0.400262] Memory: 213924K/261624K available (12627K kernel code, 2331K rwdata, 5080K rodata, 2788K init, 544K bss, 44272K reserved, 0K cma-reserved)
[    0.404536] devtmpfs: initialized
[    0.410119] clocksource: jiffies: mask: 0xffffffff max_cycles: 0xffffffff, max_idle_ns: 1911260446275000 ns
[    0.410119] posixtimers hash table entries: 1024 (order: 2, 16384 bytes, linear)
[    0.410119] futex hash table entries: 512 (32768 bytes on 1 NUMA nodes, total 32 KiB, linear).
[    0.412363] PM: RTC time: 08:29:04, date: 2026-08-25
[    0.414915] NET: Registered PF_NETLINK/PF_ROUTE protocol family
[    0.419282] thermal_sys: Registered thermal governor 'step_wise'
[    0.419976] cpuidle: using governor menu
[    0.420701] Freeing SMP alternatives memory: 36K
[    0.422081] PCI: Using configuration type 1 for base access
[    0.422327] mtrr: your CPUs had inconsistent fixed MTRR settings
[    0.422378] mtrr: your CPUs had inconsistent variable MTRR settings
[    0.422436] mtrr: your CPUs had inconsistent MTRRdefType settings
[    0.422484] mtrr: probably your BIOS does not setup all CPUs.
[    0.422523] mtrr: corrected configuration.
[    0.423607] kprobes: kprobe jump-optimization is enabled. All kprobes are optimized if possible.
[    0.425441] HugeTLB: registered 2.00 MiB page size, pre-allocated 0 pages
[    0.425519] HugeTLB: 28 KiB vmemmap can be freed for a 2.00 MiB page
[    0.433222] ACPI: Added _OSI(Module Device)
[    0.433279] ACPI: Added _OSI(Processor Device)
[    0.433313] ACPI: Added _OSI(Processor Aggregator Device)
[    0.454596] ACPI: 1 ACPI AML tables successfully acquired and loaded
[    0.462146] ACPI: \_SB_: platform _OSC: OS support mask [002a7eee]
[    0.465581] ACPI: Interpreter enabled
[    0.466211] ACPI: PM: (supports S0 S3 S4 S5)
[    0.466266] ACPI: Using IOAPIC for interrupt routing
[    0.466490] PCI: Using host bridge windows from ACPI; if necessary, use "pci=nocrs" and report a bug
[    0.466564] PCI: Using E820 reservations for host bridge windows
[    0.467367] ACPI: Enabled 2 GPEs in block 00 to 0F
[    0.488604] ACPI: PCI Root Bridge [PCI0] (domain 0000 [bus 00-ff])
[    0.489046] acpi PNP0A03:00: _OSC: OS supports [ASPM ClockPM Segments MSI HPX-Type3]
[    0.489177] acpi PNP0A03:00: _OSC: not requesting OS control; OS requires [ExtendedConfig ASPM ClockPM MSI]
[    0.489406] acpi PNP0A03:00: _OSC: platform retains control of PCIe features (AE_ERROR)
[    0.489686] acpi PNP0A03:00: fail to add MMCONFIG information, can't access extended configuration space under this bridge
[    0.491451] PCI host bridge to bus 0000:00
[    0.491613] pci_bus 0000:00: root bus resource [io  0x0000-0x0cf7 window]
[    0.491722] pci_bus 0000:00: root bus resource [io  0x0d00-0xffff window]
[    0.491768] pci_bus 0000:00: root bus resource [mem 0x000a0000-0x000bffff window]
[    0.491835] pci_bus 0000:00: root bus resource [mem 0x10000000-0xfebfffff window]
[    0.491906] pci_bus 0000:00: root bus resource [mem 0x100000000-0x17fffffff window]
[    0.492030] pci_bus 0000:00: root bus resource [bus 00-ff]
[    0.492825] pci 0000:00:00.0: [8086:1237] type 00 class 0x060000 conventional PCI endpoint
[    0.495176] pci 0000:00:01.0: [8086:7000] type 00 class 0x060100 conventional PCI endpoint
[    0.495519] pci 0000:00:01.1: [8086:7010] type 00 class 0x010180 conventional PCI endpoint
[    0.496003] pci 0000:00:01.1: BAR 4 [io  0xc040-0xc04f]
[    0.496080] pci 0000:00:01.1: BAR 0 [io  0x01f0-0x01f7]: legacy IDE quirk
[    0.496135] pci 0000:00:01.1: BAR 1 [io  0x03f6]: legacy IDE quirk
[    0.496191] pci 0000:00:01.1: BAR 2 [io  0x0170-0x0177]: legacy IDE quirk
[    0.496243] pci 0000:00:01.1: BAR 3 [io  0x0376]: legacy IDE quirk
[    0.496602] pci 0000:00:01.3: [8086:7113] type 00 class 0x068000 conventional PCI endpoint
[    0.496904] pci 0000:00:01.3: quirk: [io  0x0600-0x063f] claimed by PIIX4 ACPI
[    0.496971] pci 0000:00:01.3: quirk: [io  0x0700-0x070f] claimed by PIIX4 SMB
[    0.497293] pci 0000:00:02.0: [1234:1111] type 00 class 0x030000 conventional PCI endpoint
[    0.497675] pci 0000:00:02.0: BAR 0 [mem 0xfd000000-0xfdffffff pref]
[    0.497754] pci 0000:00:02.0: BAR 2 [mem 0xfebf0000-0xfebf0fff]
[    0.497798] pci 0000:00:02.0: ROM [mem 0xfebe0000-0xfebeffff pref]
[    0.497984] pci 0000:00:02.0: Video device with shadowed ROM at [mem 0x000c0000-0x000dffff]
[    0.498334] pci 0000:00:03.0: [8086:100e] type 00 class 0x020000 conventional PCI endpoint
[    0.498735] pci 0000:00:03.0: BAR 0 [mem 0xfebc0000-0xfebdffff]
[    0.498788] pci 0000:00:03.0: BAR 1 [io  0xc000-0xc03f]
[    0.498827] pci 0000:00:03.0: ROM [mem 0xfeb80000-0xfebbffff pref]
[    0.504170] ACPI: PCI: Interrupt link LNKA configured for IRQ 10
[    0.504615] ACPI: PCI: Interrupt link LNKB configured for IRQ 10
[    0.504953] ACPI: PCI: Interrupt link LNKC configured for IRQ 11
[    0.505257] ACPI: PCI: Interrupt link LNKD configured for IRQ 11
[    0.505411] ACPI: PCI: Interrupt link LNKS configured for IRQ 9
[    0.507535] iommu: Default domain type: Translated
[    0.507600] iommu: DMA domain TLB invalidation policy: lazy mode
[    0.508434] SCSI subsystem initialized
[    0.508627] libata version 3.00 loaded.
[    0.509269] ACPI: bus type USB registered
[    0.509546] usbcore: registered new interface driver usbfs
[    0.509742] usbcore: registered new interface driver hub
[    0.509849] usbcore: registered new device driver usb
[    0.510025] pps_core: LinuxPPS API ver. 1 registered
[    0.510066] pps_core: Software ver. 5.3.6 - Copyright 2005-2007 Rodolfo Giometti <giometti@linux.it>
[    0.510148] PTP clock support registered
[    0.514598] PCI: Using ACPI for IRQ routing
[    0.514701] PCI: pci_cache_line_size set to 64 bytes
[    0.514939] e820: register RAM buffer resource [mem 0x0009fc00-0x0009ffff]
[    0.515076] e820: register RAM buffer resource [mem 0x0ffe0000-0x0fffffff]
[    0.517221] pci 0000:00:02.0: vgaarb: setting as boot VGA device
[    0.517296] pci 0000:00:02.0: vgaarb: bridge control possible
[    0.517357] pci 0000:00:02.0: vgaarb: VGA device added: decodes=io+mem,owns=io+mem,locks=none
[    0.517426] vgaarb: loaded
[    0.518473] hpet: 3 channels of 0 reserved for per-cpu timers
[    0.518649] hpet0: at MMIO 0xfed00000, IRQs 2, 8, 0
[    0.518730] hpet0: 3 comparators, 64-bit 100.000000 MHz counter
[    0.522503] clocksource: Switched to clocksource tsc-early
[    0.523141] VFS: Disk quotas dquot_6.6.0
[    0.523233] VFS: Dquot-cache hash table entries: 512 (order 0, 4096 bytes)
[    0.524486] pnp: PnP ACPI init
[    0.525663] pnp 00:02: [dma 2]
[    0.526629] pnp: PnP ACPI: found 5 devices
[    0.540264] clocksource: acpi_pm: mask: 0xffffff max_cycles: 0xffffff, max_idle_ns: 2085701024 ns
[    0.540670] NET: Registered PF_INET protocol family
[    0.541205] IP idents hash table entries: 4096 (order: 3, 32768 bytes, linear)
[    0.542710] tcp_listen_portaddr_hash hash table entries: 256 (order: 0, 4096 bytes, linear)
[    0.542903] Table-perturb hash table entries: 65536 (order: 6, 262144 bytes, linear)
[    0.542985] TCP established hash table entries: 2048 (order: 2, 16384 bytes, linear)
[    0.543134] TCP bind hash table entries: 2048 (order: 4, 65536 bytes, linear)
[    0.543255] TCP: Hash tables configured (established 2048 bind 2048)
[    0.544076] UDP hash table entries: 256 (order: 2, 16384 bytes, linear)
[    0.545124] pci_bus 0000:00: resource 4 [io  0x0000-0x0cf7 window]
[    0.545178] pci_bus 0000:00: resource 5 [io  0x0d00-0xffff window]
[    0.545222] pci_bus 0000:00: resource 6 [mem 0x000a0000-0x000bffff window]
[    0.545269] pci_bus 0000:00: resource 7 [mem 0x10000000-0xfebfffff window]
[    0.545316] pci_bus 0000:00: resource 8 [mem 0x100000000-0x17fffffff window]
[    0.545647] pci 0000:00:01.0: PIIX3: Enabling Passive Release
[    0.545735] pci 0000:00:00.0: Limiting direct PCI/PCI transfers
[    0.545848] PCI: CLS 0 bytes, default 64
[    0.548137] Unpacking initramfs...
[    0.553700] Initialise system trusted keyrings
[    0.554663] workingset: timestamp_bits=56 (anon: 52) max_order=16 bucket_order=0 (anon: 0)
[    0.556713] Key type asymmetric registered
[    0.556787] Asymmetric key parser 'x509' registered
[    0.556919] Block layer SCSI generic (bsg) driver version 0.4 loaded (major 250)
[    0.557192] io scheduler mq-deadline registered
[    0.557251] io scheduler kyber registered
[    0.559703] input: Power Button as /devices/platform/LNXPWRBN:00/input/input0
[    0.560266] ACPI: button: Power Button [PWRF]
[    0.563101] Serial: 8250/16550 driver, 4 ports, IRQ sharing enabled
[    0.565263] 00:04: ttyS0 at I/O 0x3f8 (irq = 4, base_baud = 115200) is a 16550A
[    0.572645] Non-volatile memory driver v1.3
[    0.581907] loop: module loaded
[    0.586730] scsi host0: ata_piix
[    0.588508] scsi host1: ata_piix
[    0.588784] ata1: PATA max MWDMA2 cmd 0x1f0 ctl 0x3f6 bmdma 0xc040 irq 14 lpm-pol 0
[    0.588853] ata2: PATA max MWDMA2 cmd 0x170 ctl 0x376 bmdma 0xc048 irq 15 lpm-pol 0
[    0.589909] i8042: PNP: PS/2 Controller [PNP0303:KBD,PNP0f13:MOU] at 0x60,0x64 irq 1,12
[    0.591708] serio: i8042 KBD port at 0x60,0x64 irq 1
[    0.591854] serio: i8042 AUX port at 0x60,0x64 irq 12
[    0.593055] rtc_cmos PNP0B00:00: RTC can wake from S4
[    0.595267] rtc_cmos PNP0B00:00: registered as rtc0
[    0.596065] rtc_cmos PNP0B00:00: alarms up to one day, y3k, 242 bytes nvram, hpet irqs
[    0.597198] input: AT Translated Set 2 keyboard as /devices/platform/i8042/serio0/input/input1
[    0.599797] device-mapper: ioctl: 4.50.0-ioctl (2025-04-28) initialised: dm-devel@lists.linux.dev
[    0.600028] amd_pstate: the _CPC object is not present in SBIOS or ACPI disabled
[    0.600207] hid: raw HID events driver (C) Jiri Kosina
[    0.600647] usbcore: registered new interface driver usbhid
[    0.600695] usbhid: USB HID core driver
[    0.601342] NET: Registered PF_INET6 protocol family
[    0.604598] Segment Routing with IPv6
[    0.604737] In-situ OAM (IOAM) with IPv6
[    0.606688] IPI shorthand broadcast: enabled
[    0.613994] sched_clock: Marking stable (602834716, 10575079)->(615437754, -2027959)
[    0.615571] Loading compiled-in X.509 certificates
[    0.621964] Demotion targets for Node 0: null
[    0.625076] PM:   Magic number: 6:664:473
[    0.625856] clk: Disabling unused clocks
[    0.626062] KTAP version 1
[    0.626088] 1..0
[    0.710096] Freeing initrd memory: 8636K
[    0.742296] ata2: found unknown device (class 0)
[    0.744920] ata2.00: ATAPI: QEMU DVD-ROM, 2.5+, max UDMA/100
[    0.759738] scsi 1:0:0:0: CD-ROM            QEMU     QEMU DVD-ROM     2.5+ PQ: 0 ANSI: 5
[    0.774956] sr 1:0:0:0: [sr0] scsi3-mmc drive: 4x/4x cd/rw xa/form2 tray
[    0.787208] cdrom: Uniform CD-ROM driver Revision: 3.20
[    0.794726] sr 1:0:0:0: Attached scsi CD-ROM sr0
[    0.795430] sr 1:0:0:0: Attached scsi generic sg0 type 5
[    0.831176] Freeing unused kernel image (initmem) memory: 2788K
[    0.831339] Write protecting the kernel read-only data: 20480k
[    0.833043] Freeing unused kernel image (text/rodata gap) memory: 1708K
[    0.833492] Freeing unused kernel image (rodata/data gap) memory: 1064K
[    0.943543] x86/mm: Checked W+X mappings: passed, no W+X pages found.
[    0.943730] Run /init as init process
[    0.943758]   with arguments:
[    0.943783]     /init
[    0.943804]     nokaslr
[    0.943822]   with environment:
[    0.943845]     HOME=/
[    0.943865]     TERM=linux
[    0.999160] mount (54) used greatest stack depth: 13208 bytes left
[    1.006689] mount (55) used greatest stack depth: 13120 bytes left
[    1.015114] input: ImExPS/2 Generic Explorer Mouse as /devices/platform/i8042/serio1/input/input3
=== insmod required kernel module spidev ===
REHARNESS_KERNEL_MODULE_0_NAME=spidev
REHARNESS_KERNEL_MODULE_0_INSMOD_RC=0
=== insmod runtime fixture spi-registrar ===
[    1.038517] spi_registrar: loading out-of-tree module taints kernel.
[    1.040980] REHARNESS_SPI_REGISTRAR_READY chip_select=0
REHARNESS_RUNTIME_FIXTURE_MODULE_0_INSMOD_RC=0
=== insmod reharness_spi_sensor ===
[    1.045867] reharness_spi_sens spi0.0: REHARNESS_SPI_DRIVER_PROBE register=0x10 value=0xa6
REHARNESS_DRIVER_INSMOD_RC=0
REHARNESS_DRIVER_PROBE_BOUND=1
=== dmesg ===
[    1.045867] reharness_spi_sens spi0.0: REHARNESS_SPI_DRIVER_PROBE register=0x10 value=0xa6
=== Linux subsystem test 0 ===
SPI_TRANSFER_PASS
SPI_INVALID_CHIP_SELECT_PASS
REHARNESS_SUBSYSTEM_TEST_0_NAME=spi-transfer
REHARNESS_SUBSYSTEM_TEST_0_KIND=native
REHARNESS_SUBSYSTEM_TEST_0_PROVIDER=
REHARNESS_SUBSYSTEM_TEST_0_REQUIRED=1
REHARNESS_SUBSYSTEM_TEST_0_RC=0
REHARNESS_SUBSYSTEM_TEST_0_STATUS=pass
=== Linux subsystem test 1 ===
SPI_TRANSFER_PASS
SPI_INVALID_CHIP_SELECT_PASS
REHARNESS_SUBSYSTEM_TEST_1_NAME=spi-invalid-chip-select
REHARNESS_SUBSYSTEM_TEST_1_KIND=native
REHARNESS_SUBSYSTEM_TEST_1_PROVIDER=
REHARNESS_SUBSYSTEM_TEST_1_REQUIRED=1
REHARNESS_SUBSYSTEM_TEST_1_RC=0
REHARNESS_SUBSYSTEM_TEST_1_STATUS=pass
=== Linux subsystem test 2 ===
spi mode: 0x0
bits per word: 8
max speed: 500000 Hz (500 kHz)
REHARNESS_SUBSYSTEM_TEST_2_NAME=linux-spidev-tool
REHARNESS_SUBSYSTEM_TEST_2_KIND=tool
REHARNESS_SUBSYSTEM_TEST_2_PROVIDER=linux-spidev
REHARNESS_SUBSYSTEM_TEST_2_REQUIRED=1
REHARNESS_SUBSYSTEM_TEST_2_RC=0
REHARNESS_SUBSYSTEM_TEST_2_STATUS=pass
=== rmmod reharness_spi_sensor ===
[    1.107556] reharness_spi_sens spi0.0: REHARNESS_SPI_DRIVER_REMOVE
REHARNESS_DRIVER_RMMOD_RC=0
[    1.128469] REHARNESS_SPI_REGISTRAR_UNLOADED
REHARNESS_RUNTIME_FIXTURE_MODULE_0_RMMOD_RC=0
=== QEMU_RUN_DONE ===
[    1.351413] sysrq: Power Off
[    1.352344] Kernel panic - not syncing: Attempted to kill init! exitcode=0x00000000
[    1.352700] CPU: 0 UID: 0 PID: 1 Comm: init Tainted: G           O        7.1.0-rc7-gacb7500801e9 #15 PREEMPT(lazy) 
[    1.352815] Tainted: [O]=OOT_MODULE
[    1.352842] Hardware name: QEMU Standard PC (i440FX + PIIX, 1996), BIOS rel-1.17.0-0-gb52ca86e094d-prebuilt.qemu.org 04/01/2014
[    1.352966] Call Trace:
[    1.353307]  <TASK>
[    1.353436]  vpanic+0x32f/0x4b0
[    1.353607]  panic+0x63/0x70
[    1.353642]  do_exit+0x952/0xaf0
[    1.353668]  do_group_exit+0x30/0x80
[    1.353692]  __x64_sys_exit_group+0x18/0x20
[    1.353724]  x64_sys_call+0x12e2/0x1880
[    1.353750]  do_syscall_64+0x10e/0x4e0
[    1.353777]  entry_SYSCALL_64_after_hwframe+0x77/0x7f
[    1.353876] RIP: 0033:0x7fc39315431d
[    1.354013] Code: 02 ba ff ff ff ff 89 d0 c3 0f 1f 40 00 f3 0f 1e fa 48 8b 35 ed 4a 11 00 ba e7 00 00 00 eb 07 66 0f 1f 44 00 00 f4 89 d0 0f 05 <48> 3d 00 f0 ff ff 76 f3 f7 d8 64 89 06 eb ec 0f 1f 40 00 f3 0f 1e
[    1.354133] RSP: 002b:00007ffc952b8eb8 EFLAGS: 00000206 ORIG_RAX: 00000000000000e7
[    1.354194] RAX: ffffffffffffffda RBX: 00007ffc952b9140 RCX: 00007fc39315431d
[    1.354236] RDX: 00000000000000e7 RSI: ffffffffffffff88 RDI: 0000000000000000
[    1.354276] RBP: 00007ffc952b8f90 R08: 00005579b456e010 R09: 0000000000000007
[    1.354316] R10: 00005579b4571aa0 R11: 0000000000000206 R12: 0000000000000000
[    1.354356] R13: 00007ffc952b9130 R14: 000055797de6fdd8 R15: 00007fc3932ba000
[    1.354419]  </TASK>
[    1.355037] Kernel Offset: disabled
[    1.355206] Rebooting in 1 seconds..
