protocol family
GPIO_TRACE_FAIL:open /dev/gpiochip0
EXERCISER_RC=2
REHARNESS_SUBSYSTEM_TEST_0_NAME=gpio-chip-info
REHARNESS_SUBSYSTEM_TEST_0_KIND=native
REHARNESS_SUBSYSTEM_TEST_0_PROVIDER=
REHARNESS_SUBSYSTEM_TEST_0_REQUIRED=1
REHARNESS_SUBSYSTEM_TEST_0_RC=1
REHARNESS_SUBSYSTEM_TEST_0_STATUS=fail
REHARNESS_SUBSYSTEM_TEST_1_NAME=gpio-line-info
REHARNESS_SUBSYSTEM_TEST_1_KIND=native
REHARNESS_SUBSYSTEM_TEST_1_PROVIDER=
REHARNESS_SUBSYSTEM_TEST_1_REQUIRED=1
REHARNESS_SUBSYSTEM_TEST_1_RC=1
REHARNESS_SUBSYSTEM_TEST_1_STATUS=fail
REHARNESS_SUBSYSTEM_TEST_2_NAME=gpio-v2-basic
REHARNESS_SUBSYSTEM_TEST_2_KIND=native
REHARNESS_SUBSYSTEM_TEST_2_PROVIDER=
REHARNESS_SUBSYSTEM_TEST_2_REQUIRED=1
REHARNESS_SUBSYSTEM_TEST_2_RC=1
REHARNESS_SUBSYSTEM_TEST_2_STATUS=fail
REHARNESS_SUBSYSTEM_TEST_3_NAME=gpio-v2-multi-line
REHARNESS_SUBSYSTEM_TEST_3_KIND=native
REHARNESS_SUBSYSTEM_TEST_3_PROVIDER=
REHARNESS_SUBSYSTEM_TEST_3_REQUIRED=1
REHARNESS_SUBSYSTEM_TEST_3_RC=1
REHARNESS_SUBSYSTEM_TEST_3_STATUS=fail
REHARNESS_SUBSYSTEM_TEST_4_NAME=gpio-v1-compat
REHARNESS_SUBSYSTEM_TEST_4_KIND=native
REHARNESS_SUBSYSTEM_TEST_4_PROVIDER=
REHARNESS_SUBSYSTEM_TEST_4_REQUIRED=1
REHARNESS_SUBSYSTEM_TEST_4_RC=1
REHARNESS_SUBSYSTEM_TEST_4_STATUS=fail
REHARNESS_SUBSYSTEM_TEST_5_NAME=gpio-config
REHARNESS_SUBSYSTEM_TEST_5_KIND=native
REHARNESS_SUBSYSTEM_TEST_5_PROVIDER=
REHARNESS_SUBSYSTEM_TEST_5_REQUIRED=1
REHARNESS_SUBSYSTEM_TEST_5_RC=1
REHARNESS_SUBSYSTEM_TEST_5_STATUS=fail
REHARNESS_SUBSYSTEM_TEST_6_NAME=gpio-errors
REHARNESS_SUBSYSTEM_TEST_6_KIND=native
REHARNESS_SUBSYSTEM_TEST_6_PROVIDER=
REHARNESS_SUBSYSTEM_TEST_6_REQUIRED=1
REHARNESS_SUBSYSTEM_TEST_6_RC=1
REHARNESS_SUBSYSTEM_TEST_6_STATUS=fail
REHARNESS_SUBSYSTEM_TEST_7_NAME=gpio-events
REHARNESS_SUBSYSTEM_TEST_7_KIND=native
REHARNESS_SUBSYSTEM_TEST_7_PROVIDER=
REHARNESS_SUBSYSTEM_TEST_7_REQUIRED=1
REHARNESS_SUBSYSTEM_TEST_7_RC=1
REHARNESS_SUBSYSTEM_TEST_7_STATUS=fail
REHARNESS_SUBSYSTEM_TEST_8_NAME=gpio-lifecycle
REHARNESS_SUBSYSTEM_TEST_8_KIND=native
REHARNESS_SUBSYSTEM_TEST_8_PROVIDER=
REHARNESS_SUBSYSTEM_TEST_8_REQUIRED=1
REHARNESS_SUBSYSTEM_TEST_8_RC=1
REHARNESS_SUBSYSTEM_TEST_8_STATUS=fail
REHARNESS_SUBSYSTEM_TEST_9_NAME=linux-gpio-chip-info
REHARNESS_SUBSYSTEM_TEST_9_KIND=kselftest
REHARNESS_SUBSYSTEM_TEST_9_PROVIDER=linux-gpio-chip-info
REHARNESS_SUBSYSTEM_TEST_9_REQUIRED=1
REHARNESS_SUBSYSTEM_TEST_9_RC=1
REHARNESS_SUBSYSTEM_TEST_9_STATUS=fail
REHARNESS_SUBSYSTEM_TEST_10_NAME=linux-gpio-line-name
REHARNESS_SUBSYSTEM_TEST_10_KIND=kselftest
REHARNESS_SUBSYSTEM_TEST_10_PROVIDER=linux-gpio-line-name
REHARNESS_SUBSYSTEM_TEST_10_REQUIRED=1
REHARNESS_SUBSYSTEM_TEST_10_RC=1
REHARNESS_SUBSYSTEM_TEST_10_STATUS=fail
=== rmmod ftgpio010_gpio ===
REHARNESS_DRIVER_RMMOD_RC=0
REHARNESS_RUNTIME_FIXTURE_MODULE_0_RMMOD_RC=0
=== QEMU_RUN_DONE ===
[    6.677877] Call Trace:

=== 成功判定 ===
REHARNESS_SUBSYSTEM_TEST_0_SUCCESS=0
REHARNESS_SUBSYSTEM_TEST_1_SUCCESS=0
REHARNESS_SUBSYSTEM_TEST_2_SUCCESS=0
REHARNESS_SUBSYSTEM_TEST_3_SUCCESS=0
REHARNESS_SUBSYSTEM_TEST_4_SUCCESS=0
REHARNESS_SUBSYSTEM_TEST_5_SUCCESS=0
REHARNESS_SUBSYSTEM_TEST_6_SUCCESS=0
REHARNESS_SUBSYSTEM_TEST_7_SUCCESS=0
REHARNESS_SUBSYSTEM_TEST_8_SUCCESS=0
REHARNESS_SUBSYSTEM_TEST_9_SUCCESS=0
REHARNESS_SUBSYSTEM_TEST_10_SUCCESS=0
REHARNESS_COVERAGE_chip_info_STATUS=missing
REHARNESS_COVERAGE_line_info_STATUS=missing
REHARNESS_COVERAGE_v2_single_line_STATUS=missing
REHARNESS_COVERAGE_v2_multi_line_STATUS=missing
REHARNESS_COVERAGE_v2_values_STATUS=missing
REHARNESS_COVERAGE_v1_single_line_STATUS=missing
REHARNESS_COVERAGE_config_flags_STATUS=missing
REHARNESS_COVERAGE_config_debounce_STATUS=missing
REHARNESS_COVERAGE_error_paths_STATUS=missing
REHARNESS_COVERAGE_line_event_STATUS=missing
REHARNESS_COVERAGE_lifecycle_STATUS=missing
  => 失败: coverage_missing
  done=1 probe=27 driver_probe_bound=0 driver_probe_unbound=1 real_oops=0 real_warning=0
  => 失败: exerciser/subsystem semantic test failed
QEMU runtime artifacts: /tmp/reharness-qemu-v2-ftgpio010_gpio-qemu.7c4gSZ
