=== QEMU run: module=8139cp bus=pci timeout=90s ===
=== QEMU 退出码: 0 ===
[    0.030791] PM: hibernation: Registered nosave memory: [mem 0x00000000-0x00000fff]
[    0.030857] PM: hibernation: Registered nosave memory: [mem 0x0009f000-0x000fffff]
[    0.073760] ftrace: allocating 38351 entries in 152 pages
[    0.074050] ftrace: allocated 152 pages with 3 groups
[    0.426753] NET: Registered PF_NETLINK/PF_ROUTE protocol family
[    0.431285] thermal_sys: Registered thermal governor 'step_wise'
[    0.436050] kprobes: kprobe jump-optimization is enabled. All kprobes are optimized if possible.
[    0.437518] HugeTLB: registered 2.00 MiB page size, pre-allocated 0 pages
[    0.524630] ACPI: bus type USB registered
[    0.524942] usbcore: registered new interface driver usbfs
[    0.525168] usbcore: registered new interface driver hub
[    0.525274] usbcore: registered new device driver usb
[    0.525453] pps_core: LinuxPPS API ver. 1 registered
[    0.525576] PTP clock support registered
[    0.558972] NET: Registered PF_INET protocol family
[    0.575433] Key type asymmetric registered
[    0.575512] Asymmetric key parser 'x509' registered
[    0.575948] io scheduler mq-deadline registered
[    0.576009] io scheduler kyber registered
[    0.619703] rtc_cmos PNP0B00:00: registered as rtc0
[    0.625453] usbcore: registered new interface driver usbhid
[    0.626132] NET: Registered PF_INET6 protocol family
=== insmod required kernel module mii ===
[    1.036513] insmod (61) used greatest stack depth: 13120 bytes left
REHARNESS_KERNEL_MODULE_0_INSMOD_RC=0
=== insmod 8139cp ===
REHARNESS_DRIVER_INSMOD_RC=0
                               drv probe link
                               drv probe link
EXERCISER_RC=0
=== rmmod 8139cp ===
REHARNESS_DRIVER_RMMOD_RC=0
=== QEMU_RUN_DONE ===
[    1.449547] Call Trace:

=== 成功判定 ===
  done=1 probe=16 driver_probe_bound=0 driver_probe_unbound=0 real_oops=0 real_warning=0
  => 成功: 8139cp probe 成功
QEMU runtime artifacts: /tmp/reharness-qemu-v2-8139cp-qemu.UAXj45
