c[?7l[2J[0mSeaBIOS (version rel-1.17.0-0-gb52ca86e094d-prebuilt.qemu.org)


iPXE (http://ipxe.org) 00:03.0 CA00 PCI2.10 PnP PMM+0EFD1C40+0EF31C40 CA00
Press Ctrl-B to configure iPXE (PCI 00:03.0)...                                                                               




iPXE (http://ipxe.org) 00:04.0 CB00 PCI2.10 PnP PMM+0EF20C40 0EF31C40 CB00
Press Ctrl-B to configure iPXE (PCI 00:04.0)...                                                                               


Booting from ROM..c[?7l[2JNo EFI environment detected.
early console in extract_kernel
input_data: 0x000000000266c2c4
input_len: 0x000000000095c97d
output: 0x0000000001000000
output_len: 0x0000000001f8870c
kernel_total_size: 0x0000000001d8c000
needed_size: 0x0000000002000000
trampoline_32bit: 0x0000000000000000


KASLR disabled: 'nokaslr' on cmdline.


Decompressing Linux... Parsing ELF... No relocation needed... done.
Booting the kernel (entry_offset: 0x0000000001a193b0).
[    0.000000] Linux version 7.1.0-rc7+ (yfblock@9950x) (gcc (Ubuntu 13.3.0-6ubuntu2~24.04.1) 13.3.0, GNU ld (GNU Binutils for Ubuntu) 2.42) #18 SMP PREEMPT_DYNAMIC Mon Aug 31 01:09:14 CST 2026
[    0.000000] Command line: console=ttyS0 nokaslr panic=1 ignore_loglevel earlyprintk=serial,ttyS0,115200
[    0.000000] BIOS-provided physical RAM map:
[    0.000000] BIOS-e820: [mem 0x0000000000000000-0x000000000009fbff]  System RAM
[    0.000000] BIOS-e820: [mem 0x000000000009fc00-0x000000000009ffff]  device reserved
[    0.000000] BIOS-e820: [gap 0x00000000000a0000-0x00000000000effff]
[    0.000000] BIOS-e820: [mem 0x00000000000f0000-0x00000000000fffff]  device reserved
[    0.000000] BIOS-e820: [mem 0x0000000000100000-0x000000000ffdffff]  System RAM
[    0.000000] BIOS-e820: [mem 0x000000000ffe0000-0x000000000fffffff]  device reserved
[    0.000000] BIOS-e820: [gap 0x0000000010000000-0x00000000fffbffff]
[    0.000000] BIOS-e820: [mem 0x00000000fffc0000-0x00000000ffffffff]  device reserved
[    0.000000] BIOS-e820: [gap 0x0000000100000000-0x000000fcffffffff]
[    0.000000] BIOS-e820: [mem 0x000000fd00000000-0x000000ffffffffff]  device reserved
[    0.000000] printk: debug: ignoring loglevel setting.
[    0.000000] printk: legacy bootconsole [earlyser0] enabled
[    0.000000] NX (Execute Disable) protection: active
[    0.000000] APIC: Static calls initialized
[    0.000000] DMI: SMBIOS 2.8 present.
[    0.000000] DMI: QEMU Standard PC (i440FX + PIIX, 1996), BIOS rel-1.17.0-0-gb52ca86e094d-prebuilt.qemu.org 04/01/2014
[    0.000000] DMI: Memory slots populated: 1/1
[    0.000000] tsc: Fast TSC calibration using PIT
[    0.000000] tsc: Detected 4299.952 MHz processor
[    0.008259] e820: update [mem 0x00000000-0x00000fff] System RAM ==> device reserved
[    0.008441] e820: remove [mem 0x000a0000-0x000fffff] System RAM
[    0.008596] last_pfn = 0xffe0 max_arch_pfn = 0x400000000
[    0.009037] MTRR map: 4 entries (3 fixed + 1 variable; max 19), built from 8 variable MTRRs
[    0.009196] x86/PAT: Configuration [0-7]: WB  WC  UC- UC  WB  WP  UC- WT  
[    0.020755] found SMP MP-table at [mem 0x000f54b0-0x000f54bf]
[    0.023756] RAMDISK: [mem 0x0f81c000-0x0ffdffff]
[    0.024037] ACPI: Early table checksum verification disabled
[    0.024345] ACPI: RSDP 0x00000000000F52D0 000014 (v00 BOCHS )
[    0.024544] ACPI: RSDT 0x000000000FFE2389 000034 (v01 BOCHS  BXPC     00000001 BXPC 00000001)
[    0.025048] ACPI: FACP 0x000000000FFE2235 000074 (v01 BOCHS  BXPC     00000001 BXPC 00000001)
[    0.025482] ACPI: DSDT 0x000000000FFE0040 0021F5 (v01 BOCHS  BXPC     00000001 BXPC 00000001)
[    0.025590] ACPI: FACS 0x000000000FFE0000 000040
[    0.025654] ACPI: APIC 0x000000000FFE22A9 000080 (v03 BOCHS  BXPC     00000001 BXPC 00000001)
[    0.025720] ACPI: HPET 0x000000000FFE2329 000038 (v01 BOCHS  BXPC     00000001 BXPC 00000001)
[    0.025785] ACPI: WAET 0x000000000FFE2361 000028 (v01 BOCHS  BXPC     00000001 BXPC 00000001)
[    0.025890] ACPI: Reserving FACP table memory at [mem 0xffe2235-0xffe22a8]
[    0.025945] ACPI: Reserving DSDT table memory at [mem 0xffe0040-0xffe2234]
[    0.025998] ACPI: Reserving FACS table memory at [mem 0xffe0000-0xffe003f]
[    0.026041] ACPI: Reserving APIC table memory at [mem 0xffe22a9-0xffe2328]
[    0.026084] ACPI: Reserving HPET table memory at [mem 0xffe2329-0xffe2360]
[    0.026126] ACPI: Reserving WAET table memory at [mem 0xffe2361-0xffe2388]
[    0.027397] No NUMA configuration found
[    0.027440] Faking a node at [mem 0x0000000000000000-0x000000000ffdffff]
[    0.027834] NODE_DATA(0) allocated [mem 0x0f818680-0x0f81bfff]
[    0.028338] ACPI: PM-Timer IO Port: 0x608
[    0.028613] ACPI: LAPIC_NMI (acpi_id[0xff] dfl dfl lint[0x1])
[    0.028869] IOAPIC[0]: apic_id 0, version 32, address 0xfec00000, GSI 0-23
[    0.028982] ACPI: INT_SRC_OVR (bus 0 bus_irq 0 global_irq 2 dfl dfl)
[    0.029161] ACPI: INT_SRC_OVR (bus 0 bus_irq 5 global_irq 5 high level)
[    0.029225] ACPI: INT_SRC_OVR (bus 0 bus_irq 9 global_irq 9 high level)
[    0.029327] ACPI: INT_SRC_OVR (bus 0 bus_irq 10 global_irq 10 high level)
[    0.029375] ACPI: INT_SRC_OVR (bus 0 bus_irq 11 global_irq 11 high level)
[    0.029525] ACPI: Using ACPI (MADT) for SMP configuration information
[    0.029588] ACPI: HPET id: 0x8086a201 base: 0xfed00000
[    0.029854] CPU topo: Max. logical packages:   1
[    0.029908] CPU topo: Max. logical nodes:      1
[    0.029947] CPU topo: Num. nodes per package:  1
[    0.030008] CPU topo: Max. logical dies:       1
[    0.030041] CPU topo: Max. dies per package:   1
[    0.030103] CPU topo: Max. threads per core:   1
[    0.030213] CPU topo: Num. cores per package:     2
[    0.030253] CPU topo: Num. threads per package:   2
[    0.030289] CPU topo: Allowing 2 present CPUs plus 0 hotplug CPUs
[    0.030791] PM: hibernation: Registered nosave memory: [mem 0x00000000-0x00000fff]
[    0.030857] PM: hibernation: Registered nosave memory: [mem 0x0009f000-0x000fffff]
[    0.030973] [gap 0x10000000-0xfffbffff] available for PCI devices
[    0.031043] Booting paravirtualized kernel on bare hardware
[    0.031260] clocksource: refined-jiffies: mask: 0xffffffff max_cycles: 0xffffffff, max_idle_ns: 1910969940391419 ns
[    0.038556] Zone ranges:
[    0.038592]   DMA      [mem 0x0000000000001000-0x0000000000ffffff]
[    0.038669]   DMA32    [mem 0x0000000001000000-0x000000000ffdffff]
[    0.038713]   Normal   empty
[    0.038748] Movable zone start for each node
[    0.038788] Early memory node ranges
[    0.038828]   node   0: [mem 0x0000000000001000-0x000000000009efff]
[    0.038944]   node   0: [mem 0x0000000000100000-0x000000000ffdffff]
[    0.039054] Initmem setup node 0 [mem 0x0000000000001000-0x000000000ffdffff]
[    0.039614] On node 0, zone DMA: 1 pages in unavailable ranges
[    0.039829] On node 0, zone DMA: 97 pages in unavailable ranges
[    0.041058] On node 0, zone DMA32: 32 pages in unavailable ranges
[    0.041220] setup_percpu: NR_CPUS:64 nr_cpumask_bits:2 nr_cpu_ids:2 nr_node_ids:1
[    0.042220] percpu: Embedded 52 pages/cpu s175064 r8192 d29736 u1048576
[    0.042492] pcpu-alloc: s175064 r8192 d29736 u1048576 alloc=1*2097152
[    0.042578] pcpu-alloc: [0] 0 1 
[    0.043447] Kernel command line: console=ttyS0 nokaslr panic=1 ignore_loglevel earlyprintk=serial,ttyS0,115200
[    0.044177] Unknown kernel command line parameters "nokaslr", will be passed to user space.
[    0.044354] printk: log buffer data + meta data: 262144 + 917504 = 1179648 bytes
[    0.044560] Dentry cache hash table entries: 32768 (order: 6, 262144 bytes, linear)
[    0.044668] Inode-cache hash table entries: 16384 (order: 5, 131072 bytes, linear)
[    0.046204] Fallback order for Node 0: 0 
[    0.046465] Built 1 zonelists, mobility grouping on.  Total pages: 65406
[    0.046547] Policy zone: DMA32
[    0.046712] mem auto-init: stack:all(zero), heap alloc:off, heap free:off
[    0.052046] SLUB: HWalign=64, Order=0-3, MinObjects=0, CPUs=2, Nodes=1
Poking KASLR using RDTSC...
[    0.073760] ftrace: allocating 38351 entries in 152 pages
[    0.074050] ftrace: allocated 152 pages with 3 groups
[    0.078733] Dynamic Preempt: lazy
[    0.080548] rcu: Preemptible hierarchical RCU implementation.
[    0.080594] rcu: 	RCU event tracing is enabled.
[    0.080634] rcu: 	RCU restricting CPUs from NR_CPUS=64 to nr_cpu_ids=2.
[    0.080754] 	Trampoline variant of Tasks RCU enabled.
[    0.080788] 	Rude variant of Tasks RCU enabled.
[    0.080818] 	Tracing variant of Tasks RCU enabled.
[    0.080905] rcu: RCU calculated value of scheduler-enlistment delay is 100 jiffies.
[    0.080965] rcu: Adjusting geometry for rcu_fanout_leaf=16, nr_cpu_ids=2
[    0.081682] RCU Tasks: Setting shift to 1 and lim to 1 rcu_task_cb_adjust=1 rcu_task_cpu_ids=2.
[    0.081743] RCU Tasks Rude: Setting shift to 1 and lim to 1 rcu_task_cb_adjust=1 rcu_task_cpu_ids=2.
[    0.096596] NR_IRQS: 4352, nr_irqs: 440, preallocated irqs: 16
[    0.102066] rcu: srcu_init: Setting srcu_struct sizes based on contention.
[    0.106492] Console: colour VGA+ 80x25
[    0.107653] printk: legacy console [ttyS0] enabled
[    0.107653] printk: legacy console [ttyS0] enabled
[    0.107929] printk: legacy bootconsole [earlyser0] disabled
[    0.107929] printk: legacy bootconsole [earlyser0] disabled
[    0.108801] ACPI: Core revision 20251212
[    0.112014] clocksource: hpet: mask: 0xffffffff max_cycles: 0xffffffff, max_idle_ns: 19112604467 ns
[    0.114960] APIC: Switch to symmetric I/O mode setup
[    0.117646] ..TIMER: vector=0x30 apic1=0 pin1=2 apic2=-1 pin2=-1
[    0.122869] clocksource: tsc-early: mask: 0xffffffffffffffff max_cycles: 0x3dfb35e6fe5, max_idle_ns: 440795298187 ns
[    0.123161] Calibrating delay loop (skipped), value calculated using timer frequency.. 8599.90 BogoMIPS (lpj=4299952)
[    0.125462] Last level iTLB entries: 4KB 512, 2MB 255, 4MB 127
[    0.125523] Last level dTLB entries: 4KB 512, 2MB 255, 4MB 127, 1GB 0
[    0.125700] mitigations: Enabled attack vectors: user_kernel, user_user, SMT mitigations: auto
[    0.125977] Spectre V2 : Mitigation: Retpolines
[    0.126100] Spectre V1 : Mitigation: usercopy/swapgs barriers and __user pointer sanitization
[    0.126208] Spectre V2 : Spectre v2 / SpectreRSB: Filling RSB on context switch and VMEXIT
[    0.126693] x86/fpu: x87 FPU will use FXSAVE
[    0.189945] pid_max: default: 32768 minimum: 301
[    0.197656] Mount-cache hash table entries: 512 (order: 0, 4096 bytes, linear)
[    0.197795] Mountpoint-cache hash table entries: 512 (order: 0, 4096 bytes, linear)
[    0.202603] VFS: Finished mounting rootfs on nullfs
[    0.318015] smpboot: CPU0: AMD QEMU Virtual CPU version 2.5+ (family: 0xf, model: 0x6b, stepping: 0x1)
[    0.324459] Performance Events: PMU not available due to virtualization, using software events only.
[    0.325121] signal: max sigframe size: 1440
[    0.325789] rcu: Hierarchical SRCU implementation.
[    0.325844] rcu: 	Max phase no-delay instances is 400.
[    0.326493] Timer migration: 1 hierarchy levels; 8 children per group; 1 crossnode level
[    0.329535] smp: Bringing up secondary CPUs ...
[    0.333607] smpboot: x86: Booting SMP configuration:
[    0.333668] .... node  #0, CPUs:      #1
[    0.402403] smp: Brought up 1 node, 2 CPUs
[    0.403131] smpboot: Total of 2 processors activated (17203.26 BogoMIPS)
[    0.408298] Memory: 214496K/261624K available (12748K kernel code, 2347K rwdata, 5156K rodata, 2808K init, 544K bss, 43676K reserved, 0K cma-reserved)
[    0.415264] devtmpfs: initialized
[    0.421299] clocksource: jiffies: mask: 0xffffffff max_cycles: 0xffffffff, max_idle_ns: 1911260446275000 ns
[    0.421299] posixtimers hash table entries: 1024 (order: 2, 16384 bytes, linear)
[    0.421484] futex hash table entries: 512 (32768 bytes on 1 NUMA nodes, total 32 KiB, linear).
[    0.423958] PM: RTC time: 08:37:32, date: 2026-08-31
[    0.426753] NET: Registered PF_NETLINK/PF_ROUTE protocol family
[    0.431285] thermal_sys: Registered thermal governor 'step_wise'
[    0.432159] cpuidle: using governor menu
[    0.432759] Freeing SMP alternatives memory: 36K
[    0.434221] PCI: Using configuration type 1 for base access
[    0.434499] mtrr: your CPUs had inconsistent fixed MTRR settings
[    0.434550] mtrr: your CPUs had inconsistent variable MTRR settings
[    0.434599] mtrr: your CPUs had inconsistent MTRRdefType settings
[    0.434643] mtrr: probably your BIOS does not setup all CPUs.
[    0.434684] mtrr: corrected configuration.
[    0.436050] kprobes: kprobe jump-optimization is enabled. All kprobes are optimized if possible.
[    0.437518] HugeTLB: registered 2.00 MiB page size, pre-allocated 0 pages
[    0.437595] HugeTLB: 28 KiB vmemmap can be freed for a 2.00 MiB page
[    0.440212] ACPI: Added _OSI(Module Device)
[    0.440264] ACPI: Added _OSI(Processor Device)
[    0.440320] ACPI: Added _OSI(Processor Aggregator Device)
[    0.452048] ACPI: 1 ACPI AML tables successfully acquired and loaded
[    0.467257] ACPI: \_SB_: platform _OSC: OS support mask [002a7eee]
[    0.470251] ACPI: Interpreter enabled
[    0.470887] ACPI: PM: (supports S0 S3 S4 S5)
[    0.470944] ACPI: Using IOAPIC for interrupt routing
[    0.471216] PCI: Using host bridge windows from ACPI; if necessary, use "pci=nocrs" and report a bug
[    0.471292] PCI: Using E820 reservations for host bridge windows
[    0.472125] ACPI: Enabled 2 GPEs in block 00 to 0F
[    0.498194] ACPI: PCI Root Bridge [PCI0] (domain 0000 [bus 00-ff])
[    0.498650] acpi PNP0A03:00: _OSC: OS supports [ASPM ClockPM Segments MSI HPX-Type3]
[    0.498785] acpi PNP0A03:00: _OSC: not requesting OS control; OS requires [ExtendedConfig ASPM ClockPM MSI]
[    0.499099] acpi PNP0A03:00: _OSC: platform retains control of PCIe features (AE_ERROR)
[    0.499388] acpi PNP0A03:00: fail to add MMCONFIG information, can't access extended configuration space under this bridge
[    0.501282] PCI host bridge to bus 0000:00
[    0.501440] pci_bus 0000:00: root bus resource [io  0x0000-0x0cf7 window]
[    0.501553] pci_bus 0000:00: root bus resource [io  0x0d00-0xffff window]
[    0.501600] pci_bus 0000:00: root bus resource [mem 0x000a0000-0x000bffff window]
[    0.501669] pci_bus 0000:00: root bus resource [mem 0x10000000-0xfebfffff window]
[    0.501720] pci_bus 0000:00: root bus resource [mem 0x100000000-0x17fffffff window]
[    0.501845] pci_bus 0000:00: root bus resource [bus 00-ff]
[    0.502650] pci 0000:00:00.0: [8086:1237] type 00 class 0x060000 conventional PCI endpoint
[    0.505101] pci 0000:00:01.0: [8086:7000] type 00 class 0x060100 conventional PCI endpoint
[    0.505467] pci 0000:00:01.1: [8086:7010] type 00 class 0x010180 conventional PCI endpoint
[    0.505870] pci 0000:00:01.1: BAR 4 [io  0xc140-0xc14f]
[    0.505947] pci 0000:00:01.1: BAR 0 [io  0x01f0-0x01f7]: legacy IDE quirk
[    0.506003] pci 0000:00:01.1: BAR 1 [io  0x03f6]: legacy IDE quirk
[    0.506050] pci 0000:00:01.1: BAR 2 [io  0x0170-0x0177]: legacy IDE quirk
[    0.506106] pci 0000:00:01.1: BAR 3 [io  0x0376]: legacy IDE quirk
[    0.506476] pci 0000:00:01.3: [8086:7113] type 00 class 0x068000 conventional PCI endpoint
[    0.506794] pci 0000:00:01.3: quirk: [io  0x0600-0x063f] claimed by PIIX4 ACPI
[    0.506868] pci 0000:00:01.3: quirk: [io  0x0700-0x070f] claimed by PIIX4 SMB
[    0.507265] pci 0000:00:02.0: [1234:1111] type 00 class 0x030000 conventional PCI endpoint
[    0.507688] pci 0000:00:02.0: BAR 0 [mem 0xfd000000-0xfdffffff pref]
[    0.507784] pci 0000:00:02.0: BAR 2 [mem 0xfebf0000-0xfebf0fff]
[    0.507829] pci 0000:00:02.0: ROM [mem 0xfebe0000-0xfebeffff pref]
[    0.508009] pci 0000:00:02.0: Video device with shadowed ROM at [mem 0x000c0000-0x000dffff]
[    0.508392] pci 0000:00:03.0: [8086:100e] type 00 class 0x020000 conventional PCI endpoint
[    0.508867] pci 0000:00:03.0: BAR 0 [mem 0xfebc0000-0xfebdffff]
[    0.508922] pci 0000:00:03.0: BAR 1 [io  0xc100-0xc13f]
[    0.508963] pci 0000:00:03.0: ROM [mem 0xfeb40000-0xfeb7ffff pref]
[    0.512275] pci 0000:00:04.0: [10ec:8139] type 00 class 0x020000 conventional PCI endpoint
[    0.512773] pci 0000:00:04.0: BAR 0 [io  0xc000-0xc0ff]
[    0.512826] pci 0000:00:04.0: BAR 1 [mem 0xfebf1000-0xfebf10ff]
[    0.512879] pci 0000:00:04.0: ROM [mem 0xfeb80000-0xfebbffff pref]
[    0.518442] ACPI: PCI: Interrupt link LNKA configured for IRQ 10
[    0.518891] ACPI: PCI: Interrupt link LNKB configured for IRQ 10
[    0.519219] ACPI: PCI: Interrupt link LNKC configured for IRQ 11
[    0.519526] ACPI: PCI: Interrupt link LNKD configured for IRQ 11
[    0.519688] ACPI: PCI: Interrupt link LNKS configured for IRQ 9
[    0.521609] iommu: Default domain type: Translated
[    0.521669] iommu: DMA domain TLB invalidation policy: lazy mode
[    0.523540] SCSI subsystem initialized
[    0.524085] libata version 3.00 loaded.
[    0.524630] ACPI: bus type USB registered
[    0.524942] usbcore: registered new interface driver usbfs
[    0.525168] usbcore: registered new interface driver hub
[    0.525274] usbcore: registered new device driver usb
[    0.525453] pps_core: LinuxPPS API ver. 1 registered
[    0.525494] pps_core: Software ver. 5.3.6 - Copyright 2005-2007 Rodolfo Giometti <giometti@linux.it>
[    0.525576] PTP clock support registered
[    0.530888] PCI: Using ACPI for IRQ routing
[    0.530996] PCI: pci_cache_line_size set to 64 bytes
[    0.531236] e820: register RAM buffer resource [mem 0x0009fc00-0x0009ffff]
[    0.531377] e820: register RAM buffer resource [mem 0x0ffe0000-0x0fffffff]
[    0.533922] pci 0000:00:02.0: vgaarb: setting as boot VGA device
[    0.534003] pci 0000:00:02.0: vgaarb: bridge control possible
[    0.534026] pci 0000:00:02.0: vgaarb: VGA device added: decodes=io+mem,owns=io+mem,locks=none
[    0.534045] vgaarb: loaded
[    0.534689] hpet: 3 channels of 0 reserved for per-cpu timers
[    0.534865] hpet0: at MMIO 0xfed00000, IRQs 2, 8, 0
[    0.535083] hpet0: 3 comparators, 64-bit 100.000000 MHz counter
[    0.538766] clocksource: Switched to clocksource tsc-early
[    0.539449] VFS: Disk quotas dquot_6.6.0
[    0.539541] VFS: Dquot-cache hash table entries: 512 (order 0, 4096 bytes)
[    0.542181] pnp: PnP ACPI init
[    0.543481] pnp 00:02: [dma 2]
[    0.544571] pnp: PnP ACPI: found 5 devices
[    0.558535] clocksource: acpi_pm: mask: 0xffffff max_cycles: 0xffffff, max_idle_ns: 2085701024 ns
[    0.558972] NET: Registered PF_INET protocol family
[    0.559550] IP idents hash table entries: 4096 (order: 3, 32768 bytes, linear)
[    0.561058] tcp_listen_portaddr_hash hash table entries: 256 (order: 0, 4096 bytes, linear)
[    0.561311] Table-perturb hash table entries: 65536 (order: 6, 262144 bytes, linear)
[    0.561396] TCP established hash table entries: 2048 (order: 2, 16384 bytes, linear)
[    0.561550] TCP bind hash table entries: 2048 (order: 4, 65536 bytes, linear)
[    0.561684] TCP: Hash tables configured (established 2048 bind 2048)
[    0.562469] UDP hash table entries: 256 (order: 2, 16384 bytes, linear)
[    0.563533] pci_bus 0000:00: resource 4 [io  0x0000-0x0cf7 window]
[    0.563591] pci_bus 0000:00: resource 5 [io  0x0d00-0xffff window]
[    0.563636] pci_bus 0000:00: resource 6 [mem 0x000a0000-0x000bffff window]
[    0.563689] pci_bus 0000:00: resource 7 [mem 0x10000000-0xfebfffff window]
[    0.563737] pci_bus 0000:00: resource 8 [mem 0x100000000-0x17fffffff window]
[    0.564064] pci 0000:00:01.0: PIIX3: Enabling Passive Release
[    0.564154] pci 0000:00:00.0: Limiting direct PCI/PCI transfers
[    0.564272] PCI: CLS 0 bytes, default 64
[    0.566710] Unpacking initramfs...
[    0.571851] Initialise system trusted keyrings
[    0.573241] workingset: timestamp_bits=56 (anon: 52) max_order=16 bucket_order=0 (anon: 0)
[    0.575433] Key type asymmetric registered
[    0.575512] Asymmetric key parser 'x509' registered
[    0.575657] Block layer SCSI generic (bsg) driver version 0.4 loaded (major 250)
[    0.575948] io scheduler mq-deadline registered
[    0.576009] io scheduler kyber registered
[    0.578840] input: Power Button as /devices/platform/LNXPWRBN:00/input/input0
[    0.579452] ACPI: button: Power Button [PWRF]
[    0.583140] Serial: 8250/16550 driver, 4 ports, IRQ sharing enabled
[    0.585495] 00:04: ttyS0 at I/O 0x3f8 (irq = 4, base_baud = 115200) is a 16550A
[    0.593611] Non-volatile memory driver v1.3
[    0.604939] loop: module loaded
[    0.610440] scsi host0: ata_piix
[    0.612416] scsi host1: ata_piix
[    0.612726] ata1: PATA max MWDMA2 cmd 0x1f0 ctl 0x3f6 bmdma 0xc140 irq 14 lpm-pol 0
[    0.612801] ata2: PATA max MWDMA2 cmd 0x170 ctl 0x376 bmdma 0xc148 irq 15 lpm-pol 0
[    0.613990] i8042: PNP: PS/2 Controller [PNP0303:KBD,PNP0f13:MOU] at 0x60,0x64 irq 1,12
[    0.615868] serio: i8042 KBD port at 0x60,0x64 irq 1
[    0.616031] serio: i8042 AUX port at 0x60,0x64 irq 12
[    0.617813] rtc_cmos PNP0B00:00: RTC can wake from S4
[    0.619703] rtc_cmos PNP0B00:00: registered as rtc0
[    0.620589] rtc_cmos PNP0B00:00: alarms up to one day, y3k, 242 bytes nvram, hpet irqs
[    0.621715] input: AT Translated Set 2 keyboard as /devices/platform/i8042/serio0/input/input1
[    0.624572] device-mapper: ioctl: 4.50.0-ioctl (2025-04-28) initialised: dm-devel@lists.linux.dev
[    0.624803] amd_pstate: the _CPC object is not present in SBIOS or ACPI disabled
[    0.624989] hid: raw HID events driver (C) Jiri Kosina
[    0.625453] usbcore: registered new interface driver usbhid
[    0.625504] usbhid: USB HID core driver
[    0.626132] NET: Registered PF_INET6 protocol family
[    0.631267] Segment Routing with IPv6
[    0.631443] In-situ OAM (IOAM) with IPv6
[    0.633614] IPI shorthand broadcast: enabled
[    0.641255] sched_clock: Marking stable (629773263, 10508749)->(649549961, -9267949)
[    0.642659] Loading compiled-in X.509 certificates
[    0.649380] Demotion targets for Node 0: null
[    0.651251] PM:   Magic number: 6:770:625
[    0.652071] clk: Disabling unused clocks
[    0.652402] KTAP version 1
[    0.652430] 1..0
[    0.719332] Freeing initrd memory: 7952K
[    0.769307] ata2: found unknown device (class 0)
[    0.771978] ata2.00: ATAPI: QEMU DVD-ROM, 2.5+, max UDMA/100
[    0.778354] scsi 1:0:0:0: CD-ROM            QEMU     QEMU DVD-ROM     2.5+ PQ: 0 ANSI: 5
[    0.793952] sr 1:0:0:0: [sr0] scsi3-mmc drive: 4x/4x cd/rw xa/form2 tray
[    0.806235] cdrom: Uniform CD-ROM driver Revision: 3.20
[    0.813851] sr 1:0:0:0: Attached scsi CD-ROM sr0
[    0.814554] sr 1:0:0:0: Attached scsi generic sg0 type 5
[    0.851435] Freeing unused kernel image (initmem) memory: 2808K
[    0.851614] Write protecting the kernel read-only data: 20480k
[    0.853327] Freeing unused kernel image (text/rodata gap) memory: 1584K
[    0.853778] Freeing unused kernel image (rodata/data gap) memory: 988K
[    0.941410] x86/mm: Checked W+X mappings: passed, no W+X pages found.
[    0.941606] Run /init as init process
[    0.941634]   with arguments:
[    0.941659]     /init
[    0.941681]     nokaslr
[    0.941701]   with environment:
[    0.941725]     HOME=/
[    0.941746]     TERM=linux
[    0.999371] mount (54) used greatest stack depth: 13152 bytes left
=== insmod required kernel module mii ===
[    1.036513] insmod (61) used greatest stack depth: 13120 bytes left
REHARNESS_KERNEL_MODULE_0_NAME=mii
REHARNESS_KERNEL_MODULE_0_INSMOD_RC=0
=== insmod 8139cp ===
[    1.043012] input: ImExPS/2 Generic Explorer Mouse as /devices/platform/i8042/serio1/input/input3
[    1.043870] 8139cp: [rhcov] cp_init_one
[    1.043929] 8139cp: [rhcov] cp_init_one
[    1.043958] 8139cp: [rhcov] cp_init_one
[    1.043989] 8139cp: 8139cp: 10/100 PCI Ethernet driver v1.3 (Mar 22, 2004)
[    1.044136] 8139cp: [rhcov] cp_set_rxbufsize
[    1.044168] 8139cp: [rhcov] cp_set_rxbufsize
[    1.044198] 8139cp: [rhcov] cp_set_rxbufsize
[    1.049304] ACPI: \_SB_.LNKD: Enabled at IRQ 11
[    1.049674] 8139cp: [rhcov] cp_stop_hw
[    1.049711] 8139cp: [rhcov] cp_stop_hw
[    1.049738] 8139cp: [rhcov] cp_stop_hw
[    1.049936] 8139cp: [rhcov] read_eeprom
[    1.049964] 8139cp: [rhcov] read_eeprom
[    1.049991] 8139cp: [rhcov] read_eeprom
[    1.050039] 8139cp: [rhcov] eeprom_cmd_start
[    1.050069] 8139cp: [rhcov] eeprom_cmd_start
[    1.050096] 8139cp: [rhcov] eeprom_cmd_start
[    1.050158] 8139cp: [rhcov] eeprom_cmd
[    1.050184] 8139cp: [rhcov] eeprom_cmd
[    1.050209] 8139cp: [rhcov] eeprom_cmd
[    1.050352] 8139cp: [rhcov] eeprom_cmd_end
[    1.050379] 8139cp: [rhcov] eeprom_cmd_end
[    1.050407] 8139cp: [rhcov] eeprom_cmd_end
[    1.051836] 8139cp: [rhcov] cp_get_stats
[    1.051875] 8139cp: [rhcov] cp_get_stats
[    1.051902] 8139cp: [rhcov] cp_get_stats
[    1.052394] 8139cp 0000:00:04.0 eth0: RTL-8139C+ at 0x(____ptrval____), 52:54:00:12:34:57, IRQ 11
REHARNESS_DRIVER_INSMOD_RC=0
=== dmesg ===
[    1.043929] 8139cp: [rhcov] cp_init_one
[    1.043958] 8139cp: [rhcov] cp_init_one
[    1.043989] 8139cp: 8139cp: 10/100 PCI Ethernet driver v1.3 (Mar 22, 2004)
[    1.044136] 8139cp: [rhcov] cp_set_rxbufsize
[    1.044168] 8139cp: [rhcov] cp_set_rxbufsize
[    1.044198] 8139cp: [rhcov] cp_set_rxbufsize
[    1.049674] 8139cp: [rhcov] cp_stop_hw
[    1.049711] 8139cp: [rhcov] cp_stop_hw
[    1.049738] 8139cp: [rhcov] cp_stop_hw
[    1.049936] 8139cp: [rhcov] read_eeprom
[    1.049964] 8139cp: [rhcov] read_eeprom
[    1.049991] 8139cp: [rhcov] read_eeprom
[    1.050039] 8139cp: [rhcov] eeprom_cmd_start
[    1.050069] 8139cp: [rhcov] eeprom_cmd_start
[    1.050096] 8139cp: [rhcov] eeprom_cmd_start
[    1.050158] 8139cp: [rhcov] eeprom_cmd
[    1.050184] 8139cp: [rhcov] eeprom_cmd
[    1.050209] 8139cp: [rhcov] eeprom_cmd
[    1.050352] 8139cp: [rhcov] eeprom_cmd_end
[    1.050379] 8139cp: [rhcov] eeprom_cmd_end
[    1.050407] 8139cp: [rhcov] eeprom_cmd_end
[    1.051836] 8139cp: [rhcov] cp_get_stats
[    1.051875] 8139cp: [rhcov] cp_get_stats
[    1.051902] 8139cp: [rhcov] cp_get_stats
[    1.052394] 8139cp 0000:00:04.0 eth0: RTL-8139C+ at 0x(____ptrval____), 52:54:00:12:34:57, IRQ 11
=== exerciser ===
[    1.093399] 8139cp: [rhcov] cp_get_link_ksettings
[    1.093499] 8139cp: [rhcov] cp_get_link_ksettings
[    1.093533] 8139cp: [rhcov] cp_get_link_ksettings
[    1.093600] 8139cp: [rhcov] mdio_read
[    1.093629] 8139cp: [rhcov] mdio_read
[    1.093655] 8139cp: [rhcov] mdio_read
Settings for eth0:
	Supported ports: [ TP	 MII ]
	Supported link modes:   10baseT/Half 10baseT/Full
	                        100baseT/Half 100baseT/Full
	Supported pause frame use: No
	Supports auto-negotiation: Yes
	Supported FEC modes: Not reported
	Advertised link modes:  10baseT/Half 10baseT/Full
	                        100baseT/Half 100baseT/Full
	Advertised pause frame use: No
	Advertised auto-negotiation: Yes
	Advertised FEC modes: Not reported
	Link partner advertised link modes:  10baseT/Half 10baseT/Full
	                                     100baseT/Half 100baseT/Full
	Link partner advertised pause frame use: Symmetric
	Link partner advertised auto-negotiation: No
	Link partner advertised FEC modes: Not reported
	Speed: 100Mb/s
	Duplex: Full
	Auto-negotiation: on
	Port: MII
	PHYAD: 32
	Transceiver: internal
[    1.096900] 8139cp: [rhcov] cp_get_wol
[    1.096942] 8139cp: [rhcov] cp_get_wol
[    1.096971] 8139cp: [rhcov] cp_get_wol
[    1.097001] 8139cp: [rhcov] netdev_get_wol
[    1.097034] 8139cp: [rhcov] netdev_get_wol
[    1.097063] 8139cp: [rhcov] netdev_get_wol
	Supports Wake-on: pumbg
	Wake-on: d
[    1.097659] 8139cp: [rhcov] cp_get_msglevel
[    1.097698] 8139cp: [rhcov] cp_get_msglevel
[    1.097727] 8139cp: [rhcov] cp_get_msglevel
        Current message level: 0x00000007 (7)
                               drv probe link
	Link detected: no
[    1.104165] 8139cp: [rhcov] cp_get_drvinfo
[    1.104222] 8139cp: [rhcov] cp_get_drvinfo
[    1.104253] 8139cp: [rhcov] cp_get_drvinfo
[    1.104316] 8139cp: [rhcov] cp_get_sset_count
[    1.104346] 8139cp: [rhcov] cp_get_sset_count
[    1.104374] 8139cp: [rhcov] cp_get_sset_count
[    1.104433] 8139cp: [rhcov] cp_get_regs_len
[    1.104467] 8139cp: [rhcov] cp_get_regs_len
[    1.104495] 8139cp: [rhcov] cp_get_regs_len
[    1.104534] 8139cp: [rhcov] cp_get_eeprom_len
[    1.104563] 8139cp: [rhcov] cp_get_eeprom_len
[    1.104592] 8139cp: [rhcov] cp_get_eeprom_len
driver: 8139cp
version: 1.3
firmware-version: 
expansion-rom-version: 
bus-info: 0000:00:04.0
supports-statistics: yes
supports-test: no
supports-eeprom-access: yes
supports-register-dump: yes
supports-priv-flags: no
[    1.109673] 8139cp: [rhcov] cp_get_strings
[    1.109733] 8139cp: [rhcov] cp_get_strings
[    1.109763] 8139cp: [rhcov] cp_get_strings
[    1.109942] 8139cp: [rhcov] cp_get_ethtool_stats
[    1.109975] 8139cp: [rhcov] cp_get_ethtool_stats
[    1.110005] 8139cp: [rhcov] cp_get_ethtool_stats
NIC statistics:
     tx_ok: 0
     rx_ok: 0
     tx_err: 0
     rx_err: 0
     rx_fifo: 0
     frame_align: 0
     tx_ok_1col: 0
     tx_ok_mcol: 0
     rx_ok_phys: 0
     rx_ok_bcast: 0
     rx_ok_mcast: 0
     tx_abort: 0
     tx_underrun: 0
     rx_frags: 0
netlink error: Operation not supported
[    1.119777] 8139cp: [rhcov] cp_get_ringparam
[    1.119835] 8139cp: [rhcov] cp_get_ringparam
[    1.119866] 8139cp: [rhcov] cp_get_ringparam
Ring parameters for eth0:
Pre-set maximums:
RX:			64
RX Mini:		n/a
RX Jumbo:		n/a
TX:			64
TX push buff len:	n/a
Current hardware settings:
RX:			64
RX Mini:		n/a
RX Jumbo:		n/a
TX:			64
RX Buf Len:		n/a
CQE Size:		n/a
TX Push:		off
RX Push:		off
TX push buff len:	n/a
TCP data split:		n/a
Features for eth0:
rx-checksumming: on
tx-checksumming: on
	tx-checksum-ipv4: on
	tx-checksum-ip-generic: off [fixed]
	tx-checksum-ipv6: off [fixed]
	tx-checksum-fcoe-crc: off [fixed]
	tx-checksum-sctp: off [fixed]
scatter-gather: on
	tx-scatter-gather: on
	tx-scatter-gather-fraglist: off [fixed]
tcp-segmentation-offload: on
	tx-tcp-segmentation: on
	tx-tcp-ecn-segmentation: off [fixed]
	tx-tcp-mangleid-segmentation: off
	tx-tcp6-segmentation: off [fixed]
	tx-tcp-accecn-segmentation: off [fixed]
generic-segmentation-offload: on
generic-receive-offload: on
large-receive-offload: off [fixed]
rx-vlan-offload: on
tx-vlan-offload: on
ntuple-filters: off [fixed]
receive-hashing: off [fixed]
highdma: on [fixed]
rx-vlan-filter: off [fixed]
vlan-challenged: off [fixed]
tx-gso-robust: off [fixed]
tx-fcoe-segmentation: off [fixed]
tx-gre-segmentation: off [fixed]
tx-gre-csum-segmentation: off [fixed]
tx-ipxip4-segmentation: off [fixed]
tx-ipxip6-segmentation: off [fixed]
tx-udp_tnl-segmentation: off [fixed]
tx-udp_tnl-csum-segmentation: off [fixed]
tx-gso-partial: off [fixed]
tx-tunnel-remcsum-segmentation: off [fixed]
tx-sctp-segmentation: off [fixed]
tx-esp-segmentation: off [fixed]
tx-udp-segmentation: off [fixed]
tx-gso-list: off [fixed]
tx-nocache-copy: off
loopback: off [fixed]
rx-fcs: off [fixed]
rx-all: off [fixed]
tx-vlan-stag-hw-insert: off [fixed]
rx-vlan-stag-hw-parse: off [fixed]
rx-vlan-stag-filter: off [fixed]
l2-fwd-offload: off [fixed]
hw-tc-offload: off [fixed]
esp-hw-offload: off [fixed]
esp-tx-csum-hw-offload: off [fixed]
rx-udp_tunnel-port-offload: off [fixed]
tls-hw-tx-offload: off [fixed]
tls-hw-rx-offload: off [fixed]
rx-gro-hw: off [fixed]
tls-hw-record: off [fixed]
rx-gro-list: off
macsec-hw-offload: off [fixed]
rx-udp-gro-forwarding: off
hsr-tag-ins-offload: off [fixed]
hsr-tag-rm-offload: off [fixed]
hsr-fwd-offload: off [fixed]
hsr-dup-offload: off [fixed]
netlink error: Operation not supported
[    1.139440] 8139cp: [rhcov] cp_nway_reset
[    1.139502] 8139cp: [rhcov] cp_nway_reset
[    1.139611] 8139cp: [rhcov] cp_nway_reset
[    1.139671] 8139cp: [rhcov] mdio_write
[    1.139705] 8139cp: [rhcov] mdio_write
[    1.139732] 8139cp: [rhcov] mdio_write
netlink error: Operation not supported
  tx_packets=0 rx_packets=0
Settings for eth0:
	Supported ports: [ TP	 MII ]
	Supported link modes:   10baseT/Half 10baseT/Full
	                        100baseT/Half 100baseT/Full
	Supported pause frame use: No
	Supports auto-negotiation: Yes
	Supported FEC modes: Not reported
	Advertised link modes:  10baseT/Half 10baseT/Full
	                        100baseT/Half 100baseT/Full
	Advertised pause frame use: No
	Advertised auto-negotiation: Yes
	Advertised FEC modes: Not reported
	Link partner advertised link modes:  10baseT/Half 10baseT/Full
	                                     100baseT/Half 100baseT/Full
	Link partner advertised pause frame use: Symmetric
	Link partner advertised auto-negotiation: No
	Link partner advertised FEC modes: Not reported
	Speed: 100Mb/s
	Duplex: Full
	Auto-negotiation: on
	Port: MII
	PHYAD: 32
	Transceiver: internal
	Supports Wake-on: pumbg
	Wake-on: d
        Current message level: 0x00000007 (7)
                               drv probe link
	Link detected: no
driver: 8139cp
version: 1.3
firmware-version: 
expansion-rom-version: 
bus-info: 0000:00:04.0
supports-statistics: yes
supports-test: no
supports-eeprom-access: yes
supports-register-dump: yes
supports-priv-flags: no
NIC statistics:
     tx_ok: 0
     rx_ok: 0
     tx_err: 0
     rx_err: 0
     rx_fifo: 0
     frame_align: 0
     tx_ok_1col: 0
     tx_ok_mcol: 0
     rx_ok_phys: 0
     rx_ok_bcast: 0
     rx_ok_mcast: 0
     tx_abort: 0
     tx_underrun: 0
     rx_frags: 0
netlink error: Operation not supported
Ring parameters for eth0:
Pre-set maximums:
RX:			64
RX Mini:		n/a
RX Jumbo:		n/a
TX:			64
TX push buff len:	n/a
Current hardware settings:
RX:			64
RX Mini:		n/a
RX Jumbo:		n/a
TX:			64
RX Buf Len:		n/a
CQE Size:		n/a
TX Push:		off
RX Push:		off
TX push buff len:	n/a
TCP data split:		n/a
Features for eth0:
rx-checksumming: on
tx-checksumming: on
	tx-checksum-ipv4: on
	tx-checksum-ip-generic: off [fixed]
	tx-checksum-ipv6: off [fixed]
	tx-checksum-fcoe-crc: off [fixed]
	tx-checksum-sctp: off [fixed]
scatter-gather: on
	tx-scatter-gather: on
	tx-scatter-gather-fraglist: off [fixed]
tcp-segmentation-offload: on
	tx-tcp-segmentation: on
	tx-tcp-ecn-segmentation: off [fixed]
	tx-tcp-mangleid-segmentation: off
	tx-tcp6-segmentation: off [fixed]
	tx-tcp-accecn-segmentation: off [fixed]
generic-segmentation-offload: on
generic-receive-offload: on
large-receive-offload: off [fixed]
rx-vlan-offload: on
tx-vlan-offload: on
ntuple-filters: off [fixed]
receive-hashing: off [fixed]
highdma: on [fixed]
rx-vlan-filter: off [fixed]
vlan-challenged: off [fixed]
tx-gso-robust: off [fixed]
tx-fcoe-segmentation: off [fixed]
tx-gre-segmentation: off [fixed]
tx-gre-csum-segmentation: off [fixed]
tx-ipxip4-segmentation: off [fixed]
tx-ipxip6-segmentation: off [fixed]
tx-udp_tnl-segmentation: off [fixed]
tx-udp_tnl-csum-segmentation: off [fixed]
tx-gso-partial: off [fixed]
tx-tunnel-remcsum-segmentation: off [fixed]
tx-sctp-segmentation: off [fixed]
tx-esp-segmentation: off [fixed]
tx-udp-segmentation: off [fixed]
tx-gso-list: off [fixed]
tx-nocache-copy: off
loopback: off [fixed]
rx-fcs: off [fixed]
rx-all: off [fixed]
tx-vlan-stag-hw-insert: off [fixed]
rx-vlan-stag-hw-parse: off [fixed]
rx-vlan-stag-filter: off [fixed]
l2-fwd-offload: off [fixed]
hw-tc-offload: off [fixed]
esp-hw-offload: off [fixed]
esp-tx-csum-hw-offload: off [fixed]
rx-udp_tunnel-port-offload: off [fixed]
tls-hw-tx-offload: off [fixed]
tls-hw-rx-offload: off [fixed]
rx-gro-hw: off [fixed]
tls-hw-record: off [fixed]
rx-gro-list: off
macsec-hw-offload: off [fixed]
rx-udp-gro-forwarding: off
hsr-tag-ins-offload: off [fixed]
hsr-tag-rm-offload: off [fixed]
hsr-fwd-offload: off [fixed]
hsr-dup-offload: off [fixed]
netlink error: Operation not supported
netlink error: Operation not supported
Time stamping parameters for eth0:
Capabilities:
	software-receive
	software-system-clock
PTP Hardware Clock: none
Hardware Transmit Timestamp Modes: none
Hardware Receive Filter Modes: none
REHARNESS_NIC_OK driver=8139cp
EXERCISER_RC=0
=== rmmod 8139cp ===
[    1.200419] 8139cp: [rhcov] cp_remove_one
[    1.200491] 8139cp: [rhcov] cp_remove_one
[    1.200557] 8139cp: [rhcov] cp_remove_one
REHARNESS_DRIVER_RMMOD_RC=0
=== QEMU_RUN_DONE ===
[    1.448641] sysrq: Power Off
[    1.448991] Kernel panic - not syncing: Attempted to kill init! exitcode=0x00000000
[    1.449319] CPU: 0 UID: 0 PID: 1 Comm: init Not tainted 7.1.0-rc7+ #18 PREEMPT(lazy) 
[    1.449413] Hardware name: QEMU Standard PC (i440FX + PIIX, 1996), BIOS rel-1.17.0-0-gb52ca86e094d-prebuilt.qemu.org 04/01/2014
[    1.449547] Call Trace:
[    1.449899]  <TASK>
[    1.450033]  vpanic+0x32f/0x4b0
[    1.450189]  panic+0x63/0x70
[    1.450213]  do_exit+0x952/0xaf0
[    1.450239]  do_group_exit+0x30/0x80
[    1.450263]  __x64_sys_exit_group+0x18/0x20
[    1.450295]  x64_sys_call+0x12e2/0x1880
[    1.450322]  do_syscall_64+0x10e/0x4e0
[    1.450351]  entry_SYSCALL_64_after_hwframe+0x77/0x7f
[    1.450454] RIP: 0033:0x7f381418a31d
[    1.450603] Code: 02 ba ff ff ff ff 89 d0 c3 0f 1f 40 00 f3 0f 1e fa 48 8b 35 ed 4a 11 00 ba e7 00 00 00 eb 07 66 0f 1f 44 00 00 f4 89 d0 0f 05 <48> 3d 00 f0 ff ff 76 f3 f7 d8 64 89 06 eb ec 0f 1f 40 00 f3 0f 1e
[    1.450743] RSP: 002b:00007fff46b85b28 EFLAGS: 00000202 ORIG_RAX: 00000000000000e7
[    1.450808] RAX: ffffffffffffffda RBX: 00007fff46b85db0 RCX: 00007f381418a31d
[    1.450850] RDX: 00000000000000e7 RSI: ffffffffffffff88 RDI: 0000000000000000
[    1.450894] RBP: 00007fff46b85c00 R08: 000056235e255010 R09: 0000000000000007
[    1.450936] R10: 000056235e2579c0 R11: 0000000000000202 R12: 0000000000000000
[    1.450977] R13: 00007fff46b85da0 R14: 0000562321596dd8 R15: 00007f38142f0000
[    1.451043]  </TASK>
[    1.451421] Kernel Offset: disabled
[    1.451597] Rebooting in 1 seconds..
