=== QEMU run: module=e1000 bus=pci timeout=90s ===
=== QEMU 退出码: 0 ===
[    0.030676] PM: hibernation: Registered nosave memory: [mem 0x00000000-0x00000fff]
[    0.030744] PM: hibernation: Registered nosave memory: [mem 0x0009f000-0x000fffff]
[    0.073684] ftrace: allocating 38351 entries in 152 pages
[    0.073976] ftrace: allocated 152 pages with 3 groups
[    0.427575] NET: Registered PF_NETLINK/PF_ROUTE protocol family
[    0.432026] thermal_sys: Registered thermal governor 'step_wise'
[    0.436658] kprobes: kprobe jump-optimization is enabled. All kprobes are optimized if possible.
[    0.438466] HugeTLB: registered 2.00 MiB page size, pre-allocated 0 pages
[    0.532119] ACPI: bus type USB registered
[    0.532418] usbcore: registered new interface driver usbfs
[    0.532633] usbcore: registered new interface driver hub
[    0.532731] usbcore: registered new device driver usb
[    0.532906] pps_core: LinuxPPS API ver. 1 registered
[    0.533015] PTP clock support registered
[    0.566963] NET: Registered PF_INET protocol family
[    0.584601] Key type asymmetric registered
[    0.584682] Asymmetric key parser 'x509' registered
[    0.585131] io scheduler mq-deadline registered
[    0.585200] io scheduler kyber registered
[    0.627654] rtc_cmos PNP0B00:00: registered as rtc0
[    0.630413] usbcore: registered new interface driver usbhid
[    0.631154] NET: Registered PF_INET6 protocol family
=== insmod e1000 ===
[    1.044517] e1000: [rhcov] e1000_probe
[    1.605223] insmod (62) used greatest stack depth: 13000 bytes left
REHARNESS_DRIVER_INSMOD_RC=0
                               drv probe link
EXERCISER_RC=0
=== rmmod e1000 ===
REHARNESS_DRIVER_RMMOD_RC=0
=== QEMU_RUN_DONE ===
[   10.387311] Call Trace:

=== 成功判定 ===
  done=1 probe=16 driver_probe_bound=0 driver_probe_unbound=0 real_oops=0 real_warning=0
  => 成功: e1000 probe 成功
QEMU runtime artifacts: /tmp/reharness-qemu-v2-e1000-qemu.zlslRq
