c[?7l[2J[0mSeaBIOS (version rel-1.17.0-0-gb52ca86e094d-prebuilt.qemu.org)


iPXE (http://ipxe.org) 00:03.0 CA00 PCI2.10 PnP PMM+0EFD1C90+0EF31C90 CA00
Press Ctrl-B to configure iPXE (PCI 00:03.0)...                                                                               


Booting from ROM..c[?7l[2JNo EFI environment detected.
early console in extract_kernel
input_data: 0x000000000266d2c4
input_len: 0x000000000094b4db
output: 0x0000000001000000
output_len: 0x0000000001f78348
kernel_total_size: 0x0000000001d7d000
needed_size: 0x0000000002000000
trampoline_32bit: 0x0000000000000000


KASLR disabled: 'nokaslr' on cmdline.


Decompressing Linux... Parsing ELF... No relocation needed... done.
Booting the kernel (entry_offset: 0x0000000001a0e3b0).
[    0.000000] Linux version 7.1.0-rc7+ (yfblock@9950x) (gcc (Ubuntu 13.3.0-6ubuntu2~24.04.1) 13.3.0, GNU ld (GNU Binutils for Ubuntu) 2.42) #17 SMP PREEMPT_DYNAMIC Tue Aug 25 17:24:02 CST 2026
[    0.000000] Command line: console=ttyS0 nokaslr panic=1 ignore_loglevel earlyprintk=serial,ttyS0,115200
[    0.000000] BIOS-provided physical RAM map:
[    0.000000] BIOS-e820: [mem 0x0000000000000000-0x000000000009fbff]  System RAM
[    0.000000] BIOS-e820: [mem 0x000000000009fc00-0x000000000009ffff]  device reserved
[    0.000000] BIOS-e820: [gap 0x00000000000a0000-0x00000000000effff]
[    0.000000] BIOS-e820: [mem 0x00000000000f0000-0x00000000000fffff]  device reserved
[    0.000000] BIOS-e820: [mem 0x0000000000100000-0x000000000ffdffff]  System RAM
[    0.000000] BIOS-e820: [mem 0x000000000ffe0000-0x000000000fffffff]  device reserved
[    0.000000] BIOS-e820: [gap 0x0000000010000000-0x00000000fffbffff]
[    0.000000] BIOS-e820: [mem 0x00000000fffc0000-0x00000000ffffffff]  device reserved
[    0.000000] BIOS-e820: [gap 0x0000000100000000-0x000000fcffffffff]
[    0.000000] BIOS-e820: [mem 0x000000fd00000000-0x000000ffffffffff]  device reserved
[    0.000000] printk: debug: ignoring loglevel setting.
[    0.000000] printk: legacy bootconsole [earlyser0] enabled
[    0.000000] NX (Execute Disable) protection: active
[    0.000000] APIC: Static calls initialized
[    0.000000] DMI: SMBIOS 2.8 present.
[    0.000000] DMI: QEMU Standard PC (i440FX + PIIX, 1996), BIOS rel-1.17.0-0-gb52ca86e094d-prebuilt.qemu.org 04/01/2014
[    0.000000] DMI: Memory slots populated: 1/1
[    0.000000] tsc: Fast TSC calibration using PIT
[    0.000000] tsc: Detected 4299.941 MHz processor
[    0.007886] e820: update [mem 0x00000000-0x00000fff] System RAM ==> device reserved
[    0.008064] e820: remove [mem 0x000a0000-0x000fffff] System RAM
[    0.008217] last_pfn = 0xffe0 max_arch_pfn = 0x400000000
[    0.008649] MTRR map: 4 entries (3 fixed + 1 variable; max 19), built from 8 variable MTRRs
[    0.008806] x86/PAT: Configuration [0-7]: WB  WC  UC- UC  WB  WP  UC- WT  
[    0.020368] found SMP MP-table at [mem 0x000f54c0-0x000f54cf]
[    0.023379] RAMDISK: [mem 0x0f495000-0x0ffdffff]
[    0.023647] ACPI: Early table checksum verification disabled
[    0.023955] ACPI: RSDP 0x00000000000F52E0 000014 (v00 BOCHS )
[    0.024151] ACPI: RSDT 0x000000000FFE2383 000034 (v01 BOCHS  BXPC     00000001 BXPC 00000001)
[    0.024620] ACPI: FACP 0x000000000FFE222F 000074 (v01 BOCHS  BXPC     00000001 BXPC 00000001)
[    0.025054] ACPI: DSDT 0x000000000FFE0040 0021EF (v01 BOCHS  BXPC     00000001 BXPC 00000001)
[    0.025151] ACPI: FACS 0x000000000FFE0000 000040
[    0.025212] ACPI: APIC 0x000000000FFE22A3 000080 (v03 BOCHS  BXPC     00000001 BXPC 00000001)
[    0.025277] ACPI: HPET 0x000000000FFE2323 000038 (v01 BOCHS  BXPC     00000001 BXPC 00000001)
[    0.025340] ACPI: WAET 0x000000000FFE235B 000028 (v01 BOCHS  BXPC     00000001 BXPC 00000001)
[    0.025442] ACPI: Reserving FACP table memory at [mem 0xffe222f-0xffe22a2]
[    0.025494] ACPI: Reserving DSDT table memory at [mem 0xffe0040-0xffe222e]
[    0.025537] ACPI: Reserving FACS table memory at [mem 0xffe0000-0xffe003f]
[    0.025580] ACPI: Reserving APIC table memory at [mem 0xffe22a3-0xffe2322]
[    0.025622] ACPI: Reserving HPET table memory at [mem 0xffe2323-0xffe235a]
[    0.025673] ACPI: Reserving WAET table memory at [mem 0xffe235b-0xffe2382]
[    0.026889] No NUMA configuration found
[    0.026932] Faking a node at [mem 0x0000000000000000-0x000000000ffdffff]
[    0.027320] NODE_DATA(0) allocated [mem 0x0f491680-0x0f494fff]
[    0.027810] ACPI: PM-Timer IO Port: 0x608
[    0.028081] ACPI: LAPIC_NMI (acpi_id[0xff] dfl dfl lint[0x1])
[    0.028333] IOAPIC[0]: apic_id 0, version 32, address 0xfec00000, GSI 0-23
[    0.028441] ACPI: INT_SRC_OVR (bus 0 bus_irq 0 global_irq 2 dfl dfl)
[    0.028615] ACPI: INT_SRC_OVR (bus 0 bus_irq 5 global_irq 5 high level)
[    0.028677] ACPI: INT_SRC_OVR (bus 0 bus_irq 9 global_irq 9 high level)
[    0.028768] ACPI: INT_SRC_OVR (bus 0 bus_irq 10 global_irq 10 high level)
[    0.028811] ACPI: INT_SRC_OVR (bus 0 bus_irq 11 global_irq 11 high level)
[    0.028953] ACPI: Using ACPI (MADT) for SMP configuration information
[    0.029016] ACPI: HPET id: 0x8086a201 base: 0xfed00000
[    0.029274] CPU topo: Max. logical packages:   1
[    0.029325] CPU topo: Max. logical nodes:      1
[    0.029358] CPU topo: Num. nodes per package:  1
[    0.029417] CPU topo: Max. logical dies:       1
[    0.029450] CPU topo: Max. dies per package:   1
[    0.029510] CPU topo: Max. threads per core:   1
[    0.029617] CPU topo: Num. cores per package:     2
[    0.029654] CPU topo: Num. threads per package:   2
[    0.029688] CPU topo: Allowing 2 present CPUs plus 0 hotplug CPUs
[    0.030181] PM: hibernation: Registered nosave memory: [mem 0x00000000-0x00000fff]
[    0.030246] PM: hibernation: Registered nosave memory: [mem 0x0009f000-0x000fffff]
[    0.030355] [gap 0x10000000-0xfffbffff] available for PCI devices
[    0.030423] Booting paravirtualized kernel on bare hardware
[    0.030633] clocksource: refined-jiffies: mask: 0xffffffff max_cycles: 0xffffffff, max_idle_ns: 1910969940391419 ns
[    0.038053] Zone ranges:
[    0.038090]   DMA      [mem 0x0000000000001000-0x0000000000ffffff]
[    0.038166]   DMA32    [mem 0x0000000001000000-0x000000000ffdffff]
[    0.038210]   Normal   empty
[    0.038243] Movable zone start for each node
[    0.038282] Early memory node ranges
[    0.038322]   node   0: [mem 0x0000000000001000-0x000000000009efff]
[    0.038431]   node   0: [mem 0x0000000000100000-0x000000000ffdffff]
[    0.038539] Initmem setup node 0 [mem 0x0000000000001000-0x000000000ffdffff]
[    0.039153] On node 0, zone DMA: 1 pages in unavailable ranges
[    0.039328] On node 0, zone DMA: 97 pages in unavailable ranges
[    0.040011] On node 0, zone DMA32: 32 pages in unavailable ranges
[    0.040164] setup_percpu: NR_CPUS:64 nr_cpumask_bits:2 nr_cpu_ids:2 nr_node_ids:1
[    0.045999] percpu: Embedded 52 pages/cpu s175064 r8192 d29736 u1048576
[    0.046281] pcpu-alloc: s175064 r8192 d29736 u1048576 alloc=1*2097152
[    0.046369] pcpu-alloc: [0] 0 1 
[    0.047221] Kernel command line: console=ttyS0 nokaslr panic=1 ignore_loglevel earlyprintk=serial,ttyS0,115200
[    0.047932] Unknown kernel command line parameters "nokaslr", will be passed to user space.
[    0.048105] printk: log buffer data + meta data: 262144 + 917504 = 1179648 bytes
[    0.048310] Dentry cache hash table entries: 32768 (order: 6, 262144 bytes, linear)
[    0.048416] Inode-cache hash table entries: 16384 (order: 5, 131072 bytes, linear)
[    0.049905] Fallback order for Node 0: 0 
[    0.050156] Built 1 zonelists, mobility grouping on.  Total pages: 65406
[    0.050236] Policy zone: DMA32
[    0.050395] mem auto-init: stack:all(zero), heap alloc:off, heap free:off
[    0.055604] SLUB: HWalign=64, Order=0-3, MinObjects=0, CPUs=2, Nodes=1
Poking KASLR using RDTSC...
[    0.076860] ftrace: allocating 38031 entries in 150 pages
[    0.077114] ftrace: allocated 150 pages with 4 groups
[    0.081487] Dynamic Preempt: lazy
[    0.083247] rcu: Preemptible hierarchical RCU implementation.
[    0.083291] rcu: 	RCU event tracing is enabled.
[    0.083330] rcu: 	RCU restricting CPUs from NR_CPUS=64 to nr_cpu_ids=2.
[    0.083452] 	Trampoline variant of Tasks RCU enabled.
[    0.083484] 	Rude variant of Tasks RCU enabled.
[    0.083513] 	Tracing variant of Tasks RCU enabled.
[    0.083596] rcu: RCU calculated value of scheduler-enlistment delay is 100 jiffies.
[    0.083651] rcu: Adjusting geometry for rcu_fanout_leaf=16, nr_cpu_ids=2
[    0.084335] RCU Tasks: Setting shift to 1 and lim to 1 rcu_task_cb_adjust=1 rcu_task_cpu_ids=2.
[    0.084396] RCU Tasks Rude: Setting shift to 1 and lim to 1 rcu_task_cb_adjust=1 rcu_task_cpu_ids=2.
[    0.098793] NR_IRQS: 4352, nr_irqs: 440, preallocated irqs: 16
[    0.104131] rcu: srcu_init: Setting srcu_struct sizes based on contention.
[    0.108491] Console: colour VGA+ 80x25
[    0.109591] printk: legacy console [ttyS0] enabled
[    0.109591] printk: legacy console [ttyS0] enabled
[    0.109868] printk: legacy bootconsole [earlyser0] disabled
[    0.109868] printk: legacy bootconsole [earlyser0] disabled
[    0.110716] ACPI: Core revision 20251212
[    0.113781] clocksource: hpet: mask: 0xffffffff max_cycles: 0xffffffff, max_idle_ns: 19112604467 ns
[    0.114920] APIC: Switch to symmetric I/O mode setup
[    0.119241] ..TIMER: vector=0x30 apic1=0 pin1=2 apic2=-1 pin2=-1
[    0.124594] clocksource: tsc-early: mask: 0xffffffffffffffff max_cycles: 0x3dfb2b95d84, max_idle_ns: 440795321058 ns
[    0.124859] Calibrating delay loop (skipped), value calculated using timer frequency.. 8599.88 BogoMIPS (lpj=4299941)
[    0.127000] Last level iTLB entries: 4KB 512, 2MB 255, 4MB 127
[    0.127059] Last level dTLB entries: 4KB 512, 2MB 255, 4MB 127, 1GB 0
[    0.127224] mitigations: Enabled attack vectors: user_kernel, user_user, SMT mitigations: auto
[    0.127486] Spectre V2 : Mitigation: Retpolines
[    0.127583] Spectre V1 : Mitigation: usercopy/swapgs barriers and __user pointer sanitization
[    0.127684] Spectre V2 : Spectre v2 / SpectreRSB: Filling RSB on context switch and VMEXIT
[    0.128147] x86/fpu: x87 FPU will use FXSAVE
[    0.189176] pid_max: default: 32768 minimum: 301
[    0.197343] Mount-cache hash table entries: 512 (order: 0, 4096 bytes, linear)
[    0.197458] Mountpoint-cache hash table entries: 512 (order: 0, 4096 bytes, linear)
[    0.201978] VFS: Finished mounting rootfs on nullfs
[    0.315738] smpboot: CPU0: AMD QEMU Virtual CPU version 2.5+ (family: 0xf, model: 0x6b, stepping: 0x1)
[    0.320842] Performance Events: PMU not available due to virtualization, using software events only.
[    0.321409] signal: max sigframe size: 1440
[    0.322226] rcu: Hierarchical SRCU implementation.
[    0.322278] rcu: 	Max phase no-delay instances is 400.
[    0.322929] Timer migration: 1 hierarchy levels; 8 children per group; 1 crossnode level
[    0.325252] smp: Bringing up secondary CPUs ...
[    0.329032] smpboot: x86: Booting SMP configuration:
[    0.329092] .... node  #0, CPUs:      #1
[    0.399944] smp: Brought up 1 node, 2 CPUs
[    0.400242] smpboot: Total of 2 processors activated (17204.23 BogoMIPS)
[    0.405099] Memory: 210960K/261624K available (12659K kernel code, 2337K rwdata, 5116K rodata, 2792K init, 544K bss, 47228K reserved, 0K cma-reserved)
[    0.409779] devtmpfs: initialized
[    0.417147] clocksource: jiffies: mask: 0xffffffff max_cycles: 0xffffffff, max_idle_ns: 1911260446275000 ns
[    0.417508] posixtimers hash table entries: 1024 (order: 2, 16384 bytes, linear)
[    0.417775] futex hash table entries: 512 (32768 bytes on 1 NUMA nodes, total 32 KiB, linear).
[    0.420084] PM: RTC time: 09:34:39, date: 2026-08-25
[    0.422562] NET: Registered PF_NETLINK/PF_ROUTE protocol family
[    0.427418] thermal_sys: Registered thermal governor 'step_wise'
[    0.427755] cpuidle: using governor menu
[    0.428768] Freeing SMP alternatives memory: 36K
[    0.429937] PCI: Using configuration type 1 for base access
[    0.430185] mtrr: your CPUs had inconsistent fixed MTRR settings
[    0.430238] mtrr: your CPUs had inconsistent variable MTRR settings
[    0.430282] mtrr: your CPUs had inconsistent MTRRdefType settings
[    0.430331] mtrr: probably your BIOS does not setup all CPUs.
[    0.430368] mtrr: corrected configuration.
[    0.431830] kprobes: kprobe jump-optimization is enabled. All kprobes are optimized if possible.
[    0.433213] HugeTLB: registered 2.00 MiB page size, pre-allocated 0 pages
[    0.433285] HugeTLB: 28 KiB vmemmap can be freed for a 2.00 MiB page
[    0.435627] ACPI: Added _OSI(Module Device)
[    0.435674] ACPI: Added _OSI(Processor Device)
[    0.435705] ACPI: Added _OSI(Processor Aggregator Device)
[    0.446528] ACPI: 1 ACPI AML tables successfully acquired and loaded
[    0.461966] ACPI: \_SB_: platform _OSC: OS support mask [002a7eee]
[    0.467905] ACPI: Interpreter enabled
[    0.468745] ACPI: PM: (supports S0 S3 S4 S5)
[    0.468745] ACPI: Using IOAPIC for interrupt routing
[    0.468840] PCI: Using host bridge windows from ACPI; if necessary, use "pci=nocrs" and report a bug
[    0.468922] PCI: Using E820 reservations for host bridge windows
[    0.469775] ACPI: Enabled 2 GPEs in block 00 to 0F
[    0.493521] ACPI: PCI Root Bridge [PCI0] (domain 0000 [bus 00-ff])
[    0.493989] acpi PNP0A03:00: _OSC: OS supports [ASPM ClockPM Segments MSI HPX-Type3]
[    0.494119] acpi PNP0A03:00: _OSC: not requesting OS control; OS requires [ExtendedConfig ASPM ClockPM MSI]
[    0.494350] acpi PNP0A03:00: _OSC: platform retains control of PCIe features (AE_ERROR)
[    0.494658] acpi PNP0A03:00: fail to add MMCONFIG information, can't access extended configuration space under this bridge
[    0.496558] PCI host bridge to bus 0000:00
[    0.496717] pci_bus 0000:00: root bus resource [io  0x0000-0x0cf7 window]
[    0.496799] pci_bus 0000:00: root bus resource [io  0x0d00-0xffff window]
[    0.496850] pci_bus 0000:00: root bus resource [mem 0x000a0000-0x000bffff window]
[    0.496919] pci_bus 0000:00: root bus resource [mem 0x10000000-0xfebfffff window]
[    0.496970] pci_bus 0000:00: root bus resource [mem 0x100000000-0x17fffffff window]
[    0.497091] pci_bus 0000:00: root bus resource [bus 00-ff]
[    0.497952] pci 0000:00:00.0: [8086:1237] type 00 class 0x060000 conventional PCI endpoint
[    0.500365] pci 0000:00:01.0: [8086:7000] type 00 class 0x060100 conventional PCI endpoint
[    0.500796] pci 0000:00:01.1: [8086:7010] type 00 class 0x010180 conventional PCI endpoint
[    0.501166] pci 0000:00:01.1: BAR 4 [io  0xc040-0xc04f]
[    0.501241] pci 0000:00:01.1: BAR 0 [io  0x01f0-0x01f7]: legacy IDE quirk
[    0.501297] pci 0000:00:01.1: BAR 1 [io  0x03f6]: legacy IDE quirk
[    0.501354] pci 0000:00:01.1: BAR 2 [io  0x0170-0x0177]: legacy IDE quirk
[    0.501405] pci 0000:00:01.1: BAR 3 [io  0x0376]: legacy IDE quirk
[    0.501805] pci 0000:00:01.3: [8086:7113] type 00 class 0x068000 conventional PCI endpoint
[    0.502074] pci 0000:00:01.3: quirk: [io  0x0600-0x063f] claimed by PIIX4 ACPI
[    0.502151] pci 0000:00:01.3: quirk: [io  0x0700-0x070f] claimed by PIIX4 SMB
[    0.502504] pci 0000:00:02.0: [1234:1111] type 00 class 0x030000 conventional PCI endpoint
[    0.502892] pci 0000:00:02.0: BAR 0 [mem 0xfd000000-0xfdffffff pref]
[    0.502973] pci 0000:00:02.0: BAR 2 [mem 0xfebf0000-0xfebf0fff]
[    0.503016] pci 0000:00:02.0: ROM [mem 0xfebe0000-0xfebeffff pref]
[    0.503192] pci 0000:00:02.0: Video device with shadowed ROM at [mem 0x000c0000-0x000dffff]
[    0.503555] pci 0000:00:03.0: [8086:100e] type 00 class 0x020000 conventional PCI endpoint
[    0.503921] pci 0000:00:03.0: BAR 0 [mem 0xfebc0000-0xfebdffff]
[    0.503975] pci 0000:00:03.0: BAR 1 [io  0xc000-0xc03f]
[    0.504014] pci 0000:00:03.0: ROM [mem 0xfeb80000-0xfebbffff pref]
[    0.509693] ACPI: PCI: Interrupt link LNKA configured for IRQ 10
[    0.510161] ACPI: PCI: Interrupt link LNKB configured for IRQ 10
[    0.510495] ACPI: PCI: Interrupt link LNKC configured for IRQ 11
[    0.510855] ACPI: PCI: Interrupt link LNKD configured for IRQ 11
[    0.511023] ACPI: PCI: Interrupt link LNKS configured for IRQ 9
[    0.513122] iommu: Default domain type: Translated
[    0.513189] iommu: DMA domain TLB invalidation policy: lazy mode
[    0.514835] SCSI subsystem initialized
[    0.515201] libata version 3.00 loaded.
[    0.515715] ACPI: bus type USB registered
[    0.516005] usbcore: registered new interface driver usbfs
[    0.516210] usbcore: registered new interface driver hub
[    0.516320] usbcore: registered new device driver usb
[    0.516504] pps_core: LinuxPPS API ver. 1 registered
[    0.516544] pps_core: Software ver. 5.3.6 - Copyright 2005-2007 Rodolfo Giometti <giometti@linux.it>
[    0.516624] PTP clock support registered
[    0.522062] PCI: Using ACPI for IRQ routing
[    0.522189] PCI: pci_cache_line_size set to 64 bytes
[    0.522420] e820: register RAM buffer resource [mem 0x0009fc00-0x0009ffff]
[    0.522556] e820: register RAM buffer resource [mem 0x0ffe0000-0x0fffffff]
[    0.525166] pci 0000:00:02.0: vgaarb: setting as boot VGA device
[    0.525166] pci 0000:00:02.0: vgaarb: bridge control possible
[    0.525224] pci 0000:00:02.0: vgaarb: VGA device added: decodes=io+mem,owns=io+mem,locks=none
[    0.525224] vgaarb: loaded
[    0.525373] hpet: 3 channels of 0 reserved for per-cpu timers
[    0.525871] hpet0: at MMIO 0xfed00000, IRQs 2, 8, 0
[    0.525955] hpet0: 3 comparators, 64-bit 100.000000 MHz counter
[    0.530101] clocksource: Switched to clocksource tsc-early
[    0.531064] VFS: Disk quotas dquot_6.6.0
[    0.531160] VFS: Dquot-cache hash table entries: 512 (order 0, 4096 bytes)
[    0.532467] pnp: PnP ACPI init
[    0.533618] pnp 00:02: [dma 2]
[    0.534674] pnp: PnP ACPI: found 5 devices
[    0.548330] clocksource: acpi_pm: mask: 0xffffff max_cycles: 0xffffff, max_idle_ns: 2085701024 ns
[    0.548742] NET: Registered PF_INET protocol family
[    0.549311] IP idents hash table entries: 4096 (order: 3, 32768 bytes, linear)
[    0.550799] tcp_listen_portaddr_hash hash table entries: 256 (order: 0, 4096 bytes, linear)
[    0.551044] Table-perturb hash table entries: 65536 (order: 6, 262144 bytes, linear)
[    0.551129] TCP established hash table entries: 2048 (order: 2, 16384 bytes, linear)
[    0.551273] TCP bind hash table entries: 2048 (order: 4, 65536 bytes, linear)
[    0.551393] TCP: Hash tables configured (established 2048 bind 2048)
[    0.552111] UDP hash table entries: 256 (order: 2, 16384 bytes, linear)
[    0.553135] pci_bus 0000:00: resource 4 [io  0x0000-0x0cf7 window]
[    0.553191] pci_bus 0000:00: resource 5 [io  0x0d00-0xffff window]
[    0.553242] pci_bus 0000:00: resource 6 [mem 0x000a0000-0x000bffff window]
[    0.553288] pci_bus 0000:00: resource 7 [mem 0x10000000-0xfebfffff window]
[    0.553333] pci_bus 0000:00: resource 8 [mem 0x100000000-0x17fffffff window]
[    0.553655] pci 0000:00:01.0: PIIX3: Enabling Passive Release
[    0.553741] pci 0000:00:00.0: Limiting direct PCI/PCI transfers
[    0.553854] PCI: CLS 0 bytes, default 64
[    0.556170] Unpacking initramfs...
[    0.562667] Initialise system trusted keyrings
[    0.564061] workingset: timestamp_bits=56 (anon: 52) max_order=16 bucket_order=0 (anon: 0)
[    0.566312] Key type asymmetric registered
[    0.566387] Asymmetric key parser 'x509' registered
[    0.566517] Block layer SCSI generic (bsg) driver version 0.4 loaded (major 250)
[    0.566787] io scheduler mq-deadline registered
[    0.566845] io scheduler kyber registered
[    0.568768] input: Power Button as /devices/platform/LNXPWRBN:00/input/input0
[    0.569375] ACPI: button: Power Button [PWRF]
[    0.573910] Serial: 8250/16550 driver, 4 ports, IRQ sharing enabled
[    0.576169] 00:04: ttyS0 at I/O 0x3f8 (irq = 4, base_baud = 115200) is a 16550A
[    0.581194] Non-volatile memory driver v1.3
[    0.590824] loop: module loaded
[    0.595628] scsi host0: ata_piix
[    0.596519] scsi host1: ata_piix
[    0.596846] ata1: PATA max MWDMA2 cmd 0x1f0 ctl 0x3f6 bmdma 0xc040 irq 14 lpm-pol 0
[    0.596926] ata2: PATA max MWDMA2 cmd 0x170 ctl 0x376 bmdma 0xc048 irq 15 lpm-pol 0
[    0.599896] i8042: PNP: PS/2 Controller [PNP0303:KBD,PNP0f13:MOU] at 0x60,0x64 irq 1,12
[    0.601685] serio: i8042 KBD port at 0x60,0x64 irq 1
[    0.601840] serio: i8042 AUX port at 0x60,0x64 irq 12
[    0.603058] rtc_cmos PNP0B00:00: RTC can wake from S4
[    0.605225] rtc_cmos PNP0B00:00: registered as rtc0
[    0.606057] rtc_cmos PNP0B00:00: alarms up to one day, y3k, 242 bytes nvram, hpet irqs
[    0.606996] input: AT Translated Set 2 keyboard as /devices/platform/i8042/serio0/input/input1
[    0.607551] device-mapper: ioctl: 4.50.0-ioctl (2025-04-28) initialised: dm-devel@lists.linux.dev
[    0.607769] amd_pstate: the _CPC object is not present in SBIOS or ACPI disabled
[    0.607953] hid: raw HID events driver (C) Jiri Kosina
[    0.608676] usbcore: registered new interface driver usbhid
[    0.608725] usbhid: USB HID core driver
[    0.609436] NET: Registered PF_INET6 protocol family
[    0.615462] Segment Routing with IPv6
[    0.615602] In-situ OAM (IOAM) with IPv6
[    0.617454] IPI shorthand broadcast: enabled
[    0.624978] sched_clock: Marking stable (613049618, 11187767)->(626673728, -2436343)
[    0.626382] Loading compiled-in X.509 certificates
[    0.632979] Demotion targets for Node 0: null
[    0.635934] PM:   Magic number: 6:873:576
[    0.636748] clk: Disabling unused clocks
[    0.636963] KTAP version 1
[    0.636988] 1..0
[    0.757013] ata2: found unknown device (class 0)
[    0.759400] ata2.00: ATAPI: QEMU DVD-ROM, 2.5+, max UDMA/100
[    0.765568] scsi 1:0:0:0: CD-ROM            QEMU     QEMU DVD-ROM     2.5+ PQ: 0 ANSI: 5
[    0.782930] sr 1:0:0:0: [sr0] scsi3-mmc drive: 4x/4x cd/rw xa/form2 tray
[    0.783398] Freeing initrd memory: 11564K
[    0.792117] cdrom: Uniform CD-ROM driver Revision: 3.20
[    0.799643] sr 1:0:0:0: Attached scsi CD-ROM sr0
[    0.800313] sr 1:0:0:0: Attached scsi generic sg0 type 5
[    0.837581] Freeing unused kernel image (initmem) memory: 2792K
[    0.837722] Write protecting the kernel read-only data: 20480k
[    0.839197] Freeing unused kernel image (text/rodata gap) memory: 1676K
[    0.839710] Freeing unused kernel image (rodata/data gap) memory: 1028K
[    0.925226] x86/mm: Checked W+X mappings: passed, no W+X pages found.
[    0.925405] Run /init as init process
[    0.925432]   with arguments:
[    0.925456]     /init
[    0.925477]     nokaslr
[    0.925494]   with environment:
[    0.925518]     HOME=/
[    0.925537]     TERM=linux
[    0.980440] mount (55) used greatest stack depth: 13208 bytes left
[    0.992487] mount (57) used greatest stack depth: 13120 bytes left
=== insmod runtime fixture device-registrar ===
[    1.012372] device_registrar: loading out-of-tree module taints kernel.
[    1.015742] device-registrar: 注册 'ftgpio010-gpio' (MMIO @ 0xF0000000)
[    1.016777] device-registrar: 'ftgpio010-gpio' 已注册
REHARNESS_RUNTIME_FIXTURE_MODULE_0_INSMOD_RC=0
=== insmod ftgpio010_gpio ===
REHARNESS_DRIVER_INSMOD_RC=0
[    1.027895] input: ImExPS/2 Generic Explorer Mouse as /devices/platform/i8042/serio1/input/input3
REHARNESS_DRIVER_PROBE_BOUND=1
=== dmesg ===
[    0.030181] PM: hibernation: Registered nosave memory: [mem 0x00000000-0x00000fff]
[    0.030246] PM: hibernation: Registered nosave memory: [mem 0x0009f000-0x000fffff]
[    0.422562] NET: Registered PF_NETLINK/PF_ROUTE protocol family
[    0.427418] thermal_sys: Registered thermal governor 'step_wise'
[    0.433213] HugeTLB: registered 2.00 MiB page size, pre-allocated 0 pages
[    0.515715] ACPI: bus type USB registered
[    0.516005] usbcore: registered new interface driver usbfs
[    0.516210] usbcore: registered new interface driver hub
[    0.516320] usbcore: registered new device driver usb
[    0.516504] pps_core: LinuxPPS API ver. 1 registered
[    0.516624] PTP clock support registered
[    0.548742] NET: Registered PF_INET protocol family
[    0.566312] Key type asymmetric registered
[    0.566387] Asymmetric key parser 'x509' registered
[    0.566787] io scheduler mq-deadline registered
[    0.566845] io scheduler kyber registered
[    0.605225] rtc_cmos PNP0B00:00: registered as rtc0
[    0.608676] usbcore: registered new interface driver usbhid
[    0.609436] NET: Registered PF_INET6 protocol family
[    1.015742] device-registrar: \xe6\xb3\xa8\xe5\x86\x8c 'ftgpio010-gpio' (MMIO @ 0xF0000000)
[    1.016777] device-registrar: 'ftgpio010-gpio' \xe5\xb7\xb2\xe6\xb3\xa8\xe5\x86\x8c
=== exerciser ===
ioctl LINEINFO=0
ioctl GET_LINE=0 fd=4
ioctl GET_VALUES=0 bits=0
ioctl SET_VALUES(1)=0
ioctl SET_VALUES(0)=0
ioctl SET_CONFIG(INPUT)=0
GPIO_TRACE_DONE
EXERCISER_RC=0
=== Linux subsystem test 0 ===
REHARNESS_COVERAGE_chip_info=pass
GPIO_SUBSYSTEM_PASS=gpio-chip-info
REHARNESS_SUBSYSTEM_TEST_0_NAME=gpio-chip-info
REHARNESS_SUBSYSTEM_TEST_0_KIND=native
REHARNESS_SUBSYSTEM_TEST_0_PROVIDER=
REHARNESS_SUBSYSTEM_TEST_0_REQUIRED=1
REHARNESS_SUBSYSTEM_TEST_0_RC=0
REHARNESS_SUBSYSTEM_TEST_0_STATUS=pass
=== Linux subsystem test 1 ===
REHARNESS_COVERAGE_line_info=pass
GPIO_SUBSYSTEM_PASS=gpio-line-info
REHARNESS_SUBSYSTEM_TEST_1_NAME=gpio-line-info
REHARNESS_SUBSYSTEM_TEST_1_KIND=native
REHARNESS_SUBSYSTEM_TEST_1_PROVIDER=
REHARNESS_SUBSYSTEM_TEST_1_REQUIRED=1
REHARNESS_SUBSYSTEM_TEST_1_RC=0
REHARNESS_SUBSYSTEM_TEST_1_STATUS=pass
=== Linux subsystem test 2 ===
REHARNESS_COVERAGE_v2_single_line=pass
REHARNESS_COVERAGE_v2_values=pass
GPIO_SUBSYSTEM_PASS=gpio-v2-basic
REHARNESS_SUBSYSTEM_TEST_2_NAME=gpio-v2-basic
REHARNESS_SUBSYSTEM_TEST_2_KIND=native
REHARNESS_SUBSYSTEM_TEST_2_PROVIDER=
REHARNESS_SUBSYSTEM_TEST_2_REQUIRED=1
REHARNESS_SUBSYSTEM_TEST_2_RC=0
REHARNESS_SUBSYSTEM_TEST_2_STATUS=pass
=== Linux subsystem test 3 ===
REHARNESS_COVERAGE_v2_multi_line=pass
GPIO_SUBSYSTEM_PASS=gpio-v2-multi-line
REHARNESS_SUBSYSTEM_TEST_3_NAME=gpio-v2-multi-line
REHARNESS_SUBSYSTEM_TEST_3_KIND=native
REHARNESS_SUBSYSTEM_TEST_3_PROVIDER=
REHARNESS_SUBSYSTEM_TEST_3_REQUIRED=1
REHARNESS_SUBSYSTEM_TEST_3_RC=0
REHARNESS_SUBSYSTEM_TEST_3_STATUS=pass
=== Linux subsystem test 4 ===
REHARNESS_COVERAGE_v1_single_line=pass
GPIO_SUBSYSTEM_PASS=gpio-v1-compat
REHARNESS_SUBSYSTEM_TEST_4_NAME=gpio-v1-compat
REHARNESS_SUBSYSTEM_TEST_4_KIND=native
REHARNESS_SUBSYSTEM_TEST_4_PROVIDER=
REHARNESS_SUBSYSTEM_TEST_4_REQUIRED=1
REHARNESS_SUBSYSTEM_TEST_4_RC=0
REHARNESS_SUBSYSTEM_TEST_4_STATUS=pass
=== Linux subsystem test 5 ===
REHARNESS_COVERAGE_config_flags=pass
REHARNESS_COVERAGE_config_debounce=pass
GPIO_SUBSYSTEM_PASS=gpio-config
REHARNESS_SUBSYSTEM_TEST_5_NAME=gpio-config
REHARNESS_SUBSYSTEM_TEST_5_KIND=native
REHARNESS_SUBSYSTEM_TEST_5_PROVIDER=
REHARNESS_SUBSYSTEM_TEST_5_REQUIRED=1
REHARNESS_SUBSYSTEM_TEST_5_RC=0
REHARNESS_SUBSYSTEM_TEST_5_STATUS=pass
=== Linux subsystem test 6 ===
REHARNESS_COVERAGE_error_paths=pass
GPIO_SUBSYSTEM_PASS=gpio-errors
REHARNESS_SUBSYSTEM_TEST_6_NAME=gpio-errors
REHARNESS_SUBSYSTEM_TEST_6_KIND=native
REHARNESS_SUBSYSTEM_TEST_6_PROVIDER=
REHARNESS_SUBSYSTEM_TEST_6_REQUIRED=1
REHARNESS_SUBSYSTEM_TEST_6_RC=0
REHARNESS_SUBSYSTEM_TEST_6_STATUS=pass
=== Linux subsystem test 7 ===
REHARNESS_COVERAGE_line_event=pass
GPIO_SUBSYSTEM_PASS=gpio-events
REHARNESS_SUBSYSTEM_TEST_7_NAME=gpio-events
REHARNESS_SUBSYSTEM_TEST_7_KIND=native
REHARNESS_SUBSYSTEM_TEST_7_PROVIDER=
REHARNESS_SUBSYSTEM_TEST_7_REQUIRED=1
REHARNESS_SUBSYSTEM_TEST_7_RC=0
REHARNESS_SUBSYSTEM_TEST_7_STATUS=pass
=== Linux subsystem test 8 ===
REHARNESS_COVERAGE_lifecycle=pass
GPIO_SUBSYSTEM_PASS=gpio-lifecycle
REHARNESS_SUBSYSTEM_TEST_8_NAME=gpio-lifecycle
REHARNESS_SUBSYSTEM_TEST_8_KIND=native
REHARNESS_SUBSYSTEM_TEST_8_PROVIDER=
REHARNESS_SUBSYSTEM_TEST_8_REQUIRED=1
REHARNESS_SUBSYSTEM_TEST_8_RC=0
REHARNESS_SUBSYSTEM_TEST_8_STATUS=pass
=== Linux subsystem test 9 ===
32
REHARNESS_SUBSYSTEM_TEST_9_NAME=linux-gpio-chip-info
REHARNESS_SUBSYSTEM_TEST_9_KIND=kselftest
REHARNESS_SUBSYSTEM_TEST_9_PROVIDER=linux-gpio-chip-info
REHARNESS_SUBSYSTEM_TEST_9_REQUIRED=1
REHARNESS_SUBSYSTEM_TEST_9_RC=0
REHARNESS_SUBSYSTEM_TEST_9_STATUS=pass
=== Linux subsystem test 10 ===

REHARNESS_SUBSYSTEM_TEST_10_NAME=linux-gpio-line-name
REHARNESS_SUBSYSTEM_TEST_10_KIND=kselftest
REHARNESS_SUBSYSTEM_TEST_10_PROVIDER=linux-gpio-line-name
REHARNESS_SUBSYSTEM_TEST_10_REQUIRED=1
REHARNESS_SUBSYSTEM_TEST_10_RC=0
REHARNESS_SUBSYSTEM_TEST_10_STATUS=pass
=== rmmod ftgpio010_gpio ===
REHARNESS_DRIVER_RMMOD_RC=0
[    1.191112] device-registrar: 'ftgpio010-gpio' 已注销
REHARNESS_RUNTIME_FIXTURE_MODULE_0_RMMOD_RC=0
=== QEMU_RUN_DONE ===
[    1.412679] sysrq: Power Off
[    1.413566] Kernel panic - not syncing: Attempted to kill init! exitcode=0x00000000
[    1.413916] CPU: 0 UID: 0 PID: 1 Comm: init Tainted: G           O        7.1.0-rc7+ #17 PREEMPT(lazy) 
[    1.414014] Tainted: [O]=OOT_MODULE
[    1.414039] Hardware name: QEMU Standard PC (i440FX + PIIX, 1996), BIOS rel-1.17.0-0-gb52ca86e094d-prebuilt.qemu.org 04/01/2014
[    1.414160] Call Trace:
[    1.414487]  <TASK>
[    1.414618]  vpanic+0x32f/0x4b0
[    1.414772]  panic+0x63/0x70
[    1.414794]  do_exit+0x952/0xaf0
[    1.414819]  do_group_exit+0x30/0x80
[    1.414842]  __x64_sys_exit_group+0x18/0x20
[    1.414873]  x64_sys_call+0x12e2/0x1880
[    1.414898]  do_syscall_64+0x10e/0x4e0
[    1.414926]  entry_SYSCALL_64_after_hwframe+0x77/0x7f
[    1.415022] RIP: 0033:0x7fb856c2731d
[    1.415155] Code: 02 ba ff ff ff ff 89 d0 c3 0f 1f 40 00 f3 0f 1e fa 48 8b 35 ed 4a 11 00 ba e7 00 00 00 eb 07 66 0f 1f 44 00 00 f4 89 d0 0f 05 <48> 3d 00 f0 ff ff 76 f3 f7 d8 64 89 06 eb ec 0f 1f 40 00 f3 0f 1e
[    1.415273] RSP: 002b:00007ffec22f3b58 EFLAGS: 00000206 ORIG_RAX: 00000000000000e7
[    1.415331] RAX: ffffffffffffffda RBX: 00007ffec22f3de0 RCX: 00007fb856c2731d
[    1.415372] RDX: 00000000000000e7 RSI: ffffffffffffff88 RDI: 0000000000000000
[    1.415412] RBP: 00007ffec22f3c30 R08: 000055b415a8f010 R09: 0000000000000007
[    1.415451] R10: 000055b415a92a60 R11: 0000000000000206 R12: 0000000000000000
[    1.415490] R13: 00007ffec22f3dd0 R14: 000055b3ea078dd8 R15: 00007fb856d8d000
[    1.415552]  </TASK>
[    1.415939] Kernel Offset: disabled
[    1.416106] Rebooting in 1 seconds..
