c[?7l[2J[0mSeaBIOS (version rel-1.17.0-0-gb52ca86e094d-prebuilt.qemu.org)


iPXE (http://ipxe.org) 00:03.0 CA00 PCI2.10 PnP PMM+0EFD1C90+0EF31C90 CA00
Press Ctrl-B to configure iPXE (PCI 00:03.0)...                                                                               


Booting from ROM..c[?7l[2JNo EFI environment detected.
early console in extract_kernel
input_data: 0x000000000266d2c4
input_len: 0x000000000094b4db
output: 0x0000000001000000
output_len: 0x0000000001f78348
kernel_total_size: 0x0000000001d7d000
needed_size: 0x0000000002000000
trampoline_32bit: 0x0000000000000000


KASLR disabled: 'nokaslr' on cmdline.


Decompressing Linux... Parsing ELF... No relocation needed... done.
Booting the kernel (entry_offset: 0x0000000001a0e3b0).
[    0.000000] Linux version 7.1.0-rc7+ (yfblock@9950x) (gcc (Ubuntu 13.3.0-6ubuntu2~24.04.1) 13.3.0, GNU ld (GNU Binutils for Ubuntu) 2.42) #17 SMP PREEMPT_DYNAMIC Tue Aug 25 17:24:02 CST 2026
[    0.000000] Command line: console=ttyS0 nokaslr panic=1 ignore_loglevel earlyprintk=serial,ttyS0,115200
[    0.000000] BIOS-provided physical RAM map:
[    0.000000] BIOS-e820: [mem 0x0000000000000000-0x000000000009fbff]  System RAM
[    0.000000] BIOS-e820: [mem 0x000000000009fc00-0x000000000009ffff]  device reserved
[    0.000000] BIOS-e820: [gap 0x00000000000a0000-0x00000000000effff]
[    0.000000] BIOS-e820: [mem 0x00000000000f0000-0x00000000000fffff]  device reserved
[    0.000000] BIOS-e820: [mem 0x0000000000100000-0x000000000ffdffff]  System RAM
[    0.000000] BIOS-e820: [mem 0x000000000ffe0000-0x000000000fffffff]  device reserved
[    0.000000] BIOS-e820: [gap 0x0000000010000000-0x00000000fffbffff]
[    0.000000] BIOS-e820: [mem 0x00000000fffc0000-0x00000000ffffffff]  device reserved
[    0.000000] BIOS-e820: [gap 0x0000000100000000-0x000000fcffffffff]
[    0.000000] BIOS-e820: [mem 0x000000fd00000000-0x000000ffffffffff]  device reserved
[    0.000000] printk: debug: ignoring loglevel setting.
[    0.000000] printk: legacy bootconsole [earlyser0] enabled
[    0.000000] NX (Execute Disable) protection: active
[    0.000000] APIC: Static calls initialized
[    0.000000] DMI: SMBIOS 2.8 present.
[    0.000000] DMI: QEMU Standard PC (i440FX + PIIX, 1996), BIOS rel-1.17.0-0-gb52ca86e094d-prebuilt.qemu.org 04/01/2014
[    0.000000] DMI: Memory slots populated: 1/1
[    0.000000] tsc: Fast TSC calibration using PIT
[    0.000000] tsc: Detected 4299.893 MHz processor
[    0.007857] e820: update [mem 0x00000000-0x00000fff] System RAM ==> device reserved
[    0.008033] e820: remove [mem 0x000a0000-0x000fffff] System RAM
[    0.008185] last_pfn = 0xffe0 max_arch_pfn = 0x400000000
[    0.008615] MTRR map: 4 entries (3 fixed + 1 variable; max 19), built from 8 variable MTRRs
[    0.008770] x86/PAT: Configuration [0-7]: WB  WC  UC- UC  WB  WP  UC- WT  
[    0.020394] found SMP MP-table at [mem 0x000f54c0-0x000f54cf]
[    0.023393] RAMDISK: [mem 0x0f7d8000-0x0ffdffff]
[    0.023664] ACPI: Early table checksum verification disabled
[    0.023979] ACPI: RSDP 0x00000000000F52E0 000014 (v00 BOCHS )
[    0.024174] ACPI: RSDT 0x000000000FFE2383 000034 (v01 BOCHS  BXPC     00000001 BXPC 00000001)
[    0.024654] ACPI: FACP 0x000000000FFE222F 000074 (v01 BOCHS  BXPC     00000001 BXPC 00000001)
[    0.025085] ACPI: DSDT 0x000000000FFE0040 0021EF (v01 BOCHS  BXPC     00000001 BXPC 00000001)
[    0.025179] ACPI: FACS 0x000000000FFE0000 000040
[    0.025243] ACPI: APIC 0x000000000FFE22A3 000080 (v03 BOCHS  BXPC     00000001 BXPC 00000001)
[    0.025306] ACPI: HPET 0x000000000FFE2323 000038 (v01 BOCHS  BXPC     00000001 BXPC 00000001)
[    0.025369] ACPI: WAET 0x000000000FFE235B 000028 (v01 BOCHS  BXPC     00000001 BXPC 00000001)
[    0.025472] ACPI: Reserving FACP table memory at [mem 0xffe222f-0xffe22a2]
[    0.025522] ACPI: Reserving DSDT table memory at [mem 0xffe0040-0xffe222e]
[    0.025564] ACPI: Reserving FACS table memory at [mem 0xffe0000-0xffe003f]
[    0.025605] ACPI: Reserving APIC table memory at [mem 0xffe22a3-0xffe2322]
[    0.025646] ACPI: Reserving HPET table memory at [mem 0xffe2323-0xffe235a]
[    0.025695] ACPI: Reserving WAET table memory at [mem 0xffe235b-0xffe2382]
[    0.026914] No NUMA configuration found
[    0.026955] Faking a node at [mem 0x0000000000000000-0x000000000ffdffff]
[    0.027342] NODE_DATA(0) allocated [mem 0x0f7d4680-0x0f7d7fff]
[    0.027829] ACPI: PM-Timer IO Port: 0x608
[    0.028096] ACPI: LAPIC_NMI (acpi_id[0xff] dfl dfl lint[0x1])
[    0.028349] IOAPIC[0]: apic_id 0, version 32, address 0xfec00000, GSI 0-23
[    0.028457] ACPI: INT_SRC_OVR (bus 0 bus_irq 0 global_irq 2 dfl dfl)
[    0.028631] ACPI: INT_SRC_OVR (bus 0 bus_irq 5 global_irq 5 high level)
[    0.028694] ACPI: INT_SRC_OVR (bus 0 bus_irq 9 global_irq 9 high level)
[    0.028785] ACPI: INT_SRC_OVR (bus 0 bus_irq 10 global_irq 10 high level)
[    0.028828] ACPI: INT_SRC_OVR (bus 0 bus_irq 11 global_irq 11 high level)
[    0.028972] ACPI: Using ACPI (MADT) for SMP configuration information
[    0.029032] ACPI: HPET id: 0x8086a201 base: 0xfed00000
[    0.029298] CPU topo: Max. logical packages:   1
[    0.029349] CPU topo: Max. logical nodes:      1
[    0.029382] CPU topo: Num. nodes per package:  1
[    0.029441] CPU topo: Max. logical dies:       1
[    0.029473] CPU topo: Max. dies per package:   1
[    0.029532] CPU topo: Max. threads per core:   1
[    0.029638] CPU topo: Num. cores per package:     2
[    0.029675] CPU topo: Num. threads per package:   2
[    0.029707] CPU topo: Allowing 2 present CPUs plus 0 hotplug CPUs
[    0.030196] PM: hibernation: Registered nosave memory: [mem 0x00000000-0x00000fff]
[    0.030263] PM: hibernation: Registered nosave memory: [mem 0x0009f000-0x000fffff]
[    0.030371] [gap 0x10000000-0xfffbffff] available for PCI devices
[    0.030438] Booting paravirtualized kernel on bare hardware
[    0.030651] clocksource: refined-jiffies: mask: 0xffffffff max_cycles: 0xffffffff, max_idle_ns: 1910969940391419 ns
[    0.038054] Zone ranges:
[    0.038090]   DMA      [mem 0x0000000000001000-0x0000000000ffffff]
[    0.038166]   DMA32    [mem 0x0000000001000000-0x000000000ffdffff]
[    0.038209]   Normal   empty
[    0.038245] Movable zone start for each node
[    0.038284] Early memory node ranges
[    0.038323]   node   0: [mem 0x0000000000001000-0x000000000009efff]
[    0.038432]   node   0: [mem 0x0000000000100000-0x000000000ffdffff]
[    0.038539] Initmem setup node 0 [mem 0x0000000000001000-0x000000000ffdffff]
[    0.039154] On node 0, zone DMA: 1 pages in unavailable ranges
[    0.039332] On node 0, zone DMA: 97 pages in unavailable ranges
[    0.040013] On node 0, zone DMA32: 32 pages in unavailable ranges
[    0.040166] setup_percpu: NR_CPUS:64 nr_cpumask_bits:2 nr_cpu_ids:2 nr_node_ids:1
[    0.040952] percpu: Embedded 52 pages/cpu s175064 r8192 d29736 u1048576
[    0.041218] pcpu-alloc: s175064 r8192 d29736 u1048576 alloc=1*2097152
[    0.041305] pcpu-alloc: [0] 0 1 
[    0.042149] Kernel command line: console=ttyS0 nokaslr panic=1 ignore_loglevel earlyprintk=serial,ttyS0,115200
[    0.042856] Unknown kernel command line parameters "nokaslr", will be passed to user space.
[    0.043025] printk: log buffer data + meta data: 262144 + 917504 = 1179648 bytes
[    0.043229] Dentry cache hash table entries: 32768 (order: 6, 262144 bytes, linear)
[    0.043334] Inode-cache hash table entries: 16384 (order: 5, 131072 bytes, linear)
[    0.044833] Fallback order for Node 0: 0 
[    0.045084] Built 1 zonelists, mobility grouping on.  Total pages: 65406
[    0.045164] Policy zone: DMA32
[    0.045328] mem auto-init: stack:all(zero), heap alloc:off, heap free:off
[    0.050509] SLUB: HWalign=64, Order=0-3, MinObjects=0, CPUs=2, Nodes=1
Poking KASLR using RDTSC...
[    0.071623] ftrace: allocating 38031 entries in 150 pages
[    0.071873] ftrace: allocated 150 pages with 4 groups
[    0.076229] Dynamic Preempt: lazy
[    0.078008] rcu: Preemptible hierarchical RCU implementation.
[    0.078052] rcu: 	RCU event tracing is enabled.
[    0.078092] rcu: 	RCU restricting CPUs from NR_CPUS=64 to nr_cpu_ids=2.
[    0.078217] 	Trampoline variant of Tasks RCU enabled.
[    0.078253] 	Rude variant of Tasks RCU enabled.
[    0.078283] 	Tracing variant of Tasks RCU enabled.
[    0.078368] rcu: RCU calculated value of scheduler-enlistment delay is 100 jiffies.
[    0.078425] rcu: Adjusting geometry for rcu_fanout_leaf=16, nr_cpu_ids=2
[    0.079112] RCU Tasks: Setting shift to 1 and lim to 1 rcu_task_cb_adjust=1 rcu_task_cpu_ids=2.
[    0.079174] RCU Tasks Rude: Setting shift to 1 and lim to 1 rcu_task_cb_adjust=1 rcu_task_cpu_ids=2.
[    0.093551] NR_IRQS: 4352, nr_irqs: 440, preallocated irqs: 16
[    0.098946] rcu: srcu_init: Setting srcu_struct sizes based on contention.
[    0.104135] Console: colour VGA+ 80x25
[    0.105261] printk: legacy console [ttyS0] enabled
[    0.105261] printk: legacy console [ttyS0] enabled
[    0.105539] printk: legacy bootconsole [earlyser0] disabled
[    0.105539] printk: legacy bootconsole [earlyser0] disabled
[    0.106384] ACPI: Core revision 20251212
[    0.109423] clocksource: hpet: mask: 0xffffffff max_cycles: 0xffffffff, max_idle_ns: 19112604467 ns
[    0.110547] APIC: Switch to symmetric I/O mode setup
[    0.114804] ..TIMER: vector=0x30 apic1=0 pin1=2 apic2=-1 pin2=-1
[    0.120230] clocksource: tsc-early: mask: 0xffffffffffffffff max_cycles: 0x3dfafe90fd6, max_idle_ns: 440795259304 ns
[    0.120497] Calibrating delay loop (skipped), value calculated using timer frequency.. 8599.78 BogoMIPS (lpj=4299893)
[    0.122621] Last level iTLB entries: 4KB 512, 2MB 255, 4MB 127
[    0.122679] Last level dTLB entries: 4KB 512, 2MB 255, 4MB 127, 1GB 0
[    0.122843] mitigations: Enabled attack vectors: user_kernel, user_user, SMT mitigations: auto
[    0.123101] Spectre V2 : Mitigation: Retpolines
[    0.123196] Spectre V1 : Mitigation: usercopy/swapgs barriers and __user pointer sanitization
[    0.123297] Spectre V2 : Spectre v2 / SpectreRSB: Filling RSB on context switch and VMEXIT
[    0.123787] x86/fpu: x87 FPU will use FXSAVE
[    0.185237] pid_max: default: 32768 minimum: 301
[    0.193701] Mount-cache hash table entries: 512 (order: 0, 4096 bytes, linear)
[    0.193820] Mountpoint-cache hash table entries: 512 (order: 0, 4096 bytes, linear)
[    0.198240] VFS: Finished mounting rootfs on nullfs
[    0.313109] smpboot: CPU0: AMD QEMU Virtual CPU version 2.5+ (family: 0xf, model: 0x6b, stepping: 0x1)
[    0.318643] Performance Events: PMU not available due to virtualization, using software events only.
[    0.319205] signal: max sigframe size: 1440
[    0.319941] rcu: Hierarchical SRCU implementation.
[    0.319993] rcu: 	Max phase no-delay instances is 400.
[    0.320625] Timer migration: 1 hierarchy levels; 8 children per group; 1 crossnode level
[    0.322950] smp: Bringing up secondary CPUs ...
[    0.326627] smpboot: x86: Booting SMP configuration:
[    0.326685] .... node  #0, CPUs:      #1
[    0.397009] smp: Brought up 1 node, 2 CPUs
[    0.397464] smpboot: Total of 2 processors activated (17204.24 BogoMIPS)
[    0.402680] Memory: 214300K/261624K available (12659K kernel code, 2337K rwdata, 5116K rodata, 2792K init, 544K bss, 43888K reserved, 0K cma-reserved)
[    0.407426] devtmpfs: initialized
[    0.413024] clocksource: jiffies: mask: 0xffffffff max_cycles: 0xffffffff, max_idle_ns: 1911260446275000 ns
[    0.413024] posixtimers hash table entries: 1024 (order: 2, 16384 bytes, linear)
[    0.413095] futex hash table entries: 512 (32768 bytes on 1 NUMA nodes, total 32 KiB, linear).
[    0.415597] PM: RTC time: 09:34:56, date: 2026-08-25
[    0.418088] NET: Registered PF_NETLINK/PF_ROUTE protocol family
[    0.423073] thermal_sys: Registered thermal governor 'step_wise'
[    0.423475] cpuidle: using governor menu
[    0.424470] Freeing SMP alternatives memory: 36K
[    0.425843] PCI: Using configuration type 1 for base access
[    0.426097] mtrr: your CPUs had inconsistent fixed MTRR settings
[    0.426164] mtrr: your CPUs had inconsistent variable MTRR settings
[    0.426209] mtrr: your CPUs had inconsistent MTRRdefType settings
[    0.426257] mtrr: probably your BIOS does not setup all CPUs.
[    0.426298] mtrr: corrected configuration.
[    0.427578] kprobes: kprobe jump-optimization is enabled. All kprobes are optimized if possible.
[    0.432012] HugeTLB: registered 2.00 MiB page size, pre-allocated 0 pages
[    0.432112] HugeTLB: 28 KiB vmemmap can be freed for a 2.00 MiB page
[    0.438665] ACPI: Added _OSI(Module Device)
[    0.438715] ACPI: Added _OSI(Processor Device)
[    0.438748] ACPI: Added _OSI(Processor Aggregator Device)
[    0.460181] ACPI: 1 ACPI AML tables successfully acquired and loaded
[    0.468595] ACPI: \_SB_: platform _OSC: OS support mask [002a7eee]
[    0.470831] ACPI: Interpreter enabled
[    0.471445] ACPI: PM: (supports S0 S3 S4 S5)
[    0.471499] ACPI: Using IOAPIC for interrupt routing
[    0.471718] PCI: Using host bridge windows from ACPI; if necessary, use "pci=nocrs" and report a bug
[    0.471790] PCI: Using E820 reservations for host bridge windows
[    0.472609] ACPI: Enabled 2 GPEs in block 00 to 0F
[    0.494312] ACPI: PCI Root Bridge [PCI0] (domain 0000 [bus 00-ff])
[    0.494679] acpi PNP0A03:00: _OSC: OS supports [ASPM ClockPM Segments MSI HPX-Type3]
[    0.494807] acpi PNP0A03:00: _OSC: not requesting OS control; OS requires [ExtendedConfig ASPM ClockPM MSI]
[    0.495037] acpi PNP0A03:00: _OSC: platform retains control of PCIe features (AE_ERROR)
[    0.495433] acpi PNP0A03:00: fail to add MMCONFIG information, can't access extended configuration space under this bridge
[    0.497228] PCI host bridge to bus 0000:00
[    0.497394] pci_bus 0000:00: root bus resource [io  0x0000-0x0cf7 window]
[    0.497505] pci_bus 0000:00: root bus resource [io  0x0d00-0xffff window]
[    0.497552] pci_bus 0000:00: root bus resource [mem 0x000a0000-0x000bffff window]
[    0.497619] pci_bus 0000:00: root bus resource [mem 0x10000000-0xfebfffff window]
[    0.497668] pci_bus 0000:00: root bus resource [mem 0x100000000-0x17fffffff window]
[    0.497788] pci_bus 0000:00: root bus resource [bus 00-ff]
[    0.498593] pci 0000:00:00.0: [8086:1237] type 00 class 0x060000 conventional PCI endpoint
[    0.500947] pci 0000:00:01.0: [8086:7000] type 00 class 0x060100 conventional PCI endpoint
[    0.501300] pci 0000:00:01.1: [8086:7010] type 00 class 0x010180 conventional PCI endpoint
[    0.501585] pci 0000:00:01.1: BAR 4 [io  0xc040-0xc04f]
[    0.501660] pci 0000:00:01.1: BAR 0 [io  0x01f0-0x01f7]: legacy IDE quirk
[    0.501714] pci 0000:00:01.1: BAR 1 [io  0x03f6]: legacy IDE quirk
[    0.501771] pci 0000:00:01.1: BAR 2 [io  0x0170-0x0177]: legacy IDE quirk
[    0.501822] pci 0000:00:01.1: BAR 3 [io  0x0376]: legacy IDE quirk
[    0.502183] pci 0000:00:01.3: [8086:7113] type 00 class 0x068000 conventional PCI endpoint
[    0.502588] pci 0000:00:01.3: quirk: [io  0x0600-0x063f] claimed by PIIX4 ACPI
[    0.502655] pci 0000:00:01.3: quirk: [io  0x0700-0x070f] claimed by PIIX4 SMB
[    0.502960] pci 0000:00:02.0: [1234:1111] type 00 class 0x030000 conventional PCI endpoint
[    0.503335] pci 0000:00:02.0: BAR 0 [mem 0xfd000000-0xfdffffff pref]
[    0.503448] pci 0000:00:02.0: BAR 2 [mem 0xfebf0000-0xfebf0fff]
[    0.503492] pci 0000:00:02.0: ROM [mem 0xfebe0000-0xfebeffff pref]
[    0.503668] pci 0000:00:02.0: Video device with shadowed ROM at [mem 0x000c0000-0x000dffff]
[    0.504018] pci 0000:00:03.0: [8086:100e] type 00 class 0x020000 conventional PCI endpoint
[    0.504402] pci 0000:00:03.0: BAR 0 [mem 0xfebc0000-0xfebdffff]
[    0.504458] pci 0000:00:03.0: BAR 1 [io  0xc000-0xc03f]
[    0.504498] pci 0000:00:03.0: ROM [mem 0xfeb80000-0xfebbffff pref]
[    0.509858] ACPI: PCI: Interrupt link LNKA configured for IRQ 10
[    0.510296] ACPI: PCI: Interrupt link LNKB configured for IRQ 10
[    0.510630] ACPI: PCI: Interrupt link LNKC configured for IRQ 11
[    0.510924] ACPI: PCI: Interrupt link LNKD configured for IRQ 11
[    0.511076] ACPI: PCI: Interrupt link LNKS configured for IRQ 9
[    0.513208] iommu: Default domain type: Translated
[    0.513278] iommu: DMA domain TLB invalidation policy: lazy mode
[    0.514439] SCSI subsystem initialized
[    0.514717] libata version 3.00 loaded.
[    0.515208] ACPI: bus type USB registered
[    0.515512] usbcore: registered new interface driver usbfs
[    0.515709] usbcore: registered new interface driver hub
[    0.515804] usbcore: registered new device driver usb
[    0.515976] pps_core: LinuxPPS API ver. 1 registered
[    0.516014] pps_core: Software ver. 5.3.6 - Copyright 2005-2007 Rodolfo Giometti <giometti@linux.it>
[    0.516092] PTP clock support registered
[    0.520489] PCI: Using ACPI for IRQ routing
[    0.520593] PCI: pci_cache_line_size set to 64 bytes
[    0.520881] e820: register RAM buffer resource [mem 0x0009fc00-0x0009ffff]
[    0.521011] e820: register RAM buffer resource [mem 0x0ffe0000-0x0fffffff]
[    0.523706] pci 0000:00:02.0: vgaarb: setting as boot VGA device
[    0.523781] pci 0000:00:02.0: vgaarb: bridge control possible
[    0.523843] pci 0000:00:02.0: vgaarb: VGA device added: decodes=io+mem,owns=io+mem,locks=none
[    0.523843] vgaarb: loaded
[    0.523973] hpet: 3 channels of 0 reserved for per-cpu timers
[    0.524139] hpet0: at MMIO 0xfed00000, IRQs 2, 8, 0
[    0.524390] hpet0: 3 comparators, 64-bit 100.000000 MHz counter
[    0.528378] clocksource: Switched to clocksource tsc-early
[    0.530188] VFS: Disk quotas dquot_6.6.0
[    0.530276] VFS: Dquot-cache hash table entries: 512 (order 0, 4096 bytes)
[    0.531524] pnp: PnP ACPI init
[    0.532644] pnp 00:02: [dma 2]
[    0.533635] pnp: PnP ACPI: found 5 devices
[    0.546850] clocksource: acpi_pm: mask: 0xffffff max_cycles: 0xffffff, max_idle_ns: 2085701024 ns
[    0.547249] NET: Registered PF_INET protocol family
[    0.547846] IP idents hash table entries: 4096 (order: 3, 32768 bytes, linear)
[    0.549263] tcp_listen_portaddr_hash hash table entries: 256 (order: 0, 4096 bytes, linear)
[    0.549493] Table-perturb hash table entries: 65536 (order: 6, 262144 bytes, linear)
[    0.549572] TCP established hash table entries: 2048 (order: 2, 16384 bytes, linear)
[    0.549717] TCP bind hash table entries: 2048 (order: 4, 65536 bytes, linear)
[    0.549858] TCP: Hash tables configured (established 2048 bind 2048)
[    0.550621] UDP hash table entries: 256 (order: 2, 16384 bytes, linear)
[    0.551635] pci_bus 0000:00: resource 4 [io  0x0000-0x0cf7 window]
[    0.551686] pci_bus 0000:00: resource 5 [io  0x0d00-0xffff window]
[    0.551729] pci_bus 0000:00: resource 6 [mem 0x000a0000-0x000bffff window]
[    0.551784] pci_bus 0000:00: resource 7 [mem 0x10000000-0xfebfffff window]
[    0.551830] pci_bus 0000:00: resource 8 [mem 0x100000000-0x17fffffff window]
[    0.552142] pci 0000:00:01.0: PIIX3: Enabling Passive Release
[    0.552226] pci 0000:00:00.0: Limiting direct PCI/PCI transfers
[    0.552336] PCI: CLS 0 bytes, default 64
[    0.554707] Unpacking initramfs...
[    0.561492] Initialise system trusted keyrings
[    0.563234] workingset: timestamp_bits=56 (anon: 52) max_order=16 bucket_order=0 (anon: 0)
[    0.565474] Key type asymmetric registered
[    0.565548] Asymmetric key parser 'x509' registered
[    0.565689] Block layer SCSI generic (bsg) driver version 0.4 loaded (major 250)
[    0.565973] io scheduler mq-deadline registered
[    0.566031] io scheduler kyber registered
[    0.568389] input: Power Button as /devices/platform/LNXPWRBN:00/input/input0
[    0.568965] ACPI: button: Power Button [PWRF]
[    0.571804] Serial: 8250/16550 driver, 4 ports, IRQ sharing enabled
[    0.574022] 00:04: ttyS0 at I/O 0x3f8 (irq = 4, base_baud = 115200) is a 16550A
[    0.578989] Non-volatile memory driver v1.3
[    0.588620] loop: module loaded
[    0.594274] scsi host0: ata_piix
[    0.596182] scsi host1: ata_piix
[    0.596444] ata1: PATA max MWDMA2 cmd 0x1f0 ctl 0x3f6 bmdma 0xc040 irq 14 lpm-pol 0
[    0.596526] ata2: PATA max MWDMA2 cmd 0x170 ctl 0x376 bmdma 0xc048 irq 15 lpm-pol 0
[    0.599480] i8042: PNP: PS/2 Controller [PNP0303:KBD,PNP0f13:MOU] at 0x60,0x64 irq 1,12
[    0.601249] serio: i8042 KBD port at 0x60,0x64 irq 1
[    0.601406] serio: i8042 AUX port at 0x60,0x64 irq 12
[    0.602622] rtc_cmos PNP0B00:00: RTC can wake from S4
[    0.604842] rtc_cmos PNP0B00:00: registered as rtc0
[    0.605670] rtc_cmos PNP0B00:00: alarms up to one day, y3k, 242 bytes nvram, hpet irqs
[    0.606441] input: AT Translated Set 2 keyboard as /devices/platform/i8042/serio0/input/input1
[    0.607161] device-mapper: ioctl: 4.50.0-ioctl (2025-04-28) initialised: dm-devel@lists.linux.dev
[    0.607403] amd_pstate: the _CPC object is not present in SBIOS or ACPI disabled
[    0.607598] hid: raw HID events driver (C) Jiri Kosina
[    0.608007] usbcore: registered new interface driver usbhid
[    0.608060] usbhid: USB HID core driver
[    0.608884] NET: Registered PF_INET6 protocol family
[    0.615326] Segment Routing with IPv6
[    0.615466] In-situ OAM (IOAM) with IPv6
[    0.617306] IPI shorthand broadcast: enabled
[    0.624886] sched_clock: Marking stable (612068027, 12006863)->(625667708, -1592818)
[    0.626320] Loading compiled-in X.509 certificates
[    0.632753] Demotion targets for Node 0: null
[    0.635791] PM:   Magic number: 6:873:576
[    0.636585] clk: Disabling unused clocks
[    0.636807] KTAP version 1
[    0.636834] 1..0
[    0.715243] Freeing initrd memory: 8224K
[    0.751946] ata2: found unknown device (class 0)
[    0.753804] ata2.00: ATAPI: QEMU DVD-ROM, 2.5+, max UDMA/100
[    0.759739] scsi 1:0:0:0: CD-ROM            QEMU     QEMU DVD-ROM     2.5+ PQ: 0 ANSI: 5
[    0.775655] sr 1:0:0:0: [sr0] scsi3-mmc drive: 4x/4x cd/rw xa/form2 tray
[    0.787933] cdrom: Uniform CD-ROM driver Revision: 3.20
[    0.795552] sr 1:0:0:0: Attached scsi CD-ROM sr0
[    0.796243] sr 1:0:0:0: Attached scsi generic sg0 type 5
[    0.832615] Freeing unused kernel image (initmem) memory: 2792K
[    0.832788] Write protecting the kernel read-only data: 20480k
[    0.834534] Freeing unused kernel image (text/rodata gap) memory: 1676K
[    0.835045] Freeing unused kernel image (rodata/data gap) memory: 1028K
[    0.920297] x86/mm: Checked W+X mappings: passed, no W+X pages found.
[    0.920461] Run /init as init process
[    0.920490]   with arguments:
[    0.920514]     /init
[    0.920535]     nokaslr
[    0.920553]   with environment:
[    0.920577]     HOME=/
[    0.920596]     TERM=linux
[    0.976289] mount (54) used greatest stack depth: 13208 bytes left
[    0.983640] mount (55) used greatest stack depth: 12504 bytes left
=== insmod runtime fixture mdio-registrar ===
[    1.004106] mdio_registrar: loading out-of-tree module taints kernel.
[    1.008185] REHARNESS_MDIO_DEVICE_READY address=1
REHARNESS_RUNTIME_FIXTURE_MODULE_0_INSMOD_RC=0
=== insmod reharness_mdio_sensor ===
[    1.014888] reharness_mdio_sensor reharness-mdio-bus:01: REHARNESS_MDIO_DRIVER_PROBE register=0x10 value=0x5a5a
REHARNESS_DRIVER_INSMOD_RC=0
[    1.023925] input: ImExPS/2 Generic Explorer Mouse as /devices/platform/i8042/serio1/input/input3
REHARNESS_DRIVER_PROBE_BOUND=1
=== dmesg ===
[    1.014888] reharness_mdio_sensor reharness-mdio-bus:01: REHARNESS_MDIO_DRIVER_PROBE register=0x10 value=0x5a5a
=== Linux subsystem test 0 ===
MDIO_TRANSACTION_PASS
REHARNESS_SUBSYSTEM_TEST_0_NAME=mdio-transaction
REHARNESS_SUBSYSTEM_TEST_0_KIND=native
REHARNESS_SUBSYSTEM_TEST_0_PROVIDER=
REHARNESS_SUBSYSTEM_TEST_0_REQUIRED=1
REHARNESS_SUBSYSTEM_TEST_0_RC=0
REHARNESS_SUBSYSTEM_TEST_0_STATUS=pass
=== Linux subsystem test 1 ===
MDIO_INVALID_ADDRESS_PASS
REHARNESS_SUBSYSTEM_TEST_1_NAME=mdio-invalid-address
REHARNESS_SUBSYSTEM_TEST_1_KIND=native
REHARNESS_SUBSYSTEM_TEST_1_PROVIDER=
REHARNESS_SUBSYSTEM_TEST_1_REQUIRED=1
REHARNESS_SUBSYSTEM_TEST_1_RC=0
REHARNESS_SUBSYSTEM_TEST_1_STATUS=pass
=== rmmod reharness_mdio_sensor ===
[    1.069268] reharness_mdio_sensor reharness-mdio-bus:01: REHARNESS_MDIO_DRIVER_REMOVE
REHARNESS_DRIVER_RMMOD_RC=0
[    1.086525] REHARNESS_MDIO_REGISTRAR_UNLOADED
REHARNESS_RUNTIME_FIXTURE_MODULE_0_RMMOD_RC=0
=== QEMU_RUN_DONE ===
[    1.302603] sysrq: Power Off
[    1.302925] Kernel panic - not syncing: Attempted to kill init! exitcode=0x00000000
[    1.303273] CPU: 0 UID: 0 PID: 1 Comm: init Tainted: G           O        7.1.0-rc7+ #17 PREEMPT(lazy) 
[    1.303370] Tainted: [O]=OOT_MODULE
[    1.303395] Hardware name: QEMU Standard PC (i440FX + PIIX, 1996), BIOS rel-1.17.0-0-gb52ca86e094d-prebuilt.qemu.org 04/01/2014
[    1.303519] Call Trace:
[    1.303859]  <TASK>
[    1.303987]  vpanic+0x32f/0x4b0
[    1.304145]  panic+0x63/0x70
[    1.304168]  do_exit+0x952/0xaf0
[    1.304193]  do_group_exit+0x30/0x80
[    1.304217]  __x64_sys_exit_group+0x18/0x20
[    1.304248]  x64_sys_call+0x12e2/0x1880
[    1.304274]  do_syscall_64+0x10e/0x4e0
[    1.304303]  entry_SYSCALL_64_after_hwframe+0x77/0x7f
[    1.304400] RIP: 0033:0x7f3ff3ea931d
[    1.304536] Code: 02 ba ff ff ff ff 89 d0 c3 0f 1f 40 00 f3 0f 1e fa 48 8b 35 ed 4a 11 00 ba e7 00 00 00 eb 07 66 0f 1f 44 00 00 f4 89 d0 0f 05 <48> 3d 00 f0 ff ff 76 f3 f7 d8 64 89 06 eb ec 0f 1f 40 00 f3 0f 1e
[    1.304659] RSP: 002b:00007ffc734db8f8 EFLAGS: 00000202 ORIG_RAX: 00000000000000e7
[    1.304719] RAX: ffffffffffffffda RBX: 00007ffc734dbb80 RCX: 00007f3ff3ea931d
[    1.304761] RDX: 00000000000000e7 RSI: ffffffffffffff88 RDI: 0000000000000000
[    1.304801] RBP: 00007ffc734db9d0 R08: 0000561e6ad55010 R09: 0000000000000007
[    1.304841] R10: 0000561e6ad58ac0 R11: 0000000000000202 R12: 0000000000000000
[    1.304881] R13: 00007ffc734dbb70 R14: 0000561e4eaecdd8 R15: 00007f3ff400f000
[    1.304944]  </TASK>
[    1.305492] Kernel Offset: disabled
[    1.305665] Rebooting in 1 seconds..
