=== QEMU run: module=e1000e bus=pci timeout=90s ===
=== QEMU 退出码: 0 ===
[    0.032021] PM: hibernation: Registered nosave memory: [mem 0x00000000-0x00000fff]
[    0.032089] PM: hibernation: Registered nosave memory: [mem 0x0009f000-0x000fffff]
[    0.076608] ftrace: allocating 38351 entries in 152 pages
[    0.076937] ftrace: allocated 152 pages with 3 groups
[    0.434006] NET: Registered PF_NETLINK/PF_ROUTE protocol family
[    0.438652] thermal_sys: Registered thermal governor 'step_wise'
[    0.441631] kprobes: kprobe jump-optimization is enabled. All kprobes are optimized if possible.
[    0.443571] HugeTLB: registered 2.00 MiB page size, pre-allocated 0 pages
[    0.538651] ACPI: bus type USB registered
[    0.539056] usbcore: registered new interface driver usbfs
[    0.539262] usbcore: registered new interface driver hub
[    0.539371] usbcore: registered new device driver usb
[    0.539554] pps_core: LinuxPPS API ver. 1 registered
[    0.539676] PTP clock support registered
[    0.573012] NET: Registered PF_INET protocol family
[    0.589686] Key type asymmetric registered
[    0.589762] Asymmetric key parser 'x509' registered
[    0.590222] io scheduler mq-deadline registered
[    0.590285] io scheduler kyber registered
[    0.633811] rtc_cmos PNP0B00:00: registered as rtc0
[    0.636580] usbcore: registered new interface driver usbhid
[    0.637319] NET: Registered PF_INET6 protocol family
=== insmod e1000e ===
[    1.055500] e1000e: [rhcov] e1000_probe
[    1.104910] e1000e 0000:00:04.0 0000:00:04.0 (uninitialized): registered PHC clock
[    1.158315] insmod (62) used greatest stack depth: 13104 bytes left
REHARNESS_DRIVER_INSMOD_RC=0
                               drv probe link
                               drv probe link
EXERCISER_RC=0
=== rmmod e1000e ===
REHARNESS_DRIVER_RMMOD_RC=0
=== QEMU_RUN_DONE ===
[    1.563583] Call Trace:

=== 成功判定 ===
  done=1 probe=18 driver_probe_bound=0 driver_probe_unbound=0 real_oops=0 real_warning=0
  => 成功: e1000e probe 成功
QEMU runtime artifacts: /tmp/reharness-qemu-v2-e1000e-qemu.YtH7rK
