c[?7l[2J[0mSeaBIOS (version rel-1.17.0-0-gb52ca86e094d-prebuilt.qemu.org)


iPXE (http://ipxe.org) 00:03.0 CA00 PCI2.10 PnP PMM+0EFD1C40+0EF31C40 CA00
Press Ctrl-B to configure iPXE (PCI 00:03.0)...                                                                               


Booting from ROM..c[?7l[2JNo EFI environment detected.
early console in extract_kernel
input_data: 0x000000000266c2c4
input_len: 0x000000000095c97d
output: 0x0000000001000000
output_len: 0x0000000001f8870c
kernel_total_size: 0x0000000001d8c000
needed_size: 0x0000000002000000
trampoline_32bit: 0x0000000000000000


KASLR disabled: 'nokaslr' on cmdline.


Decompressing Linux... Parsing ELF... No relocation needed... done.
Booting the kernel (entry_offset: 0x0000000001a193b0).
[    0.000000] Linux version 7.1.0-rc7+ (yfblock@9950x) (gcc (Ubuntu 13.3.0-6ubuntu2~24.04.1) 13.3.0, GNU ld (GNU Binutils for Ubuntu) 2.42) #18 SMP PREEMPT_DYNAMIC Mon Aug 31 01:09:14 CST 2026
[    0.000000] Command line: console=ttyS0 nokaslr panic=1 ignore_loglevel earlyprintk=serial,ttyS0,115200
[    0.000000] BIOS-provided physical RAM map:
[    0.000000] BIOS-e820: [mem 0x0000000000000000-0x000000000009fbff]  System RAM
[    0.000000] BIOS-e820: [mem 0x000000000009fc00-0x000000000009ffff]  device reserved
[    0.000000] BIOS-e820: [gap 0x00000000000a0000-0x00000000000effff]
[    0.000000] BIOS-e820: [mem 0x00000000000f0000-0x00000000000fffff]  device reserved
[    0.000000] BIOS-e820: [mem 0x0000000000100000-0x000000000ffdcfff]  System RAM
[    0.000000] BIOS-e820: [mem 0x000000000ffdd000-0x000000000fffffff]  device reserved
[    0.000000] BIOS-e820: [gap 0x0000000010000000-0x00000000fffbffff]
[    0.000000] BIOS-e820: [mem 0x00000000fffc0000-0x00000000ffffffff]  device reserved
[    0.000000] BIOS-e820: [gap 0x0000000100000000-0x000000fcffffffff]
[    0.000000] BIOS-e820: [mem 0x000000fd00000000-0x000000ffffffffff]  device reserved
[    0.000000] printk: debug: ignoring loglevel setting.
[    0.000000] printk: legacy bootconsole [earlyser0] enabled
[    0.000000] NX (Execute Disable) protection: active
[    0.000000] APIC: Static calls initialized
[    0.000000] DMI: SMBIOS 2.8 present.
[    0.000000] DMI: QEMU Standard PC (i440FX + PIIX, 1996), BIOS rel-1.17.0-0-gb52ca86e094d-prebuilt.qemu.org 04/01/2014
[    0.000000] DMI: Memory slots populated: 1/1
[    0.000000] tsc: Fast TSC calibration using PIT
[    0.000000] tsc: Detected 4299.986 MHz processor
[    0.008227] e820: update [mem 0x00000000-0x00000fff] System RAM ==> device reserved
[    0.008422] e820: remove [mem 0x000a0000-0x000fffff] System RAM
[    0.008580] last_pfn = 0xffdd max_arch_pfn = 0x400000000
[    0.009032] MTRR map: 4 entries (3 fixed + 1 variable; max 19), built from 8 variable MTRRs
[    0.009196] x86/PAT: Configuration [0-7]: WB  WC  UC- UC  WB  WP  UC- WT  
[    0.021350] found SMP MP-table at [mem 0x000f54b0-0x000f54bf]
[    0.024773] RAMDISK: [mem 0x0f81d000-0x0ffcffff]
[    0.025062] ACPI: Early table checksum verification disabled
[    0.025372] ACPI: RSDP 0x00000000000F52D0 000014 (v00 BOCHS )
[    0.025572] ACPI: RSDT 0x000000000FFE2389 000034 (v01 BOCHS  BXPC     00000001 BXPC 00000001)
[    0.026067] ACPI: FACP 0x000000000FFE2235 000074 (v01 BOCHS  BXPC     00000001 BXPC 00000001)
[    0.026494] ACPI: DSDT 0x000000000FFE0040 0021F5 (v01 BOCHS  BXPC     00000001 BXPC 00000001)
[    0.026601] ACPI: FACS 0x000000000FFE0000 000040
[    0.026663] ACPI: APIC 0x000000000FFE22A9 000080 (v03 BOCHS  BXPC     00000001 BXPC 00000001)
[    0.026728] ACPI: HPET 0x000000000FFE2329 000038 (v01 BOCHS  BXPC     00000001 BXPC 00000001)
[    0.026791] ACPI: WAET 0x000000000FFE2361 000028 (v01 BOCHS  BXPC     00000001 BXPC 00000001)
[    0.026895] ACPI: Reserving FACP table memory at [mem 0xffe2235-0xffe22a8]
[    0.026946] ACPI: Reserving DSDT table memory at [mem 0xffe0040-0xffe2234]
[    0.026989] ACPI: Reserving FACS table memory at [mem 0xffe0000-0xffe003f]
[    0.027031] ACPI: Reserving APIC table memory at [mem 0xffe22a9-0xffe2328]
[    0.027073] ACPI: Reserving HPET table memory at [mem 0xffe2329-0xffe2360]
[    0.027123] ACPI: Reserving WAET table memory at [mem 0xffe2361-0xffe2388]
[    0.028376] No NUMA configuration found
[    0.028419] Faking a node at [mem 0x0000000000000000-0x000000000ffdcfff]
[    0.028815] NODE_DATA(0) allocated [mem 0x0ffd9680-0x0ffdcfff]
[    0.029316] ACPI: PM-Timer IO Port: 0x608
[    0.029583] ACPI: LAPIC_NMI (acpi_id[0xff] dfl dfl lint[0x1])
[    0.029839] IOAPIC[0]: apic_id 0, version 32, address 0xfec00000, GSI 0-23
[    0.029949] ACPI: INT_SRC_OVR (bus 0 bus_irq 0 global_irq 2 dfl dfl)
[    0.030126] ACPI: INT_SRC_OVR (bus 0 bus_irq 5 global_irq 5 high level)
[    0.030191] ACPI: INT_SRC_OVR (bus 0 bus_irq 9 global_irq 9 high level)
[    0.030287] ACPI: INT_SRC_OVR (bus 0 bus_irq 10 global_irq 10 high level)
[    0.030334] ACPI: INT_SRC_OVR (bus 0 bus_irq 11 global_irq 11 high level)
[    0.030482] ACPI: Using ACPI (MADT) for SMP configuration information
[    0.030544] ACPI: HPET id: 0x8086a201 base: 0xfed00000
[    0.030805] CPU topo: Max. logical packages:   1
[    0.030857] CPU topo: Max. logical nodes:      1
[    0.030892] CPU topo: Num. nodes per package:  1
[    0.030953] CPU topo: Max. logical dies:       1
[    0.030986] CPU topo: Max. dies per package:   1
[    0.031048] CPU topo: Max. threads per core:   1
[    0.031158] CPU topo: Num. cores per package:     2
[    0.031198] CPU topo: Num. threads per package:   2
[    0.031236] CPU topo: Allowing 2 present CPUs plus 0 hotplug CPUs
[    0.031740] PM: hibernation: Registered nosave memory: [mem 0x00000000-0x00000fff]
[    0.031805] PM: hibernation: Registered nosave memory: [mem 0x0009f000-0x000fffff]
[    0.031916] [gap 0x10000000-0xfffbffff] available for PCI devices
[    0.031987] Booting paravirtualized kernel on bare hardware
[    0.032205] clocksource: refined-jiffies: mask: 0xffffffff max_cycles: 0xffffffff, max_idle_ns: 1910969940391419 ns
[    0.039629] Zone ranges:
[    0.039667]   DMA      [mem 0x0000000000001000-0x0000000000ffffff]
[    0.039745]   DMA32    [mem 0x0000000001000000-0x000000000ffdcfff]
[    0.039789]   Normal   empty
[    0.039823] Movable zone start for each node
[    0.039863] Early memory node ranges
[    0.039904]   node   0: [mem 0x0000000000001000-0x000000000009efff]
[    0.040015]   node   0: [mem 0x0000000000100000-0x000000000ffdcfff]
[    0.040124] Initmem setup node 0 [mem 0x0000000000001000-0x000000000ffdcfff]
[    0.040694] On node 0, zone DMA: 1 pages in unavailable ranges
[    0.040909] On node 0, zone DMA: 97 pages in unavailable ranges
[    0.042181] On node 0, zone DMA32: 35 pages in unavailable ranges
[    0.042345] setup_percpu: NR_CPUS:64 nr_cpumask_bits:2 nr_cpu_ids:2 nr_node_ids:1
[    0.043375] percpu: Embedded 52 pages/cpu s175064 r8192 d29736 u1048576
[    0.043656] pcpu-alloc: s175064 r8192 d29736 u1048576 alloc=1*2097152
[    0.043742] pcpu-alloc: [0] 0 1 
[    0.044614] Kernel command line: console=ttyS0 nokaslr panic=1 ignore_loglevel earlyprintk=serial,ttyS0,115200
[    0.045348] Unknown kernel command line parameters "nokaslr", will be passed to user space.
[    0.045529] printk: log buffer data + meta data: 262144 + 917504 = 1179648 bytes
[    0.045729] Dentry cache hash table entries: 32768 (order: 6, 262144 bytes, linear)
[    0.045836] Inode-cache hash table entries: 16384 (order: 5, 131072 bytes, linear)
[    0.047373] Fallback order for Node 0: 0 
[    0.047628] Built 1 zonelists, mobility grouping on.  Total pages: 65403
[    0.047710] Policy zone: DMA32
[    0.047875] mem auto-init: stack:all(zero), heap alloc:off, heap free:off
[    0.053124] SLUB: HWalign=64, Order=0-3, MinObjects=0, CPUs=2, Nodes=1
Poking KASLR using RDTSC...
[    0.074893] ftrace: allocating 38351 entries in 152 pages
[    0.075192] ftrace: allocated 152 pages with 3 groups
[    0.079842] Dynamic Preempt: lazy
[    0.081657] rcu: Preemptible hierarchical RCU implementation.
[    0.081704] rcu: 	RCU event tracing is enabled.
[    0.081745] rcu: 	RCU restricting CPUs from NR_CPUS=64 to nr_cpu_ids=2.
[    0.081872] 	Trampoline variant of Tasks RCU enabled.
[    0.081906] 	Rude variant of Tasks RCU enabled.
[    0.081937] 	Tracing variant of Tasks RCU enabled.
[    0.082024] rcu: RCU calculated value of scheduler-enlistment delay is 100 jiffies.
[    0.082081] rcu: Adjusting geometry for rcu_fanout_leaf=16, nr_cpu_ids=2
[    0.082798] RCU Tasks: Setting shift to 1 and lim to 1 rcu_task_cb_adjust=1 rcu_task_cpu_ids=2.
[    0.082861] RCU Tasks Rude: Setting shift to 1 and lim to 1 rcu_task_cb_adjust=1 rcu_task_cpu_ids=2.
[    0.097705] NR_IRQS: 4352, nr_irqs: 440, preallocated irqs: 16
[    0.103263] rcu: srcu_init: Setting srcu_struct sizes based on contention.
[    0.107720] Console: colour VGA+ 80x25
[    0.108865] printk: legacy console [ttyS0] enabled
[    0.108865] printk: legacy console [ttyS0] enabled
[    0.109140] printk: legacy bootconsole [earlyser0] disabled
[    0.109140] printk: legacy bootconsole [earlyser0] disabled
[    0.110007] ACPI: Core revision 20251212
[    0.113251] clocksource: hpet: mask: 0xffffffff max_cycles: 0xffffffff, max_idle_ns: 19112604467 ns
[    0.116147] APIC: Switch to symmetric I/O mode setup
[    0.118819] ..TIMER: vector=0x30 apic1=0 pin1=2 apic2=-1 pin2=-1
[    0.124118] clocksource: tsc-early: mask: 0xffffffffffffffff max_cycles: 0x3dfb55caa0e, max_idle_ns: 440795204413 ns
[    0.124409] Calibrating delay loop (skipped), value calculated using timer frequency.. 8599.97 BogoMIPS (lpj=4299986)
[    0.126706] Last level iTLB entries: 4KB 512, 2MB 255, 4MB 127
[    0.126768] Last level dTLB entries: 4KB 512, 2MB 255, 4MB 127, 1GB 0
[    0.126948] mitigations: Enabled attack vectors: user_kernel, user_user, SMT mitigations: auto
[    0.127219] Spectre V2 : Mitigation: Retpolines
[    0.127336] Spectre V1 : Mitigation: usercopy/swapgs barriers and __user pointer sanitization
[    0.127446] Spectre V2 : Spectre v2 / SpectreRSB: Filling RSB on context switch and VMEXIT
[    0.127921] x86/fpu: x87 FPU will use FXSAVE
[    0.191863] pid_max: default: 32768 minimum: 301
[    0.200552] Mount-cache hash table entries: 512 (order: 0, 4096 bytes, linear)
[    0.200698] Mountpoint-cache hash table entries: 512 (order: 0, 4096 bytes, linear)
[    0.205564] VFS: Finished mounting rootfs on nullfs
[    0.319804] smpboot: CPU0: AMD QEMU Virtual CPU version 2.5+ (family: 0xf, model: 0x6b, stepping: 0x1)
[    0.325970] Performance Events: PMU not available due to virtualization, using software events only.
[    0.326580] signal: max sigframe size: 1440
[    0.327430] rcu: Hierarchical SRCU implementation.
[    0.327491] rcu: 	Max phase no-delay instances is 400.
[    0.328053] Timer migration: 1 hierarchy levels; 8 children per group; 1 crossnode level
[    0.330540] smp: Bringing up secondary CPUs ...
[    0.334518] smpboot: x86: Booting SMP configuration:
[    0.334579] .... node  #0, CPUs:      #1
[    0.011562] calibrate_delay_direct() dropping max bogoMips estimate 1 = 5163736
[    0.408702] smp: Brought up 1 node, 2 CPUs
[    0.408893] smpboot: Total of 2 processors activated (17202.51 BogoMIPS)
[    0.414691] Memory: 214552K/261612K available (12748K kernel code, 2347K rwdata, 5156K rodata, 2808K init, 544K bss, 43608K reserved, 0K cma-reserved)
[    0.420908] devtmpfs: initialized
[    0.427538] clocksource: jiffies: mask: 0xffffffff max_cycles: 0xffffffff, max_idle_ns: 1911260446275000 ns
[    0.427921] posixtimers hash table entries: 1024 (order: 2, 16384 bytes, linear)
[    0.428305] futex hash table entries: 512 (32768 bytes on 1 NUMA nodes, total 32 KiB, linear).
[    0.430818] PM: RTC time: 06:54:30, date: 2026-08-31
[    0.433593] NET: Registered PF_NETLINK/PF_ROUTE protocol family
[    0.438192] thermal_sys: Registered thermal governor 'step_wise'
[    0.438407] cpuidle: using governor menu
[    0.439717] Freeing SMP alternatives memory: 36K
[    0.441155] PCI: Using configuration type 1 for base access
[    0.441457] mtrr: your CPUs had inconsistent fixed MTRR settings
[    0.441510] mtrr: your CPUs had inconsistent variable MTRR settings
[    0.441565] mtrr: your CPUs had inconsistent MTRRdefType settings
[    0.441611] mtrr: probably your BIOS does not setup all CPUs.
[    0.441652] mtrr: corrected configuration.
[    0.443016] kprobes: kprobe jump-optimization is enabled. All kprobes are optimized if possible.
[    0.447434] HugeTLB: registered 2.00 MiB page size, pre-allocated 0 pages
[    0.447518] HugeTLB: 28 KiB vmemmap can be freed for a 2.00 MiB page
[    0.452619] ACPI: Added _OSI(Module Device)
[    0.452677] ACPI: Added _OSI(Processor Device)
[    0.452710] ACPI: Added _OSI(Processor Aggregator Device)
[    0.474763] ACPI: 1 ACPI AML tables successfully acquired and loaded
[    0.493524] ACPI: \_SB_: platform _OSC: OS support mask [002a7eee]
[    0.497389] ACPI: Interpreter enabled
[    0.498005] ACPI: PM: (supports S0 S3 S4 S5)
[    0.498060] ACPI: Using IOAPIC for interrupt routing
[    0.498321] PCI: Using host bridge windows from ACPI; if necessary, use "pci=nocrs" and report a bug
[    0.498398] PCI: Using E820 reservations for host bridge windows
[    0.499235] ACPI: Enabled 2 GPEs in block 00 to 0F
[    0.521121] ACPI: PCI Root Bridge [PCI0] (domain 0000 [bus 00-ff])
[    0.521578] acpi PNP0A03:00: _OSC: OS supports [ASPM ClockPM Segments MSI HPX-Type3]
[    0.521713] acpi PNP0A03:00: _OSC: not requesting OS control; OS requires [ExtendedConfig ASPM ClockPM MSI]
[    0.521951] acpi PNP0A03:00: _OSC: platform retains control of PCIe features (AE_ERROR)
[    0.522292] acpi PNP0A03:00: fail to add MMCONFIG information, can't access extended configuration space under this bridge
[    0.524155] PCI host bridge to bus 0000:00
[    0.524322] pci_bus 0000:00: root bus resource [io  0x0000-0x0cf7 window]
[    0.524435] pci_bus 0000:00: root bus resource [io  0x0d00-0xffff window]
[    0.524484] pci_bus 0000:00: root bus resource [mem 0x000a0000-0x000bffff window]
[    0.524552] pci_bus 0000:00: root bus resource [mem 0x10000000-0xfebfffff window]
[    0.524604] pci_bus 0000:00: root bus resource [mem 0x100000000-0x17fffffff window]
[    0.524725] pci_bus 0000:00: root bus resource [bus 00-ff]
[    0.525531] pci 0000:00:00.0: [8086:1237] type 00 class 0x060000 conventional PCI endpoint
[    0.527920] pci 0000:00:01.0: [8086:7000] type 00 class 0x060100 conventional PCI endpoint
[    0.528290] pci 0000:00:01.1: [8086:7010] type 00 class 0x010180 conventional PCI endpoint
[    0.528709] pci 0000:00:01.1: BAR 4 [io  0xc0c0-0xc0cf]
[    0.528785] pci 0000:00:01.1: BAR 0 [io  0x01f0-0x01f7]: legacy IDE quirk
[    0.528846] pci 0000:00:01.1: BAR 1 [io  0x03f6]: legacy IDE quirk
[    0.528904] pci 0000:00:01.1: BAR 2 [io  0x0170-0x0177]: legacy IDE quirk
[    0.528956] pci 0000:00:01.1: BAR 3 [io  0x0376]: legacy IDE quirk
[    0.529351] pci 0000:00:01.3: [8086:7113] type 00 class 0x068000 conventional PCI endpoint
[    0.529613] pci 0000:00:01.3: quirk: [io  0x0600-0x063f] claimed by PIIX4 ACPI
[    0.529679] pci 0000:00:01.3: quirk: [io  0x0700-0x070f] claimed by PIIX4 SMB
[    0.529993] pci 0000:00:02.0: [1234:1111] type 00 class 0x030000 conventional PCI endpoint
[    0.530300] pci 0000:00:02.0: BAR 0 [mem 0xfd000000-0xfdffffff pref]
[    0.530384] pci 0000:00:02.0: BAR 2 [mem 0xfebf0000-0xfebf0fff]
[    0.530427] pci 0000:00:02.0: ROM [mem 0xfebe0000-0xfebeffff pref]
[    0.530601] pci 0000:00:02.0: Video device with shadowed ROM at [mem 0x000c0000-0x000dffff]
[    0.530948] pci 0000:00:03.0: [8086:100e] type 00 class 0x020000 conventional PCI endpoint
[    0.531487] pci 0000:00:03.0: BAR 0 [mem 0xfebc0000-0xfebdffff]
[    0.531541] pci 0000:00:03.0: BAR 1 [io  0xc080-0xc0bf]
[    0.531581] pci 0000:00:03.0: ROM [mem 0xfeb80000-0xfebbffff pref]
[    0.535049] pci 0000:00:04.0: [1af4:1001] type 00 class 0x010000 conventional PCI endpoint
[    0.535708] pci 0000:00:04.0: BAR 0 [io  0xc000-0xc07f]
[    0.535775] pci 0000:00:04.0: BAR 1 [mem 0xfebf1000-0xfebf1fff]
[    0.535855] pci 0000:00:04.0: BAR 4 [mem 0xfe000000-0xfe003fff 64bit pref]
[    0.541897] ACPI: PCI: Interrupt link LNKA configured for IRQ 10
[    0.542374] ACPI: PCI: Interrupt link LNKB configured for IRQ 10
[    0.542690] ACPI: PCI: Interrupt link LNKC configured for IRQ 11
[    0.542987] ACPI: PCI: Interrupt link LNKD configured for IRQ 11
[    0.543145] ACPI: PCI: Interrupt link LNKS configured for IRQ 9
[    0.545062] iommu: Default domain type: Translated
[    0.545128] iommu: DMA domain TLB invalidation policy: lazy mode
[    0.545918] SCSI subsystem initialized
[    0.546420] libata version 3.00 loaded.
[    0.546936] ACPI: bus type USB registered
[    0.547401] usbcore: registered new interface driver usbfs
[    0.547605] usbcore: registered new interface driver hub
[    0.547702] usbcore: registered new device driver usb
[    0.547876] pps_core: LinuxPPS API ver. 1 registered
[    0.547914] pps_core: Software ver. 5.3.6 - Copyright 2005-2007 Rodolfo Giometti <giometti@linux.it>
[    0.547995] PTP clock support registered
[    0.553537] PCI: Using ACPI for IRQ routing
[    0.553644] PCI: pci_cache_line_size set to 64 bytes
[    0.553881] e820: register RAM buffer resource [mem 0x0009fc00-0x0009ffff]
[    0.554016] e820: register RAM buffer resource [mem 0x0ffdd000-0x0fffffff]
[    0.556490] pci 0000:00:02.0: vgaarb: setting as boot VGA device
[    0.556568] pci 0000:00:02.0: vgaarb: bridge control possible
[    0.556632] pci 0000:00:02.0: vgaarb: VGA device added: decodes=io+mem,owns=io+mem,locks=none
[    0.556701] vgaarb: loaded
[    0.557356] hpet: 3 channels of 0 reserved for per-cpu timers
[    0.557529] hpet0: at MMIO 0xfed00000, IRQs 2, 8, 0
[    0.557614] hpet0: 3 comparators, 64-bit 100.000000 MHz counter
[    0.560659] clocksource: Switched to clocksource tsc-early
[    0.562191] VFS: Disk quotas dquot_6.6.0
[    0.562323] VFS: Dquot-cache hash table entries: 512 (order 0, 4096 bytes)
[    0.563686] pnp: PnP ACPI init
[    0.565247] pnp 00:02: [dma 2]
[    0.566391] pnp: PnP ACPI: found 5 devices
[    0.580345] clocksource: acpi_pm: mask: 0xffffff max_cycles: 0xffffff, max_idle_ns: 2085701024 ns
[    0.580921] NET: Registered PF_INET protocol family
[    0.581509] IP idents hash table entries: 4096 (order: 3, 32768 bytes, linear)
[    0.583008] tcp_listen_portaddr_hash hash table entries: 256 (order: 0, 4096 bytes, linear)
[    0.583212] Table-perturb hash table entries: 65536 (order: 6, 262144 bytes, linear)
[    0.583315] TCP established hash table entries: 2048 (order: 2, 16384 bytes, linear)
[    0.583497] TCP bind hash table entries: 2048 (order: 4, 65536 bytes, linear)
[    0.583628] TCP: Hash tables configured (established 2048 bind 2048)
[    0.584411] UDP hash table entries: 256 (order: 2, 16384 bytes, linear)
[    0.585481] pci_bus 0000:00: resource 4 [io  0x0000-0x0cf7 window]
[    0.585538] pci_bus 0000:00: resource 5 [io  0x0d00-0xffff window]
[    0.585582] pci_bus 0000:00: resource 6 [mem 0x000a0000-0x000bffff window]
[    0.585629] pci_bus 0000:00: resource 7 [mem 0x10000000-0xfebfffff window]
[    0.585676] pci_bus 0000:00: resource 8 [mem 0x100000000-0x17fffffff window]
[    0.585998] pci 0000:00:01.0: PIIX3: Enabling Passive Release
[    0.586086] pci 0000:00:00.0: Limiting direct PCI/PCI transfers
[    0.586206] PCI: CLS 0 bytes, default 64
[    0.588613] Unpacking initramfs...
[    0.595296] Initialise system trusted keyrings
[    0.596120] workingset: timestamp_bits=56 (anon: 52) max_order=16 bucket_order=0 (anon: 0)
[    0.598493] Key type asymmetric registered
[    0.598572] Asymmetric key parser 'x509' registered
[    0.598720] Block layer SCSI generic (bsg) driver version 0.4 loaded (major 250)
[    0.599003] io scheduler mq-deadline registered
[    0.599065] io scheduler kyber registered
[    0.602281] input: Power Button as /devices/platform/LNXPWRBN:00/input/input0
[    0.602872] ACPI: button: Power Button [PWRF]
[    0.611622] ACPI: \_SB_.LNKD: Enabled at IRQ 11
[    0.613362] Serial: 8250/16550 driver, 4 ports, IRQ sharing enabled
[    0.615649] 00:04: ttyS0 at I/O 0x3f8 (irq = 4, base_baud = 115200) is a 16550A
[    0.620714] Non-volatile memory driver v1.3
[    0.631017] loop: module loaded
[    0.635626] scsi host0: ata_piix
[    0.637499] scsi host1: ata_piix
[    0.637766] ata1: PATA max MWDMA2 cmd 0x1f0 ctl 0x3f6 bmdma 0xc0c0 irq 14 lpm-pol 0
[    0.637844] ata2: PATA max MWDMA2 cmd 0x170 ctl 0x376 bmdma 0xc0c8 irq 15 lpm-pol 0
[    0.638971] i8042: PNP: PS/2 Controller [PNP0303:KBD,PNP0f13:MOU] at 0x60,0x64 irq 1,12
[    0.642245] serio: i8042 KBD port at 0x60,0x64 irq 1
[    0.642453] serio: i8042 AUX port at 0x60,0x64 irq 12
[    0.643755] rtc_cmos PNP0B00:00: RTC can wake from S4
[    0.645992] rtc_cmos PNP0B00:00: registered as rtc0
[    0.646838] rtc_cmos PNP0B00:00: alarms up to one day, y3k, 242 bytes nvram, hpet irqs
[    0.647750] input: AT Translated Set 2 keyboard as /devices/platform/i8042/serio0/input/input1
[    0.650413] device-mapper: ioctl: 4.50.0-ioctl (2025-04-28) initialised: dm-devel@lists.linux.dev
[    0.650633] amd_pstate: the _CPC object is not present in SBIOS or ACPI disabled
[    0.650806] hid: raw HID events driver (C) Jiri Kosina
[    0.651220] usbcore: registered new interface driver usbhid
[    0.651295] usbhid: USB HID core driver
[    0.651897] NET: Registered PF_INET6 protocol family
[    0.656551] Segment Routing with IPv6
[    0.656694] In-situ OAM (IOAM) with IPv6
[    0.658901] IPI shorthand broadcast: enabled
[    0.666542] sched_clock: Marking stable (655724067, 10562277)->(670400703, -4114359)
[    0.667918] Loading compiled-in X.509 certificates
[    0.674596] Demotion targets for Node 0: null
[    0.676540] PM:   Magic number: 6:867:924
[    0.677348] clk: Disabling unused clocks
[    0.677564] KTAP version 1
[    0.677590] 1..0
[    0.740423] Freeing initrd memory: 7884K
[    0.794565] ata2: found unknown device (class 0)
[    0.796734] ata2.00: ATAPI: QEMU DVD-ROM, 2.5+, max UDMA/100
[    0.803147] scsi 1:0:0:0: CD-ROM            QEMU     QEMU DVD-ROM     2.5+ PQ: 0 ANSI: 5
[    0.818263] sr 1:0:0:0: [sr0] scsi3-mmc drive: 4x/4x cd/rw xa/form2 tray
[    0.828542] cdrom: Uniform CD-ROM driver Revision: 3.20
[    0.835137] sr 1:0:0:0: Attached scsi CD-ROM sr0
[    0.836060] sr 1:0:0:0: Attached scsi generic sg0 type 5
[    0.874909] Freeing unused kernel image (initmem) memory: 2808K
[    0.875071] Write protecting the kernel read-only data: 20480k
[    0.876575] Freeing unused kernel image (text/rodata gap) memory: 1584K
[    0.877296] Freeing unused kernel image (rodata/data gap) memory: 988K
[    0.963427] x86/mm: Checked W+X mappings: passed, no W+X pages found.
[    0.963607] Run /init as init process
[    0.963635]   with arguments:
[    0.963662]     /init
[    0.963683]     nokaslr
[    0.963702]   with environment:
[    0.963727]     HOME=/
[    0.963748]     TERM=linux
[    1.024386] mount (55) used greatest stack depth: 13208 bytes left
[    1.037140] mount (57) used greatest stack depth: 13120 bytes left
=== insmod virtio_blk ===
[    1.065931] [rhcov] virtio_blk_init
[    1.066037] [rhcov] virtio_blk_init
[    1.066067] [rhcov] virtio_blk_init
[    1.066096] [rhcov] virtio_blk_init
[    1.066954] input: ImExPS/2 Generic Explorer Mouse as /devices/platform/i8042/serio1/input/input3
[    1.067641] [rhcov] virtblk_probe
[    1.067680] [rhcov] virtblk_probe
[    1.067708] [rhcov] virtblk_probe
[    1.067734] [rhcov] virtblk_probe
[    1.067776] [rhcov] minor_to_index
[    1.067803] [rhcov] minor_to_index
[    1.067831] [rhcov] minor_to_index
[    1.067858] [rhcov] minor_to_index
[    1.067932] [rhcov] init_vq
[    1.067958] [rhcov] init_vq
[    1.067982] [rhcov] init_vq
[    1.068007] [rhcov] init_vq
[    1.068143] virtio_blk virtio0: 2/0/0 default/read/poll queues
[    1.072522] [rhcov] virtblk_map_queues
[    1.072565] [rhcov] virtblk_map_queues
[    1.072594] [rhcov] virtblk_map_queues
[    1.072621] [rhcov] virtblk_map_queues
[    1.072951] [rhcov] virtblk_read_limits
[    1.072985] [rhcov] virtblk_read_limits
[    1.073015] [rhcov] virtblk_read_limits
[    1.073043] [rhcov] virtblk_read_limits
[    1.073301] [rhcov] virtblk_get_cache_mode
[    1.073339] [rhcov] virtblk_get_cache_mode
[    1.073368] [rhcov] virtblk_get_cache_mode
[    1.073397] [rhcov] virtblk_get_cache_mode
[    1.073581] [rhcov] virtblk_name_format
[    1.073615] [rhcov] virtblk_name_format
[    1.073645] [rhcov] virtblk_name_format
[    1.073673] [rhcov] virtblk_name_format
[    1.073730] [rhcov] index_to_minor
[    1.073757] [rhcov] index_to_minor
[    1.073784] [rhcov] index_to_minor
[    1.073810] [rhcov] index_to_minor
[    1.073885] [rhcov] virtblk_update_capacity
[    1.073915] [rhcov] virtblk_update_capacity
[    1.073944] [rhcov] virtblk_update_capacity
[    1.073973] [rhcov] virtblk_update_capacity
[    1.074099] virtio_blk virtio0: [vda] 131072 512-byte logical blocks (67.1 MB/64.0 MiB)
[    1.074349] [rhcov] virtblk_attrs_are_visible
[    1.074386] [rhcov] virtblk_attrs_are_visible
[    1.074416] [rhcov] virtblk_attrs_are_visible
[    1.074446] [rhcov] virtblk_attrs_are_visible
[    1.077098] [rhcov] virtio_queue_rqs
[    1.077161] [rhcov] virtio_queue_rqs
[    1.077190] [rhcov] virtio_queue_rqs
[    1.077217] [rhcov] virtio_queue_rqs
[    1.077257] [rhcov] get_virtio_blk_vq
[    1.077302] [rhcov] get_virtio_blk_vq
[    1.077331] [rhcov] get_virtio_blk_vq
[    1.077359] [rhcov] get_virtio_blk_vq
[    1.077393] [rhcov] virtblk_prep_rq_batch
[    1.077422] [rhcov] virtblk_prep_rq_batch
[    1.077451] [rhcov] virtblk_prep_rq_batch
[    1.077480] [rhcov] virtblk_prep_rq_batch
[    1.077520] [rhcov] virtblk_prep_rq
[    1.077546] [rhcov] virtblk_prep_rq
[    1.077571] [rhcov] virtblk_prep_rq
[    1.077596] [rhcov] virtblk_prep_rq
[    1.077621] [rhcov] virtblk_setup_cmd
[    1.077647] [rhcov] virtblk_setup_cmd
[    1.077674] [rhcov] virtblk_setup_cmd
[    1.077700] [rhcov] virtblk_setup_cmd
[    1.077761] [rhcov] virtblk_map_data
[    1.077788] [rhcov] virtblk_map_data
[    1.077815] [rhcov] virtblk_map_data
[    1.077840] [rhcov] virtblk_map_data
[    1.077945] [rhcov] virtblk_add_req_batch
[    1.077975] [rhcov] virtblk_add_req_batch
[    1.078004] [rhcov] virtblk_add_req_batch
[    1.078033] [rhcov] virtblk_add_req_batch
[    1.078082] [rhcov] virtblk_add_req
[    1.078108] [rhcov] virtblk_add_req
[    1.078137] [rhcov] virtblk_add_req
[    1.078162] [rhcov] virtblk_add_req
[    1.078701] [rhcov] virtblk_done
[    1.078741] [rhcov] virtblk_done
[    1.078765] [rhcov] virtblk_done
[    1.078790] [rhcov] virtblk_done
[    1.078992] [rhcov] virtblk_request_done
[    1.079022] [rhcov] virtblk_request_done
[    1.079049] [rhcov] virtblk_request_done
[    1.079078] [rhcov] virtblk_request_done
[    1.079105] [rhcov] virtblk_vbr_status
[    1.079135] [rhcov] virtblk_vbr_status
[    1.079161] [rhcov] virtblk_vbr_status
[    1.079187] [rhcov] virtblk_vbr_status
[    1.079216] [rhcov] virtblk_result
[    1.079242] [rhcov] virtblk_result
[    1.079269] [rhcov] virtblk_result
[    1.079302] [rhcov] virtblk_result
[    1.079337] [rhcov] virtblk_unmap_data
[    1.079365] [rhcov] virtblk_unmap_data
[    1.079392] [rhcov] virtblk_unmap_data
[    1.079421] [rhcov] virtblk_unmap_data
[    1.079460] [rhcov] virtblk_cleanup_cmd
[    1.079487] [rhcov] virtblk_cleanup_cmd
[    1.079514] [rhcov] virtblk_cleanup_cmd
[    1.079541] [rhcov] virtblk_cleanup_cmd
[    1.085838] insmod (62) used greatest stack depth: 12176 bytes left
REHARNESS_DRIVER_INSMOD_RC=0
=== dmesg ===
[    0.547702] usbcore: registered new device driver usb
[    0.547876] pps_core: LinuxPPS API ver. 1 registered
[    0.547995] PTP clock support registered
[    0.580921] NET: Registered PF_INET protocol family
[    0.598493] Key type asymmetric registered
[    0.598572] Asymmetric key parser 'x509' registered
[    0.599003] io scheduler mq-deadline registered
[    0.599065] io scheduler kyber registered
[    0.645992] rtc_cmos PNP0B00:00: registered as rtc0
[    0.651220] usbcore: registered new interface driver usbhid
[    0.651897] NET: Registered PF_INET6 protocol family
[    1.065931] [rhcov] virtio_blk_init
[    1.066037] [rhcov] virtio_blk_init
[    1.066067] [rhcov] virtio_blk_init
[    1.066096] [rhcov] virtio_blk_init
[    1.067641] [rhcov] virtblk_probe
[    1.067680] [rhcov] virtblk_probe
[    1.067708] [rhcov] virtblk_probe
[    1.067734] [rhcov] virtblk_probe
[    1.068143] virtio_blk virtio0: 2/0/0 default/read/poll queues
[    1.074099] virtio_blk virtio0: [vda] 131072 512-byte logical blocks (67.1 MB/64.0 MiB)
[    1.077257] [rhcov] get_virtio_blk_vq
[    1.077302] [rhcov] get_virtio_blk_vq
[    1.077331] [rhcov] get_virtio_blk_vq
[    1.077359] [rhcov] get_virtio_blk_vq
=== exerciser ===
REHARNESS_STORAGE_OK read=512 bytes
EXERCISER_RC=0
=== rmmod virtio_blk ===
[    1.130376] [rhcov] virtio_blk_fini
[    1.130466] [rhcov] virtio_blk_fini
[    1.130494] [rhcov] virtio_blk_fini
[    1.130520] [rhcov] virtio_blk_fini
[    1.130734] [rhcov] virtblk_remove
[    1.130763] [rhcov] virtblk_remove
[    1.130789] [rhcov] virtblk_remove
[    1.130815] [rhcov] virtblk_remove
[    1.147942] [rhcov] virtblk_free_disk
[    1.148015] [rhcov] virtblk_free_disk
[    1.148044] [rhcov] virtblk_free_disk
[    1.148072] [rhcov] virtblk_free_disk
REHARNESS_DRIVER_RMMOD_RC=0
=== QEMU_RUN_DONE ===
[    1.371246] sysrq: Power Off
[    1.371711] Kernel panic - not syncing: Attempted to kill init! exitcode=0x00000000
[    1.372042] CPU: 1 UID: 0 PID: 1 Comm: init Not tainted 7.1.0-rc7+ #18 PREEMPT(lazy) 
[    1.372137] Hardware name: QEMU Standard PC (i440FX + PIIX, 1996), BIOS rel-1.17.0-0-gb52ca86e094d-prebuilt.qemu.org 04/01/2014
[    1.372272] Call Trace:
[    1.372632]  <TASK>
[    1.372776]  vpanic+0x32f/0x4b0
[    1.372945]  panic+0x63/0x70
[    1.372970]  do_exit+0x952/0xaf0
[    1.372996]  do_group_exit+0x30/0x80
[    1.373021]  __x64_sys_exit_group+0x18/0x20
[    1.373054]  x64_sys_call+0x12e2/0x1880
[    1.373081]  do_syscall_64+0x10e/0x4e0
[    1.373112]  entry_SYSCALL_64_after_hwframe+0x77/0x7f
[    1.373221] RIP: 0033:0x7f8b5922431d
[    1.373367] Code: 02 ba ff ff ff ff 89 d0 c3 0f 1f 40 00 f3 0f 1e fa 48 8b 35 ed 4a 11 00 ba e7 00 00 00 eb 07 66 0f 1f 44 00 00 f4 89 d0 0f 05 <48> 3d 00 f0 ff ff 76 f3 f7 d8 64 89 06 eb ec 0f 1f 40 00 f3 0f 1e
[    1.373494] RSP: 002b:00007ffff636ded8 EFLAGS: 00000202 ORIG_RAX: 00000000000000e7
[    1.373558] RAX: ffffffffffffffda RBX: 00007ffff636e160 RCX: 00007f8b5922431d
[    1.373619] RDX: 00000000000000e7 RSI: ffffffffffffff88 RDI: 0000000000000000
[    1.373663] RBP: 00007ffff636dfb0 R08: 0000562b33cdc010 R09: 0000000000000007
[    1.373706] R10: 0000562b33cde960 R11: 0000000000000202 R12: 0000000000000000
[    1.373748] R13: 00007ffff636e150 R14: 0000562b11d7edd8 R15: 00007f8b5938a000
[    1.373815]  </TASK>
[    1.374196] Kernel Offset: disabled
[    1.374379] Rebooting in 1 seconds..
