c[?7l[2J[0mSeaBIOS (version rel-1.17.0-0-gb52ca86e094d-prebuilt.qemu.org)


iPXE (http://ipxe.org) 00:03.0 CA00 PCI2.10 PnP PMM+0EFD1C40+0EF31C40 CA00
Press Ctrl-B to configure iPXE (PCI 00:03.0)...                                                                               


Booting from ROM..c[?7l[2JNo EFI environment detected.
early console in extract_kernel
input_data: 0x000000000266c2c4
input_len: 0x000000000095c97d
output: 0x0000000001000000
output_len: 0x0000000001f8870c
kernel_total_size: 0x0000000001d8c000
needed_size: 0x0000000002000000
trampoline_32bit: 0x0000000000000000


KASLR disabled: 'nokaslr' on cmdline.


Decompressing Linux... Parsing ELF... No relocation needed... done.
Booting the kernel (entry_offset: 0x0000000001a193b0).
[    0.000000] Linux version 7.1.0-rc7+ (yfblock@9950x) (gcc (Ubuntu 13.3.0-6ubuntu2~24.04.1) 13.3.0, GNU ld (GNU Binutils for Ubuntu) 2.42) #18 SMP PREEMPT_DYNAMIC Mon Aug 31 01:09:14 CST 2026
[    0.000000] Command line: console=ttyS0 nokaslr panic=1 ignore_loglevel earlyprintk=serial,ttyS0,115200
[    0.000000] BIOS-provided physical RAM map:
[    0.000000] BIOS-e820: [mem 0x0000000000000000-0x000000000009fbff]  System RAM
[    0.000000] BIOS-e820: [mem 0x000000000009fc00-0x000000000009ffff]  device reserved
[    0.000000] BIOS-e820: [gap 0x00000000000a0000-0x00000000000effff]
[    0.000000] BIOS-e820: [mem 0x00000000000f0000-0x00000000000fffff]  device reserved
[    0.000000] BIOS-e820: [mem 0x0000000000100000-0x000000000ffdefff]  System RAM
[    0.000000] BIOS-e820: [mem 0x000000000ffdf000-0x000000000fffffff]  device reserved
[    0.000000] BIOS-e820: [gap 0x0000000010000000-0x00000000fffbffff]
[    0.000000] BIOS-e820: [mem 0x00000000fffc0000-0x00000000ffffffff]  device reserved
[    0.000000] BIOS-e820: [gap 0x0000000100000000-0x000000fcffffffff]
[    0.000000] BIOS-e820: [mem 0x000000fd00000000-0x000000ffffffffff]  device reserved
[    0.000000] printk: debug: ignoring loglevel setting.
[    0.000000] printk: legacy bootconsole [earlyser0] enabled
[    0.000000] NX (Execute Disable) protection: active
[    0.000000] APIC: Static calls initialized
[    0.000000] DMI: SMBIOS 2.8 present.
[    0.000000] DMI: QEMU Standard PC (i440FX + PIIX, 1996), BIOS rel-1.17.0-0-gb52ca86e094d-prebuilt.qemu.org 04/01/2014
[    0.000000] DMI: Memory slots populated: 1/1
[    0.000000] tsc: Fast TSC calibration using PIT
[    0.000000] tsc: Detected 4299.986 MHz processor
[    0.007962] e820: update [mem 0x00000000-0x00000fff] System RAM ==> device reserved
[    0.008145] e820: remove [mem 0x000a0000-0x000fffff] System RAM
[    0.008302] last_pfn = 0xffdf max_arch_pfn = 0x400000000
[    0.008747] MTRR map: 4 entries (3 fixed + 1 variable; max 19), built from 8 variable MTRRs
[    0.008912] x86/PAT: Configuration [0-7]: WB  WC  UC- UC  WB  WP  UC- WT  
[    0.020580] found SMP MP-table at [mem 0x000f54b0-0x000f54bf]
[    0.023710] RAMDISK: [mem 0x0f7f0000-0x0ffcffff]
[    0.023993] ACPI: Early table checksum verification disabled
[    0.024303] ACPI: RSDP 0x00000000000F52D0 000014 (v00 BOCHS )
[    0.024505] ACPI: RSDT 0x000000000FFE2389 000034 (v01 BOCHS  BXPC     00000001 BXPC 00000001)
[    0.025011] ACPI: FACP 0x000000000FFE2235 000074 (v01 BOCHS  BXPC     00000001 BXPC 00000001)
[    0.025448] ACPI: DSDT 0x000000000FFE0040 0021F5 (v01 BOCHS  BXPC     00000001 BXPC 00000001)
[    0.025555] ACPI: FACS 0x000000000FFE0000 000040
[    0.025618] ACPI: APIC 0x000000000FFE22A9 000080 (v03 BOCHS  BXPC     00000001 BXPC 00000001)
[    0.025685] ACPI: HPET 0x000000000FFE2329 000038 (v01 BOCHS  BXPC     00000001 BXPC 00000001)
[    0.025751] ACPI: WAET 0x000000000FFE2361 000028 (v01 BOCHS  BXPC     00000001 BXPC 00000001)
[    0.025862] ACPI: Reserving FACP table memory at [mem 0xffe2235-0xffe22a8]
[    0.025915] ACPI: Reserving DSDT table memory at [mem 0xffe0040-0xffe2234]
[    0.025960] ACPI: Reserving FACS table memory at [mem 0xffe0000-0xffe003f]
[    0.026004] ACPI: Reserving APIC table memory at [mem 0xffe22a9-0xffe2328]
[    0.026047] ACPI: Reserving HPET table memory at [mem 0xffe2329-0xffe2360]
[    0.026099] ACPI: Reserving WAET table memory at [mem 0xffe2361-0xffe2388]
[    0.027393] No NUMA configuration found
[    0.027435] Faking a node at [mem 0x0000000000000000-0x000000000ffdefff]
[    0.027835] NODE_DATA(0) allocated [mem 0x0ffdb680-0x0ffdefff]
[    0.028343] ACPI: PM-Timer IO Port: 0x608
[    0.028614] ACPI: LAPIC_NMI (acpi_id[0xff] dfl dfl lint[0x1])
[    0.028875] IOAPIC[0]: apic_id 0, version 32, address 0xfec00000, GSI 0-23
[    0.028985] ACPI: INT_SRC_OVR (bus 0 bus_irq 0 global_irq 2 dfl dfl)
[    0.029164] ACPI: INT_SRC_OVR (bus 0 bus_irq 5 global_irq 5 high level)
[    0.029228] ACPI: INT_SRC_OVR (bus 0 bus_irq 9 global_irq 9 high level)
[    0.029320] ACPI: INT_SRC_OVR (bus 0 bus_irq 10 global_irq 10 high level)
[    0.029364] ACPI: INT_SRC_OVR (bus 0 bus_irq 11 global_irq 11 high level)
[    0.029510] ACPI: Using ACPI (MADT) for SMP configuration information
[    0.029573] ACPI: HPET id: 0x8086a201 base: 0xfed00000
[    0.029834] CPU topo: Max. logical packages:   1
[    0.029887] CPU topo: Max. logical nodes:      1
[    0.029920] CPU topo: Num. nodes per package:  1
[    0.029981] CPU topo: Max. logical dies:       1
[    0.030013] CPU topo: Max. dies per package:   1
[    0.030073] CPU topo: Max. threads per core:   1
[    0.030182] CPU topo: Num. cores per package:     2
[    0.030220] CPU topo: Num. threads per package:   2
[    0.030255] CPU topo: Allowing 2 present CPUs plus 0 hotplug CPUs
[    0.030762] PM: hibernation: Registered nosave memory: [mem 0x00000000-0x00000fff]
[    0.030826] PM: hibernation: Registered nosave memory: [mem 0x0009f000-0x000fffff]
[    0.030945] [gap 0x10000000-0xfffbffff] available for PCI devices
[    0.031015] Booting paravirtualized kernel on bare hardware
[    0.031233] clocksource: refined-jiffies: mask: 0xffffffff max_cycles: 0xffffffff, max_idle_ns: 1910969940391419 ns
[    0.038568] Zone ranges:
[    0.038604]   DMA      [mem 0x0000000000001000-0x0000000000ffffff]
[    0.038681]   DMA32    [mem 0x0000000001000000-0x000000000ffdefff]
[    0.038724]   Normal   empty
[    0.038757] Movable zone start for each node
[    0.038798] Early memory node ranges
[    0.038837]   node   0: [mem 0x0000000000001000-0x000000000009efff]
[    0.038955]   node   0: [mem 0x0000000000100000-0x000000000ffdefff]
[    0.039065] Initmem setup node 0 [mem 0x0000000000001000-0x000000000ffdefff]
[    0.039637] On node 0, zone DMA: 1 pages in unavailable ranges
[    0.039848] On node 0, zone DMA: 97 pages in unavailable ranges
[    0.040987] On node 0, zone DMA32: 33 pages in unavailable ranges
[    0.041150] setup_percpu: NR_CPUS:64 nr_cpumask_bits:2 nr_cpu_ids:2 nr_node_ids:1
[    0.042168] percpu: Embedded 52 pages/cpu s175064 r8192 d29736 u1048576
[    0.042441] pcpu-alloc: s175064 r8192 d29736 u1048576 alloc=1*2097152
[    0.042525] pcpu-alloc: [0] 0 1 
[    0.043416] Kernel command line: console=ttyS0 nokaslr panic=1 ignore_loglevel earlyprintk=serial,ttyS0,115200
[    0.044151] Unknown kernel command line parameters "nokaslr", will be passed to user space.
[    0.044328] printk: log buffer data + meta data: 262144 + 917504 = 1179648 bytes
[    0.044651] Dentry cache hash table entries: 32768 (order: 6, 262144 bytes, linear)
[    0.044779] Inode-cache hash table entries: 16384 (order: 5, 131072 bytes, linear)
[    0.046334] Fallback order for Node 0: 0 
[    0.046595] Built 1 zonelists, mobility grouping on.  Total pages: 65405
[    0.046677] Policy zone: DMA32
[    0.046844] mem auto-init: stack:all(zero), heap alloc:off, heap free:off
[    0.052179] SLUB: HWalign=64, Order=0-3, MinObjects=0, CPUs=2, Nodes=1
Poking KASLR using RDTSC...
[    0.074206] ftrace: allocating 38351 entries in 152 pages
[    0.074499] ftrace: allocated 152 pages with 3 groups
[    0.079118] Dynamic Preempt: lazy
[    0.080970] rcu: Preemptible hierarchical RCU implementation.
[    0.081016] rcu: 	RCU event tracing is enabled.
[    0.081055] rcu: 	RCU restricting CPUs from NR_CPUS=64 to nr_cpu_ids=2.
[    0.081182] 	Trampoline variant of Tasks RCU enabled.
[    0.081214] 	Rude variant of Tasks RCU enabled.
[    0.081244] 	Tracing variant of Tasks RCU enabled.
[    0.081329] rcu: RCU calculated value of scheduler-enlistment delay is 100 jiffies.
[    0.081384] rcu: Adjusting geometry for rcu_fanout_leaf=16, nr_cpu_ids=2
[    0.082106] RCU Tasks: Setting shift to 1 and lim to 1 rcu_task_cb_adjust=1 rcu_task_cpu_ids=2.
[    0.082166] RCU Tasks Rude: Setting shift to 1 and lim to 1 rcu_task_cb_adjust=1 rcu_task_cpu_ids=2.
[    0.096990] NR_IRQS: 4352, nr_irqs: 440, preallocated irqs: 16
[    0.102489] rcu: srcu_init: Setting srcu_struct sizes based on contention.
[    0.106906] Console: colour VGA+ 80x25
[    0.108059] printk: legacy console [ttyS0] enabled
[    0.108059] printk: legacy console [ttyS0] enabled
[    0.108335] printk: legacy bootconsole [earlyser0] disabled
[    0.108335] printk: legacy bootconsole [earlyser0] disabled
[    0.109205] ACPI: Core revision 20251212
[    0.112434] clocksource: hpet: mask: 0xffffffff max_cycles: 0xffffffff, max_idle_ns: 19112604467 ns
[    0.115389] APIC: Switch to symmetric I/O mode setup
[    0.118103] ..TIMER: vector=0x30 apic1=0 pin1=2 apic2=-1 pin2=-1
[    0.123305] clocksource: tsc-early: mask: 0xffffffffffffffff max_cycles: 0x3dfb55caa0e, max_idle_ns: 440795204413 ns
[    0.123598] Calibrating delay loop (skipped), value calculated using timer frequency.. 8599.97 BogoMIPS (lpj=4299986)
[    0.125959] Last level iTLB entries: 4KB 512, 2MB 255, 4MB 127
[    0.126021] Last level dTLB entries: 4KB 512, 2MB 255, 4MB 127, 1GB 0
[    0.126200] mitigations: Enabled attack vectors: user_kernel, user_user, SMT mitigations: auto
[    0.126496] Spectre V2 : Mitigation: Retpolines
[    0.126599] Spectre V1 : Mitigation: usercopy/swapgs barriers and __user pointer sanitization
[    0.126705] Spectre V2 : Spectre v2 / SpectreRSB: Filling RSB on context switch and VMEXIT
[    0.127189] x86/fpu: x87 FPU will use FXSAVE
[    0.192575] pid_max: default: 32768 minimum: 301
[    0.200967] Mount-cache hash table entries: 512 (order: 0, 4096 bytes, linear)
[    0.201105] Mountpoint-cache hash table entries: 512 (order: 0, 4096 bytes, linear)
[    0.205899] VFS: Finished mounting rootfs on nullfs
[    0.320100] smpboot: CPU0: AMD QEMU Virtual CPU version 2.5+ (family: 0xf, model: 0x6b, stepping: 0x1)
[    0.326551] Performance Events: PMU not available due to virtualization, using software events only.
[    0.327183] signal: max sigframe size: 1440
[    0.327881] rcu: Hierarchical SRCU implementation.
[    0.327938] rcu: 	Max phase no-delay instances is 400.
[    0.328652] Timer migration: 1 hierarchy levels; 8 children per group; 1 crossnode level
[    0.331287] smp: Bringing up secondary CPUs ...
[    0.335328] smpboot: x86: Booting SMP configuration:
[    0.335389] .... node  #0, CPUs:      #1
[    0.403807] smp: Brought up 1 node, 2 CPUs
[    0.404586] smpboot: Total of 2 processors activated (17201.47 BogoMIPS)
[    0.409235] Memory: 214380K/261620K available (12748K kernel code, 2347K rwdata, 5156K rodata, 2808K init, 544K bss, 43788K reserved, 0K cma-reserved)
[    0.414084] devtmpfs: initialized
[    0.419996] clocksource: jiffies: mask: 0xffffffff max_cycles: 0xffffffff, max_idle_ns: 1911260446275000 ns
[    0.419996] posixtimers hash table entries: 1024 (order: 2, 16384 bytes, linear)
[    0.420187] futex hash table entries: 512 (32768 bytes on 1 NUMA nodes, total 32 KiB, linear).
[    0.422536] PM: RTC time: 06:52:07, date: 2026-08-31
[    0.425229] NET: Registered PF_NETLINK/PF_ROUTE protocol family
[    0.429776] thermal_sys: Registered thermal governor 'step_wise'
[    0.430590] cpuidle: using governor menu
[    0.431215] Freeing SMP alternatives memory: 36K
[    0.432664] PCI: Using configuration type 1 for base access
[    0.432937] mtrr: your CPUs had inconsistent fixed MTRR settings
[    0.432993] mtrr: your CPUs had inconsistent variable MTRR settings
[    0.433041] mtrr: your CPUs had inconsistent MTRRdefType settings
[    0.433093] mtrr: probably your BIOS does not setup all CPUs.
[    0.433134] mtrr: corrected configuration.
[    0.434499] kprobes: kprobe jump-optimization is enabled. All kprobes are optimized if possible.
[    0.436003] HugeTLB: registered 2.00 MiB page size, pre-allocated 0 pages
[    0.436081] HugeTLB: 28 KiB vmemmap can be freed for a 2.00 MiB page
[    0.438730] ACPI: Added _OSI(Module Device)
[    0.438782] ACPI: Added _OSI(Processor Device)
[    0.438815] ACPI: Added _OSI(Processor Aggregator Device)
[    0.450524] ACPI: 1 ACPI AML tables successfully acquired and loaded
[    0.459707] ACPI: \_SB_: platform _OSC: OS support mask [002a7eee]
[    0.464962] ACPI: Interpreter enabled
[    0.465627] ACPI: PM: (supports S0 S3 S4 S5)
[    0.465687] ACPI: Using IOAPIC for interrupt routing
[    0.465940] PCI: Using host bridge windows from ACPI; if necessary, use "pci=nocrs" and report a bug
[    0.466020] PCI: Using E820 reservations for host bridge windows
[    0.469622] ACPI: Enabled 2 GPEs in block 00 to 0F
[    0.504052] ACPI: PCI Root Bridge [PCI0] (domain 0000 [bus 00-ff])
[    0.504584] acpi PNP0A03:00: _OSC: OS supports [ASPM ClockPM Segments MSI HPX-Type3]
[    0.504746] acpi PNP0A03:00: _OSC: not requesting OS control; OS requires [ExtendedConfig ASPM ClockPM MSI]
[    0.504998] acpi PNP0A03:00: _OSC: platform retains control of PCIe features (AE_ERROR)
[    0.505295] acpi PNP0A03:00: fail to add MMCONFIG information, can't access extended configuration space under this bridge
[    0.507283] PCI host bridge to bus 0000:00
[    0.507469] pci_bus 0000:00: root bus resource [io  0x0000-0x0cf7 window]
[    0.507597] pci_bus 0000:00: root bus resource [io  0x0d00-0xffff window]
[    0.507647] pci_bus 0000:00: root bus resource [mem 0x000a0000-0x000bffff window]
[    0.507725] pci_bus 0000:00: root bus resource [mem 0x10000000-0xfebfffff window]
[    0.507786] pci_bus 0000:00: root bus resource [mem 0x100000000-0x17fffffff window]
[    0.507914] pci_bus 0000:00: root bus resource [bus 00-ff]
[    0.508460] pci 0000:00:00.0: [8086:1237] type 00 class 0x060000 conventional PCI endpoint
[    0.508460] pci 0000:00:01.0: [8086:7000] type 00 class 0x060100 conventional PCI endpoint
[    0.508604] pci 0000:00:01.1: [8086:7010] type 00 class 0x010180 conventional PCI endpoint
[    0.509127] pci 0000:00:01.1: BAR 4 [io  0xc040-0xc04f]
[    0.509483] pci 0000:00:01.1: BAR 0 [io  0x01f0-0x01f7]: legacy IDE quirk
[    0.509541] pci 0000:00:01.1: BAR 1 [io  0x03f6]: legacy IDE quirk
[    0.509601] pci 0000:00:01.1: BAR 2 [io  0x0170-0x0177]: legacy IDE quirk
[    0.509655] pci 0000:00:01.1: BAR 3 [io  0x0376]: legacy IDE quirk
[    0.510077] pci 0000:00:01.3: [8086:7113] type 00 class 0x068000 conventional PCI endpoint
[    0.510349] pci 0000:00:01.3: quirk: [io  0x0600-0x063f] claimed by PIIX4 ACPI
[    0.510417] pci 0000:00:01.3: quirk: [io  0x0700-0x070f] claimed by PIIX4 SMB
[    0.510771] pci 0000:00:02.0: [1234:1111] type 00 class 0x030000 conventional PCI endpoint
[    0.511365] pci 0000:00:02.0: BAR 0 [mem 0xfd000000-0xfdffffff pref]
[    0.511579] pci 0000:00:02.0: BAR 2 [mem 0xfebf4000-0xfebf4fff]
[    0.511626] pci 0000:00:02.0: ROM [mem 0xfebe0000-0xfebeffff pref]
[    0.511845] pci 0000:00:02.0: Video device with shadowed ROM at [mem 0x000c0000-0x000dffff]
[    0.512248] pci 0000:00:03.0: [8086:100e] type 00 class 0x020000 conventional PCI endpoint
[    0.512743] pci 0000:00:03.0: BAR 0 [mem 0xfebc0000-0xfebdffff]
[    0.512805] pci 0000:00:03.0: BAR 1 [io  0xc000-0xc03f]
[    0.512846] pci 0000:00:03.0: ROM [mem 0xfeb80000-0xfebbffff pref]
[    0.517052] pci 0000:00:04.0: [1b36:000d] type 00 class 0x0c0330 conventional PCI endpoint
[    0.517406] pci 0000:00:04.0: BAR 0 [mem 0xfebf0000-0xfebf3fff 64bit]
[    0.523182] ACPI: PCI: Interrupt link LNKA configured for IRQ 10
[    0.523703] ACPI: PCI: Interrupt link LNKB configured for IRQ 10
[    0.524045] ACPI: PCI: Interrupt link LNKC configured for IRQ 11
[    0.524358] ACPI: PCI: Interrupt link LNKD configured for IRQ 11
[    0.524575] ACPI: PCI: Interrupt link LNKS configured for IRQ 9
[    0.526699] iommu: Default domain type: Translated
[    0.526759] iommu: DMA domain TLB invalidation policy: lazy mode
[    0.527813] SCSI subsystem initialized
[    0.527924] libata version 3.00 loaded.
[    0.528902] ACPI: bus type USB registered
[    0.529217] usbcore: registered new interface driver usbfs
[    0.529422] usbcore: registered new interface driver hub
[    0.529536] usbcore: registered new device driver usb
[    0.529725] pps_core: LinuxPPS API ver. 1 registered
[    0.529765] pps_core: Software ver. 5.3.6 - Copyright 2005-2007 Rodolfo Giometti <giometti@linux.it>
[    0.529846] PTP clock support registered
[    0.535231] PCI: Using ACPI for IRQ routing
[    0.535339] PCI: pci_cache_line_size set to 64 bytes
[    0.535595] e820: register RAM buffer resource [mem 0x0009fc00-0x0009ffff]
[    0.535737] e820: register RAM buffer resource [mem 0x0ffdf000-0x0fffffff]
[    0.537850] pci 0000:00:02.0: vgaarb: setting as boot VGA device
[    0.537931] pci 0000:00:02.0: vgaarb: bridge control possible
[    0.537997] pci 0000:00:02.0: vgaarb: VGA device added: decodes=io+mem,owns=io+mem,locks=none
[    0.538480] vgaarb: loaded
[    0.539147] hpet: 3 channels of 0 reserved for per-cpu timers
[    0.539339] hpet0: at MMIO 0xfed00000, IRQs 2, 8, 0
[    0.539528] hpet0: 3 comparators, 64-bit 100.000000 MHz counter
[    0.543171] clocksource: Switched to clocksource tsc-early
[    0.543959] VFS: Disk quotas dquot_6.6.0
[    0.544058] VFS: Dquot-cache hash table entries: 512 (order 0, 4096 bytes)
[    0.545942] pnp: PnP ACPI init
[    0.547291] pnp 00:02: [dma 2]
[    0.548362] pnp: PnP ACPI: found 5 devices
[    0.563448] clocksource: acpi_pm: mask: 0xffffff max_cycles: 0xffffff, max_idle_ns: 2085701024 ns
[    0.563913] NET: Registered PF_INET protocol family
[    0.564513] IP idents hash table entries: 4096 (order: 3, 32768 bytes, linear)
[    0.566070] tcp_listen_portaddr_hash hash table entries: 256 (order: 0, 4096 bytes, linear)
[    0.566273] Table-perturb hash table entries: 65536 (order: 6, 262144 bytes, linear)
[    0.566356] TCP established hash table entries: 2048 (order: 2, 16384 bytes, linear)
[    0.566562] TCP bind hash table entries: 2048 (order: 4, 65536 bytes, linear)
[    0.566713] TCP: Hash tables configured (established 2048 bind 2048)
[    0.567507] UDP hash table entries: 256 (order: 2, 16384 bytes, linear)
[    0.568601] pci_bus 0000:00: resource 4 [io  0x0000-0x0cf7 window]
[    0.568664] pci_bus 0000:00: resource 5 [io  0x0d00-0xffff window]
[    0.568723] pci_bus 0000:00: resource 6 [mem 0x000a0000-0x000bffff window]
[    0.568773] pci_bus 0000:00: resource 7 [mem 0x10000000-0xfebfffff window]
[    0.568821] pci_bus 0000:00: resource 8 [mem 0x100000000-0x17fffffff window]
[    0.569178] pci 0000:00:01.0: PIIX3: Enabling Passive Release
[    0.569268] pci 0000:00:00.0: Limiting direct PCI/PCI transfers
[    0.574714] ACPI: \_SB_.LNKD: Enabled at IRQ 11
[    0.578939] PCI: CLS 0 bytes, default 64
[    0.582109] Unpacking initramfs...
[    0.586473] Initialise system trusted keyrings
[    0.587535] workingset: timestamp_bits=56 (anon: 52) max_order=16 bucket_order=0 (anon: 0)
[    0.589950] Key type asymmetric registered
[    0.590028] Asymmetric key parser 'x509' registered
[    0.590184] Block layer SCSI generic (bsg) driver version 0.4 loaded (major 250)
[    0.590470] io scheduler mq-deadline registered
[    0.590532] io scheduler kyber registered
[    0.593309] input: Power Button as /devices/platform/LNXPWRBN:00/input/input0
[    0.593931] ACPI: button: Power Button [PWRF]
[    0.598443] Serial: 8250/16550 driver, 4 ports, IRQ sharing enabled
[    0.600970] 00:04: ttyS0 at I/O 0x3f8 (irq = 4, base_baud = 115200) is a 16550A
[    0.605953] Non-volatile memory driver v1.3
[    0.615941] loop: module loaded
[    0.620980] scsi host0: ata_piix
[    0.622549] scsi host1: ata_piix
[    0.622872] ata1: PATA max MWDMA2 cmd 0x1f0 ctl 0x3f6 bmdma 0xc040 irq 14 lpm-pol 0
[    0.622956] ata2: PATA max MWDMA2 cmd 0x170 ctl 0x376 bmdma 0xc048 irq 15 lpm-pol 0
[    0.626178] i8042: PNP: PS/2 Controller [PNP0303:KBD,PNP0f13:MOU] at 0x60,0x64 irq 1,12
[    0.627998] serio: i8042 KBD port at 0x60,0x64 irq 1
[    0.628158] serio: i8042 AUX port at 0x60,0x64 irq 12
[    0.629648] rtc_cmos PNP0B00:00: RTC can wake from S4
[    0.632160] rtc_cmos PNP0B00:00: registered as rtc0
[    0.633067] rtc_cmos PNP0B00:00: alarms up to one day, y3k, 242 bytes nvram, hpet irqs
[    0.634000] device-mapper: ioctl: 4.50.0-ioctl (2025-04-28) initialised: dm-devel@lists.linux.dev
[    0.634245] amd_pstate: the _CPC object is not present in SBIOS or ACPI disabled
[    0.634451] hid: raw HID events driver (C) Jiri Kosina
[    0.634862] input: AT Translated Set 2 keyboard as /devices/platform/i8042/serio0/input/input1
[    0.637637] usbcore: registered new interface driver usbhid
[    0.637725] usbhid: USB HID core driver
[    0.638341] NET: Registered PF_INET6 protocol family
[    0.642305] Segment Routing with IPv6
[    0.642458] In-situ OAM (IOAM) with IPv6
[    0.644042] IPI shorthand broadcast: enabled
[    0.651793] sched_clock: Marking stable (641171715, 10519587)->(656632038, -4940736)
[    0.653120] Loading compiled-in X.509 certificates
[    0.659722] Demotion targets for Node 0: null
[    0.661612] PM:   Magic number: 6:317:874
[    0.662436] clk: Disabling unused clocks
[    0.662649] KTAP version 1
[    0.662676] 1..0
[    0.734330] Freeing initrd memory: 8064K
[    0.777668] ata2: found unknown device (class 0)
[    0.779615] ata2.00: ATAPI: QEMU DVD-ROM, 2.5+, max UDMA/100
[    0.786137] scsi 1:0:0:0: CD-ROM            QEMU     QEMU DVD-ROM     2.5+ PQ: 0 ANSI: 5
[    0.802417] sr 1:0:0:0: [sr0] scsi3-mmc drive: 4x/4x cd/rw xa/form2 tray
[    0.814656] cdrom: Uniform CD-ROM driver Revision: 3.20
[    0.822382] sr 1:0:0:0: Attached scsi CD-ROM sr0
[    0.823193] sr 1:0:0:0: Attached scsi generic sg0 type 5
[    0.861252] Freeing unused kernel image (initmem) memory: 2808K
[    0.861454] Write protecting the kernel read-only data: 20480k
[    0.862889] Freeing unused kernel image (text/rodata gap) memory: 1584K
[    0.863365] Freeing unused kernel image (rodata/data gap) memory: 988K
[    0.949014] x86/mm: Checked W+X mappings: passed, no W+X pages found.
[    0.949215] Run /init as init process
[    0.949244]   with arguments:
[    0.949270]     /init
[    0.949291]     nokaslr
[    0.949310]   with environment:
[    0.949334]     HOME=/
[    0.949354]     TERM=linux
[    1.008844] mount (54) used greatest stack depth: 13208 bytes left
[    1.017179] mount (55) used greatest stack depth: 13152 bytes left
=== insmod required kernel module xhci-hcd ===
[    1.051435] input: ImExPS/2 Generic Explorer Mouse as /devices/platform/i8042/serio1/input/input3
REHARNESS_KERNEL_MODULE_0_NAME=xhci-hcd
REHARNESS_KERNEL_MODULE_0_INSMOD_RC=0
=== insmod required kernel module xhci-pci ===
[    1.072596] xhci_hcd 0000:00:04.0: xHCI Host Controller
[    1.072923] xhci_hcd 0000:00:04.0: new USB bus registered, assigned bus number 1
[    1.074856] xhci_hcd 0000:00:04.0: hcc params 0x00087001 hci version 0x100 quirks 0x0000000000000010
[    1.078261] xhci_hcd 0000:00:04.0: xHCI Host Controller
[    1.078317] xhci_hcd 0000:00:04.0: new USB bus registered, assigned bus number 2
[    1.078401] xhci_hcd 0000:00:04.0: Host supports USB 3.0 SuperSpeed
[    1.083945] hub 1-0:1.0: USB hub found
[    1.084293] hub 1-0:1.0: 4 ports detected
[    1.086152] usb usb2: We don't know the algorithms for LPM for this host, disabling LPM.
[    1.086816] hub 2-0:1.0: USB hub found
[    1.086958] hub 2-0:1.0: 4 ports detected
[    1.088525] insmod (62) used greatest stack depth: 11984 bytes left
REHARNESS_KERNEL_MODULE_1_NAME=xhci-pci
REHARNESS_KERNEL_MODULE_1_INSMOD_RC=0
=== insmod usb_storage ===
[    1.096859] [rhcov] usb_stor_host_template_init
[    1.096928] [rhcov] usb_stor_host_template_init
[    1.096960] [rhcov] usb_stor_host_template_init
[    1.096998] [rhcov] usb_stor_host_template_init
[    1.097159] usbcore: registered new interface driver usb-storage
REHARNESS_DRIVER_INSMOD_RC=0
[    1.411378] usb 2-1: new SuperSpeed USB device number 2 using xhci_hcd
[    1.425313] [rhcov] storage_probe
[    1.425390] [rhcov] storage_probe
[    1.425417] [rhcov] storage_probe
[    1.425444] [rhcov] storage_probe
[    1.425481] [rhcov] usb_usual_ignore_device
[    1.425511] [rhcov] usb_usual_ignore_device
[    1.425570] [rhcov] usb_usual_ignore_device
[    1.425600] [rhcov] usb_usual_ignore_device
[    1.425649] usb-storage 2-1:1.0: USB Mass Storage device detected
[    1.426272] [rhcov] usb_stor_sg_tablesize
[    1.426320] [rhcov] usb_stor_sg_tablesize
[    1.426348] [rhcov] usb_stor_sg_tablesize
[    1.426377] [rhcov] usb_stor_sg_tablesize
[    1.426412] [rhcov] us_set_lock_class
[    1.426438] [rhcov] us_set_lock_class
[    1.426464] [rhcov] us_set_lock_class
[    1.426489] [rhcov] us_set_lock_class
[    1.426567] [rhcov] associate_dev
[    1.426594] [rhcov] associate_dev
[    1.426619] [rhcov] associate_dev
[    1.426642] [rhcov] associate_dev
[    1.426733] [rhcov] get_device_info
[    1.426762] [rhcov] get_device_info
[    1.426789] [rhcov] get_device_info
[    1.426824] [rhcov] get_device_info
[    1.426897] [rhcov] usb_stor_adjust_quirks
[    1.426935] [rhcov] usb_stor_adjust_quirks
[    1.426974] [rhcov] usb_stor_adjust_quirks
[    1.427010] [rhcov] usb_stor_adjust_quirks
[    1.427068] [rhcov] get_transport
[    1.427093] [rhcov] get_transport
[    1.427118] [rhcov] get_transport
[    1.427142] [rhcov] get_transport
[    1.427176] [rhcov] get_protocol
[    1.427200] [rhcov] get_protocol
[    1.427224] [rhcov] get_protocol
[    1.427248] [rhcov] get_protocol
[    1.427305] [rhcov] usb_stor_probe2
[    1.427330] [rhcov] usb_stor_probe2
[    1.427355] [rhcov] usb_stor_probe2
[    1.427380] [rhcov] usb_stor_probe2
[    1.427423] [rhcov] get_pipes
[    1.427445] [rhcov] get_pipes
[    1.427469] [rhcov] get_pipes
[    1.427492] [rhcov] get_pipes
[    1.427736] [rhcov] usb_stor_acquire_resources
[    1.427773] [rhcov] usb_stor_acquire_resources
[    1.427803] [rhcov] usb_stor_acquire_resources
[    1.427832] [rhcov] usb_stor_acquire_resources
[    1.428071] [rhcov] host_info
[    1.428100] [rhcov] host_info
[    1.428122] [rhcov] host_info
[    1.428144] [rhcov] host_info
[    1.428170] scsi host2: usb-storage 2-1:1.0
[    1.428586] [rhcov] usb_stor_control_thread
[    1.428623] [rhcov] usb_stor_control_thread
[    1.428654] [rhcov] usb_stor_control_thread
[    1.428683] [rhcov] usb_stor_control_thread
REHARNESS_DRIVER_PROBE_BOUND=1
=== dmesg ===
[    0.528902] ACPI: bus type USB registered
[    0.529217] usbcore: registered new interface driver usbfs
[    0.529422] usbcore: registered new interface driver hub
[    0.529536] usbcore: registered new device driver usb
[    0.529725] pps_core: LinuxPPS API ver. 1 registered
[    0.529846] PTP clock support registered
[    0.563913] NET: Registered PF_INET protocol family
[    0.589950] Key type asymmetric registered
[    0.590028] Asymmetric key parser 'x509' registered
[    0.590470] io scheduler mq-deadline registered
[    0.590532] io scheduler kyber registered
[    0.632160] rtc_cmos PNP0B00:00: registered as rtc0
[    0.637637] usbcore: registered new interface driver usbhid
[    0.638341] NET: Registered PF_INET6 protocol family
[    1.072923] xhci_hcd 0000:00:04.0: new USB bus registered, assigned bus number 1
[    1.078317] xhci_hcd 0000:00:04.0: new USB bus registered, assigned bus number 2
[    1.097159] usbcore: registered new interface driver usb-storage
[    1.425313] [rhcov] storage_probe
[    1.425390] [rhcov] storage_probe
[    1.425417] [rhcov] storage_probe
[    1.425444] [rhcov] storage_probe
[    1.427305] [rhcov] usb_stor_probe2
[    1.427330] [rhcov] usb_stor_probe2
[    1.427355] [rhcov] usb_stor_probe2
[    1.427380] [rhcov] usb_stor_probe2
=== exerciser ===
[    1.616752] tsc: Refined TSC clocksource calibration: 4299.920 MHz
[    1.617140] clocksource: tsc: mask: 0xffffffffffffffff max_cycles: 0x3dfb17e3b07, max_idle_ns: 440795341642 ns
[    1.618155] clocksource: Switched to clocksource tsc
[    2.448974] [rhcov] usb_stor_scan_dwork
[    2.449117] [rhcov] usb_stor_scan_dwork
[    2.449157] [rhcov] usb_stor_scan_dwork
[    2.449202] [rhcov] usb_stor_scan_dwork
[    2.449299] [rhcov] usb_stor_Bulk_max_lun
[    2.449340] [rhcov] usb_stor_Bulk_max_lun
[    2.449377] [rhcov] usb_stor_Bulk_max_lun
[    2.449413] [rhcov] usb_stor_Bulk_max_lun
[    2.449492] [rhcov] usb_stor_control_msg
[    2.449530] [rhcov] usb_stor_control_msg
[    2.449634] [rhcov] usb_stor_control_msg
[    2.449673] [rhcov] usb_stor_control_msg
[    2.449742] [rhcov] usb_stor_msg_common
[    2.449779] [rhcov] usb_stor_msg_common
[    2.449813] [rhcov] usb_stor_msg_common
[    2.449847] [rhcov] usb_stor_msg_common
[    2.450152] [rhcov] usb_stor_blocking_completion
[    2.450295] [rhcov] usb_stor_blocking_completion
[    2.450338] [rhcov] usb_stor_blocking_completion
[    2.450378] [rhcov] usb_stor_blocking_completion
[    2.450803] [rhcov] target_alloc
[    2.450851] [rhcov] target_alloc
[    2.450884] [rhcov] target_alloc
[    2.450921] [rhcov] target_alloc
[    2.451233] [rhcov] sdev_init
[    2.451269] [rhcov] sdev_init
[    2.451300] [rhcov] sdev_init
[    2.451331] [rhcov] sdev_init
[    2.451488] [rhcov] queuecommand_lck
[    2.451526] [rhcov] queuecommand_lck
[    2.451561] [rhcov] queuecommand_lck
[    2.451596] [rhcov] queuecommand_lck
[    2.451790] [rhcov] usb_stor_transparent_scsi_command
[    2.451848] [rhcov] usb_stor_transparent_scsi_command
[    2.451890] [rhcov] usb_stor_transparent_scsi_command
[    2.451939] [rhcov] usb_stor_transparent_scsi_command
[    2.451998] [rhcov] usb_stor_invoke_transport
[    2.452039] [rhcov] usb_stor_invoke_transport
[    2.452078] [rhcov] usb_stor_invoke_transport
[    2.452117] [rhcov] usb_stor_invoke_transport
[    2.452169] [rhcov] usb_stor_Bulk_transport
[    2.452208] [rhcov] usb_stor_Bulk_transport
[    2.452245] [rhcov] usb_stor_Bulk_transport
[    2.452283] [rhcov] usb_stor_Bulk_transport
[    2.452379] [rhcov] usb_stor_bulk_transfer_buf
[    2.452418] [rhcov] usb_stor_bulk_transfer_buf
[    2.452455] [rhcov] usb_stor_bulk_transfer_buf
[    2.452492] [rhcov] usb_stor_bulk_transfer_buf
[    2.453035] [rhcov] interpret_urb_result
[    2.453081] [rhcov] interpret_urb_result
[    2.453115] [rhcov] interpret_urb_result
[    2.453149] [rhcov] interpret_urb_result
[    2.453238] [rhcov] usb_stor_bulk_srb
[    2.453272] [rhcov] usb_stor_bulk_srb
[    2.453304] [rhcov] usb_stor_bulk_srb
[    2.453336] [rhcov] usb_stor_bulk_srb
[    2.453387] [rhcov] usb_stor_bulk_transfer_sglist
[    2.453428] [rhcov] usb_stor_bulk_transfer_sglist
[    2.453469] [rhcov] usb_stor_bulk_transfer_sglist
[    2.453508] [rhcov] usb_stor_bulk_transfer_sglist
[    2.454205] [rhcov] last_sector_hacks
[    2.454249] [rhcov] last_sector_hacks
[    2.454285] [rhcov] last_sector_hacks
[    2.454319] [rhcov] last_sector_hacks
[    2.454608] scsi 2:0:0:0: Direct-Access     QEMU     QEMU HARDDISK    2.5+ PQ: 0 ANSI: 5
[    2.454704] [rhcov] sdev_configure
[    2.454738] [rhcov] sdev_configure
[    2.454771] [rhcov] sdev_configure
[    2.454804] [rhcov] sdev_configure
[    2.456783] sd 2:0:0:0: Attached scsi generic sg1 type 0
[    2.457612] sd 2:0:0:0: [sda] 131072 512-byte logical blocks: (67.1 MB/64.0 MiB)
[    2.459918] sd 2:0:0:0: [sda] Write Protect is off
[    2.460009] sd 2:0:0:0: [sda] Mode Sense: 63 00 10 08
[    2.460361] sd 2:0:0:0: [sda] Write cache: enabled, read cache: enabled, supports DPO and FUA
[    2.479709] sd 2:0:0:0: [sda] Attached SCSI disk
REHARNESS_STORAGE_OK read=512 bytes
EXERCISER_RC=0
=== rmmod usb_storage ===
[    2.533061] usbcore: deregistering interface driver usb-storage
[    2.533451] [rhcov] usb_stor_disconnect
[    2.533492] [rhcov] usb_stor_disconnect
[    2.533527] [rhcov] usb_stor_disconnect
[    2.533629] [rhcov] usb_stor_disconnect
[    2.533667] [rhcov] quiesce_and_remove_host
[    2.533702] [rhcov] quiesce_and_remove_host
[    2.533737] [rhcov] quiesce_and_remove_host
[    2.533772] [rhcov] quiesce_and_remove_host
[    2.553312] sd 2:0:0:0: [sda] Synchronizing SCSI cache
[    2.559202] [rhcov] release_everything
[    2.559273] [rhcov] release_everything
[    2.559308] [rhcov] release_everything
[    2.559342] [rhcov] release_everything
[    2.559375] [rhcov] usb_stor_release_resources
[    2.559413] [rhcov] usb_stor_release_resources
[    2.559451] [rhcov] usb_stor_release_resources
[    2.559488] [rhcov] usb_stor_release_resources
[    2.559773] [rhcov] dissociate_dev
[    2.559814] [rhcov] dissociate_dev
[    2.559847] [rhcov] dissociate_dev
[    2.559879] [rhcov] dissociate_dev
REHARNESS_DRIVER_RMMOD_RC=0
=== QEMU_RUN_DONE ===
[    2.786823] sysrq: Power Off
[    2.787226] Kernel panic - not syncing: Attempted to kill init! exitcode=0x00000000
[    2.787524] CPU: 0 UID: 0 PID: 1 Comm: init Not tainted 7.1.0-rc7+ #18 PREEMPT(lazy) 
[    2.787618] Hardware name: QEMU Standard PC (i440FX + PIIX, 1996), BIOS rel-1.17.0-0-gb52ca86e094d-prebuilt.qemu.org 04/01/2014
[    2.787749] Call Trace:
[    2.788099]  <TASK>
[    2.788175]  vpanic+0x32f/0x4b0
[    2.788339]  panic+0x63/0x70
[    2.788363]  do_exit+0x952/0xaf0
[    2.788388]  do_group_exit+0x30/0x80
[    2.788412]  __x64_sys_exit_group+0x18/0x20
[    2.788444]  x64_sys_call+0x12e2/0x1880
[    2.788470]  do_syscall_64+0x10e/0x4e0
[    2.788499]  entry_SYSCALL_64_after_hwframe+0x77/0x7f
[    2.788601] RIP: 0033:0x7f0c71c0631d
[    2.788743] Code: 02 ba ff ff ff ff 89 d0 c3 0f 1f 40 00 f3 0f 1e fa 48 8b 35 ed 4a 11 00 ba e7 00 00 00 eb 07 66 0f 1f 44 00 00 f4 89 d0 0f 05 <48> 3d 00 f0 ff ff 76 f3 f7 d8 64 89 06 eb ec 0f 1f 40 00 f3 0f 1e
[    2.788858] RSP: 002b:00007ffc51a23cb8 EFLAGS: 00000206 ORIG_RAX: 00000000000000e7
[    2.788927] RAX: ffffffffffffffda RBX: 00007ffc51a23f40 RCX: 00007f0c71c0631d
[    2.788968] RDX: 00000000000000e7 RSI: ffffffffffffff88 RDI: 0000000000000000
[    2.789009] RBP: 00007ffc51a23d90 R08: 000055630aad4010 R09: 0000000000000007
[    2.789050] R10: 000055630aad76d0 R11: 0000000000000206 R12: 0000000000000000
[    2.789091] R13: 00007ffc51a23f30 R14: 00005562f279ddd8 R15: 00007f0c71d6c000
[    2.789155]  </TASK>
[    2.789627] Kernel Offset: disabled
[    2.789806] Rebooting in 1 seconds..
