=== QEMU run: module=e1000 bus=pci timeout=90s ===
=== QEMU 退出码: 0 ===
[    0.030998] PM: hibernation: Registered nosave memory: [mem 0x00000000-0x00000fff]
[    0.031064] PM: hibernation: Registered nosave memory: [mem 0x0009f000-0x000fffff]
[    0.074290] ftrace: allocating 38351 entries in 152 pages
[    0.074581] ftrace: allocated 152 pages with 3 groups
[    0.426285] NET: Registered PF_NETLINK/PF_ROUTE protocol family
[    0.430793] thermal_sys: Registered thermal governor 'step_wise'
[    0.435276] kprobes: kprobe jump-optimization is enabled. All kprobes are optimized if possible.
[    0.436963] HugeTLB: registered 2.00 MiB page size, pre-allocated 0 pages
[    0.527195] ACPI: bus type USB registered
[    0.527556] usbcore: registered new interface driver usbfs
[    0.527776] usbcore: registered new interface driver hub
[    0.527889] usbcore: registered new device driver usb
[    0.528080] pps_core: LinuxPPS API ver. 1 registered
[    0.528203] PTP clock support registered
[    0.562793] NET: Registered PF_INET protocol family
[    0.579844] Key type asymmetric registered
[    0.579926] Asymmetric key parser 'x509' registered
[    0.580400] io scheduler mq-deadline registered
[    0.580462] io scheduler kyber registered
[    0.627483] rtc_cmos PNP0B00:00: registered as rtc0
[    0.632934] usbcore: registered new interface driver usbhid
[    0.633641] NET: Registered PF_INET6 protocol family
=== insmod e1000 ===
[    1.046954] e1000: [rhcov] e1000_probe
[    1.046992] e1000: [rhcov] e1000_probe
[    1.047021] e1000: [rhcov] e1000_probe
[    1.047050] e1000: [rhcov] e1000_probe
[    1.607635] insmod (62) used greatest stack depth: 12984 bytes left
REHARNESS_DRIVER_INSMOD_RC=0
                               drv probe link
EXERCISER_RC=0
=== rmmod e1000 ===
REHARNESS_DRIVER_RMMOD_RC=0
=== QEMU_RUN_DONE ===
[   10.388965] Call Trace:

=== 成功判定 ===
  done=1 probe=19 driver_probe_bound=0 driver_probe_unbound=0 real_oops=0 real_warning=0
  => 成功: e1000 probe 成功
QEMU runtime artifacts: /tmp/reharness-qemu-v2-e1000-qemu.LkaQpt
