c[?7l[2J[0mSeaBIOS (version rel-1.17.0-0-gb52ca86e094d-prebuilt.qemu.org)


iPXE (http://ipxe.org) 00:03.0 CA00 PCI2.10 PnP PMM+0EFD1C40+0EF31C40 CA00
Press Ctrl-B to configure iPXE (PCI 00:03.0)...                                                                               


Booting from ROM..c[?7l[2JNo EFI environment detected.
early console in extract_kernel
input_data: 0x000000000266e2c4
input_len: 0x0000000000941f16
output: 0x0000000001000000
output_len: 0x0000000001f706d0
kernel_total_size: 0x0000000001d76000
needed_size: 0x0000000002000000
trampoline_32bit: 0x0000000000000000


KASLR disabled: 'nokaslr' on cmdline.


Decompressing Linux... Parsing ELF... No relocation needed... done.
Booting the kernel (entry_offset: 0x0000000001a083b0).
[    0.000000] Linux version 7.1.0-rc7-gacb7500801e9 (yfblock@9950x) (gcc (Ubuntu 13.3.0-6ubuntu2~24.04.1) 13.3.0, GNU ld (GNU Binutils for Ubuntu) 2.42) #15 SMP PREEMPT_DYNAMIC Tue Aug 25 15:37:57 CST 2026
[    0.000000] Command line: console=ttyS0 nokaslr panic=1 ignore_loglevel earlyprintk=serial,ttyS0,115200
[    0.000000] BIOS-provided physical RAM map:
[    0.000000] BIOS-e820: [mem 0x0000000000000000-0x000000000009fbff]  System RAM
[    0.000000] BIOS-e820: [mem 0x000000000009fc00-0x000000000009ffff]  device reserved
[    0.000000] BIOS-e820: [gap 0x00000000000a0000-0x00000000000effff]
[    0.000000] BIOS-e820: [mem 0x00000000000f0000-0x00000000000fffff]  device reserved
[    0.000000] BIOS-e820: [mem 0x0000000000100000-0x000000000ffdcfff]  System RAM
[    0.000000] BIOS-e820: [mem 0x000000000ffdd000-0x000000000fffffff]  device reserved
[    0.000000] BIOS-e820: [gap 0x0000000010000000-0x00000000fffbffff]
[    0.000000] BIOS-e820: [mem 0x00000000fffc0000-0x00000000ffffffff]  device reserved
[    0.000000] BIOS-e820: [gap 0x0000000100000000-0x000000fcffffffff]
[    0.000000] BIOS-e820: [mem 0x000000fd00000000-0x000000ffffffffff]  device reserved
[    0.000000] printk: debug: ignoring loglevel setting.
[    0.000000] printk: legacy bootconsole [earlyser0] enabled
[    0.000000] NX (Execute Disable) protection: active
[    0.000000] APIC: Static calls initialized
[    0.000000] DMI: SMBIOS 2.8 present.
[    0.000000] DMI: QEMU Standard PC (i440FX + PIIX, 1996), BIOS rel-1.17.0-0-gb52ca86e094d-prebuilt.qemu.org 04/01/2014
[    0.000000] DMI: Memory slots populated: 1/1
[    0.000000] tsc: Fast TSC calibration using PIT
[    0.000000] tsc: Detected 4299.963 MHz processor
[    0.007913] e820: update [mem 0x00000000-0x00000fff] System RAM ==> device reserved
[    0.008088] e820: remove [mem 0x000a0000-0x000fffff] System RAM
[    0.008238] last_pfn = 0xffdd max_arch_pfn = 0x400000000
[    0.008750] MTRR map: 4 entries (3 fixed + 1 variable; max 19), built from 8 variable MTRRs
[    0.008909] x86/PAT: Configuration [0-7]: WB  WC  UC- UC  WB  WP  UC- WT  
[    0.020930] found SMP MP-table at [mem 0x000f54b0-0x000f54bf]
[    0.023875] RAMDISK: [mem 0x0f7cf000-0x0ffcffff]
[    0.024162] ACPI: Early table checksum verification disabled
[    0.024449] ACPI: RSDP 0x00000000000F52D0 000014 (v00 BOCHS )
[    0.024642] ACPI: RSDT 0x000000000FFE2389 000034 (v01 BOCHS  BXPC     00000001 BXPC 00000001)
[    0.025115] ACPI: FACP 0x000000000FFE2235 000074 (v01 BOCHS  BXPC     00000001 BXPC 00000001)
[    0.025547] ACPI: DSDT 0x000000000FFE0040 0021F5 (v01 BOCHS  BXPC     00000001 BXPC 00000001)
[    0.025646] ACPI: FACS 0x000000000FFE0000 000040
[    0.025708] ACPI: APIC 0x000000000FFE22A9 000080 (v03 BOCHS  BXPC     00000001 BXPC 00000001)
[    0.025777] ACPI: HPET 0x000000000FFE2329 000038 (v01 BOCHS  BXPC     00000001 BXPC 00000001)
[    0.025843] ACPI: WAET 0x000000000FFE2361 000028 (v01 BOCHS  BXPC     00000001 BXPC 00000001)
[    0.025948] ACPI: Reserving FACP table memory at [mem 0xffe2235-0xffe22a8]
[    0.026000] ACPI: Reserving DSDT table memory at [mem 0xffe0040-0xffe2234]
[    0.026045] ACPI: Reserving FACS table memory at [mem 0xffe0000-0xffe003f]
[    0.026088] ACPI: Reserving APIC table memory at [mem 0xffe22a9-0xffe2328]
[    0.026140] ACPI: Reserving HPET table memory at [mem 0xffe2329-0xffe2360]
[    0.026183] ACPI: Reserving WAET table memory at [mem 0xffe2361-0xffe2388]
[    0.027402] No NUMA configuration found
[    0.027444] Faking a node at [mem 0x0000000000000000-0x000000000ffdcfff]
[    0.027839] NODE_DATA(0) allocated [mem 0x0ffd9680-0x0ffdcfff]
[    0.028324] ACPI: PM-Timer IO Port: 0x608
[    0.028588] ACPI: LAPIC_NMI (acpi_id[0xff] dfl dfl lint[0x1])
[    0.028842] IOAPIC[0]: apic_id 0, version 32, address 0xfec00000, GSI 0-23
[    0.028952] ACPI: INT_SRC_OVR (bus 0 bus_irq 0 global_irq 2 dfl dfl)
[    0.029126] ACPI: INT_SRC_OVR (bus 0 bus_irq 5 global_irq 5 high level)
[    0.029190] ACPI: INT_SRC_OVR (bus 0 bus_irq 9 global_irq 9 high level)
[    0.029283] ACPI: INT_SRC_OVR (bus 0 bus_irq 10 global_irq 10 high level)
[    0.029328] ACPI: INT_SRC_OVR (bus 0 bus_irq 11 global_irq 11 high level)
[    0.029471] ACPI: Using ACPI (MADT) for SMP configuration information
[    0.029533] ACPI: HPET id: 0x8086a201 base: 0xfed00000
[    0.029793] CPU topo: Max. logical packages:   1
[    0.029845] CPU topo: Max. logical nodes:      1
[    0.029878] CPU topo: Num. nodes per package:  1
[    0.029938] CPU topo: Max. logical dies:       1
[    0.029972] CPU topo: Max. dies per package:   1
[    0.030033] CPU topo: Max. threads per core:   1
[    0.030140] CPU topo: Num. cores per package:     2
[    0.030178] CPU topo: Num. threads per package:   2
[    0.030212] CPU topo: Allowing 2 present CPUs plus 0 hotplug CPUs
[    0.030709] PM: hibernation: Registered nosave memory: [mem 0x00000000-0x00000fff]
[    0.030778] PM: hibernation: Registered nosave memory: [mem 0x0009f000-0x000fffff]
[    0.030890] [gap 0x10000000-0xfffbffff] available for PCI devices
[    0.030958] Booting paravirtualized kernel on bare hardware
[    0.031172] clocksource: refined-jiffies: mask: 0xffffffff max_cycles: 0xffffffff, max_idle_ns: 1910969940391419 ns
[    0.038358] Zone ranges:
[    0.038395]   DMA      [mem 0x0000000000001000-0x0000000000ffffff]
[    0.038472]   DMA32    [mem 0x0000000001000000-0x000000000ffdcfff]
[    0.038516]   Normal   empty
[    0.038549] Movable zone start for each node
[    0.038589] Early memory node ranges
[    0.038628]   node   0: [mem 0x0000000000001000-0x000000000009efff]
[    0.038746]   node   0: [mem 0x0000000000100000-0x000000000ffdcfff]
[    0.038856] Initmem setup node 0 [mem 0x0000000000001000-0x000000000ffdcfff]
[    0.039478] On node 0, zone DMA: 1 pages in unavailable ranges
[    0.039656] On node 0, zone DMA: 97 pages in unavailable ranges
[    0.040345] On node 0, zone DMA32: 35 pages in unavailable ranges
[    0.040502] setup_percpu: NR_CPUS:64 nr_cpumask_bits:2 nr_cpu_ids:2 nr_node_ids:1
[    0.041292] percpu: Embedded 52 pages/cpu s175064 r8192 d29736 u1048576
[    0.041560] pcpu-alloc: s175064 r8192 d29736 u1048576 alloc=1*2097152
[    0.041654] pcpu-alloc: [0] 0 1 
[    0.042502] Kernel command line: console=ttyS0 nokaslr panic=1 ignore_loglevel earlyprintk=serial,ttyS0,115200
[    0.043201] Unknown kernel command line parameters "nokaslr", will be passed to user space.
[    0.043367] printk: log buffer data + meta data: 262144 + 917504 = 1179648 bytes
[    0.043577] Dentry cache hash table entries: 32768 (order: 6, 262144 bytes, linear)
[    0.043683] Inode-cache hash table entries: 16384 (order: 5, 131072 bytes, linear)
[    0.045185] Fallback order for Node 0: 0 
[    0.045436] Built 1 zonelists, mobility grouping on.  Total pages: 65403
[    0.045516] Policy zone: DMA32
[    0.045676] mem auto-init: stack:all(zero), heap alloc:off, heap free:off
[    0.050951] SLUB: HWalign=64, Order=0-3, MinObjects=0, CPUs=2, Nodes=1
Poking KASLR using RDTSC...
[    0.072285] ftrace: allocating 37804 entries in 148 pages
[    0.072537] ftrace: allocated 148 pages with 3 groups
[    0.076928] Dynamic Preempt: lazy
[    0.078703] rcu: Preemptible hierarchical RCU implementation.
[    0.078750] rcu: 	RCU event tracing is enabled.
[    0.078789] rcu: 	RCU restricting CPUs from NR_CPUS=64 to nr_cpu_ids=2.
[    0.078912] 	Trampoline variant of Tasks RCU enabled.
[    0.078944] 	Rude variant of Tasks RCU enabled.
[    0.078974] 	Tracing variant of Tasks RCU enabled.
[    0.079057] rcu: RCU calculated value of scheduler-enlistment delay is 100 jiffies.
[    0.079112] rcu: Adjusting geometry for rcu_fanout_leaf=16, nr_cpu_ids=2
[    0.079828] RCU Tasks: Setting shift to 1 and lim to 1 rcu_task_cb_adjust=1 rcu_task_cpu_ids=2.
[    0.079889] RCU Tasks Rude: Setting shift to 1 and lim to 1 rcu_task_cb_adjust=1 rcu_task_cpu_ids=2.
[    0.094565] NR_IRQS: 4352, nr_irqs: 440, preallocated irqs: 16
[    0.099849] rcu: srcu_init: Setting srcu_struct sizes based on contention.
[    0.103646] Console: colour VGA+ 80x25
[    0.104765] printk: legacy console [ttyS0] enabled
[    0.104765] printk: legacy console [ttyS0] enabled
[    0.105035] printk: legacy bootconsole [earlyser0] disabled
[    0.105035] printk: legacy bootconsole [earlyser0] disabled
[    0.105882] ACPI: Core revision 20251212
[    0.108975] clocksource: hpet: mask: 0xffffffff max_cycles: 0xffffffff, max_idle_ns: 19112604467 ns
[    0.110134] APIC: Switch to symmetric I/O mode setup
[    0.114473] ..TIMER: vector=0x30 apic1=0 pin1=2 apic2=-1 pin2=-1
[    0.119801] clocksource: tsc-early: mask: 0xffffffffffffffff max_cycles: 0x3dfb403827d, max_idle_ns: 440795275315 ns
[    0.120077] Calibrating delay loop (skipped), value calculated using timer frequency.. 8599.92 BogoMIPS (lpj=4299963)
[    0.122255] Last level iTLB entries: 4KB 512, 2MB 255, 4MB 127
[    0.122317] Last level dTLB entries: 4KB 512, 2MB 255, 4MB 127, 1GB 0
[    0.122484] mitigations: Enabled attack vectors: user_kernel, user_user, SMT mitigations: auto
[    0.122748] Spectre V2 : Mitigation: Retpolines
[    0.122847] Spectre V1 : Mitigation: usercopy/swapgs barriers and __user pointer sanitization
[    0.123006] Spectre V2 : Spectre v2 / SpectreRSB: Filling RSB on context switch and VMEXIT
[    0.123474] x86/fpu: x87 FPU will use FXSAVE
[    0.185379] pid_max: default: 32768 minimum: 301
[    0.192885] Mount-cache hash table entries: 512 (order: 0, 4096 bytes, linear)
[    0.192984] Mountpoint-cache hash table entries: 512 (order: 0, 4096 bytes, linear)
[    0.197778] VFS: Finished mounting rootfs on nullfs
[    0.311545] smpboot: CPU0: AMD QEMU Virtual CPU version 2.5+ (family: 0xf, model: 0x6b, stepping: 0x1)
[    0.317300] Performance Events: PMU not available due to virtualization, using software events only.
[    0.317869] signal: max sigframe size: 1440
[    0.318551] rcu: Hierarchical SRCU implementation.
[    0.318609] rcu: 	Max phase no-delay instances is 400.
[    0.319249] Timer migration: 1 hierarchy levels; 8 children per group; 1 crossnode level
[    0.321560] smp: Bringing up secondary CPUs ...
[    0.325371] smpboot: x86: Booting SMP configuration:
[    0.325430] .... node  #0, CPUs:      #1
[    0.395574] smp: Brought up 1 node, 2 CPUs
[    0.396024] smpboot: Total of 2 processors activated (17200.21 BogoMIPS)
[    0.400584] Memory: 214352K/261612K available (12627K kernel code, 2331K rwdata, 5080K rodata, 2788K init, 544K bss, 43832K reserved, 0K cma-reserved)
[    0.406132] devtmpfs: initialized
[    0.412154] clocksource: jiffies: mask: 0xffffffff max_cycles: 0xffffffff, max_idle_ns: 1911260446275000 ns
[    0.412154] posixtimers hash table entries: 1024 (order: 2, 16384 bytes, linear)
[    0.412336] futex hash table entries: 512 (32768 bytes on 1 NUMA nodes, total 32 KiB, linear).
[    0.414600] PM: RTC time: 08:29:15, date: 2026-08-25
[    0.417146] NET: Registered PF_NETLINK/PF_ROUTE protocol family
[    0.421371] thermal_sys: Registered thermal governor 'step_wise'
[    0.422047] cpuidle: using governor menu
[    0.422735] Freeing SMP alternatives memory: 36K
[    0.424111] PCI: Using configuration type 1 for base access
[    0.424361] mtrr: your CPUs had inconsistent fixed MTRR settings
[    0.424412] mtrr: your CPUs had inconsistent variable MTRR settings
[    0.424459] mtrr: your CPUs had inconsistent MTRRdefType settings
[    0.424508] mtrr: probably your BIOS does not setup all CPUs.
[    0.424548] mtrr: corrected configuration.
[    0.425676] kprobes: kprobe jump-optimization is enabled. All kprobes are optimized if possible.
[    0.429986] HugeTLB: registered 2.00 MiB page size, pre-allocated 0 pages
[    0.430064] HugeTLB: 28 KiB vmemmap can be freed for a 2.00 MiB page
[    0.434568] ACPI: Added _OSI(Module Device)
[    0.434621] ACPI: Added _OSI(Processor Device)
[    0.434655] ACPI: Added _OSI(Processor Aggregator Device)
[    0.458144] ACPI: 1 ACPI AML tables successfully acquired and loaded
[    0.469163] ACPI: \_SB_: platform _OSC: OS support mask [002a7eee]
[    0.472780] ACPI: Interpreter enabled
[    0.473402] ACPI: PM: (supports S0 S3 S4 S5)
[    0.473457] ACPI: Using IOAPIC for interrupt routing
[    0.473693] PCI: Using host bridge windows from ACPI; if necessary, use "pci=nocrs" and report a bug
[    0.473768] PCI: Using E820 reservations for host bridge windows
[    0.475036] ACPI: Enabled 2 GPEs in block 00 to 0F
[    0.495607] ACPI: PCI Root Bridge [PCI0] (domain 0000 [bus 00-ff])
[    0.496036] acpi PNP0A03:00: _OSC: OS supports [ASPM ClockPM Segments MSI HPX-Type3]
[    0.496167] acpi PNP0A03:00: _OSC: not requesting OS control; OS requires [ExtendedConfig ASPM ClockPM MSI]
[    0.496393] acpi PNP0A03:00: _OSC: platform retains control of PCIe features (AE_ERROR)
[    0.496674] acpi PNP0A03:00: fail to add MMCONFIG information, can't access extended configuration space under this bridge
[    0.498465] PCI host bridge to bus 0000:00
[    0.498630] pci_bus 0000:00: root bus resource [io  0x0000-0x0cf7 window]
[    0.498743] pci_bus 0000:00: root bus resource [io  0x0d00-0xffff window]
[    0.498792] pci_bus 0000:00: root bus resource [mem 0x000a0000-0x000bffff window]
[    0.498862] pci_bus 0000:00: root bus resource [mem 0x10000000-0xfebfffff window]
[    0.498914] pci_bus 0000:00: root bus resource [mem 0x100000000-0x17fffffff window]
[    0.499025] pci_bus 0000:00: root bus resource [bus 00-ff]
[    0.499810] pci 0000:00:00.0: [8086:1237] type 00 class 0x060000 conventional PCI endpoint
[    0.502160] pci 0000:00:01.0: [8086:7000] type 00 class 0x060100 conventional PCI endpoint
[    0.502498] pci 0000:00:01.1: [8086:7010] type 00 class 0x010180 conventional PCI endpoint
[    0.502915] pci 0000:00:01.1: BAR 4 [io  0xc0c0-0xc0cf]
[    0.503022] pci 0000:00:01.1: BAR 0 [io  0x01f0-0x01f7]: legacy IDE quirk
[    0.503078] pci 0000:00:01.1: BAR 1 [io  0x03f6]: legacy IDE quirk
[    0.503136] pci 0000:00:01.1: BAR 2 [io  0x0170-0x0177]: legacy IDE quirk
[    0.503188] pci 0000:00:01.1: BAR 3 [io  0x0376]: legacy IDE quirk
[    0.503532] pci 0000:00:01.3: [8086:7113] type 00 class 0x068000 conventional PCI endpoint
[    0.503794] pci 0000:00:01.3: quirk: [io  0x0600-0x063f] claimed by PIIX4 ACPI
[    0.503860] pci 0000:00:01.3: quirk: [io  0x0700-0x070f] claimed by PIIX4 SMB
[    0.504223] pci 0000:00:02.0: [1234:1111] type 00 class 0x030000 conventional PCI endpoint
[    0.504651] pci 0000:00:02.0: BAR 0 [mem 0xfd000000-0xfdffffff pref]
[    0.504732] pci 0000:00:02.0: BAR 2 [mem 0xfebf0000-0xfebf0fff]
[    0.504774] pci 0000:00:02.0: ROM [mem 0xfebe0000-0xfebeffff pref]
[    0.505043] pci 0000:00:02.0: Video device with shadowed ROM at [mem 0x000c0000-0x000dffff]
[    0.505479] pci 0000:00:03.0: [8086:100e] type 00 class 0x020000 conventional PCI endpoint
[    0.505967] pci 0000:00:03.0: BAR 0 [mem 0xfebc0000-0xfebdffff]
[    0.506021] pci 0000:00:03.0: BAR 1 [io  0xc080-0xc0bf]
[    0.506060] pci 0000:00:03.0: ROM [mem 0xfeb80000-0xfebbffff pref]
[    0.509258] pci 0000:00:04.0: [1af4:1001] type 00 class 0x010000 conventional PCI endpoint
[    0.509871] pci 0000:00:04.0: BAR 0 [io  0xc000-0xc07f]
[    0.509924] pci 0000:00:04.0: BAR 1 [mem 0xfebf1000-0xfebf1fff]
[    0.509990] pci 0000:00:04.0: BAR 4 [mem 0xfe000000-0xfe003fff 64bit pref]
[    0.515220] ACPI: PCI: Interrupt link LNKA configured for IRQ 10
[    0.515652] ACPI: PCI: Interrupt link LNKB configured for IRQ 10
[    0.515976] ACPI: PCI: Interrupt link LNKC configured for IRQ 11
[    0.516267] ACPI: PCI: Interrupt link LNKD configured for IRQ 11
[    0.516416] ACPI: PCI: Interrupt link LNKS configured for IRQ 9
[    0.518258] iommu: Default domain type: Translated
[    0.518316] iommu: DMA domain TLB invalidation policy: lazy mode
[    0.519217] SCSI subsystem initialized
[    0.519319] libata version 3.00 loaded.
[    0.519595] ACPI: bus type USB registered
[    0.519884] usbcore: registered new interface driver usbfs
[    0.520102] usbcore: registered new interface driver hub
[    0.520223] usbcore: registered new device driver usb
[    0.520401] pps_core: LinuxPPS API ver. 1 registered
[    0.520439] pps_core: Software ver. 5.3.6 - Copyright 2005-2007 Rodolfo Giometti <giometti@linux.it>
[    0.520516] PTP clock support registered
[    0.525768] PCI: Using ACPI for IRQ routing
[    0.525873] PCI: pci_cache_line_size set to 64 bytes
[    0.526129] e820: register RAM buffer resource [mem 0x0009fc00-0x0009ffff]
[    0.526263] e820: register RAM buffer resource [mem 0x0ffdd000-0x0fffffff]
[    0.528282] pci 0000:00:02.0: vgaarb: setting as boot VGA device
[    0.528375] pci 0000:00:02.0: vgaarb: bridge control possible
[    0.528438] pci 0000:00:02.0: vgaarb: VGA device added: decodes=io+mem,owns=io+mem,locks=none
[    0.528510] vgaarb: loaded
[    0.529376] hpet: 3 channels of 0 reserved for per-cpu timers
[    0.529542] hpet0: at MMIO 0xfed00000, IRQs 2, 8, 0
[    0.529636] hpet0: 3 comparators, 64-bit 100.000000 MHz counter
[    0.533454] clocksource: Switched to clocksource tsc-early
[    0.534164] VFS: Disk quotas dquot_6.6.0
[    0.534255] VFS: Dquot-cache hash table entries: 512 (order 0, 4096 bytes)
[    0.535757] pnp: PnP ACPI init
[    0.536891] pnp 00:02: [dma 2]
[    0.537867] pnp: PnP ACPI: found 5 devices
[    0.551087] clocksource: acpi_pm: mask: 0xffffff max_cycles: 0xffffff, max_idle_ns: 2085701024 ns
[    0.551494] NET: Registered PF_INET protocol family
[    0.552036] IP idents hash table entries: 4096 (order: 3, 32768 bytes, linear)
[    0.553556] tcp_listen_portaddr_hash hash table entries: 256 (order: 0, 4096 bytes, linear)
[    0.553804] Table-perturb hash table entries: 65536 (order: 6, 262144 bytes, linear)
[    0.553889] TCP established hash table entries: 2048 (order: 2, 16384 bytes, linear)
[    0.554030] TCP bind hash table entries: 2048 (order: 4, 65536 bytes, linear)
[    0.554153] TCP: Hash tables configured (established 2048 bind 2048)
[    0.555009] UDP hash table entries: 256 (order: 2, 16384 bytes, linear)
[    0.556091] pci_bus 0000:00: resource 4 [io  0x0000-0x0cf7 window]
[    0.556146] pci_bus 0000:00: resource 5 [io  0x0d00-0xffff window]
[    0.556190] pci_bus 0000:00: resource 6 [mem 0x000a0000-0x000bffff window]
[    0.556250] pci_bus 0000:00: resource 7 [mem 0x10000000-0xfebfffff window]
[    0.556297] pci_bus 0000:00: resource 8 [mem 0x100000000-0x17fffffff window]
[    0.556608] pci 0000:00:01.0: PIIX3: Enabling Passive Release
[    0.556711] pci 0000:00:00.0: Limiting direct PCI/PCI transfers
[    0.556826] PCI: CLS 0 bytes, default 64
[    0.559157] Unpacking initramfs...
[    0.563948] Initialise system trusted keyrings
[    0.565388] workingset: timestamp_bits=56 (anon: 52) max_order=16 bucket_order=0 (anon: 0)
[    0.567384] Key type asymmetric registered
[    0.567457] Asymmetric key parser 'x509' registered
[    0.567602] Block layer SCSI generic (bsg) driver version 0.4 loaded (major 250)
[    0.567900] io scheduler mq-deadline registered
[    0.567960] io scheduler kyber registered
[    0.569942] input: Power Button as /devices/platform/LNXPWRBN:00/input/input0
[    0.570517] ACPI: button: Power Button [PWRF]
[    0.579067] ACPI: \_SB_.LNKD: Enabled at IRQ 11
[    0.580713] Serial: 8250/16550 driver, 4 ports, IRQ sharing enabled
[    0.583074] 00:04: ttyS0 at I/O 0x3f8 (irq = 4, base_baud = 115200) is a 16550A
[    0.587900] Non-volatile memory driver v1.3
[    0.597063] loop: module loaded
[    0.601988] scsi host0: ata_piix
[    0.603857] scsi host1: ata_piix
[    0.604108] ata1: PATA max MWDMA2 cmd 0x1f0 ctl 0x3f6 bmdma 0xc0c0 irq 14 lpm-pol 0
[    0.604182] ata2: PATA max MWDMA2 cmd 0x170 ctl 0x376 bmdma 0xc0c8 irq 15 lpm-pol 0
[    0.607186] i8042: PNP: PS/2 Controller [PNP0303:KBD,PNP0f13:MOU] at 0x60,0x64 irq 1,12
[    0.609232] serio: i8042 KBD port at 0x60,0x64 irq 1
[    0.609395] serio: i8042 AUX port at 0x60,0x64 irq 12
[    0.611147] rtc_cmos PNP0B00:00: RTC can wake from S4
[    0.613449] rtc_cmos PNP0B00:00: registered as rtc0
[    0.614448] rtc_cmos PNP0B00:00: alarms up to one day, y3k, 242 bytes nvram, hpet irqs
[    0.614812] input: AT Translated Set 2 keyboard as /devices/platform/i8042/serio0/input/input1
[    0.617656] device-mapper: ioctl: 4.50.0-ioctl (2025-04-28) initialised: dm-devel@lists.linux.dev
[    0.617880] amd_pstate: the _CPC object is not present in SBIOS or ACPI disabled
[    0.618058] hid: raw HID events driver (C) Jiri Kosina
[    0.618450] usbcore: registered new interface driver usbhid
[    0.618497] usbhid: USB HID core driver
[    0.619085] NET: Registered PF_INET6 protocol family
[    0.623331] Segment Routing with IPv6
[    0.623476] In-situ OAM (IOAM) with IPv6
[    0.625802] IPI shorthand broadcast: enabled
[    0.632971] sched_clock: Marking stable (621932497, 10689449)->(635105155, -2483209)
[    0.634306] Loading compiled-in X.509 certificates
[    0.640509] Demotion targets for Node 0: null
[    0.643286] PM:   Magic number: 6:664:473
[    0.644041] clk: Disabling unused clocks
[    0.644253] KTAP version 1
[    0.644281] 1..0
[    0.712023] Freeing initrd memory: 8196K
[    0.766706] ata2: found unknown device (class 0)
[    0.768513] ata2.00: ATAPI: QEMU DVD-ROM, 2.5+, max UDMA/100
[    0.775808] scsi 1:0:0:0: CD-ROM            QEMU     QEMU DVD-ROM     2.5+ PQ: 0 ANSI: 5
[    0.791178] sr 1:0:0:0: [sr0] scsi3-mmc drive: 4x/4x cd/rw xa/form2 tray
[    0.803460] cdrom: Uniform CD-ROM driver Revision: 3.20
[    0.810914] sr 1:0:0:0: Attached scsi CD-ROM sr0
[    0.811846] sr 1:0:0:0: Attached scsi generic sg0 type 5
[    0.847614] Freeing unused kernel image (initmem) memory: 2788K
[    0.847768] Write protecting the kernel read-only data: 20480k
[    0.849265] Freeing unused kernel image (text/rodata gap) memory: 1708K
[    0.849714] Freeing unused kernel image (rodata/data gap) memory: 1064K
[    0.959784] x86/mm: Checked W+X mappings: passed, no W+X pages found.
[    0.960039] Run /init as init process
[    0.960067]   with arguments:
[    0.960091]     /init
[    0.960111]     nokaslr
[    0.960129]   with environment:
[    0.960152]     HOME=/
[    0.960172]     TERM=linux
[    1.015807] mount (55) used greatest stack depth: 13208 bytes left
[    1.023675] mount (56) used greatest stack depth: 13120 bytes left
[    1.032418] input: ImExPS/2 Generic Explorer Mouse as /devices/platform/i8042/serio1/input/input3
=== insmod reharness_virtio_sensor ===
[    1.048055] reharness_virtio_sensor: loading out-of-tree module taints kernel.
[    1.055712] reharness_virtio_sensor virtio0: REHARNESS_VIRTIO_DRIVER_PROBE capacity=2048
[    1.057288] insmod (62) used greatest stack depth: 13096 bytes left
REHARNESS_DRIVER_INSMOD_RC=0
REHARNESS_DRIVER_PROBE_BOUND=1
=== dmesg ===
[    0.030709] PM: hibernation: Registered nosave memory: [mem 0x00000000-0x00000fff]
[    0.030778] PM: hibernation: Registered nosave memory: [mem 0x0009f000-0x000fffff]
[    0.417146] NET: Registered PF_NETLINK/PF_ROUTE protocol family
[    0.421371] thermal_sys: Registered thermal governor 'step_wise'
[    0.425676] kprobes: kprobe jump-optimization is enabled. All kprobes are optimized if possible.
[    0.429986] HugeTLB: registered 2.00 MiB page size, pre-allocated 0 pages
[    0.519595] ACPI: bus type USB registered
[    0.519884] usbcore: registered new interface driver usbfs
[    0.520102] usbcore: registered new interface driver hub
[    0.520223] usbcore: registered new device driver usb
[    0.520401] pps_core: LinuxPPS API ver. 1 registered
[    0.520516] PTP clock support registered
[    0.551494] NET: Registered PF_INET protocol family
[    0.567384] Key type asymmetric registered
[    0.567457] Asymmetric key parser 'x509' registered
[    0.567900] io scheduler mq-deadline registered
[    0.567960] io scheduler kyber registered
[    0.613449] rtc_cmos PNP0B00:00: registered as rtc0
[    0.618450] usbcore: registered new interface driver usbhid
[    0.619085] NET: Registered PF_INET6 protocol family
[    1.048055] reharness_virtio_sensor: loading out-of-tree module taints kernel.
[    1.055712] reharness_virtio_sensor virtio0: REHARNESS_VIRTIO_DRIVER_PROBE capacity=2048
=== Linux subsystem test 0 ===
VIRTIO_QUEUE_PASS value=0x00
REHARNESS_SUBSYSTEM_TEST_0_NAME=virtio-queue-read
REHARNESS_SUBSYSTEM_TEST_0_KIND=native
REHARNESS_SUBSYSTEM_TEST_0_PROVIDER=
REHARNESS_SUBSYSTEM_TEST_0_REQUIRED=1
REHARNESS_SUBSYSTEM_TEST_0_RC=0
REHARNESS_SUBSYSTEM_TEST_0_STATUS=pass
=== Linux subsystem test 1 ===
VIRTIO_INVALID_IOCTL_PASS
REHARNESS_SUBSYSTEM_TEST_1_NAME=virtio-invalid-ioctl
REHARNESS_SUBSYSTEM_TEST_1_KIND=native
REHARNESS_SUBSYSTEM_TEST_1_PROVIDER=
REHARNESS_SUBSYSTEM_TEST_1_REQUIRED=1
REHARNESS_SUBSYSTEM_TEST_1_RC=0
REHARNESS_SUBSYSTEM_TEST_1_STATUS=pass
=== rmmod reharness_virtio_sensor ===
REHARNESS_DRIVER_RMMOD_RC=0
=== QEMU_RUN_DONE ===
[    1.331325] sysrq: Power Off
[    1.331621] Kernel panic - not syncing: Attempted to kill init! exitcode=0x00000000
[    1.331996] CPU: 1 UID: 0 PID: 1 Comm: init Tainted: G           O        7.1.0-rc7-gacb7500801e9 #15 PREEMPT(lazy) 
[    1.332102] Tainted: [O]=OOT_MODULE
[    1.332127] Hardware name: QEMU Standard PC (i440FX + PIIX, 1996), BIOS rel-1.17.0-0-gb52ca86e094d-prebuilt.qemu.org 04/01/2014
[    1.332268] Call Trace:
[    1.332608]  <TASK>
[    1.332745]  vpanic+0x32f/0x4b0
[    1.332900]  panic+0x63/0x70
[    1.332924]  do_exit+0x952/0xaf0
[    1.332948]  do_group_exit+0x30/0x80
[    1.332972]  __x64_sys_exit_group+0x18/0x20
[    1.333004]  x64_sys_call+0x12e2/0x1880
[    1.333030]  do_syscall_64+0x10e/0x4e0
[    1.333058]  entry_SYSCALL_64_after_hwframe+0x77/0x7f
[    1.333155] RIP: 0033:0x7f0a8765331d
[    1.333295] Code: 02 ba ff ff ff ff 89 d0 c3 0f 1f 40 00 f3 0f 1e fa 48 8b 35 ed 4a 11 00 ba e7 00 00 00 eb 07 66 0f 1f 44 00 00 f4 89 d0 0f 05 <48> 3d 00 f0 ff ff 76 f3 f7 d8 64 89 06 eb ec 0f 1f 40 00 f3 0f 1e
[    1.333417] RSP: 002b:00007fffebd5b978 EFLAGS: 00000206 ORIG_RAX: 00000000000000e7
[    1.333477] RAX: ffffffffffffffda RBX: 00007fffebd5bc00 RCX: 00007f0a8765331d
[    1.333518] RDX: 00000000000000e7 RSI: ffffffffffffff88 RDI: 0000000000000000
[    1.333558] RBP: 00007fffebd5ba50 R08: 0000558e80a6d010 R09: 0000000000000007
[    1.333598] R10: 0000558e80a70990 R11: 0000000000000206 R12: 0000000000000000
[    1.333638] R13: 00007fffebd5bbf0 R14: 0000558e53656dd8 R15: 00007f0a877b9000
[    1.333700]  </TASK>
[    1.334263] Kernel Offset: disabled
[    1.334430] Rebooting in 1 seconds..
