c[?7l[2J[0mSeaBIOS (version rel-1.17.0-0-gb52ca86e094d-prebuilt.qemu.org)


iPXE (http://ipxe.org) 00:03.0 CA00 PCI2.10 PnP PMM+0EFD1C40+0EF31C40 CA00
Press Ctrl-B to configure iPXE (PCI 00:03.0)...                                                                               




iPXE (http://ipxe.org) 00:04.0 CB00 PCI2.10 PnP PMM 0EFD1C40 0EF31C40 CB00
Press Ctrl-B to configure iPXE (PCI 00:04.0)...                                                                               


Booting from ROM..c[?7l[2JNo EFI environment detected.
early console in extract_kernel
input_data: 0x000000000266c2c4
input_len: 0x000000000095c97d
output: 0x0000000001000000
output_len: 0x0000000001f8870c
kernel_total_size: 0x0000000001d8c000
needed_size: 0x0000000002000000
trampoline_32bit: 0x0000000000000000


KASLR disabled: 'nokaslr' on cmdline.


Decompressing Linux... Parsing ELF... No relocation needed... done.
Booting the kernel (entry_offset: 0x0000000001a193b0).
[    0.000000] Linux version 7.1.0-rc7+ (yfblock@9950x) (gcc (Ubuntu 13.3.0-6ubuntu2~24.04.1) 13.3.0, GNU ld (GNU Binutils for Ubuntu) 2.42) #18 SMP PREEMPT_DYNAMIC Mon Aug 31 01:09:14 CST 2026
[    0.000000] Command line: console=ttyS0 nokaslr panic=1 ignore_loglevel earlyprintk=serial,ttyS0,115200
[    0.000000] BIOS-provided physical RAM map:
[    0.000000] BIOS-e820: [mem 0x0000000000000000-0x000000000009fbff]  System RAM
[    0.000000] BIOS-e820: [mem 0x000000000009fc00-0x000000000009ffff]  device reserved
[    0.000000] BIOS-e820: [gap 0x00000000000a0000-0x00000000000effff]
[    0.000000] BIOS-e820: [mem 0x00000000000f0000-0x00000000000fffff]  device reserved
[    0.000000] BIOS-e820: [mem 0x0000000000100000-0x000000000ffdffff]  System RAM
[    0.000000] BIOS-e820: [mem 0x000000000ffe0000-0x000000000fffffff]  device reserved
[    0.000000] BIOS-e820: [gap 0x0000000010000000-0x00000000fffbffff]
[    0.000000] BIOS-e820: [mem 0x00000000fffc0000-0x00000000ffffffff]  device reserved
[    0.000000] BIOS-e820: [gap 0x0000000100000000-0x000000fcffffffff]
[    0.000000] BIOS-e820: [mem 0x000000fd00000000-0x000000ffffffffff]  device reserved
[    0.000000] printk: debug: ignoring loglevel setting.
[    0.000000] printk: legacy bootconsole [earlyser0] enabled
[    0.000000] NX (Execute Disable) protection: active
[    0.000000] APIC: Static calls initialized
[    0.000000] DMI: SMBIOS 2.8 present.
[    0.000000] DMI: QEMU Standard PC (i440FX + PIIX, 1996), BIOS rel-1.17.0-0-gb52ca86e094d-prebuilt.qemu.org 04/01/2014
[    0.000000] DMI: Memory slots populated: 1/1
[    0.000000] tsc: Fast TSC calibration using PIT
[    0.000000] tsc: Detected 4300.023 MHz processor
[    0.008272] e820: update [mem 0x00000000-0x00000fff] System RAM ==> device reserved
[    0.008458] e820: remove [mem 0x000a0000-0x000fffff] System RAM
[    0.008618] last_pfn = 0xffe0 max_arch_pfn = 0x400000000
[    0.009066] MTRR map: 4 entries (3 fixed + 1 variable; max 19), built from 8 variable MTRRs
[    0.009230] x86/PAT: Configuration [0-7]: WB  WC  UC- UC  WB  WP  UC- WT  
[    0.021025] found SMP MP-table at [mem 0x000f54b0-0x000f54bf]
[    0.024069] RAMDISK: [mem 0x0f810000-0x0ffdffff]
[    0.024353] ACPI: Early table checksum verification disabled
[    0.024667] ACPI: RSDP 0x00000000000F52D0 000014 (v00 BOCHS )
[    0.024868] ACPI: RSDT 0x000000000FFE2389 000034 (v01 BOCHS  BXPC     00000001 BXPC 00000001)
[    0.025371] ACPI: FACP 0x000000000FFE2235 000074 (v01 BOCHS  BXPC     00000001 BXPC 00000001)
[    0.025808] ACPI: DSDT 0x000000000FFE0040 0021F5 (v01 BOCHS  BXPC     00000001 BXPC 00000001)
[    0.025916] ACPI: FACS 0x000000000FFE0000 000040
[    0.025980] ACPI: APIC 0x000000000FFE22A9 000080 (v03 BOCHS  BXPC     00000001 BXPC 00000001)
[    0.026046] ACPI: HPET 0x000000000FFE2329 000038 (v01 BOCHS  BXPC     00000001 BXPC 00000001)
[    0.026110] ACPI: WAET 0x000000000FFE2361 000028 (v01 BOCHS  BXPC     00000001 BXPC 00000001)
[    0.026216] ACPI: Reserving FACP table memory at [mem 0xffe2235-0xffe22a8]
[    0.026267] ACPI: Reserving DSDT table memory at [mem 0xffe0040-0xffe2234]
[    0.026318] ACPI: Reserving FACS table memory at [mem 0xffe0000-0xffe003f]
[    0.026361] ACPI: Reserving APIC table memory at [mem 0xffe22a9-0xffe2328]
[    0.026403] ACPI: Reserving HPET table memory at [mem 0xffe2329-0xffe2360]
[    0.026445] ACPI: Reserving WAET table memory at [mem 0xffe2361-0xffe2388]
[    0.027729] No NUMA configuration found
[    0.027773] Faking a node at [mem 0x0000000000000000-0x000000000ffdffff]
[    0.028172] NODE_DATA(0) allocated [mem 0x0f80c680-0x0f80ffff]
[    0.028690] ACPI: PM-Timer IO Port: 0x608
[    0.028971] ACPI: LAPIC_NMI (acpi_id[0xff] dfl dfl lint[0x1])
[    0.029230] IOAPIC[0]: apic_id 0, version 32, address 0xfec00000, GSI 0-23
[    0.029340] ACPI: INT_SRC_OVR (bus 0 bus_irq 0 global_irq 2 dfl dfl)
[    0.029520] ACPI: INT_SRC_OVR (bus 0 bus_irq 5 global_irq 5 high level)
[    0.029589] ACPI: INT_SRC_OVR (bus 0 bus_irq 9 global_irq 9 high level)
[    0.029683] ACPI: INT_SRC_OVR (bus 0 bus_irq 10 global_irq 10 high level)
[    0.029729] ACPI: INT_SRC_OVR (bus 0 bus_irq 11 global_irq 11 high level)
[    0.029878] ACPI: Using ACPI (MADT) for SMP configuration information
[    0.029940] ACPI: HPET id: 0x8086a201 base: 0xfed00000
[    0.030210] CPU topo: Max. logical packages:   1
[    0.030264] CPU topo: Max. logical nodes:      1
[    0.030297] CPU topo: Num. nodes per package:  1
[    0.030358] CPU topo: Max. logical dies:       1
[    0.030391] CPU topo: Max. dies per package:   1
[    0.030452] CPU topo: Max. threads per core:   1
[    0.030565] CPU topo: Num. cores per package:     2
[    0.030605] CPU topo: Num. threads per package:   2
[    0.030639] CPU topo: Allowing 2 present CPUs plus 0 hotplug CPUs
[    0.031148] PM: hibernation: Registered nosave memory: [mem 0x00000000-0x00000fff]
[    0.031214] PM: hibernation: Registered nosave memory: [mem 0x0009f000-0x000fffff]
[    0.031328] [gap 0x10000000-0xfffbffff] available for PCI devices
[    0.031399] Booting paravirtualized kernel on bare hardware
[    0.031624] clocksource: refined-jiffies: mask: 0xffffffff max_cycles: 0xffffffff, max_idle_ns: 1910969940391419 ns
[    0.038988] Zone ranges:
[    0.039026]   DMA      [mem 0x0000000000001000-0x0000000000ffffff]
[    0.039105]   DMA32    [mem 0x0000000001000000-0x000000000ffdffff]
[    0.039150]   Normal   empty
[    0.039183] Movable zone start for each node
[    0.039225] Early memory node ranges
[    0.039264]   node   0: [mem 0x0000000000001000-0x000000000009efff]
[    0.039379]   node   0: [mem 0x0000000000100000-0x000000000ffdffff]
[    0.039490] Initmem setup node 0 [mem 0x0000000000001000-0x000000000ffdffff]
[    0.040061] On node 0, zone DMA: 1 pages in unavailable ranges
[    0.040270] On node 0, zone DMA: 97 pages in unavailable ranges
[    0.041448] On node 0, zone DMA32: 32 pages in unavailable ranges
[    0.041615] setup_percpu: NR_CPUS:64 nr_cpumask_bits:2 nr_cpu_ids:2 nr_node_ids:1
[    0.042631] percpu: Embedded 52 pages/cpu s175064 r8192 d29736 u1048576
[    0.042908] pcpu-alloc: s175064 r8192 d29736 u1048576 alloc=1*2097152
[    0.042998] pcpu-alloc: [0] 0 1 
[    0.043884] Kernel command line: console=ttyS0 nokaslr panic=1 ignore_loglevel earlyprintk=serial,ttyS0,115200
[    0.044626] Unknown kernel command line parameters "nokaslr", will be passed to user space.
[    0.044805] printk: log buffer data + meta data: 262144 + 917504 = 1179648 bytes
[    0.045011] Dentry cache hash table entries: 32768 (order: 6, 262144 bytes, linear)
[    0.045120] Inode-cache hash table entries: 16384 (order: 5, 131072 bytes, linear)
[    0.046672] Fallback order for Node 0: 0 
[    0.046933] Built 1 zonelists, mobility grouping on.  Total pages: 65406
[    0.047015] Policy zone: DMA32
[    0.047182] mem auto-init: stack:all(zero), heap alloc:off, heap free:off
[    0.052515] SLUB: HWalign=64, Order=0-3, MinObjects=0, CPUs=2, Nodes=1
Poking KASLR using RDTSC...
[    0.074306] ftrace: allocating 38351 entries in 152 pages
[    0.074608] ftrace: allocated 152 pages with 3 groups
[    0.079281] Dynamic Preempt: lazy
[    0.081119] rcu: Preemptible hierarchical RCU implementation.
[    0.081166] rcu: 	RCU event tracing is enabled.
[    0.081207] rcu: 	RCU restricting CPUs from NR_CPUS=64 to nr_cpu_ids=2.
[    0.081327] 	Trampoline variant of Tasks RCU enabled.
[    0.081362] 	Rude variant of Tasks RCU enabled.
[    0.081392] 	Tracing variant of Tasks RCU enabled.
[    0.081482] rcu: RCU calculated value of scheduler-enlistment delay is 100 jiffies.
[    0.081543] rcu: Adjusting geometry for rcu_fanout_leaf=16, nr_cpu_ids=2
[    0.082257] RCU Tasks: Setting shift to 1 and lim to 1 rcu_task_cb_adjust=1 rcu_task_cpu_ids=2.
[    0.082319] RCU Tasks Rude: Setting shift to 1 and lim to 1 rcu_task_cb_adjust=1 rcu_task_cpu_ids=2.
[    0.097133] NR_IRQS: 4352, nr_irqs: 440, preallocated irqs: 16
[    0.102629] rcu: srcu_init: Setting srcu_struct sizes based on contention.
[    0.107108] Console: colour VGA+ 80x25
[    0.108265] printk: legacy console [ttyS0] enabled
[    0.108265] printk: legacy console [ttyS0] enabled
[    0.108543] printk: legacy bootconsole [earlyser0] disabled
[    0.108543] printk: legacy bootconsole [earlyser0] disabled
[    0.109407] ACPI: Core revision 20251212
[    0.112591] clocksource: hpet: mask: 0xffffffff max_cycles: 0xffffffff, max_idle_ns: 19112604467 ns
[    0.115509] APIC: Switch to symmetric I/O mode setup
[    0.118213] ..TIMER: vector=0x30 apic1=0 pin1=2 apic2=-1 pin2=-1
[    0.123445] clocksource: tsc-early: mask: 0xffffffffffffffff max_cycles: 0x3dfb796ed7d, max_idle_ns: 440795263880 ns
[    0.123739] Calibrating delay loop (skipped), value calculated using timer frequency.. 8600.04 BogoMIPS (lpj=4300023)
[    0.126023] Last level iTLB entries: 4KB 512, 2MB 255, 4MB 127
[    0.126084] Last level dTLB entries: 4KB 512, 2MB 255, 4MB 127, 1GB 0
[    0.126264] mitigations: Enabled attack vectors: user_kernel, user_user, SMT mitigations: auto
[    0.126535] Spectre V2 : Mitigation: Retpolines
[    0.126641] Spectre V1 : Mitigation: usercopy/swapgs barriers and __user pointer sanitization
[    0.126752] Spectre V2 : Spectre v2 / SpectreRSB: Filling RSB on context switch and VMEXIT
[    0.127241] x86/fpu: x87 FPU will use FXSAVE
[    0.192077] pid_max: default: 32768 minimum: 301
[    0.200802] Mount-cache hash table entries: 512 (order: 0, 4096 bytes, linear)
[    0.200949] Mountpoint-cache hash table entries: 512 (order: 0, 4096 bytes, linear)
[    0.205654] VFS: Finished mounting rootfs on nullfs
[    0.319601] smpboot: CPU0: AMD QEMU Virtual CPU version 2.5+ (family: 0xf, model: 0x6b, stepping: 0x1)
[    0.325381] Performance Events: PMU not available due to virtualization, using software events only.
[    0.326038] signal: max sigframe size: 1440
[    0.326852] rcu: Hierarchical SRCU implementation.
[    0.326910] rcu: 	Max phase no-delay instances is 400.
[    0.327474] Timer migration: 1 hierarchy levels; 8 children per group; 1 crossnode level
[    0.330035] smp: Bringing up secondary CPUs ...
[    0.334036] smpboot: x86: Booting SMP configuration:
[    0.334097] .... node  #0, CPUs:      #1
[    0.403951] smp: Brought up 1 node, 2 CPUs
[    0.404697] smpboot: Total of 2 processors activated (17199.73 BogoMIPS)
[    0.409710] Memory: 214448K/261624K available (12748K kernel code, 2347K rwdata, 5156K rodata, 2808K init, 544K bss, 43724K reserved, 0K cma-reserved)
[    0.414391] devtmpfs: initialized
[    0.420187] clocksource: jiffies: mask: 0xffffffff max_cycles: 0xffffffff, max_idle_ns: 1911260446275000 ns
[    0.420608] posixtimers hash table entries: 1024 (order: 2, 16384 bytes, linear)
[    0.420608] futex hash table entries: 512 (32768 bytes on 1 NUMA nodes, total 32 KiB, linear).
[    0.422868] PM: RTC time: 08:36:37, date: 2026-08-31
[    0.425485] NET: Registered PF_NETLINK/PF_ROUTE protocol family
[    0.429999] thermal_sys: Registered thermal governor 'step_wise'
[    0.430711] cpuidle: using governor menu
[    0.431438] Freeing SMP alternatives memory: 36K
[    0.432809] PCI: Using configuration type 1 for base access
[    0.433092] mtrr: your CPUs had inconsistent fixed MTRR settings
[    0.433143] mtrr: your CPUs had inconsistent variable MTRR settings
[    0.433190] mtrr: your CPUs had inconsistent MTRRdefType settings
[    0.433234] mtrr: probably your BIOS does not setup all CPUs.
[    0.433273] mtrr: corrected configuration.
[    0.434717] kprobes: kprobe jump-optimization is enabled. All kprobes are optimized if possible.
[    0.442208] HugeTLB: registered 2.00 MiB page size, pre-allocated 0 pages
[    0.442288] HugeTLB: 28 KiB vmemmap can be freed for a 2.00 MiB page
[    0.446970] ACPI: Added _OSI(Module Device)
[    0.447023] ACPI: Added _OSI(Processor Device)
[    0.447058] ACPI: Added _OSI(Processor Aggregator Device)
[    0.466724] ACPI: 1 ACPI AML tables successfully acquired and loaded
[    0.474731] ACPI: \_SB_: platform _OSC: OS support mask [002a7eee]
[    0.477642] ACPI: Interpreter enabled
[    0.478266] ACPI: PM: (supports S0 S3 S4 S5)
[    0.478321] ACPI: Using IOAPIC for interrupt routing
[    0.478564] PCI: Using host bridge windows from ACPI; if necessary, use "pci=nocrs" and report a bug
[    0.478617] PCI: Using E820 reservations for host bridge windows
[    0.479969] ACPI: Enabled 2 GPEs in block 00 to 0F
[    0.502509] ACPI: PCI Root Bridge [PCI0] (domain 0000 [bus 00-ff])
[    0.502917] acpi PNP0A03:00: _OSC: OS supports [ASPM ClockPM Segments MSI HPX-Type3]
[    0.503051] acpi PNP0A03:00: _OSC: not requesting OS control; OS requires [ExtendedConfig ASPM ClockPM MSI]
[    0.503295] acpi PNP0A03:00: _OSC: platform retains control of PCIe features (AE_ERROR)
[    0.503677] acpi PNP0A03:00: fail to add MMCONFIG information, can't access extended configuration space under this bridge
[    0.505561] PCI host bridge to bus 0000:00
[    0.505725] pci_bus 0000:00: root bus resource [io  0x0000-0x0cf7 window]
[    0.505845] pci_bus 0000:00: root bus resource [io  0x0d00-0xffff window]
[    0.505894] pci_bus 0000:00: root bus resource [mem 0x000a0000-0x000bffff window]
[    0.505965] pci_bus 0000:00: root bus resource [mem 0x10000000-0xfebfffff window]
[    0.506019] pci_bus 0000:00: root bus resource [mem 0x100000000-0x17fffffff window]
[    0.506142] pci_bus 0000:00: root bus resource [bus 00-ff]
[    0.506970] pci 0000:00:00.0: [8086:1237] type 00 class 0x060000 conventional PCI endpoint
[    0.509411] pci 0000:00:01.0: [8086:7000] type 00 class 0x060100 conventional PCI endpoint
[    0.509803] pci 0000:00:01.1: [8086:7010] type 00 class 0x010180 conventional PCI endpoint
[    0.510255] pci 0000:00:01.1: BAR 4 [io  0xc080-0xc08f]
[    0.510344] pci 0000:00:01.1: BAR 0 [io  0x01f0-0x01f7]: legacy IDE quirk
[    0.510402] pci 0000:00:01.1: BAR 1 [io  0x03f6]: legacy IDE quirk
[    0.510461] pci 0000:00:01.1: BAR 2 [io  0x0170-0x0177]: legacy IDE quirk
[    0.510516] pci 0000:00:01.1: BAR 3 [io  0x0376]: legacy IDE quirk
[    0.510911] pci 0000:00:01.3: [8086:7113] type 00 class 0x068000 conventional PCI endpoint
[    0.511177] pci 0000:00:01.3: quirk: [io  0x0600-0x063f] claimed by PIIX4 ACPI
[    0.511245] pci 0000:00:01.3: quirk: [io  0x0700-0x070f] claimed by PIIX4 SMB
[    0.511568] pci 0000:00:02.0: [1234:1111] type 00 class 0x030000 conventional PCI endpoint
[    0.511905] pci 0000:00:02.0: BAR 0 [mem 0xfd000000-0xfdffffff pref]
[    0.511987] pci 0000:00:02.0: BAR 2 [mem 0xfebd0000-0xfebd0fff]
[    0.512031] pci 0000:00:02.0: ROM [mem 0xfebc0000-0xfebcffff pref]
[    0.512209] pci 0000:00:02.0: Video device with shadowed ROM at [mem 0x000c0000-0x000dffff]
[    0.512671] pci 0000:00:03.0: [8086:100e] type 00 class 0x020000 conventional PCI endpoint
[    0.513139] pci 0000:00:03.0: BAR 0 [mem 0xfeb80000-0xfeb9ffff]
[    0.513194] pci 0000:00:03.0: BAR 1 [io  0xc000-0xc03f]
[    0.513234] pci 0000:00:03.0: ROM [mem 0xfeb00000-0xfeb3ffff pref]
[    0.516570] pci 0000:00:04.0: [8086:100e] type 00 class 0x020000 conventional PCI endpoint
[    0.517023] pci 0000:00:04.0: BAR 0 [mem 0xfeba0000-0xfebbffff]
[    0.517082] pci 0000:00:04.0: BAR 1 [io  0xc040-0xc07f]
[    0.517129] pci 0000:00:04.0: ROM [mem 0xfeb40000-0xfeb7ffff pref]
[    0.522383] ACPI: PCI: Interrupt link LNKA configured for IRQ 10
[    0.522858] ACPI: PCI: Interrupt link LNKB configured for IRQ 10
[    0.523168] ACPI: PCI: Interrupt link LNKC configured for IRQ 11
[    0.523462] ACPI: PCI: Interrupt link LNKD configured for IRQ 11
[    0.523636] ACPI: PCI: Interrupt link LNKS configured for IRQ 9
[    0.525528] iommu: Default domain type: Translated
[    0.525587] iommu: DMA domain TLB invalidation policy: lazy mode
[    0.527103] SCSI subsystem initialized
[    0.527635] libata version 3.00 loaded.
[    0.528168] ACPI: bus type USB registered
[    0.528469] usbcore: registered new interface driver usbfs
[    0.528702] usbcore: registered new interface driver hub
[    0.528816] usbcore: registered new device driver usb
[    0.528996] pps_core: LinuxPPS API ver. 1 registered
[    0.529035] pps_core: Software ver. 5.3.6 - Copyright 2005-2007 Rodolfo Giometti <giometti@linux.it>
[    0.529114] PTP clock support registered
[    0.534513] PCI: Using ACPI for IRQ routing
[    0.534638] PCI: pci_cache_line_size set to 64 bytes
[    0.534891] e820: register RAM buffer resource [mem 0x0009fc00-0x0009ffff]
[    0.535033] e820: register RAM buffer resource [mem 0x0ffe0000-0x0fffffff]
[    0.536984] pci 0000:00:02.0: vgaarb: setting as boot VGA device
[    0.537071] pci 0000:00:02.0: vgaarb: bridge control possible
[    0.537138] pci 0000:00:02.0: vgaarb: VGA device added: decodes=io+mem,owns=io+mem,locks=none
[    0.537620] vgaarb: loaded
[    0.538264] hpet: 3 channels of 0 reserved for per-cpu timers
[    0.538739] hpet0: at MMIO 0xfed00000, IRQs 2, 8, 0
[    0.538833] hpet0: 3 comparators, 64-bit 100.000000 MHz counter
[    0.542007] clocksource: Switched to clocksource tsc-early
[    0.542975] VFS: Disk quotas dquot_6.6.0
[    0.543069] VFS: Dquot-cache hash table entries: 512 (order 0, 4096 bytes)
[    0.544958] pnp: PnP ACPI init
[    0.546328] pnp 00:02: [dma 2]
[    0.547400] pnp: PnP ACPI: found 5 devices
[    0.561924] clocksource: acpi_pm: mask: 0xffffff max_cycles: 0xffffff, max_idle_ns: 2085701024 ns
[    0.562353] NET: Registered PF_INET protocol family
[    0.562951] IP idents hash table entries: 4096 (order: 3, 32768 bytes, linear)
[    0.564609] tcp_listen_portaddr_hash hash table entries: 256 (order: 0, 4096 bytes, linear)
[    0.564845] Table-perturb hash table entries: 65536 (order: 6, 262144 bytes, linear)
[    0.564935] TCP established hash table entries: 2048 (order: 2, 16384 bytes, linear)
[    0.565081] TCP bind hash table entries: 2048 (order: 4, 65536 bytes, linear)
[    0.565216] TCP: Hash tables configured (established 2048 bind 2048)
[    0.566072] UDP hash table entries: 256 (order: 2, 16384 bytes, linear)
[    0.567146] pci_bus 0000:00: resource 4 [io  0x0000-0x0cf7 window]
[    0.567208] pci_bus 0000:00: resource 5 [io  0x0d00-0xffff window]
[    0.567254] pci_bus 0000:00: resource 6 [mem 0x000a0000-0x000bffff window]
[    0.567303] pci_bus 0000:00: resource 7 [mem 0x10000000-0xfebfffff window]
[    0.567364] pci_bus 0000:00: resource 8 [mem 0x100000000-0x17fffffff window]
[    0.567714] pci 0000:00:01.0: PIIX3: Enabling Passive Release
[    0.567808] pci 0000:00:00.0: Limiting direct PCI/PCI transfers
[    0.567928] PCI: CLS 0 bytes, default 64
[    0.570575] Unpacking initramfs...
[    0.575241] Initialise system trusted keyrings
[    0.576861] workingset: timestamp_bits=56 (anon: 52) max_order=16 bucket_order=0 (anon: 0)
[    0.579244] Key type asymmetric registered
[    0.579322] Asymmetric key parser 'x509' registered
[    0.579489] Block layer SCSI generic (bsg) driver version 0.4 loaded (major 250)
[    0.579811] io scheduler mq-deadline registered
[    0.579888] io scheduler kyber registered
[    0.582183] input: Power Button as /devices/platform/LNXPWRBN:00/input/input0
[    0.582777] ACPI: button: Power Button [PWRF]
[    0.586618] Serial: 8250/16550 driver, 4 ports, IRQ sharing enabled
[    0.589055] 00:04: ttyS0 at I/O 0x3f8 (irq = 4, base_baud = 115200) is a 16550A
[    0.597070] Non-volatile memory driver v1.3
[    0.608585] loop: module loaded
[    0.614571] scsi host0: ata_piix
[    0.615577] scsi host1: ata_piix
[    0.615894] ata1: PATA max MWDMA2 cmd 0x1f0 ctl 0x3f6 bmdma 0xc080 irq 14 lpm-pol 0
[    0.615966] ata2: PATA max MWDMA2 cmd 0x170 ctl 0x376 bmdma 0xc088 irq 15 lpm-pol 0
[    0.619138] i8042: PNP: PS/2 Controller [PNP0303:KBD,PNP0f13:MOU] at 0x60,0x64 irq 1,12
[    0.620953] serio: i8042 KBD port at 0x60,0x64 irq 1
[    0.621116] serio: i8042 AUX port at 0x60,0x64 irq 12
[    0.622415] rtc_cmos PNP0B00:00: RTC can wake from S4
[    0.624854] rtc_cmos PNP0B00:00: registered as rtc0
[    0.625705] rtc_cmos PNP0B00:00: alarms up to one day, y3k, 242 bytes nvram, hpet irqs
[    0.626609] device-mapper: ioctl: 4.50.0-ioctl (2025-04-28) initialised: dm-devel@lists.linux.dev
[    0.626883] input: AT Translated Set 2 keyboard as /devices/platform/i8042/serio0/input/input1
[    0.629637] amd_pstate: the _CPC object is not present in SBIOS or ACPI disabled
[    0.629860] hid: raw HID events driver (C) Jiri Kosina
[    0.630272] usbcore: registered new interface driver usbhid
[    0.630321] usbhid: USB HID core driver
[    0.630969] NET: Registered PF_INET6 protocol family
[    0.635021] Segment Routing with IPv6
[    0.635164] In-situ OAM (IOAM) with IPv6
[    0.637112] IPI shorthand broadcast: enabled
[    0.644918] sched_clock: Marking stable (634132939, 10515080)->(647365006, -2716987)
[    0.646237] Loading compiled-in X.509 certificates
[    0.652905] Demotion targets for Node 0: null
[    0.656417] PM:   Magic number: 6:770:625
[    0.657248] clk: Disabling unused clocks
[    0.657465] KTAP version 1
[    0.657492] 1..0
[    0.728968] Freeing initrd memory: 8000K
[    0.773990] ata2: found unknown device (class 0)
[    0.776824] ata2.00: ATAPI: QEMU DVD-ROM, 2.5+, max UDMA/100
[    0.783450] scsi 1:0:0:0: CD-ROM            QEMU     QEMU DVD-ROM     2.5+ PQ: 0 ANSI: 5
[    0.799831] sr 1:0:0:0: [sr0] scsi3-mmc drive: 4x/4x cd/rw xa/form2 tray
[    0.811598] cdrom: Uniform CD-ROM driver Revision: 3.20
[    0.819309] sr 1:0:0:0: Attached scsi CD-ROM sr0
[    0.820291] sr 1:0:0:0: Attached scsi generic sg0 type 5
[    0.857801] Freeing unused kernel image (initmem) memory: 2808K
[    0.858032] Write protecting the kernel read-only data: 20480k
[    0.859520] Freeing unused kernel image (text/rodata gap) memory: 1584K
[    0.860025] Freeing unused kernel image (rodata/data gap) memory: 988K
[    0.948163] x86/mm: Checked W+X mappings: passed, no W+X pages found.
[    0.948393] Run /init as init process
[    0.948423]   with arguments:
[    0.948448]     /init
[    0.948469]     nokaslr
[    0.948487]   with environment:
[    0.948511]     HOME=/
[    0.948532]     TERM=linux
[    1.008545] mount (55) used greatest stack depth: 13208 bytes left
[    1.025671] mkdir (58) used greatest stack depth: 13152 bytes left
=== insmod e1000 ===
[    1.047405] input: ImExPS/2 Generic Explorer Mouse as /devices/platform/i8042/serio1/input/input3
[    1.051489] e1000: [rhcov] e1000_init_module
[    1.051603] e1000: Intel(R) PRO/1000 Network Driver
[    1.051639] e1000: Copyright (c) 1999-2006 Intel Corporation.
[    1.051826] e1000: [rhcov] e1000_probe
[    1.051871] e1000: [rhcov] e1000_is_need_ioport
[    1.057284] ACPI: \_SB_.LNKC: Enabled at IRQ 11
[    1.057923] e1000: [rhcov] e1000_init_hw_struct
[    1.058009] e1000: [rhcov] e1000_set_mac_type
[    1.058074] e1000: [rhcov] e1000_set_media_type
[    1.058150] e1000: [rhcov] e1000_get_bus_info
[    1.058252] e1000: [rhcov] e1000_set_ethtool_ops
[    1.058667] e1000: [rhcov] e1000_sw_init
[    1.058704] e1000: [rhcov] e1000_alloc_queues
[    1.058756] e1000: [rhcov] e1000_irq_disable
[    1.058875] e1000: [rhcov] e1000_enable_mng_pass_thru
[    1.058938] e1000: [rhcov] e1000_init_eeprom_params
[    1.059040] e1000: [rhcov] e1000_reset_hw
[    1.069748] e1000: [rhcov] e1000_write_reg_io
[    1.069817] e1000: [rhcov] e1000_io_write
[    1.069869] e1000: [rhcov] e1000_get_auto_rd_done
[    1.075743] e1000: [rhcov] e1000_validate_eeprom_checksum
[    1.075788] e1000: [rhcov] e1000_read_eeprom
[    1.075838] e1000: [rhcov] e1000_do_read_eeprom
[    1.075887] e1000: [rhcov] e1000_acquire_eeprom
[    1.075982] e1000: [rhcov] e1000_shift_out_ee_bits
[    1.076107] e1000: [rhcov] e1000_raise_ee_clk
[    1.076212] e1000: [rhcov] e1000_lower_ee_clk
[    1.077578] e1000: [rhcov] e1000_shift_in_ee_bits
[    1.079365] e1000: [rhcov] e1000_standby_eeprom
[    1.079693] e1000: [rhcov] e1000_release_eeprom
[    1.288919] e1000: [rhcov] e1000_read_mac_addr
[    1.299171] e1000: [rhcov] e1000_check_options
[    1.299435] e1000: [rhcov] e1000_check_copper_options
[    1.299548] e1000: [rhcov] e1000_validate_mdi_setting
[    1.302966] e1000: [rhcov] e1000_reset
[    1.319608] e1000: [rhcov] e1000_init_hw
[    1.319657] e1000: [rhcov] e1000_id_led_init
[    1.323170] e1000: [rhcov] e1000_clear_vfta
[    1.323288] e1000: [rhcov] e1000_init_rx_addrs
[    1.323330] e1000: [rhcov] e1000_rar_set
[    1.323581] e1000: [rhcov] e1000_setup_link
[    1.326948] e1000: [rhcov] e1000_setup_copper_link
[    1.326994] e1000: [rhcov] e1000_copper_link_preconfig
[    1.327069] e1000: [rhcov] e1000_detect_gig_phy
[    1.327124] e1000: [rhcov] e1000_read_phy_reg
[    1.327162] e1000: [rhcov] e1000_read_phy_reg_ex
[    1.327403] e1000: [rhcov] e1000_set_phy_type
[    1.327463] e1000: [rhcov] e1000_set_phy_mode
[    1.327510] e1000: [rhcov] e1000_copper_link_mgp_setup
[    1.327661] e1000: [rhcov] e1000_write_phy_reg
[    1.327707] e1000: [rhcov] e1000_write_phy_reg_ex
[    1.327868] e1000: [rhcov] e1000_phy_reset
[    1.327995] e1000: [rhcov] e1000_copper_link_autoneg
[    1.328042] e1000: [rhcov] e1000_phy_setup_autoneg
[    1.329567] e1000: [rhcov] e1000_clear_hw_cntrs
[    1.331010] e1000: [rhcov] e1000_update_mng_vlan
[    1.331048] e1000: [rhcov] e1000_vlan_used
[    1.331106] e1000: [rhcov] e1000_reset_adaptive
[    1.331162] e1000: [rhcov] e1000_phy_get_info
[    1.331325] e1000: [rhcov] e1000_release_manageability
[    1.332022] e1000: [rhcov] e1000_fix_features
[    1.332978] e1000: [rhcov] e1000_vlan_filter_on_off
[    1.333024] e1000: [rhcov] __e1000_vlan_mode
[    1.333162] e1000 0000:00:03.0 eth0: (PCI:33MHz:32-bit) 52:54:00:12:34:56
[    1.333406] e1000 0000:00:03.0 eth0: Intel(R) PRO/1000 Network Connection
[    1.337586] ACPI: \_SB_.LNKD: Enabled at IRQ 10
[    1.604139] e1000 0000:00:04.0 eth1: (PCI:33MHz:32-bit) 52:54:00:12:34:57
[    1.604279] e1000 0000:00:04.0 eth1: Intel(R) PRO/1000 Network Connection
[    1.607433] insmod (62) used greatest stack depth: 13000 bytes left
REHARNESS_DRIVER_INSMOD_RC=0
=== dmesg ===
[    1.618059] tsc: Refined TSC clocksource calibration: 4299.991 MHz
[    1.618382] clocksource: tsc: mask: 0xffffffffffffffff max_cycles: 0x3dfb5b6b488, max_idle_ns: 440795307336 ns
[    1.619658] clocksource: Switched to clocksource tsc
[    1.326994] e1000: [rhcov] e1000_copper_link_preconfig
[    1.327069] e1000: [rhcov] e1000_detect_gig_phy
[    1.327124] e1000: [rhcov] e1000_read_phy_reg
[    1.327162] e1000: [rhcov] e1000_read_phy_reg_ex
[    1.327403] e1000: [rhcov] e1000_set_phy_type
[    1.327463] e1000: [rhcov] e1000_set_phy_mode
[    1.327510] e1000: [rhcov] e1000_copper_link_mgp_setup
[    1.327661] e1000: [rhcov] e1000_write_phy_reg
[    1.327707] e1000: [rhcov] e1000_write_phy_reg_ex
[    1.327868] e1000: [rhcov] e1000_phy_reset
[    1.327995] e1000: [rhcov] e1000_copper_link_autoneg
[    1.328042] e1000: [rhcov] e1000_phy_setup_autoneg
[    1.329567] e1000: [rhcov] e1000_clear_hw_cntrs
[    1.331010] e1000: [rhcov] e1000_update_mng_vlan
[    1.331048] e1000: [rhcov] e1000_vlan_used
[    1.331106] e1000: [rhcov] e1000_reset_adaptive
[    1.331162] e1000: [rhcov] e1000_phy_get_info
[    1.331325] e1000: [rhcov] e1000_release_manageability
[    1.332022] e1000: [rhcov] e1000_fix_features
[    1.332978] e1000: [rhcov] e1000_vlan_filter_on_off
[    1.333024] e1000: [rhcov] __e1000_vlan_mode
[    1.333162] e1000 0000:00:03.0 eth0: (PCI:33MHz:32-bit) 52:54:00:12:34:56
[    1.333406] e1000 0000:00:03.0 eth0: Intel(R) PRO/1000 Network Connection
[    1.604139] e1000 0000:00:04.0 eth1: (PCI:33MHz:32-bit) 52:54:00:12:34:57
[    1.604279] e1000 0000:00:04.0 eth1: Intel(R) PRO/1000 Network Connection
=== exerciser ===
[    1.654020] e1000: [rhcov] e1000_get_link_ksettings
Settings for eth0:
	Supported ports: [ TP ]
	Supported link modes:   10baseT/Half 10baseT/Full
	                        100baseT/Half 100baseT/Full
	                        1000baseT/Full
	Supported pause frame use: No
	Supports auto-negotiation: Yes
	Supported FEC modes: Not reported
	Advertised link modes:  10baseT/Half 10baseT/Full
	                        100baseT/Half 100baseT/Full
	                        1000baseT/Full
	Advertised pause frame use: No
	Advertised auto-negotiation: Yes
	Advertised FEC modes: Not reported
	Speed: Unknown!
	Duplex: Unknown! (255)
	Auto-negotiation: on
	Port: Twisted Pair
	PHYAD: 0
	Transceiver: internal
	MDI-X: Unknown (auto)
[    1.656832] e1000: [rhcov] e1000_get_wol
[    1.656899] e1000: [rhcov] e1000_wol_exclusion
	Supports Wake-on: umbg
	Wake-on: d
[    1.657500] e1000: [rhcov] e1000_get_msglevel
        Current message level: 0x00000007 (7)
                               drv probe link
	Link detected: no
[    1.664703] e1000: [rhcov] e1000_get_drvinfo
[    1.664800] e1000: [rhcov] e1000_get_sset_count
[    1.664867] e1000: [rhcov] e1000_get_regs_len
[    1.664908] e1000: [rhcov] e1000_get_eeprom_len
driver: e1000
version: 7.1.0-rc7+
firmware-version: 
expansion-rom-version: 
bus-info: 0000:00:03.0
supports-statistics: yes
supports-test: yes
supports-eeprom-access: yes
supports-register-dump: yes
supports-priv-flags: no
[    1.671092] e1000: [rhcov] e1000_get_strings
[    1.671312] e1000: [rhcov] e1000_get_ethtool_stats
[    1.671373] e1000: [rhcov] e1000_update_stats
NIC statistics:
     rx_packets: 0
     tx_packets: 0
     rx_bytes: 0
     tx_bytes: 0
     rx_broadcast: 0
     tx_broadcast: 0
     rx_multicast: 0
     tx_multicast: 0
     rx_errors: 0
     tx_errors: 0
     tx_dropped: 0
     multicast: 0
     collisions: 0
     rx_length_errors: 0
     rx_over_errors: 0
     rx_crc_errors: 0
     rx_frame_errors: 0
     rx_no_buffer_count: 0
     rx_missed_errors: 0
     tx_aborted_errors: 0
     tx_carrier_errors: 0
     tx_fifo_errors: 0
     tx_heartbeat_errors: 0
     tx_window_errors: 0
     tx_abort_late_coll: 0
     tx_deferred_ok: 0
     tx_single_coll_ok: 0
     tx_multi_coll_ok: 0
     tx_timeout_count: 0
     tx_restart_queue: 0
     rx_long_length_errors: 0
     rx_short_length_errors: 0
     rx_align_errors: 0
     tx_tcp_seg_good: 0
     tx_tcp_seg_failed: 0
     rx_flow_control_xon: 0
     rx_flow_control_xoff: 0
     tx_flow_control_xon: 0
     tx_flow_control_xoff: 0
     rx_long_byte_count: 0
     rx_csum_offload_good: 0
     rx_csum_offload_errors: 0
     alloc_rx_buff_failed: 0
     tx_smbus: 0
     rx_smbus: 0
     dropped_smbus: 0
[    1.677322] e1000: [rhcov] e1000_get_pauseparam
Pause parameters for eth0:
Autonegotiate:	on
RX:		on
TX:		on

[    1.682457] e1000: [rhcov] e1000_get_ringparam
Ring parameters for eth0:
Pre-set maximums:
RX:			4096
RX Mini:		n/a
RX Jumbo:		n/a
TX:			4096
TX push buff len:	n/a
Current hardware settings:
RX:			256
RX Mini:		n/a
RX Jumbo:		n/a
TX:			256
RX Buf Len:		n/a
CQE Size:		n/a
TX Push:		off
RX Push:		off
TX push buff len:	n/a
TCP data split:		n/a
Features for eth0:
rx-checksumming: off
tx-checksumming: on
	tx-checksum-ipv4: off [fixed]
	tx-checksum-ip-generic: on
	tx-checksum-ipv6: off [fixed]
	tx-checksum-fcoe-crc: off [fixed]
	tx-checksum-sctp: off [fixed]
scatter-gather: on
	tx-scatter-gather: on
	tx-scatter-gather-fraglist: off [fixed]
tcp-segmentation-offload: on
	tx-tcp-segmentation: on
	tx-tcp-ecn-segmentation: off [fixed]
	tx-tcp-mangleid-segmentation: off
	tx-tcp6-segmentation: off [fixed]
	tx-tcp-accecn-segmentation: off [fixed]
generic-segmentation-offload: on
generic-receive-offload: on
large-receive-offload: off [fixed]
rx-vlan-offload: on
tx-vlan-offload: on [fixed]
ntuple-filters: off [fixed]
receive-hashing: off [fixed]
highdma: off [fixed]
rx-vlan-filter: on [fixed]
vlan-challenged: off [fixed]
tx-gso-robust: off [fixed]
tx-fcoe-segmentation: off [fixed]
tx-gre-segmentation: off [fixed]
tx-gre-csum-segmentation: off [fixed]
tx-ipxip4-segmentation: off [fixed]
tx-ipxip6-segmentation: off [fixed]
tx-udp_tnl-segmentation: off [fixed]
tx-udp_tnl-csum-segmentation: off [fixed]
tx-gso-partial: off [fixed]
tx-tunnel-remcsum-segmentation: off [fixed]
tx-sctp-segmentation: off [fixed]
tx-esp-segmentation: off [fixed]
tx-udp-segmentation: off [fixed]
tx-gso-list: off [fixed]
tx-nocache-copy: off
loopback: off [fixed]
rx-fcs: off
rx-all: off
tx-vlan-stag-hw-insert: off [fixed]
rx-vlan-stag-hw-parse: off [fixed]
rx-vlan-stag-filter: off [fixed]
l2-fwd-offload: off [fixed]
hw-tc-offload: off [fixed]
esp-hw-offload: off [fixed]
esp-tx-csum-hw-offload: off [fixed]
rx-udp_tunnel-port-offload: off [fixed]
tls-hw-tx-offload: off [fixed]
tls-hw-rx-offload: off [fixed]
rx-gro-hw: off [fixed]
tls-hw-record: off [fixed]
rx-gro-list: off
macsec-hw-offload: off [fixed]
rx-udp-gro-forwarding: off
hsr-tag-ins-offload: off [fixed]
hsr-tag-rm-offload: off [fixed]
hsr-fwd-offload: off [fixed]
hsr-dup-offload: off [fixed]
[    1.695277] e1000: [rhcov] e1000_get_coalesce
netlink error: Operation not supported
[    1.700152] e1000: [rhcov] e1000_get_eeprom
Offset		Values
------		------
0x0000:		52 54 00 12 34 56 00 00 ff ff 00 00 00 00 00 00 
0x0010:		00 30 00 10 03 64 0e 10 86 80 0e 10 86 80 40 30 
0x0020:		08 00 00 20 14 7e 48 00 00 10 d8 00 00 00 00 27 
0x0030:		c9 6c 50 31 22 07 0b 04 84 09 00 00 00 c0 06 07 
0x0040:		08 10 00 00 04 0f ff 7f 01 4d ff ff ff ff ff ff 
0x0050:		ff ff ff ff ff ff ff ff ff ff ff ff ff ff ff ff 
0x0060:		00 01 00 40 1c 12 ff ff ff ff ff ff ff ff ff ff 
0x0070:		ff ff ff ff ff ff ff ff ff ff ff ff ff ff ad 79 
[    1.919774] e1000: [rhcov] e1000_nway_reset
netlink error: Operation not supported
[    1.930321] e1000: [rhcov] e1000_diag_test
[    1.930441] e1000: [rhcov] e1000_link_test
[    1.930498] e1000: [rhcov] e1000_check_for_link
[    1.930719] e1000: [rhcov] e1000_check_downshift
[    1.930845] e1000: [rhcov] e1000_config_dsp_after_link_change
[    1.930914] e1000: [rhcov] e1000_config_collision_dist
[    1.930984] e1000: [rhcov] e1000_config_fc_after_link_up
[    1.931287] e1000: [rhcov] e1000_get_speed_and_duplex
[    1.931363] e1000: [rhcov] e1000_force_mac_fc
The test result is PASS
The test extra info:
Register test  (offline)	 0
Eeprom test    (offline)	 0
Interrupt test (offline)	 0
Loopback test  (offline)	 0
Link test   (on/offline)	 0

[   10.013445] e1000: [rhcov] e1000_set_ringparam
netlink error: Operation not supported
no stats available
netlink error: Operation not supported
netlink error: Operation not supported
ethtool: bad command line argument(s)
For more information run ethtool -h
ethtool (--set-fec): unknown parameter 'off'
Time stamping parameters for eth0:
Capabilities:
	software-transmit
	software-receive
	software-system-clock
PTP Hardware Clock: none
Hardware Transmit Timestamp Modes: none
Hardware Receive Filter Modes: none
ethtool: bad command line argument(s)
For more information run ethtool -h
REHARNESS_E1000_OK driver=e1000 tx=0 rx=0
EXERCISER_RC=0
=== rmmod e1000 ===
[   10.073288] e1000: [rhcov] e1000_exit_module
[   10.073723] e1000: [rhcov] e1000_remove
[   10.073783] e1000: [rhcov] e1000_down_and_stop
[   10.092861] e1000: [rhcov] e1000_phy_hw_reset
[   10.103812] e1000: [rhcov] e1000_get_phy_cfg_done
REHARNESS_DRIVER_RMMOD_RC=0
=== QEMU_RUN_DONE ===
[   10.388076] sysrq: Power Off
[   10.388535] Kernel panic - not syncing: Attempted to kill init! exitcode=0x00000000
[   10.388972] CPU: 1 UID: 0 PID: 1 Comm: init Not tainted 7.1.0-rc7+ #18 PREEMPT(lazy) 
[   10.389119] Hardware name: QEMU Standard PC (i440FX + PIIX, 1996), BIOS rel-1.17.0-0-gb52ca86e094d-prebuilt.qemu.org 04/01/2014
[   10.389308] Call Trace:
[   10.389755]  <TASK>
[   10.389932]  vpanic+0x32f/0x4b0
[   10.390152]  panic+0x63/0x70
[   10.390182]  do_exit+0x952/0xaf0
[   10.390215]  do_group_exit+0x30/0x80
[   10.390246]  __x64_sys_exit_group+0x18/0x20
[   10.390286]  x64_sys_call+0x12e2/0x1880
[   10.390319]  do_syscall_64+0x10e/0x4e0
[   10.390356]  entry_SYSCALL_64_after_hwframe+0x77/0x7f
[   10.390485] RIP: 0033:0x7f2081eec31d
[   10.390672] Code: 02 ba ff ff ff ff 89 d0 c3 0f 1f 40 00 f3 0f 1e fa 48 8b 35 ed 4a 11 00 ba e7 00 00 00 eb 07 66 0f 1f 44 00 00 f4 89 d0 0f 05 <48> 3d 00 f0 ff ff 76 f3 f7 d8 64 89 06 eb ec 0f 1f 40 00 f3 0f 1e
[   10.390825] RSP: 002b:00007ffc60921928 EFLAGS: 00000202 ORIG_RAX: 00000000000000e7
[   10.390906] RAX: ffffffffffffffda RBX: 00007ffc60921bb0 RCX: 00007f2081eec31d
[   10.390959] RDX: 00000000000000e7 RSI: ffffffffffffff88 RDI: 0000000000000000
[   10.391011] RBP: 00007ffc60921a00 R08: 0000557c87026010 R09: 0000000000000007
[   10.391063] R10: 0000557c87028960 R11: 0000000000000202 R12: 0000000000000000
[   10.391114] R13: 00007ffc60921ba0 R14: 0000557c76f5ddd8 R15: 00007f2082052000
[   10.391197]  </TASK>
[   10.391747] Kernel Offset: disabled
[   10.391986] Rebooting in 1 seconds..
