c[?7l[2J[0mSeaBIOS (version rel-1.17.0-0-gb52ca86e094d-prebuilt.qemu.org)


iPXE (http://ipxe.org) 00:03.0 CA00 PCI2.10 PnP PMM+0EFD1C40+0EF31C40 CA00
Press Ctrl-B to configure iPXE (PCI 00:03.0)...                                                                               




iPXE (http://ipxe.org) 00:04.0 CB00 PCI2.10 PnP PMM 0EFD1C40 0EF31C40 CB00
Press Ctrl-B to configure iPXE (PCI 00:04.0)...                                                                               


Booting from ROM..c[?7l[2JNo EFI environment detected.
early console in extract_kernel
input_data: 0x000000000266c2c4
input_len: 0x000000000095c97d
output: 0x0000000001000000
output_len: 0x0000000001f8870c
kernel_total_size: 0x0000000001d8c000
needed_size: 0x0000000002000000
trampoline_32bit: 0x0000000000000000


KASLR disabled: 'nokaslr' on cmdline.


Decompressing Linux... Parsing ELF... No relocation needed... done.
Booting the kernel (entry_offset: 0x0000000001a193b0).
[    0.000000] Linux version 7.1.0-rc7+ (yfblock@9950x) (gcc (Ubuntu 13.3.0-6ubuntu2~24.04.1) 13.3.0, GNU ld (GNU Binutils for Ubuntu) 2.42) #18 SMP PREEMPT_DYNAMIC Mon Aug 31 01:09:14 CST 2026
[    0.000000] Command line: console=ttyS0 nokaslr panic=1 ignore_loglevel earlyprintk=serial,ttyS0,115200
[    0.000000] BIOS-provided physical RAM map:
[    0.000000] BIOS-e820: [mem 0x0000000000000000-0x000000000009fbff]  System RAM
[    0.000000] BIOS-e820: [mem 0x000000000009fc00-0x000000000009ffff]  device reserved
[    0.000000] BIOS-e820: [gap 0x00000000000a0000-0x00000000000effff]
[    0.000000] BIOS-e820: [mem 0x00000000000f0000-0x00000000000fffff]  device reserved
[    0.000000] BIOS-e820: [mem 0x0000000000100000-0x000000000ffdffff]  System RAM
[    0.000000] BIOS-e820: [mem 0x000000000ffe0000-0x000000000fffffff]  device reserved
[    0.000000] BIOS-e820: [gap 0x0000000010000000-0x00000000fffbffff]
[    0.000000] BIOS-e820: [mem 0x00000000fffc0000-0x00000000ffffffff]  device reserved
[    0.000000] BIOS-e820: [gap 0x0000000100000000-0x000000fcffffffff]
[    0.000000] BIOS-e820: [mem 0x000000fd00000000-0x000000ffffffffff]  device reserved
[    0.000000] printk: debug: ignoring loglevel setting.
[    0.000000] printk: legacy bootconsole [earlyser0] enabled
[    0.000000] NX (Execute Disable) protection: active
[    0.000000] APIC: Static calls initialized
[    0.000000] DMI: SMBIOS 2.8 present.
[    0.000000] DMI: QEMU Standard PC (i440FX + PIIX, 1996), BIOS rel-1.17.0-0-gb52ca86e094d-prebuilt.qemu.org 04/01/2014
[    0.000000] DMI: Memory slots populated: 1/1
[    0.000000] tsc: Fast TSC calibration using PIT
[    0.000000] tsc: Detected 4300.030 MHz processor
[    0.008253] e820: update [mem 0x00000000-0x00000fff] System RAM ==> device reserved
[    0.008437] e820: remove [mem 0x000a0000-0x000fffff] System RAM
[    0.008594] last_pfn = 0xffe0 max_arch_pfn = 0x400000000
[    0.009045] MTRR map: 4 entries (3 fixed + 1 variable; max 19), built from 8 variable MTRRs
[    0.009207] x86/PAT: Configuration [0-7]: WB  WC  UC- UC  WB  WP  UC- WT  
[    0.021051] found SMP MP-table at [mem 0x000f54b0-0x000f54bf]
[    0.024090] RAMDISK: [mem 0x0f808000-0x0ffdffff]
[    0.024372] ACPI: Early table checksum verification disabled
[    0.024685] ACPI: RSDP 0x00000000000F52D0 000014 (v00 BOCHS )
[    0.024889] ACPI: RSDT 0x000000000FFE2389 000034 (v01 BOCHS  BXPC     00000001 BXPC 00000001)
[    0.025395] ACPI: FACP 0x000000000FFE2235 000074 (v01 BOCHS  BXPC     00000001 BXPC 00000001)
[    0.025837] ACPI: DSDT 0x000000000FFE0040 0021F5 (v01 BOCHS  BXPC     00000001 BXPC 00000001)
[    0.025946] ACPI: FACS 0x000000000FFE0000 000040
[    0.026011] ACPI: APIC 0x000000000FFE22A9 000080 (v03 BOCHS  BXPC     00000001 BXPC 00000001)
[    0.026077] ACPI: HPET 0x000000000FFE2329 000038 (v01 BOCHS  BXPC     00000001 BXPC 00000001)
[    0.026141] ACPI: WAET 0x000000000FFE2361 000028 (v01 BOCHS  BXPC     00000001 BXPC 00000001)
[    0.026248] ACPI: Reserving FACP table memory at [mem 0xffe2235-0xffe22a8]
[    0.026299] ACPI: Reserving DSDT table memory at [mem 0xffe0040-0xffe2234]
[    0.026351] ACPI: Reserving FACS table memory at [mem 0xffe0000-0xffe003f]
[    0.026393] ACPI: Reserving APIC table memory at [mem 0xffe22a9-0xffe2328]
[    0.026435] ACPI: Reserving HPET table memory at [mem 0xffe2329-0xffe2360]
[    0.026477] ACPI: Reserving WAET table memory at [mem 0xffe2361-0xffe2388]
[    0.027756] No NUMA configuration found
[    0.027800] Faking a node at [mem 0x0000000000000000-0x000000000ffdffff]
[    0.028206] NODE_DATA(0) allocated [mem 0x0f804680-0x0f807fff]
[    0.028718] ACPI: PM-Timer IO Port: 0x608
[    0.029000] ACPI: LAPIC_NMI (acpi_id[0xff] dfl dfl lint[0x1])
[    0.029263] IOAPIC[0]: apic_id 0, version 32, address 0xfec00000, GSI 0-23
[    0.029374] ACPI: INT_SRC_OVR (bus 0 bus_irq 0 global_irq 2 dfl dfl)
[    0.029554] ACPI: INT_SRC_OVR (bus 0 bus_irq 5 global_irq 5 high level)
[    0.029620] ACPI: INT_SRC_OVR (bus 0 bus_irq 9 global_irq 9 high level)
[    0.029714] ACPI: INT_SRC_OVR (bus 0 bus_irq 10 global_irq 10 high level)
[    0.029758] ACPI: INT_SRC_OVR (bus 0 bus_irq 11 global_irq 11 high level)
[    0.029911] ACPI: Using ACPI (MADT) for SMP configuration information
[    0.029974] ACPI: HPET id: 0x8086a201 base: 0xfed00000
[    0.030243] CPU topo: Max. logical packages:   1
[    0.030296] CPU topo: Max. logical nodes:      1
[    0.030330] CPU topo: Num. nodes per package:  1
[    0.030390] CPU topo: Max. logical dies:       1
[    0.030422] CPU topo: Max. dies per package:   1
[    0.030483] CPU topo: Max. threads per core:   1
[    0.030593] CPU topo: Num. cores per package:     2
[    0.030631] CPU topo: Num. threads per package:   2
[    0.030665] CPU topo: Allowing 2 present CPUs plus 0 hotplug CPUs
[    0.031203] PM: hibernation: Registered nosave memory: [mem 0x00000000-0x00000fff]
[    0.031269] PM: hibernation: Registered nosave memory: [mem 0x0009f000-0x000fffff]
[    0.031383] [gap 0x10000000-0xfffbffff] available for PCI devices
[    0.031453] Booting paravirtualized kernel on bare hardware
[    0.031674] clocksource: refined-jiffies: mask: 0xffffffff max_cycles: 0xffffffff, max_idle_ns: 1910969940391419 ns
[    0.038940] Zone ranges:
[    0.038978]   DMA      [mem 0x0000000000001000-0x0000000000ffffff]
[    0.039056]   DMA32    [mem 0x0000000001000000-0x000000000ffdffff]
[    0.039100]   Normal   empty
[    0.039134] Movable zone start for each node
[    0.039175] Early memory node ranges
[    0.039215]   node   0: [mem 0x0000000000001000-0x000000000009efff]
[    0.039329]   node   0: [mem 0x0000000000100000-0x000000000ffdffff]
[    0.039440] Initmem setup node 0 [mem 0x0000000000001000-0x000000000ffdffff]
[    0.040011] On node 0, zone DMA: 1 pages in unavailable ranges
[    0.040233] On node 0, zone DMA: 97 pages in unavailable ranges
[    0.041443] On node 0, zone DMA32: 32 pages in unavailable ranges
[    0.041606] setup_percpu: NR_CPUS:64 nr_cpumask_bits:2 nr_cpu_ids:2 nr_node_ids:1
[    0.042618] percpu: Embedded 52 pages/cpu s175064 r8192 d29736 u1048576
[    0.042897] pcpu-alloc: s175064 r8192 d29736 u1048576 alloc=1*2097152
[    0.042985] pcpu-alloc: [0] 0 1 
[    0.043866] Kernel command line: console=ttyS0 nokaslr panic=1 ignore_loglevel earlyprintk=serial,ttyS0,115200
[    0.044602] Unknown kernel command line parameters "nokaslr", will be passed to user space.
[    0.044772] printk: log buffer data + meta data: 262144 + 917504 = 1179648 bytes
[    0.045020] Dentry cache hash table entries: 32768 (order: 6, 262144 bytes, linear)
[    0.045146] Inode-cache hash table entries: 16384 (order: 5, 131072 bytes, linear)
[    0.046698] Fallback order for Node 0: 0 
[    0.046970] Built 1 zonelists, mobility grouping on.  Total pages: 65406
[    0.047051] Policy zone: DMA32
[    0.047219] mem auto-init: stack:all(zero), heap alloc:off, heap free:off
[    0.052643] SLUB: HWalign=64, Order=0-3, MinObjects=0, CPUs=2, Nodes=1
Poking KASLR using RDTSC...
[    0.074049] ftrace: allocating 38351 entries in 152 pages
[    0.074334] ftrace: allocated 152 pages with 3 groups
[    0.078972] Dynamic Preempt: lazy
[    0.080823] rcu: Preemptible hierarchical RCU implementation.
[    0.080873] rcu: 	RCU event tracing is enabled.
[    0.080914] rcu: 	RCU restricting CPUs from NR_CPUS=64 to nr_cpu_ids=2.
[    0.081035] 	Trampoline variant of Tasks RCU enabled.
[    0.081070] 	Rude variant of Tasks RCU enabled.
[    0.081100] 	Tracing variant of Tasks RCU enabled.
[    0.081187] rcu: RCU calculated value of scheduler-enlistment delay is 100 jiffies.
[    0.081245] rcu: Adjusting geometry for rcu_fanout_leaf=16, nr_cpu_ids=2
[    0.081965] RCU Tasks: Setting shift to 1 and lim to 1 rcu_task_cb_adjust=1 rcu_task_cpu_ids=2.
[    0.082026] RCU Tasks Rude: Setting shift to 1 and lim to 1 rcu_task_cb_adjust=1 rcu_task_cpu_ids=2.
[    0.096833] NR_IRQS: 4352, nr_irqs: 440, preallocated irqs: 16
[    0.102383] rcu: srcu_init: Setting srcu_struct sizes based on contention.
[    0.106852] Console: colour VGA+ 80x25
[    0.108014] printk: legacy console [ttyS0] enabled
[    0.108014] printk: legacy console [ttyS0] enabled
[    0.108291] printk: legacy bootconsole [earlyser0] disabled
[    0.108291] printk: legacy bootconsole [earlyser0] disabled
[    0.109168] ACPI: Core revision 20251212
[    0.112383] clocksource: hpet: mask: 0xffffffff max_cycles: 0xffffffff, max_idle_ns: 19112604467 ns
[    0.115312] APIC: Switch to symmetric I/O mode setup
[    0.118027] ..TIMER: vector=0x30 apic1=0 pin1=2 apic2=-1 pin2=-1
[    0.123235] clocksource: tsc-early: mask: 0xffffffffffffffff max_cycles: 0x3dfb7fffa30, max_idle_ns: 440795341646 ns
[    0.123522] Calibrating delay loop (skipped), value calculated using timer frequency.. 8600.06 BogoMIPS (lpj=4300030)
[    0.125803] Last level iTLB entries: 4KB 512, 2MB 255, 4MB 127
[    0.125865] Last level dTLB entries: 4KB 512, 2MB 255, 4MB 127, 1GB 0
[    0.126038] mitigations: Enabled attack vectors: user_kernel, user_user, SMT mitigations: auto
[    0.126312] Spectre V2 : Mitigation: Retpolines
[    0.126428] Spectre V1 : Mitigation: usercopy/swapgs barriers and __user pointer sanitization
[    0.126537] Spectre V2 : Spectre v2 / SpectreRSB: Filling RSB on context switch and VMEXIT
[    0.127015] x86/fpu: x87 FPU will use FXSAVE
[    0.193680] pid_max: default: 32768 minimum: 301
[    0.202675] Mount-cache hash table entries: 512 (order: 0, 4096 bytes, linear)
[    0.202823] Mountpoint-cache hash table entries: 512 (order: 0, 4096 bytes, linear)
[    0.207846] VFS: Finished mounting rootfs on nullfs
[    0.323389] smpboot: CPU0: AMD QEMU Virtual CPU version 2.5+ (family: 0xf, model: 0x6b, stepping: 0x1)
[    0.329792] Performance Events: PMU not available due to virtualization, using software events only.
[    0.330492] signal: max sigframe size: 1440
[    0.331185] rcu: Hierarchical SRCU implementation.
[    0.331241] rcu: 	Max phase no-delay instances is 400.
[    0.331932] Timer migration: 1 hierarchy levels; 8 children per group; 1 crossnode level
[    0.334527] smp: Bringing up secondary CPUs ...
[    0.338621] smpboot: x86: Booting SMP configuration:
[    0.338682] .... node  #0, CPUs:      #1
[    0.408815] smp: Brought up 1 node, 2 CPUs
[    0.409523] smpboot: Total of 2 processors activated (17202.83 BogoMIPS)
[    0.415277] Memory: 214416K/261624K available (12748K kernel code, 2347K rwdata, 5156K rodata, 2808K init, 544K bss, 43756K reserved, 0K cma-reserved)
[    0.420378] devtmpfs: initialized
[    0.426104] clocksource: jiffies: mask: 0xffffffff max_cycles: 0xffffffff, max_idle_ns: 1911260446275000 ns
[    0.426582] posixtimers hash table entries: 1024 (order: 2, 16384 bytes, linear)
[    0.426582] futex hash table entries: 512 (32768 bytes on 1 NUMA nodes, total 32 KiB, linear).
[    0.428776] PM: RTC time: 06:52:53, date: 2026-08-31
[    0.431423] NET: Registered PF_NETLINK/PF_ROUTE protocol family
[    0.435913] thermal_sys: Registered thermal governor 'step_wise'
[    0.436501] cpuidle: using governor menu
[    0.437334] Freeing SMP alternatives memory: 36K
[    0.438596] PCI: Using configuration type 1 for base access
[    0.438864] mtrr: your CPUs had inconsistent fixed MTRR settings
[    0.438912] mtrr: your CPUs had inconsistent variable MTRR settings
[    0.438958] mtrr: your CPUs had inconsistent MTRRdefType settings
[    0.439002] mtrr: probably your BIOS does not setup all CPUs.
[    0.439041] mtrr: corrected configuration.
[    0.440558] kprobes: kprobe jump-optimization is enabled. All kprobes are optimized if possible.
[    0.442050] HugeTLB: registered 2.00 MiB page size, pre-allocated 0 pages
[    0.442148] HugeTLB: 28 KiB vmemmap can be freed for a 2.00 MiB page
[    0.444808] ACPI: Added _OSI(Module Device)
[    0.444859] ACPI: Added _OSI(Processor Device)
[    0.444892] ACPI: Added _OSI(Processor Aggregator Device)
[    0.456831] ACPI: 1 ACPI AML tables successfully acquired and loaded
[    0.466702] ACPI: \_SB_: platform _OSC: OS support mask [002a7eee]
[    0.471756] ACPI: Interpreter enabled
[    0.474439] ACPI: PM: (supports S0 S3 S4 S5)
[    0.474502] ACPI: Using IOAPIC for interrupt routing
[    0.474766] PCI: Using host bridge windows from ACPI; if necessary, use "pci=nocrs" and report a bug
[    0.474840] PCI: Using E820 reservations for host bridge windows
[    0.475684] ACPI: Enabled 2 GPEs in block 00 to 0F
[    0.501323] ACPI: PCI Root Bridge [PCI0] (domain 0000 [bus 00-ff])
[    0.501707] acpi PNP0A03:00: _OSC: OS supports [ASPM ClockPM Segments MSI HPX-Type3]
[    0.501845] acpi PNP0A03:00: _OSC: not requesting OS control; OS requires [ExtendedConfig ASPM ClockPM MSI]
[    0.502100] acpi PNP0A03:00: _OSC: platform retains control of PCIe features (AE_ERROR)
[    0.502529] acpi PNP0A03:00: fail to add MMCONFIG information, can't access extended configuration space under this bridge
[    0.504483] PCI host bridge to bus 0000:00
[    0.504644] pci_bus 0000:00: root bus resource [io  0x0000-0x0cf7 window]
[    0.504762] pci_bus 0000:00: root bus resource [io  0x0d00-0xffff window]
[    0.504811] pci_bus 0000:00: root bus resource [mem 0x000a0000-0x000bffff window]
[    0.504882] pci_bus 0000:00: root bus resource [mem 0x10000000-0xfebfffff window]
[    0.504935] pci_bus 0000:00: root bus resource [mem 0x100000000-0x17fffffff window]
[    0.505059] pci_bus 0000:00: root bus resource [bus 00-ff]
[    0.505938] pci 0000:00:00.0: [8086:1237] type 00 class 0x060000 conventional PCI endpoint
[    0.508462] pci 0000:00:01.0: [8086:7000] type 00 class 0x060100 conventional PCI endpoint
[    0.508844] pci 0000:00:01.1: [8086:7010] type 00 class 0x010180 conventional PCI endpoint
[    0.509472] pci 0000:00:01.1: BAR 4 [io  0xc080-0xc08f]
[    0.509553] pci 0000:00:01.1: BAR 0 [io  0x01f0-0x01f7]: legacy IDE quirk
[    0.509612] pci 0000:00:01.1: BAR 1 [io  0x03f6]: legacy IDE quirk
[    0.509672] pci 0000:00:01.1: BAR 2 [io  0x0170-0x0177]: legacy IDE quirk
[    0.509727] pci 0000:00:01.1: BAR 3 [io  0x0376]: legacy IDE quirk
[    0.510135] pci 0000:00:01.3: [8086:7113] type 00 class 0x068000 conventional PCI endpoint
[    0.510449] pci 0000:00:01.3: quirk: [io  0x0600-0x063f] claimed by PIIX4 ACPI
[    0.510521] pci 0000:00:01.3: quirk: [io  0x0700-0x070f] claimed by PIIX4 SMB
[    0.510844] pci 0000:00:02.0: [1234:1111] type 00 class 0x030000 conventional PCI endpoint
[    0.511246] pci 0000:00:02.0: BAR 0 [mem 0xfd000000-0xfdffffff pref]
[    0.511332] pci 0000:00:02.0: BAR 2 [mem 0xfebd0000-0xfebd0fff]
[    0.511405] pci 0000:00:02.0: ROM [mem 0xfebc0000-0xfebcffff pref]
[    0.511589] pci 0000:00:02.0: Video device with shadowed ROM at [mem 0x000c0000-0x000dffff]
[    0.511961] pci 0000:00:03.0: [8086:100e] type 00 class 0x020000 conventional PCI endpoint
[    0.512430] pci 0000:00:03.0: BAR 0 [mem 0xfeb80000-0xfeb9ffff]
[    0.512488] pci 0000:00:03.0: BAR 1 [io  0xc000-0xc03f]
[    0.512530] pci 0000:00:03.0: ROM [mem 0xfeb00000-0xfeb3ffff pref]
[    0.516002] pci 0000:00:04.0: [8086:100e] type 00 class 0x020000 conventional PCI endpoint
[    0.516407] pci 0000:00:04.0: BAR 0 [mem 0xfeba0000-0xfebbffff]
[    0.516465] pci 0000:00:04.0: BAR 1 [io  0xc040-0xc07f]
[    0.516514] pci 0000:00:04.0: ROM [mem 0xfeb40000-0xfeb7ffff pref]
[    0.521985] ACPI: PCI: Interrupt link LNKA configured for IRQ 10
[    0.522588] ACPI: PCI: Interrupt link LNKB configured for IRQ 10
[    0.522922] ACPI: PCI: Interrupt link LNKC configured for IRQ 11
[    0.523252] ACPI: PCI: Interrupt link LNKD configured for IRQ 11
[    0.523448] ACPI: PCI: Interrupt link LNKS configured for IRQ 9
[    0.525452] iommu: Default domain type: Translated
[    0.525514] iommu: DMA domain TLB invalidation policy: lazy mode
[    0.526962] SCSI subsystem initialized
[    0.527489] libata version 3.00 loaded.
[    0.528005] ACPI: bus type USB registered
[    0.528324] usbcore: registered new interface driver usbfs
[    0.528548] usbcore: registered new interface driver hub
[    0.528652] usbcore: registered new device driver usb
[    0.528833] pps_core: LinuxPPS API ver. 1 registered
[    0.528872] pps_core: Software ver. 5.3.6 - Copyright 2005-2007 Rodolfo Giometti <giometti@linux.it>
[    0.528954] PTP clock support registered
[    0.534541] PCI: Using ACPI for IRQ routing
[    0.534664] PCI: pci_cache_line_size set to 64 bytes
[    0.534922] e820: register RAM buffer resource [mem 0x0009fc00-0x0009ffff]
[    0.535065] e820: register RAM buffer resource [mem 0x0ffe0000-0x0fffffff]
[    0.537389] pci 0000:00:02.0: vgaarb: setting as boot VGA device
[    0.537389] pci 0000:00:02.0: vgaarb: bridge control possible
[    0.537389] pci 0000:00:02.0: vgaarb: VGA device added: decodes=io+mem,owns=io+mem,locks=none
[    0.537407] vgaarb: loaded
[    0.538043] hpet: 3 channels of 0 reserved for per-cpu timers
[    0.538535] hpet0: at MMIO 0xfed00000, IRQs 2, 8, 0
[    0.538624] hpet0: 3 comparators, 64-bit 100.000000 MHz counter
[    0.541782] clocksource: Switched to clocksource tsc-early
[    0.542828] VFS: Disk quotas dquot_6.6.0
[    0.542930] VFS: Dquot-cache hash table entries: 512 (order 0, 4096 bytes)
[    0.544334] pnp: PnP ACPI init
[    0.545647] pnp 00:02: [dma 2]
[    0.546775] pnp: PnP ACPI: found 5 devices
[    0.560568] clocksource: acpi_pm: mask: 0xffffff max_cycles: 0xffffff, max_idle_ns: 2085701024 ns
[    0.561015] NET: Registered PF_INET protocol family
[    0.561663] IP idents hash table entries: 4096 (order: 3, 32768 bytes, linear)
[    0.563126] tcp_listen_portaddr_hash hash table entries: 256 (order: 0, 4096 bytes, linear)
[    0.563345] Table-perturb hash table entries: 65536 (order: 6, 262144 bytes, linear)
[    0.563451] TCP established hash table entries: 2048 (order: 2, 16384 bytes, linear)
[    0.563639] TCP bind hash table entries: 2048 (order: 4, 65536 bytes, linear)
[    0.563772] TCP: Hash tables configured (established 2048 bind 2048)
[    0.564568] UDP hash table entries: 256 (order: 2, 16384 bytes, linear)
[    0.565655] pci_bus 0000:00: resource 4 [io  0x0000-0x0cf7 window]
[    0.565712] pci_bus 0000:00: resource 5 [io  0x0d00-0xffff window]
[    0.565755] pci_bus 0000:00: resource 6 [mem 0x000a0000-0x000bffff window]
[    0.565802] pci_bus 0000:00: resource 7 [mem 0x10000000-0xfebfffff window]
[    0.565848] pci_bus 0000:00: resource 8 [mem 0x100000000-0x17fffffff window]
[    0.566182] pci 0000:00:01.0: PIIX3: Enabling Passive Release
[    0.566273] pci 0000:00:00.0: Limiting direct PCI/PCI transfers
[    0.566394] PCI: CLS 0 bytes, default 64
[    0.568851] Unpacking initramfs...
[    0.574918] Initialise system trusted keyrings
[    0.576308] workingset: timestamp_bits=56 (anon: 52) max_order=16 bucket_order=0 (anon: 0)
[    0.578491] Key type asymmetric registered
[    0.578571] Asymmetric key parser 'x509' registered
[    0.578720] Block layer SCSI generic (bsg) driver version 0.4 loaded (major 250)
[    0.579017] io scheduler mq-deadline registered
[    0.579079] io scheduler kyber registered
[    0.581987] input: Power Button as /devices/platform/LNXPWRBN:00/input/input0
[    0.582610] ACPI: button: Power Button [PWRF]
[    0.586319] Serial: 8250/16550 driver, 4 ports, IRQ sharing enabled
[    0.588685] 00:04: ttyS0 at I/O 0x3f8 (irq = 4, base_baud = 115200) is a 16550A
[    0.594763] Non-volatile memory driver v1.3
[    0.606582] loop: module loaded
[    0.613025] scsi host0: ata_piix
[    0.614383] scsi host1: ata_piix
[    0.614708] ata1: PATA max MWDMA2 cmd 0x1f0 ctl 0x3f6 bmdma 0xc080 irq 14 lpm-pol 0
[    0.614794] ata2: PATA max MWDMA2 cmd 0x170 ctl 0x376 bmdma 0xc088 irq 15 lpm-pol 0
[    0.618218] i8042: PNP: PS/2 Controller [PNP0303:KBD,PNP0f13:MOU] at 0x60,0x64 irq 1,12
[    0.620067] serio: i8042 KBD port at 0x60,0x64 irq 1
[    0.620266] serio: i8042 AUX port at 0x60,0x64 irq 12
[    0.622149] rtc_cmos PNP0B00:00: RTC can wake from S4
[    0.624080] rtc_cmos PNP0B00:00: registered as rtc0
[    0.625147] rtc_cmos PNP0B00:00: alarms up to one day, y3k, 242 bytes nvram, hpet irqs
[    0.626103] input: AT Translated Set 2 keyboard as /devices/platform/i8042/serio0/input/input1
[    0.628848] device-mapper: ioctl: 4.50.0-ioctl (2025-04-28) initialised: dm-devel@lists.linux.dev
[    0.629093] amd_pstate: the _CPC object is not present in SBIOS or ACPI disabled
[    0.629287] hid: raw HID events driver (C) Jiri Kosina
[    0.629739] usbcore: registered new interface driver usbhid
[    0.629786] usbhid: USB HID core driver
[    0.630493] NET: Registered PF_INET6 protocol family
[    0.634354] Segment Routing with IPv6
[    0.634524] In-situ OAM (IOAM) with IPv6
[    0.636752] IPI shorthand broadcast: enabled
[    0.644381] sched_clock: Marking stable (632892932, 10549107)->(646091622, -2649583)
[    0.645899] Loading compiled-in X.509 certificates
[    0.652450] Demotion targets for Node 0: null
[    0.654412] PM:   Magic number: 6:317:874
[    0.655236] clk: Disabling unused clocks
[    0.655479] KTAP version 1
[    0.655507] 1..0
[    0.722983] Freeing initrd memory: 8032K
[    0.769459] ata2: found unknown device (class 0)
[    0.771417] ata2.00: ATAPI: QEMU DVD-ROM, 2.5+, max UDMA/100
[    0.785829] scsi 1:0:0:0: CD-ROM            QEMU     QEMU DVD-ROM     2.5+ PQ: 0 ANSI: 5
[    0.801160] sr 1:0:0:0: [sr0] scsi3-mmc drive: 4x/4x cd/rw xa/form2 tray
[    0.811392] cdrom: Uniform CD-ROM driver Revision: 3.20
[    0.818033] sr 1:0:0:0: Attached scsi CD-ROM sr0
[    0.818745] sr 1:0:0:0: Attached scsi generic sg0 type 5
[    0.857380] Freeing unused kernel image (initmem) memory: 2808K
[    0.857589] Write protecting the kernel read-only data: 20480k
[    0.859174] Freeing unused kernel image (text/rodata gap) memory: 1584K
[    0.859627] Freeing unused kernel image (rodata/data gap) memory: 988K
[    0.962992] x86/mm: Checked W+X mappings: passed, no W+X pages found.
[    0.963217] Run /init as init process
[    0.963248]   with arguments:
[    0.963273]     /init
[    0.963294]     nokaslr
[    0.963312]   with environment:
[    0.963336]     HOME=/
[    0.963356]     TERM=linux
[    1.024144] mount (54) used greatest stack depth: 13152 bytes left
[    1.041683] input: ImExPS/2 Generic Explorer Mouse as /devices/platform/i8042/serio1/input/input3
=== insmod e1000 ===
[    1.067622] e1000: [rhcov] e1000_init_module
[    1.067727] e1000: [rhcov] e1000_init_module
[    1.067759] e1000: [rhcov] e1000_init_module
[    1.067789] e1000: [rhcov] e1000_init_module
[    1.067816] e1000: Intel(R) PRO/1000 Network Driver
[    1.067849] e1000: Copyright (c) 1999-2006 Intel Corporation.
[    1.068010] e1000: [rhcov] e1000_probe
[    1.068050] e1000: [rhcov] e1000_probe
[    1.068078] e1000: [rhcov] e1000_probe
[    1.068105] e1000: [rhcov] e1000_probe
[    1.068145] e1000: [rhcov] e1000_is_need_ioport
[    1.068181] e1000: [rhcov] e1000_is_need_ioport
[    1.068220] e1000: [rhcov] e1000_is_need_ioport
[    1.068252] e1000: [rhcov] e1000_is_need_ioport
[    1.073686] ACPI: \_SB_.LNKC: Enabled at IRQ 11
[    1.074229] e1000: [rhcov] e1000_init_hw_struct
[    1.074283] e1000: [rhcov] e1000_init_hw_struct
[    1.074316] e1000: [rhcov] e1000_init_hw_struct
[    1.074348] e1000: [rhcov] e1000_init_hw_struct
[    1.074412] e1000: [rhcov] e1000_set_mac_type
[    1.074484] e1000: [rhcov] e1000_set_mac_type
[    1.074515] e1000: [rhcov] e1000_set_mac_type
[    1.074546] e1000: [rhcov] e1000_set_mac_type
[    1.074604] e1000: [rhcov] e1000_set_media_type
[    1.074635] e1000: [rhcov] e1000_set_media_type
[    1.074667] e1000: [rhcov] e1000_set_media_type
[    1.074698] e1000: [rhcov] e1000_set_media_type
[    1.074769] e1000: [rhcov] e1000_get_bus_info
[    1.074802] e1000: [rhcov] e1000_get_bus_info
[    1.074832] e1000: [rhcov] e1000_get_bus_info
[    1.074863] e1000: [rhcov] e1000_get_bus_info
[    1.074956] e1000: [rhcov] e1000_set_ethtool_ops
[    1.074990] e1000: [rhcov] e1000_set_ethtool_ops
[    1.075020] e1000: [rhcov] e1000_set_ethtool_ops
[    1.075050] e1000: [rhcov] e1000_set_ethtool_ops
[    1.075425] e1000: [rhcov] e1000_sw_init
[    1.075474] e1000: [rhcov] e1000_sw_init
[    1.075504] e1000: [rhcov] e1000_sw_init
[    1.075532] e1000: [rhcov] e1000_sw_init
[    1.075562] e1000: [rhcov] e1000_alloc_queues
[    1.075593] e1000: [rhcov] e1000_alloc_queues
[    1.075623] e1000: [rhcov] e1000_alloc_queues
[    1.075652] e1000: [rhcov] e1000_alloc_queues
[    1.075713] e1000: [rhcov] e1000_irq_disable
[    1.075744] e1000: [rhcov] e1000_irq_disable
[    1.075773] e1000: [rhcov] e1000_irq_disable
[    1.075802] e1000: [rhcov] e1000_irq_disable
[    1.075914] e1000: [rhcov] e1000_enable_mng_pass_thru
[    1.075952] e1000: [rhcov] e1000_enable_mng_pass_thru
[    1.075986] e1000: [rhcov] e1000_enable_mng_pass_thru
[    1.076019] e1000: [rhcov] e1000_enable_mng_pass_thru
[    1.076077] e1000: [rhcov] e1000_init_eeprom_params
[    1.076112] e1000: [rhcov] e1000_init_eeprom_params
[    1.076156] e1000: [rhcov] e1000_init_eeprom_params
[    1.076187] e1000: [rhcov] e1000_init_eeprom_params
[    1.076272] e1000: [rhcov] e1000_reset_hw
[    1.076302] e1000: [rhcov] e1000_reset_hw
[    1.076330] e1000: [rhcov] e1000_reset_hw
[    1.076359] e1000: [rhcov] e1000_reset_hw
[    1.086512] e1000: [rhcov] e1000_write_reg_io
[    1.086552] e1000: [rhcov] e1000_write_reg_io
[    1.086583] e1000: [rhcov] e1000_write_reg_io
[    1.086612] e1000: [rhcov] e1000_write_reg_io
[    1.086661] e1000: [rhcov] e1000_io_write
[    1.086689] e1000: [rhcov] e1000_io_write
[    1.086715] e1000: [rhcov] e1000_io_write
[    1.086742] e1000: [rhcov] e1000_io_write
[    1.086796] e1000: [rhcov] e1000_get_auto_rd_done
[    1.086826] e1000: [rhcov] e1000_get_auto_rd_done
[    1.086858] e1000: [rhcov] e1000_get_auto_rd_done
[    1.086889] e1000: [rhcov] e1000_get_auto_rd_done
[    1.092533] e1000: [rhcov] e1000_validate_eeprom_checksum
[    1.092575] e1000: [rhcov] e1000_validate_eeprom_checksum
[    1.092608] e1000: [rhcov] e1000_validate_eeprom_checksum
[    1.092640] e1000: [rhcov] e1000_validate_eeprom_checksum
[    1.092708] e1000: [rhcov] e1000_read_eeprom
[    1.092741] e1000: [rhcov] e1000_read_eeprom
[    1.092770] e1000: [rhcov] e1000_read_eeprom
[    1.092799] e1000: [rhcov] e1000_read_eeprom
[    1.092830] e1000: [rhcov] e1000_do_read_eeprom
[    1.092861] e1000: [rhcov] e1000_do_read_eeprom
[    1.092890] e1000: [rhcov] e1000_do_read_eeprom
[    1.092920] e1000: [rhcov] e1000_do_read_eeprom
[    1.092968] e1000: [rhcov] e1000_acquire_eeprom
[    1.092998] e1000: [rhcov] e1000_acquire_eeprom
[    1.093028] e1000: [rhcov] e1000_acquire_eeprom
[    1.093058] e1000: [rhcov] e1000_acquire_eeprom
[    1.093155] e1000: [rhcov] e1000_shift_out_ee_bits
[    1.093188] e1000: [rhcov] e1000_shift_out_ee_bits
[    1.093219] e1000: [rhcov] e1000_shift_out_ee_bits
[    1.093250] e1000: [rhcov] e1000_shift_out_ee_bits
[    1.093373] e1000: [rhcov] e1000_raise_ee_clk
[    1.093401] e1000: [rhcov] e1000_raise_ee_clk
[    1.093429] e1000: [rhcov] e1000_raise_ee_clk
[    1.093469] e1000: [rhcov] e1000_raise_ee_clk
[    1.093569] e1000: [rhcov] e1000_lower_ee_clk
[    1.093597] e1000: [rhcov] e1000_lower_ee_clk
[    1.093625] e1000: [rhcov] e1000_lower_ee_clk
[    1.093654] e1000: [rhcov] e1000_lower_ee_clk
[    1.095018] e1000: [rhcov] e1000_shift_in_ee_bits
[    1.095057] e1000: [rhcov] e1000_shift_in_ee_bits
[    1.095086] e1000: [rhcov] e1000_shift_in_ee_bits
[    1.095116] e1000: [rhcov] e1000_shift_in_ee_bits
[    1.096830] e1000: [rhcov] e1000_standby_eeprom
[    1.096865] e1000: [rhcov] e1000_standby_eeprom
[    1.096895] e1000: [rhcov] e1000_standby_eeprom
[    1.096926] e1000: [rhcov] e1000_standby_eeprom
[    1.097237] e1000: [rhcov] e1000_release_eeprom
[    1.097269] e1000: [rhcov] e1000_release_eeprom
[    1.097298] e1000: [rhcov] e1000_release_eeprom
[    1.097328] e1000: [rhcov] e1000_release_eeprom
[    1.306330] e1000: [rhcov] e1000_read_mac_addr
[    1.306463] e1000: [rhcov] e1000_read_mac_addr
[    1.306498] e1000: [rhcov] e1000_read_mac_addr
[    1.306531] e1000: [rhcov] e1000_read_mac_addr
[    1.316830] e1000: [rhcov] e1000_check_options
[    1.316935] e1000: [rhcov] e1000_check_options
[    1.316969] e1000: [rhcov] e1000_check_options
[    1.317000] e1000: [rhcov] e1000_check_options
[    1.317248] e1000: [rhcov] e1000_check_copper_options
[    1.317285] e1000: [rhcov] e1000_check_copper_options
[    1.317318] e1000: [rhcov] e1000_check_copper_options
[    1.317350] e1000: [rhcov] e1000_check_copper_options
[    1.317441] e1000: [rhcov] e1000_validate_mdi_setting
[    1.317475] e1000: [rhcov] e1000_validate_mdi_setting
[    1.317508] e1000: [rhcov] e1000_validate_mdi_setting
[    1.317541] e1000: [rhcov] e1000_validate_mdi_setting
[    1.320959] e1000: [rhcov] e1000_reset
[    1.321001] e1000: [rhcov] e1000_reset
[    1.321027] e1000: [rhcov] e1000_reset
[    1.321054] e1000: [rhcov] e1000_reset
[    1.337632] e1000: [rhcov] e1000_init_hw
[    1.337704] e1000: [rhcov] e1000_init_hw
[    1.337734] e1000: [rhcov] e1000_init_hw
[    1.337762] e1000: [rhcov] e1000_init_hw
[    1.337791] e1000: [rhcov] e1000_id_led_init
[    1.337823] e1000: [rhcov] e1000_id_led_init
[    1.337853] e1000: [rhcov] e1000_id_led_init
[    1.337883] e1000: [rhcov] e1000_id_led_init
[    1.341327] e1000: [rhcov] e1000_clear_vfta
[    1.341374] e1000: [rhcov] e1000_clear_vfta
[    1.341403] e1000: [rhcov] e1000_clear_vfta
[    1.341431] e1000: [rhcov] e1000_clear_vfta
[    1.341524] e1000: [rhcov] e1000_init_rx_addrs
[    1.341574] e1000: [rhcov] e1000_init_rx_addrs
[    1.341606] e1000: [rhcov] e1000_init_rx_addrs
[    1.341636] e1000: [rhcov] e1000_init_rx_addrs
[    1.341675] e1000: [rhcov] e1000_rar_set
[    1.341702] e1000: [rhcov] e1000_rar_set
[    1.341729] e1000: [rhcov] e1000_rar_set
[    1.341755] e1000: [rhcov] e1000_rar_set
[    1.341962] e1000: [rhcov] e1000_setup_link
[    1.341992] e1000: [rhcov] e1000_setup_link
[    1.342022] e1000: [rhcov] e1000_setup_link
[    1.342051] e1000: [rhcov] e1000_setup_link
[    1.345434] e1000: [rhcov] e1000_setup_copper_link
[    1.345489] e1000: [rhcov] e1000_setup_copper_link
[    1.345522] e1000: [rhcov] e1000_setup_copper_link
[    1.345566] e1000: [rhcov] e1000_setup_copper_link
[    1.345605] e1000: [rhcov] e1000_copper_link_preconfig
[    1.345640] e1000: [rhcov] e1000_copper_link_preconfig
[    1.345673] e1000: [rhcov] e1000_copper_link_preconfig
[    1.345706] e1000: [rhcov] e1000_copper_link_preconfig
[    1.345760] e1000: [rhcov] e1000_detect_gig_phy
[    1.345790] e1000: [rhcov] e1000_detect_gig_phy
[    1.345820] e1000: [rhcov] e1000_detect_gig_phy
[    1.345849] e1000: [rhcov] e1000_detect_gig_phy
[    1.345924] e1000: [rhcov] e1000_read_phy_reg
[    1.345958] e1000: [rhcov] e1000_read_phy_reg
[    1.345990] e1000: [rhcov] e1000_read_phy_reg
[    1.346020] e1000: [rhcov] e1000_read_phy_reg
[    1.346057] e1000: [rhcov] e1000_read_phy_reg_ex
[    1.346087] e1000: [rhcov] e1000_read_phy_reg_ex
[    1.346117] e1000: [rhcov] e1000_read_phy_reg_ex
[    1.346154] e1000: [rhcov] e1000_read_phy_reg_ex
[    1.346394] e1000: [rhcov] e1000_set_phy_type
[    1.346426] e1000: [rhcov] e1000_set_phy_type
[    1.346457] e1000: [rhcov] e1000_set_phy_type
[    1.346487] e1000: [rhcov] e1000_set_phy_type
[    1.346543] e1000: [rhcov] e1000_set_phy_mode
[    1.346595] e1000: [rhcov] e1000_set_phy_mode
[    1.346626] e1000: [rhcov] e1000_set_phy_mode
[    1.346656] e1000: [rhcov] e1000_set_phy_mode
[    1.346703] e1000: [rhcov] e1000_copper_link_mgp_setup
[    1.346737] e1000: [rhcov] e1000_copper_link_mgp_setup
[    1.346770] e1000: [rhcov] e1000_copper_link_mgp_setup
[    1.346803] e1000: [rhcov] e1000_copper_link_mgp_setup
[    1.346925] e1000: [rhcov] e1000_write_phy_reg
[    1.346955] e1000: [rhcov] e1000_write_phy_reg
[    1.346985] e1000: [rhcov] e1000_write_phy_reg
[    1.347016] e1000: [rhcov] e1000_write_phy_reg
[    1.347059] e1000: [rhcov] e1000_write_phy_reg_ex
[    1.347091] e1000: [rhcov] e1000_write_phy_reg_ex
[    1.347121] e1000: [rhcov] e1000_write_phy_reg_ex
[    1.347155] e1000: [rhcov] e1000_write_phy_reg_ex
[    1.347317] e1000: [rhcov] e1000_phy_reset
[    1.347346] e1000: [rhcov] e1000_phy_reset
[    1.347375] e1000: [rhcov] e1000_phy_reset
[    1.347405] e1000: [rhcov] e1000_phy_reset
[    1.347528] e1000: [rhcov] e1000_copper_link_autoneg
[    1.347574] e1000: [rhcov] e1000_copper_link_autoneg
[    1.347609] e1000: [rhcov] e1000_copper_link_autoneg
[    1.347641] e1000: [rhcov] e1000_copper_link_autoneg
[    1.347690] e1000: [rhcov] e1000_phy_setup_autoneg
[    1.347721] e1000: [rhcov] e1000_phy_setup_autoneg
[    1.347753] e1000: [rhcov] e1000_phy_setup_autoneg
[    1.347784] e1000: [rhcov] e1000_phy_setup_autoneg
[    1.349361] e1000: [rhcov] e1000_clear_hw_cntrs
[    1.349437] e1000: [rhcov] e1000_clear_hw_cntrs
[    1.349485] e1000: [rhcov] e1000_clear_hw_cntrs
[    1.349531] e1000: [rhcov] e1000_clear_hw_cntrs
[    1.350437] e1000: [rhcov] e1000_update_mng_vlan
[    1.350476] e1000: [rhcov] e1000_update_mng_vlan
[    1.350507] e1000: [rhcov] e1000_update_mng_vlan
[    1.350538] e1000: [rhcov] e1000_update_mng_vlan
[    1.350607] e1000: [rhcov] e1000_vlan_used
[    1.350637] e1000: [rhcov] e1000_vlan_used
[    1.350666] e1000: [rhcov] e1000_vlan_used
[    1.350693] e1000: [rhcov] e1000_vlan_used
[    1.350755] e1000: [rhcov] e1000_reset_adaptive
[    1.350786] e1000: [rhcov] e1000_reset_adaptive
[    1.350817] e1000: [rhcov] e1000_reset_adaptive
[    1.350847] e1000: [rhcov] e1000_reset_adaptive
[    1.350903] e1000: [rhcov] e1000_phy_get_info
[    1.350933] e1000: [rhcov] e1000_phy_get_info
[    1.350963] e1000: [rhcov] e1000_phy_get_info
[    1.350993] e1000: [rhcov] e1000_phy_get_info
[    1.351173] e1000: [rhcov] e1000_release_manageability
[    1.351209] e1000: [rhcov] e1000_release_manageability
[    1.351241] e1000: [rhcov] e1000_release_manageability
[    1.351273] e1000: [rhcov] e1000_release_manageability
[    1.351987] e1000: [rhcov] e1000_fix_features
[    1.352024] e1000: [rhcov] e1000_fix_features
[    1.352053] e1000: [rhcov] e1000_fix_features
[    1.352082] e1000: [rhcov] e1000_fix_features
[    1.353047] e1000: [rhcov] e1000_vlan_filter_on_off
[    1.353089] e1000: [rhcov] e1000_vlan_filter_on_off
[    1.353121] e1000: [rhcov] e1000_vlan_filter_on_off
[    1.353156] e1000: [rhcov] e1000_vlan_filter_on_off
[    1.353196] e1000: [rhcov] __e1000_vlan_mode
[    1.353224] e1000: [rhcov] __e1000_vlan_mode
[    1.353252] e1000: [rhcov] __e1000_vlan_mode
[    1.353280] e1000: [rhcov] __e1000_vlan_mode
[    1.353417] e1000 0000:00:03.0 eth0: (PCI:33MHz:32-bit) 52:54:00:12:34:56
[    1.353708] e1000 0000:00:03.0 eth0: Intel(R) PRO/1000 Network Connection
[    1.358058] ACPI: \_SB_.LNKD: Enabled at IRQ 10
[    1.618105] tsc: Refined TSC clocksource calibration: 4299.927 MHz
[    1.618473] clocksource: tsc: mask: 0xffffffffffffffff max_cycles: 0x3dfb1f64813, max_idle_ns: 440795394247 ns
[    1.619519] clocksource: Switched to clocksource tsc
[    1.625145] e1000 0000:00:04.0 eth1: (PCI:33MHz:32-bit) 52:54:00:12:34:57
[    1.625250] e1000 0000:00:04.0 eth1: Intel(R) PRO/1000 Network Connection
[    1.628935] insmod (60) used greatest stack depth: 13000 bytes left
REHARNESS_DRIVER_INSMOD_RC=0
=== dmesg ===
[    1.350847] e1000: [rhcov] e1000_reset_adaptive
[    1.350903] e1000: [rhcov] e1000_phy_get_info
[    1.350933] e1000: [rhcov] e1000_phy_get_info
[    1.350963] e1000: [rhcov] e1000_phy_get_info
[    1.350993] e1000: [rhcov] e1000_phy_get_info
[    1.351173] e1000: [rhcov] e1000_release_manageability
[    1.351209] e1000: [rhcov] e1000_release_manageability
[    1.351241] e1000: [rhcov] e1000_release_manageability
[    1.351273] e1000: [rhcov] e1000_release_manageability
[    1.351987] e1000: [rhcov] e1000_fix_features
[    1.352024] e1000: [rhcov] e1000_fix_features
[    1.352053] e1000: [rhcov] e1000_fix_features
[    1.352082] e1000: [rhcov] e1000_fix_features
[    1.353047] e1000: [rhcov] e1000_vlan_filter_on_off
[    1.353089] e1000: [rhcov] e1000_vlan_filter_on_off
[    1.353121] e1000: [rhcov] e1000_vlan_filter_on_off
[    1.353156] e1000: [rhcov] e1000_vlan_filter_on_off
[    1.353196] e1000: [rhcov] __e1000_vlan_mode
[    1.353224] e1000: [rhcov] __e1000_vlan_mode
[    1.353252] e1000: [rhcov] __e1000_vlan_mode
[    1.353280] e1000: [rhcov] __e1000_vlan_mode
[    1.353417] e1000 0000:00:03.0 eth0: (PCI:33MHz:32-bit) 52:54:00:12:34:56
[    1.353708] e1000 0000:00:03.0 eth0: Intel(R) PRO/1000 Network Connection
[    1.625145] e1000 0000:00:04.0 eth1: (PCI:33MHz:32-bit) 52:54:00:12:34:57
[    1.625250] e1000 0000:00:04.0 eth1: Intel(R) PRO/1000 Network Connection
=== exerciser ===
[    1.676024] e1000: [rhcov] e1000_get_link_ksettings
[    1.676126] e1000: [rhcov] e1000_get_link_ksettings
[    1.676189] e1000: [rhcov] e1000_get_link_ksettings
[    1.676222] e1000: [rhcov] e1000_get_link_ksettings
Settings for eth0:
	Supported ports: [ TP ]
	Supported link modes:   10baseT/Half 10baseT/Full
	                        100baseT/Half 100baseT/Full
	                        1000baseT/Full
	Supported pause frame use: No
	Supports auto-negotiation: Yes
	Supported FEC modes: Not reported
	Advertised link modes:  10baseT/Half 10baseT/Full
	                        100baseT/Half 100baseT/Full
	                        1000baseT/Full
	Advertised pause frame use: No
	Advertised auto-negotiation: Yes
	Advertised FEC modes: Not reported
	Speed: Unknown!
	Duplex: Unknown! (255)
	Auto-negotiation: on
	Port: Twisted Pair
	PHYAD: 0
	Transceiver: internal
	MDI-X: Unknown (auto)
[    1.679368] e1000: [rhcov] e1000_get_wol
[    1.679425] e1000: [rhcov] e1000_get_wol
[    1.679456] e1000: [rhcov] e1000_get_wol
[    1.679486] e1000: [rhcov] e1000_get_wol
[    1.679520] e1000: [rhcov] e1000_wol_exclusion
[    1.679553] e1000: [rhcov] e1000_wol_exclusion
[    1.679610] e1000: [rhcov] e1000_wol_exclusion
[    1.679644] e1000: [rhcov] e1000_wol_exclusion
	Supports Wake-on: umbg
	Wake-on: d
[    1.680272] e1000: [rhcov] e1000_get_msglevel
[    1.680311] e1000: [rhcov] e1000_get_msglevel
[    1.680342] e1000: [rhcov] e1000_get_msglevel
[    1.680372] e1000: [rhcov] e1000_get_msglevel
        Current message level: 0x00000007 (7)
                               drv probe link
	Link detected: no
[    1.687318] e1000: [rhcov] e1000_get_drvinfo
[    1.687388] e1000: [rhcov] e1000_get_drvinfo
[    1.687421] e1000: [rhcov] e1000_get_drvinfo
[    1.687450] e1000: [rhcov] e1000_get_drvinfo
[    1.687514] e1000: [rhcov] e1000_get_sset_count
[    1.687547] e1000: [rhcov] e1000_get_sset_count
[    1.687626] e1000: [rhcov] e1000_get_sset_count
[    1.687660] e1000: [rhcov] e1000_get_sset_count
[    1.687726] e1000: [rhcov] e1000_get_regs_len
[    1.687755] e1000: [rhcov] e1000_get_regs_len
[    1.687784] e1000: [rhcov] e1000_get_regs_len
[    1.687813] e1000: [rhcov] e1000_get_regs_len
[    1.687852] e1000: [rhcov] e1000_get_eeprom_len
[    1.687881] e1000: [rhcov] e1000_get_eeprom_len
[    1.687910] e1000: [rhcov] e1000_get_eeprom_len
[    1.687939] e1000: [rhcov] e1000_get_eeprom_len
driver: e1000
version: 7.1.0-rc7+
firmware-version: 
expansion-rom-version: 
bus-info: 0000:00:03.0
supports-statistics: yes
supports-test: yes
supports-eeprom-access: yes
supports-register-dump: yes
supports-priv-flags: no
[    1.693636] e1000: [rhcov] e1000_get_strings
[    1.693694] e1000: [rhcov] e1000_get_strings
[    1.693727] e1000: [rhcov] e1000_get_strings
[    1.693757] e1000: [rhcov] e1000_get_strings
[    1.693959] e1000: [rhcov] e1000_get_ethtool_stats
[    1.693994] e1000: [rhcov] e1000_get_ethtool_stats
[    1.694025] e1000: [rhcov] e1000_get_ethtool_stats
[    1.694056] e1000: [rhcov] e1000_get_ethtool_stats
[    1.694111] e1000: [rhcov] e1000_update_stats
[    1.694148] e1000: [rhcov] e1000_update_stats
[    1.694178] e1000: [rhcov] e1000_update_stats
[    1.694208] e1000: [rhcov] e1000_update_stats
NIC statistics:
     rx_packets: 0
     tx_packets: 0
     rx_bytes: 0
     tx_bytes: 0
     rx_broadcast: 0
     tx_broadcast: 0
     rx_multicast: 0
     tx_multicast: 0
     rx_errors: 0
     tx_errors: 0
     tx_dropped: 0
     multicast: 0
     collisions: 0
     rx_length_errors: 0
     rx_over_errors: 0
     rx_crc_errors: 0
     rx_frame_errors: 0
     rx_no_buffer_count: 0
     rx_missed_errors: 0
     tx_aborted_errors: 0
     tx_carrier_errors: 0
     tx_fifo_errors: 0
     tx_heartbeat_errors: 0
     tx_window_errors: 0
     tx_abort_late_coll: 0
     tx_deferred_ok: 0
     tx_single_coll_ok: 0
     tx_multi_coll_ok: 0
     tx_timeout_count: 0
     tx_restart_queue: 0
     rx_long_length_errors: 0
     rx_short_length_errors: 0
     rx_align_errors: 0
     tx_tcp_seg_good: 0
     tx_tcp_seg_failed: 0
     rx_flow_control_xon: 0
     rx_flow_control_xoff: 0
     tx_flow_control_xon: 0
     tx_flow_control_xoff: 0
     rx_long_byte_count: 0
     rx_csum_offload_good: 0
     rx_csum_offload_errors: 0
     alloc_rx_buff_failed: 0
     tx_smbus: 0
     rx_smbus: 0
     dropped_smbus: 0
[    1.700283] e1000: [rhcov] e1000_get_pauseparam
[    1.700342] e1000: [rhcov] e1000_get_pauseparam
[    1.700375] e1000: [rhcov] e1000_get_pauseparam
[    1.700427] e1000: [rhcov] e1000_get_pauseparam
Pause parameters for eth0:
Autonegotiate:	on
RX:		on
TX:		on

[    1.706194] e1000: [rhcov] e1000_get_ringparam
[    1.706258] e1000: [rhcov] e1000_get_ringparam
[    1.706290] e1000: [rhcov] e1000_get_ringparam
[    1.706320] e1000: [rhcov] e1000_get_ringparam
Ring parameters for eth0:
Pre-set maximums:
RX:			4096
RX Mini:		n/a
RX Jumbo:		n/a
TX:			4096
TX push buff len:	n/a
Current hardware settings:
RX:			256
RX Mini:		n/a
RX Jumbo:		n/a
TX:			256
RX Buf Len:		n/a
CQE Size:		n/a
TX Push:		off
RX Push:		off
TX push buff len:	n/a
TCP data split:		n/a
Features for eth0:
rx-checksumming: off
tx-checksumming: on
	tx-checksum-ipv4: off [fixed]
	tx-checksum-ip-generic: on
	tx-checksum-ipv6: off [fixed]
	tx-checksum-fcoe-crc: off [fixed]
	tx-checksum-sctp: off [fixed]
scatter-gather: on
	tx-scatter-gather: on
	tx-scatter-gather-fraglist: off [fixed]
tcp-segmentation-offload: on
	tx-tcp-segmentation: on
	tx-tcp-ecn-segmentation: off [fixed]
	tx-tcp-mangleid-segmentation: off
	tx-tcp6-segmentation: off [fixed]
	tx-tcp-accecn-segmentation: off [fixed]
generic-segmentation-offload: on
generic-receive-offload: on
large-receive-offload: off [fixed]
rx-vlan-offload: on
tx-vlan-offload: on [fixed]
ntuple-filters: off [fixed]
receive-hashing: off [fixed]
highdma: off [fixed]
rx-vlan-filter: on [fixed]
vlan-challenged: off [fixed]
tx-gso-robust: off [fixed]
tx-fcoe-segmentation: off [fixed]
tx-gre-segmentation: off [fixed]
tx-gre-csum-segmentation: off [fixed]
tx-ipxip4-segmentation: off [fixed]
tx-ipxip6-segmentation: off [fixed]
tx-udp_tnl-segmentation: off [fixed]
tx-udp_tnl-csum-segmentation: off [fixed]
tx-gso-partial: off [fixed]
tx-tunnel-remcsum-segmentation: off [fixed]
tx-sctp-segmentation: off [fixed]
tx-esp-segmentation: off [fixed]
tx-udp-segmentation: off [fixed]
tx-gso-list: off [fixed]
tx-nocache-copy: off
loopback: off [fixed]
rx-fcs: off
rx-all: off
tx-vlan-stag-hw-insert: off [fixed]
rx-vlan-stag-hw-parse: off [fixed]
rx-vlan-stag-filter: off [fixed]
l2-fwd-offload: off [fixed]
hw-tc-offload: off [fixed]
esp-hw-offload: off [fixed]
esp-tx-csum-hw-offload: off [fixed]
rx-udp_tunnel-port-offload: off [fixed]
tls-hw-tx-offload: off [fixed]
tls-hw-rx-offload: off [fixed]
rx-gro-hw: off [fixed]
tls-hw-record: off [fixed]
rx-gro-list: off
macsec-hw-offload: off [fixed]
rx-udp-gro-forwarding: off
hsr-tag-ins-offload: off [fixed]
hsr-tag-rm-offload: off [fixed]
hsr-fwd-offload: off [fixed]
hsr-dup-offload: off [fixed]
[    1.720212] e1000: [rhcov] e1000_get_coalesce
[    1.720293] e1000: [rhcov] e1000_get_coalesce
[    1.720327] e1000: [rhcov] e1000_get_coalesce
[    1.720357] e1000: [rhcov] e1000_get_coalesce
netlink error: Operation not supported
[    1.725214] e1000: [rhcov] e1000_get_eeprom
[    1.725284] e1000: [rhcov] e1000_get_eeprom
[    1.725316] e1000: [rhcov] e1000_get_eeprom
[    1.725345] e1000: [rhcov] e1000_get_eeprom
Offset		Values
------		------
0x0000:		52 54 00 12 34 56 00 00 ff ff 00 00 00 00 00 00 
0x0010:		00 30 00 10 03 64 0e 10 86 80 0e 10 86 80 40 30 
0x0020:		08 00 00 20 14 7e 48 00 00 10 d8 00 00 00 00 27 
0x0030:		c9 6c 50 31 22 07 0b 04 84 09 00 00 00 c0 06 07 
0x0040:		08 10 00 00 04 0f ff 7f 01 4d ff ff ff ff ff ff 
0x0050:		ff ff ff ff ff ff ff ff ff ff ff ff ff ff ff ff 
0x0060:		00 01 00 40 1c 12 ff ff ff ff ff ff ff ff ff ff 
0x0070:		ff ff ff ff ff ff ff ff ff ff ff ff ff ff ad 79 
[    1.945713] e1000: [rhcov] e1000_nway_reset
[    1.945826] e1000: [rhcov] e1000_nway_reset
[    1.945856] e1000: [rhcov] e1000_nway_reset
[    1.945885] e1000: [rhcov] e1000_nway_reset
netlink error: Operation not supported
[    1.957115] e1000: [rhcov] e1000_diag_test
[    1.957222] e1000: [rhcov] e1000_diag_test
[    1.957255] e1000: [rhcov] e1000_diag_test
[    1.957285] e1000: [rhcov] e1000_diag_test
[    1.957334] e1000: [rhcov] e1000_link_test
[    1.957362] e1000: [rhcov] e1000_link_test
[    1.957391] e1000: [rhcov] e1000_link_test
[    1.957421] e1000: [rhcov] e1000_link_test
[    1.957462] e1000: [rhcov] e1000_check_for_link
[    1.957496] e1000: [rhcov] e1000_check_for_link
[    1.957528] e1000: [rhcov] e1000_check_for_link
[    1.957559] e1000: [rhcov] e1000_check_for_link
[    1.957775] e1000: [rhcov] e1000_check_downshift
[    1.957813] e1000: [rhcov] e1000_check_downshift
[    1.957848] e1000: [rhcov] e1000_check_downshift
[    1.957880] e1000: [rhcov] e1000_check_downshift
[    1.957998] e1000: [rhcov] e1000_config_dsp_after_link_change
[    1.958034] e1000: [rhcov] e1000_config_dsp_after_link_change
[    1.958071] e1000: [rhcov] e1000_config_dsp_after_link_change
[    1.958106] e1000: [rhcov] e1000_config_dsp_after_link_change
[    1.958173] e1000: [rhcov] e1000_config_collision_dist
[    1.958205] e1000: [rhcov] e1000_config_collision_dist
[    1.958237] e1000: [rhcov] e1000_config_collision_dist
[    1.958268] e1000: [rhcov] e1000_config_collision_dist
[    1.958336] e1000: [rhcov] e1000_config_fc_after_link_up
[    1.958371] e1000: [rhcov] e1000_config_fc_after_link_up
[    1.958423] e1000: [rhcov] e1000_config_fc_after_link_up
[    1.958457] e1000: [rhcov] e1000_config_fc_after_link_up
[    1.958795] e1000: [rhcov] e1000_get_speed_and_duplex
[    1.958833] e1000: [rhcov] e1000_get_speed_and_duplex
[    1.958866] e1000: [rhcov] e1000_get_speed_and_duplex
[    1.958898] e1000: [rhcov] e1000_get_speed_and_duplex
[    1.958971] e1000: [rhcov] e1000_force_mac_fc
[    1.958999] e1000: [rhcov] e1000_force_mac_fc
[    1.959027] e1000: [rhcov] e1000_force_mac_fc
[    1.959055] e1000: [rhcov] e1000_force_mac_fc
[    4.630191] clocksource: Watchdog remote CPU 1 read timed out
The test result is PASS
The test extra info:
Register test  (offline)	 0
Eeprom test    (offline)	 0
Interrupt test (offline)	 0
Loopback test  (offline)	 0
Link test   (on/offline)	 0

[   10.012246] e1000: [rhcov] e1000_set_ringparam
[   10.012377] e1000: [rhcov] e1000_set_ringparam
[   10.012421] e1000: [rhcov] e1000_set_ringparam
[   10.012471] e1000: [rhcov] e1000_set_ringparam
netlink error: Operation not supported
no stats available
netlink error: Operation not supported
netlink error: Operation not supported
ethtool: bad command line argument(s)
For more information run ethtool -h
ethtool (--set-fec): unknown parameter 'off'
Time stamping parameters for eth0:
Capabilities:
	software-transmit
	software-receive
	software-system-clock
PTP Hardware Clock: none
Hardware Transmit Timestamp Modes: none
Hardware Receive Filter Modes: none
ethtool: bad command line argument(s)
For more information run ethtool -h
REHARNESS_E1000_OK driver=e1000 tx=0 rx=0
EXERCISER_RC=0
=== rmmod e1000 ===
[   10.074269] e1000: [rhcov] e1000_exit_module
[   10.074378] e1000: [rhcov] e1000_exit_module
[   10.074418] e1000: [rhcov] e1000_exit_module
[   10.074458] e1000: [rhcov] e1000_exit_module
[   10.074770] e1000: [rhcov] e1000_remove
[   10.074816] e1000: [rhcov] e1000_remove
[   10.074852] e1000: [rhcov] e1000_remove
[   10.074887] e1000: [rhcov] e1000_remove
[   10.074930] e1000: [rhcov] e1000_down_and_stop
[   10.074969] e1000: [rhcov] e1000_down_and_stop
[   10.075007] e1000: [rhcov] e1000_down_and_stop
[   10.075045] e1000: [rhcov] e1000_down_and_stop
[   10.087870] e1000: [rhcov] e1000_phy_hw_reset
[   10.087942] e1000: [rhcov] e1000_phy_hw_reset
[   10.087983] e1000: [rhcov] e1000_phy_hw_reset
[   10.088021] e1000: [rhcov] e1000_phy_hw_reset
[   10.098836] e1000: [rhcov] e1000_get_phy_cfg_done
[   10.098899] e1000: [rhcov] e1000_get_phy_cfg_done
[   10.098941] e1000: [rhcov] e1000_get_phy_cfg_done
[   10.098983] e1000: [rhcov] e1000_get_phy_cfg_done
REHARNESS_DRIVER_RMMOD_RC=0
=== QEMU_RUN_DONE ===
[   10.383190] sysrq: Power Off
[   10.384280] Kernel panic - not syncing: Attempted to kill init! exitcode=0x00000000
[   10.384624] CPU: 0 UID: 0 PID: 1 Comm: init Not tainted 7.1.0-rc7+ #18 PREEMPT(lazy) 
[   10.384715] Hardware name: QEMU Standard PC (i440FX + PIIX, 1996), BIOS rel-1.17.0-0-gb52ca86e094d-prebuilt.qemu.org 04/01/2014
[   10.384864] Call Trace:
[   10.385271]  <TASK>
[   10.385408]  vpanic+0x32f/0x4b0
[   10.385573]  panic+0x63/0x70
[   10.385598]  do_exit+0x952/0xaf0
[   10.385624]  do_group_exit+0x30/0x80
[   10.385649]  __x64_sys_exit_group+0x18/0x20
[   10.385680]  x64_sys_call+0x12e2/0x1880
[   10.385707]  do_syscall_64+0x10e/0x4e0
[   10.385736]  entry_SYSCALL_64_after_hwframe+0x77/0x7f
[   10.385837] RIP: 0033:0x7f0101ba431d
[   10.385980] Code: 02 ba ff ff ff ff 89 d0 c3 0f 1f 40 00 f3 0f 1e fa 48 8b 35 ed 4a 11 00 ba e7 00 00 00 eb 07 66 0f 1f 44 00 00 f4 89 d0 0f 05 <48> 3d 00 f0 ff ff 76 f3 f7 d8 64 89 06 eb ec 0f 1f 40 00 f3 0f 1e
[   10.386104] RSP: 002b:00007ffc0b9f44a8 EFLAGS: 00000206 ORIG_RAX: 00000000000000e7
[   10.386169] RAX: ffffffffffffffda RBX: 00007ffc0b9f4730 RCX: 00007f0101ba431d
[   10.386211] RDX: 00000000000000e7 RSI: ffffffffffffff88 RDI: 0000000000000000
[   10.386251] RBP: 00007ffc0b9f4580 R08: 0000558f7322e010 R09: 0000000000000007
[   10.386292] R10: 0000558f73230960 R11: 0000000000000206 R12: 0000000000000000
[   10.386332] R13: 00007ffc0b9f4720 R14: 0000558f4dd12dd8 R15: 00007f0101d0a000
[   10.386396]  </TASK>
[   10.386782] Kernel Offset: disabled
[   10.386955] Rebooting in 1 seconds..
