=== QEMU run: module=edu_drv bus=pci timeout=90s ===
=== QEMU 退出码: 0 ===
[    0.031257] PM: hibernation: Registered nosave memory: [mem 0x00000000-0x00000fff]
[    0.031324] PM: hibernation: Registered nosave memory: [mem 0x0009f000-0x000fffff]
[    0.070842] ftrace: allocating 31573 entries in 124 pages
[    0.071100] ftrace: allocated 124 pages with 5 groups
[    0.402822] thermal_sys: Registered thermal governor 'step_wise'
[    0.407406] kprobes: kprobe jump-optimization is enabled. All kprobes are optimized if possible.
[    0.411259] HugeTLB: registered 2.00 MiB page size, pre-allocated 0 pages
[    0.498160] pps_core: LinuxPPS API ver. 1 registered
[    0.536855] Key type asymmetric registered
[    0.536930] Asymmetric key parser 'x509' registered
[    0.537333] io scheduler mq-deadline registered
[    0.537397] io scheduler kyber registered
[    0.575173] rtc_cmos PNP0B00:00: registered as rtc0
=== insmod edu_drv ===
[    0.982864] edu_drv 0000:00:04.0: edu probed (irq 11)
[    0.984337] insmod (55) used greatest stack depth: 13104 bytes left
[    0.982864] edu_drv 0000:00:04.0: edu probed (irq 11)
[    0.984337] insmod (55) used greatest stack depth: 13104 bytes left
TRACE id@0x00 = 0x010000ed OK
TRACE live_check@0x04 write0xa5a5a5a5 read0x5a5a5a5a OK (~X)
TRACE factorial@0x08(5)=120 OK
EDU_TRACE_OK
EXERCISER_RC=0
=== rmmod edu_drv ===
=== QEMU_RUN_DONE ===
[    1.554626] Call Trace:

=== 成功判定 ===
  done=1 probe=10 real_oops=0
  => 成功: edu_drv probe 成功
