=== QEMU run: module=edu_drv bus=pci timeout=90s ===
=== QEMU 退出码: 0 ===
[    0.031136] PM: hibernation: Registered nosave memory: [mem 0x00000000-0x00000fff]
[    0.031200] PM: hibernation: Registered nosave memory: [mem 0x0009f000-0x000fffff]
[    0.070919] ftrace: allocating 31573 entries in 124 pages
[    0.071175] ftrace: allocated 124 pages with 5 groups
[    0.405148] thermal_sys: Registered thermal governor 'step_wise'
[    0.409587] kprobes: kprobe jump-optimization is enabled. All kprobes are optimized if possible.
[    0.411063] HugeTLB: registered 2.00 MiB page size, pre-allocated 0 pages
[    0.494041] pps_core: LinuxPPS API ver. 1 registered
[    0.531704] Key type asymmetric registered
[    0.531777] Asymmetric key parser 'x509' registered
[    0.532171] io scheduler mq-deadline registered
[    0.532260] io scheduler kyber registered
[    0.566459] rtc_cmos PNP0B00:00: registered as rtc0
=== insmod edu_drv ===
[    0.977429] edu_drv 0000:00:04.0: edu probed (irq 11)
[    0.978850] insmod (55) used greatest stack depth: 13080 bytes left
[    0.977429] edu_drv 0000:00:04.0: edu probed (irq 11)
[    0.978850] insmod (55) used greatest stack depth: 13080 bytes left
TRACE id@0x00 = 0x010000ed OK
TRACE live_check@0x04 write0xa5a5a5a5 read0x5a5a5a5a OK (~X)
TRACE factorial@0x08(5)=120 OK
EDU_TRACE_OK
EXERCISER_RC=0
=== rmmod edu_drv ===
=== QEMU_RUN_DONE ===
[    1.550550] Call Trace:

=== 成功判定 ===
  done=1 probe=10 real_oops=0
  => 成功: edu_drv probe 成功
