=== QEMU run: module=edu_drv bus=pci timeout=90s ===
=== QEMU 退出码: 0 ===
[    0.031906] PM: hibernation: Registered nosave memory: [mem 0x00000000-0x00000fff]
[    0.031972] PM: hibernation: Registered nosave memory: [mem 0x0009f000-0x000fffff]
[    0.071702] ftrace: allocating 31573 entries in 124 pages
[    0.071961] ftrace: allocated 124 pages with 5 groups
[    0.406195] thermal_sys: Registered thermal governor 'step_wise'
[    0.410762] kprobes: kprobe jump-optimization is enabled. All kprobes are optimized if possible.
[    0.412128] HugeTLB: registered 2.00 MiB page size, pre-allocated 0 pages
[    0.489954] pps_core: LinuxPPS API ver. 1 registered
[    0.528232] Key type asymmetric registered
[    0.528305] Asymmetric key parser 'x509' registered
[    0.528732] io scheduler mq-deadline registered
[    0.528791] io scheduler kyber registered
[    0.568239] rtc_cmos PNP0B00:00: registered as rtc0
=== insmod edu_drv ===
[    0.965567] [rhfn] edu_pci_probe
[    0.965567] [rhfn] edu_pci_probe
TRACE id@0x00 = 0x010000ed OK
EDU_TRACE_FAIL:live_check@0x04 写0xa5a5a5a5 读0x010000ed (期望0x5a5a5a5a)
EXERCISER_RC=1
=== rmmod edu_drv ===
=== QEMU_RUN_DONE ===
[    1.535459] Call Trace:

=== 成功判定 ===
  done=1 probe=10 real_oops=0
  => 失败: exerciser/语义检查未通过
