=== QEMU run: module=virtio_blk bus=pci timeout=90s ===
=== QEMU 退出码: 0 ===
[    0.031007] PM: hibernation: Registered nosave memory: [mem 0x00000000-0x00000fff]
[    0.031073] PM: hibernation: Registered nosave memory: [mem 0x0009f000-0x000fffff]
[    0.074419] ftrace: allocating 38351 entries in 152 pages
[    0.074734] ftrace: allocated 152 pages with 3 groups
[    0.424136] NET: Registered PF_NETLINK/PF_ROUTE protocol family
[    0.428597] thermal_sys: Registered thermal governor 'step_wise'
[    0.433134] kprobes: kprobe jump-optimization is enabled. All kprobes are optimized if possible.
[    0.434899] HugeTLB: registered 2.00 MiB page size, pre-allocated 0 pages
[    0.521555] ACPI: bus type USB registered
[    0.521863] usbcore: registered new interface driver usbfs
[    0.522063] usbcore: registered new interface driver hub
[    0.522170] usbcore: registered new device driver usb
[    0.522346] pps_core: LinuxPPS API ver. 1 registered
[    0.522479] PTP clock support registered
[    0.555711] NET: Registered PF_INET protocol family
[    0.571219] Key type asymmetric registered
[    0.571297] Asymmetric key parser 'x509' registered
[    0.571736] io scheduler mq-deadline registered
[    0.571802] io scheduler kyber registered
[    0.625218] rtc_cmos PNP0B00:00: registered as rtc0
[    0.627594] usbcore: registered new interface driver usbhid
[    0.628244] NET: Registered PF_INET6 protocol family
=== insmod virtio_blk ===
[    1.038406] [rhcov] virtblk_probe
[    1.051426] insmod (62) used greatest stack depth: 12184 bytes left
REHARNESS_DRIVER_INSMOD_RC=0
[    0.031007] PM: hibernation: Registered nosave memory: [mem 0x00000000-0x00000fff]
[    0.031073] PM: hibernation: Registered nosave memory: [mem 0x0009f000-0x000fffff]
[    0.424136] NET: Registered PF_NETLINK/PF_ROUTE protocol family
[    0.428597] thermal_sys: Registered thermal governor 'step_wise'
[    0.433134] kprobes: kprobe jump-optimization is enabled. All kprobes are optimized if possible.
[    0.434899] HugeTLB: registered 2.00 MiB page size, pre-allocated 0 pages
[    0.521555] ACPI: bus type USB registered
[    0.521863] usbcore: registered new interface driver usbfs
[    0.522063] usbcore: registered new interface driver hub
[    0.522170] usbcore: registered new device driver usb
[    0.522346] pps_core: LinuxPPS API ver. 1 registered
[    0.522479] PTP clock support registered
[    0.555711] NET: Registered PF_INET protocol family
[    0.571219] Key type asymmetric registered
[    0.571297] Asymmetric key parser 'x509' registered
[    0.571736] io scheduler mq-deadline registered
[    0.571802] io scheduler kyber registered
[    0.625218] rtc_cmos PNP0B00:00: registered as rtc0
[    0.627594] usbcore: registered new interface driver usbhid
[    0.628244] NET: Registered PF_INET6 protocol family
[    1.038406] [rhcov] virtblk_probe
EXERCISER_RC=0
=== rmmod virtio_blk ===
REHARNESS_DRIVER_RMMOD_RC=0
=== QEMU_RUN_DONE ===
[    1.338152] Call Trace:

=== 成功判定 ===
  done=1 probe=30 driver_probe_bound=0 driver_probe_unbound=0 real_oops=0 real_warning=0
  => 成功: virtio_blk probe 成功
QEMU runtime artifacts: /tmp/reharness-qemu-v2-virtio_blk-qemu.Mv2Fad
