c[?7l[2J[0mSeaBIOS (version rel-1.17.0-0-gb52ca86e094d-prebuilt.qemu.org)


iPXE (http://ipxe.org) 00:03.0 CA00 PCI2.10 PnP PMM+0EFD1C40+0EF31C40 CA00
Press Ctrl-B to configure iPXE (PCI 00:03.0)...                                                                               


Booting from ROM..c[?7l[2JNo EFI environment detected.
early console in extract_kernel
input_data: 0x000000000266c2c4
input_len: 0x000000000095c97d
output: 0x0000000001000000
output_len: 0x0000000001f8870c
kernel_total_size: 0x0000000001d8c000
needed_size: 0x0000000002000000
trampoline_32bit: 0x0000000000000000


KASLR disabled: 'nokaslr' on cmdline.


Decompressing Linux... Parsing ELF... No relocation needed... done.
Booting the kernel (entry_offset: 0x0000000001a193b0).
[    0.000000] Linux version 7.1.0-rc7+ (yfblock@9950x) (gcc (Ubuntu 13.3.0-6ubuntu2~24.04.1) 13.3.0, GNU ld (GNU Binutils for Ubuntu) 2.42) #18 SMP PREEMPT_DYNAMIC Mon Aug 31 01:09:14 CST 2026
[    0.000000] Command line: console=ttyS0 nokaslr panic=1 ignore_loglevel earlyprintk=serial,ttyS0,115200
[    0.000000] BIOS-provided physical RAM map:
[    0.000000] BIOS-e820: [mem 0x0000000000000000-0x000000000009fbff]  System RAM
[    0.000000] BIOS-e820: [mem 0x000000000009fc00-0x000000000009ffff]  device reserved
[    0.000000] BIOS-e820: [gap 0x00000000000a0000-0x00000000000effff]
[    0.000000] BIOS-e820: [mem 0x00000000000f0000-0x00000000000fffff]  device reserved
[    0.000000] BIOS-e820: [mem 0x0000000000100000-0x000000000ffdffff]  System RAM
[    0.000000] BIOS-e820: [mem 0x000000000ffe0000-0x000000000fffffff]  device reserved
[    0.000000] BIOS-e820: [gap 0x0000000010000000-0x00000000fffbffff]
[    0.000000] BIOS-e820: [mem 0x00000000fffc0000-0x00000000ffffffff]  device reserved
[    0.000000] BIOS-e820: [gap 0x0000000100000000-0x000000fcffffffff]
[    0.000000] BIOS-e820: [mem 0x000000fd00000000-0x000000ffffffffff]  device reserved
[    0.000000] printk: debug: ignoring loglevel setting.
[    0.000000] printk: legacy bootconsole [earlyser0] enabled
[    0.000000] NX (Execute Disable) protection: active
[    0.000000] APIC: Static calls initialized
[    0.000000] DMI: SMBIOS 2.8 present.
[    0.000000] DMI: QEMU Standard PC (i440FX + PIIX, 1996), BIOS rel-1.17.0-0-gb52ca86e094d-prebuilt.qemu.org 04/01/2014
[    0.000000] DMI: Memory slots populated: 1/1
[    0.000000] tsc: Fast TSC calibration using PIT
[    0.000000] tsc: Detected 4299.997 MHz processor
[    0.007926] e820: update [mem 0x00000000-0x00000fff] System RAM ==> device reserved
[    0.008112] e820: remove [mem 0x000a0000-0x000fffff] System RAM
[    0.008268] last_pfn = 0xffe0 max_arch_pfn = 0x400000000
[    0.008708] MTRR map: 4 entries (3 fixed + 1 variable; max 19), built from 8 variable MTRRs
[    0.008867] x86/PAT: Configuration [0-7]: WB  WC  UC- UC  WB  WP  UC- WT  
[    0.020925] found SMP MP-table at [mem 0x000f54b0-0x000f54bf]
[    0.023932] RAMDISK: [mem 0x0f82e000-0x0ffdffff]
[    0.024210] ACPI: Early table checksum verification disabled
[    0.024533] ACPI: RSDP 0x00000000000F52D0 000014 (v00 BOCHS )
[    0.024735] ACPI: RSDT 0x000000000FFE2389 000034 (v01 BOCHS  BXPC     00000001 BXPC 00000001)
[    0.025246] ACPI: FACP 0x000000000FFE2235 000074 (v01 BOCHS  BXPC     00000001 BXPC 00000001)
[    0.025726] ACPI: DSDT 0x000000000FFE0040 0021F5 (v01 BOCHS  BXPC     00000001 BXPC 00000001)
[    0.025844] ACPI: FACS 0x000000000FFE0000 000040
[    0.025933] ACPI: APIC 0x000000000FFE22A9 000080 (v03 BOCHS  BXPC     00000001 BXPC 00000001)
[    0.026025] ACPI: HPET 0x000000000FFE2329 000038 (v01 BOCHS  BXPC     00000001 BXPC 00000001)
[    0.026090] ACPI: WAET 0x000000000FFE2361 000028 (v01 BOCHS  BXPC     00000001 BXPC 00000001)
[    0.026199] ACPI: Reserving FACP table memory at [mem 0xffe2235-0xffe22a8]
[    0.026251] ACPI: Reserving DSDT table memory at [mem 0xffe0040-0xffe2234]
[    0.026295] ACPI: Reserving FACS table memory at [mem 0xffe0000-0xffe003f]
[    0.026345] ACPI: Reserving APIC table memory at [mem 0xffe22a9-0xffe2328]
[    0.026388] ACPI: Reserving HPET table memory at [mem 0xffe2329-0xffe2360]
[    0.026441] ACPI: Reserving WAET table memory at [mem 0xffe2361-0xffe2388]
[    0.027716] No NUMA configuration found
[    0.027759] Faking a node at [mem 0x0000000000000000-0x000000000ffdffff]
[    0.028158] NODE_DATA(0) allocated [mem 0x0f82a680-0x0f82dfff]
[    0.028670] ACPI: PM-Timer IO Port: 0x608
[    0.028945] ACPI: LAPIC_NMI (acpi_id[0xff] dfl dfl lint[0x1])
[    0.029208] IOAPIC[0]: apic_id 0, version 32, address 0xfec00000, GSI 0-23
[    0.029321] ACPI: INT_SRC_OVR (bus 0 bus_irq 0 global_irq 2 dfl dfl)
[    0.029501] ACPI: INT_SRC_OVR (bus 0 bus_irq 5 global_irq 5 high level)
[    0.029565] ACPI: INT_SRC_OVR (bus 0 bus_irq 9 global_irq 9 high level)
[    0.029657] ACPI: INT_SRC_OVR (bus 0 bus_irq 10 global_irq 10 high level)
[    0.029701] ACPI: INT_SRC_OVR (bus 0 bus_irq 11 global_irq 11 high level)
[    0.029849] ACPI: Using ACPI (MADT) for SMP configuration information
[    0.029911] ACPI: HPET id: 0x8086a201 base: 0xfed00000
[    0.030177] CPU topo: Max. logical packages:   1
[    0.030229] CPU topo: Max. logical nodes:      1
[    0.030263] CPU topo: Num. nodes per package:  1
[    0.030327] CPU topo: Max. logical dies:       1
[    0.030360] CPU topo: Max. dies per package:   1
[    0.030421] CPU topo: Max. threads per core:   1
[    0.030530] CPU topo: Num. cores per package:     2
[    0.030568] CPU topo: Num. threads per package:   2
[    0.030603] CPU topo: Allowing 2 present CPUs plus 0 hotplug CPUs
[    0.031107] PM: hibernation: Registered nosave memory: [mem 0x00000000-0x00000fff]
[    0.031172] PM: hibernation: Registered nosave memory: [mem 0x0009f000-0x000fffff]
[    0.031284] [gap 0x10000000-0xfffbffff] available for PCI devices
[    0.031357] Booting paravirtualized kernel on bare hardware
[    0.031577] clocksource: refined-jiffies: mask: 0xffffffff max_cycles: 0xffffffff, max_idle_ns: 1910969940391419 ns
[    0.038955] Zone ranges:
[    0.038994]   DMA      [mem 0x0000000000001000-0x0000000000ffffff]
[    0.039073]   DMA32    [mem 0x0000000001000000-0x000000000ffdffff]
[    0.039117]   Normal   empty
[    0.039151] Movable zone start for each node
[    0.039192] Early memory node ranges
[    0.039232]   node   0: [mem 0x0000000000001000-0x000000000009efff]
[    0.039348]   node   0: [mem 0x0000000000100000-0x000000000ffdffff]
[    0.039461] Initmem setup node 0 [mem 0x0000000000001000-0x000000000ffdffff]
[    0.040029] On node 0, zone DMA: 1 pages in unavailable ranges
[    0.040243] On node 0, zone DMA: 97 pages in unavailable ranges
[    0.041450] On node 0, zone DMA32: 32 pages in unavailable ranges
[    0.041643] setup_percpu: NR_CPUS:64 nr_cpumask_bits:2 nr_cpu_ids:2 nr_node_ids:1
[    0.042711] percpu: Embedded 52 pages/cpu s175064 r8192 d29736 u1048576
[    0.042986] pcpu-alloc: s175064 r8192 d29736 u1048576 alloc=1*2097152
[    0.043071] pcpu-alloc: [0] 0 1 
[    0.043951] Kernel command line: console=ttyS0 nokaslr panic=1 ignore_loglevel earlyprintk=serial,ttyS0,115200
[    0.044692] Unknown kernel command line parameters "nokaslr", will be passed to user space.
[    0.044866] printk: log buffer data + meta data: 262144 + 917504 = 1179648 bytes
[    0.045070] Dentry cache hash table entries: 32768 (order: 6, 262144 bytes, linear)
[    0.045176] Inode-cache hash table entries: 16384 (order: 5, 131072 bytes, linear)
[    0.046709] Fallback order for Node 0: 0 
[    0.046968] Built 1 zonelists, mobility grouping on.  Total pages: 65406
[    0.047053] Policy zone: DMA32
[    0.047218] mem auto-init: stack:all(zero), heap alloc:off, heap free:off
[    0.052542] SLUB: HWalign=64, Order=0-3, MinObjects=0, CPUs=2, Nodes=1
Poking KASLR using RDTSC...
[    0.074377] ftrace: allocating 38351 entries in 152 pages
[    0.074678] ftrace: allocated 152 pages with 3 groups
[    0.079265] Dynamic Preempt: lazy
[    0.081079] rcu: Preemptible hierarchical RCU implementation.
[    0.081125] rcu: 	RCU event tracing is enabled.
[    0.081165] rcu: 	RCU restricting CPUs from NR_CPUS=64 to nr_cpu_ids=2.
[    0.081290] 	Trampoline variant of Tasks RCU enabled.
[    0.081329] 	Rude variant of Tasks RCU enabled.
[    0.081359] 	Tracing variant of Tasks RCU enabled.
[    0.081444] rcu: RCU calculated value of scheduler-enlistment delay is 100 jiffies.
[    0.081500] rcu: Adjusting geometry for rcu_fanout_leaf=16, nr_cpu_ids=2
[    0.082212] RCU Tasks: Setting shift to 1 and lim to 1 rcu_task_cb_adjust=1 rcu_task_cpu_ids=2.
[    0.082273] RCU Tasks Rude: Setting shift to 1 and lim to 1 rcu_task_cb_adjust=1 rcu_task_cpu_ids=2.
[    0.097156] NR_IRQS: 4352, nr_irqs: 440, preallocated irqs: 16
[    0.102596] rcu: srcu_init: Setting srcu_struct sizes based on contention.
[    0.107157] Console: colour VGA+ 80x25
[    0.108335] printk: legacy console [ttyS0] enabled
[    0.108335] printk: legacy console [ttyS0] enabled
[    0.108615] printk: legacy bootconsole [earlyser0] disabled
[    0.108615] printk: legacy bootconsole [earlyser0] disabled
[    0.109485] ACPI: Core revision 20251212
[    0.112664] clocksource: hpet: mask: 0xffffffff max_cycles: 0xffffffff, max_idle_ns: 19112604467 ns
[    0.113860] APIC: Switch to symmetric I/O mode setup
[    0.118261] ..TIMER: vector=0x30 apic1=0 pin1=2 apic2=-1 pin2=-1
[    0.123541] clocksource: tsc-early: mask: 0xffffffffffffffff max_cycles: 0x3dfb610bf13, max_idle_ns: 440795410260 ns
[    0.123832] Calibrating delay loop (skipped), value calculated using timer frequency.. 8599.99 BogoMIPS (lpj=4299997)
[    0.126100] Last level iTLB entries: 4KB 512, 2MB 255, 4MB 127
[    0.126161] Last level dTLB entries: 4KB 512, 2MB 255, 4MB 127, 1GB 0
[    0.126339] mitigations: Enabled attack vectors: user_kernel, user_user, SMT mitigations: auto
[    0.126613] Spectre V2 : Mitigation: Retpolines
[    0.126774] Spectre V1 : Mitigation: usercopy/swapgs barriers and __user pointer sanitization
[    0.126882] Spectre V2 : Spectre v2 / SpectreRSB: Filling RSB on context switch and VMEXIT
[    0.127362] x86/fpu: x87 FPU will use FXSAVE
[    0.191653] pid_max: default: 32768 minimum: 301
[    0.199321] Mount-cache hash table entries: 512 (order: 0, 4096 bytes, linear)
[    0.199461] Mountpoint-cache hash table entries: 512 (order: 0, 4096 bytes, linear)
[    0.204300] VFS: Finished mounting rootfs on nullfs
[    0.319697] smpboot: CPU0: AMD QEMU Virtual CPU version 2.5+ (family: 0xf, model: 0x6b, stepping: 0x1)
[    0.325409] Performance Events: PMU not available due to virtualization, using software events only.
[    0.326021] signal: max sigframe size: 1440
[    0.326824] rcu: Hierarchical SRCU implementation.
[    0.326880] rcu: 	Max phase no-delay instances is 400.
[    0.327444] Timer migration: 1 hierarchy levels; 8 children per group; 1 crossnode level
[    0.329959] smp: Bringing up secondary CPUs ...
[    0.334075] smpboot: x86: Booting SMP configuration:
[    0.334139] .... node  #0, CPUs:      #1
[    0.404050] smp: Brought up 1 node, 2 CPUs
[    0.404738] smpboot: Total of 2 processors activated (17202.94 BogoMIPS)
[    0.409550] Memory: 214568K/261624K available (12748K kernel code, 2347K rwdata, 5156K rodata, 2808K init, 544K bss, 43604K reserved, 0K cma-reserved)
[    0.414310] devtmpfs: initialized
[    0.420005] clocksource: jiffies: mask: 0xffffffff max_cycles: 0xffffffff, max_idle_ns: 1911260446275000 ns
[    0.420005] posixtimers hash table entries: 1024 (order: 2, 16384 bytes, linear)
[    0.420200] futex hash table entries: 512 (32768 bytes on 1 NUMA nodes, total 32 KiB, linear).
[    0.422702] PM: RTC time: 08:31:06, date: 2026-08-31
[    0.425193] NET: Registered PF_NETLINK/PF_ROUTE protocol family
[    0.429733] thermal_sys: Registered thermal governor 'step_wise'
[    0.429920] cpuidle: using governor menu
[    0.431165] Freeing SMP alternatives memory: 36K
[    0.432572] PCI: Using configuration type 1 for base access
[    0.432867] mtrr: your CPUs had inconsistent fixed MTRR settings
[    0.432919] mtrr: your CPUs had inconsistent variable MTRR settings
[    0.432968] mtrr: your CPUs had inconsistent MTRRdefType settings
[    0.433033] mtrr: probably your BIOS does not setup all CPUs.
[    0.433074] mtrr: corrected configuration.
[    0.434415] kprobes: kprobe jump-optimization is enabled. All kprobes are optimized if possible.
[    0.436037] HugeTLB: registered 2.00 MiB page size, pre-allocated 0 pages
[    0.436112] HugeTLB: 28 KiB vmemmap can be freed for a 2.00 MiB page
[    0.442032] ACPI: Added _OSI(Module Device)
[    0.442103] ACPI: Added _OSI(Processor Device)
[    0.442139] ACPI: Added _OSI(Processor Aggregator Device)
[    0.467283] ACPI: 1 ACPI AML tables successfully acquired and loaded
[    0.486710] ACPI: \_SB_: platform _OSC: OS support mask [002a7eee]
[    0.489722] ACPI: Interpreter enabled
[    0.490448] ACPI: PM: (supports S0 S3 S4 S5)
[    0.490509] ACPI: Using IOAPIC for interrupt routing
[    0.490816] PCI: Using host bridge windows from ACPI; if necessary, use "pci=nocrs" and report a bug
[    0.490895] PCI: Using E820 reservations for host bridge windows
[    0.491762] ACPI: Enabled 2 GPEs in block 00 to 0F
[    0.514429] ACPI: PCI Root Bridge [PCI0] (domain 0000 [bus 00-ff])
[    0.514905] acpi PNP0A03:00: _OSC: OS supports [ASPM ClockPM Segments MSI HPX-Type3]
[    0.515048] acpi PNP0A03:00: _OSC: not requesting OS control; OS requires [ExtendedConfig ASPM ClockPM MSI]
[    0.515295] acpi PNP0A03:00: _OSC: platform retains control of PCIe features (AE_ERROR)
[    0.515589] acpi PNP0A03:00: fail to add MMCONFIG information, can't access extended configuration space under this bridge
[    0.517463] PCI host bridge to bus 0000:00
[    0.517622] pci_bus 0000:00: root bus resource [io  0x0000-0x0cf7 window]
[    0.517713] pci_bus 0000:00: root bus resource [io  0x0d00-0xffff window]
[    0.517764] pci_bus 0000:00: root bus resource [mem 0x000a0000-0x000bffff window]
[    0.517835] pci_bus 0000:00: root bus resource [mem 0x10000000-0xfebfffff window]
[    0.517887] pci_bus 0000:00: root bus resource [mem 0x100000000-0x17fffffff window]
[    0.518015] pci_bus 0000:00: root bus resource [bus 00-ff]
[    0.518880] pci 0000:00:00.0: [8086:1237] type 00 class 0x060000 conventional PCI endpoint
[    0.521317] pci 0000:00:01.0: [8086:7000] type 00 class 0x060100 conventional PCI endpoint
[    0.521685] pci 0000:00:01.1: [8086:7010] type 00 class 0x010180 conventional PCI endpoint
[    0.522316] pci 0000:00:01.1: BAR 4 [io  0xc040-0xc04f]
[    0.522414] pci 0000:00:01.1: BAR 0 [io  0x01f0-0x01f7]: legacy IDE quirk
[    0.522472] pci 0000:00:01.1: BAR 1 [io  0x03f6]: legacy IDE quirk
[    0.522531] pci 0000:00:01.1: BAR 2 [io  0x0170-0x0177]: legacy IDE quirk
[    0.522582] pci 0000:00:01.1: BAR 3 [io  0x0376]: legacy IDE quirk
[    0.523028] pci 0000:00:01.3: [8086:7113] type 00 class 0x068000 conventional PCI endpoint
[    0.523306] pci 0000:00:01.3: quirk: [io  0x0600-0x063f] claimed by PIIX4 ACPI
[    0.523374] pci 0000:00:01.3: quirk: [io  0x0700-0x070f] claimed by PIIX4 SMB
[    0.523735] pci 0000:00:02.0: [1234:1111] type 00 class 0x030000 conventional PCI endpoint
[    0.524117] pci 0000:00:02.0: BAR 0 [mem 0xfd000000-0xfdffffff pref]
[    0.524200] pci 0000:00:02.0: BAR 2 [mem 0xfeb70000-0xfeb70fff]
[    0.524243] pci 0000:00:02.0: ROM [mem 0xfeb60000-0xfeb6ffff pref]
[    0.524422] pci 0000:00:02.0: Video device with shadowed ROM at [mem 0x000c0000-0x000dffff]
[    0.524810] pci 0000:00:03.0: [8086:100e] type 00 class 0x020000 conventional PCI endpoint
[    0.525212] pci 0000:00:03.0: BAR 0 [mem 0xfeb40000-0xfeb5ffff]
[    0.525268] pci 0000:00:03.0: BAR 1 [io  0xc000-0xc03f]
[    0.525308] pci 0000:00:03.0: ROM [mem 0xfeb00000-0xfeb3ffff pref]
[    0.528723] pci 0000:00:04.0: [1234:11e8] type 00 class 0x00ff00 conventional PCI endpoint
[    0.528993] pci 0000:00:04.0: BAR 0 [mem 0xfea00000-0xfeafffff]
[    0.534376] ACPI: PCI: Interrupt link LNKA configured for IRQ 10
[    0.534845] ACPI: PCI: Interrupt link LNKB configured for IRQ 10
[    0.535164] ACPI: PCI: Interrupt link LNKC configured for IRQ 11
[    0.535463] ACPI: PCI: Interrupt link LNKD configured for IRQ 11
[    0.535628] ACPI: PCI: Interrupt link LNKS configured for IRQ 9
[    0.537548] iommu: Default domain type: Translated
[    0.537607] iommu: DMA domain TLB invalidation policy: lazy mode
[    0.538393] SCSI subsystem initialized
[    0.539702] libata version 3.00 loaded.
[    0.539702] ACPI: bus type USB registered
[    0.539951] usbcore: registered new interface driver usbfs
[    0.540157] usbcore: registered new interface driver hub
[    0.540255] usbcore: registered new device driver usb
[    0.540430] pps_core: LinuxPPS API ver. 1 registered
[    0.540470] pps_core: Software ver. 5.3.6 - Copyright 2005-2007 Rodolfo Giometti <giometti@linux.it>
[    0.540558] PTP clock support registered
[    0.545623] PCI: Using ACPI for IRQ routing
[    0.545746] PCI: pci_cache_line_size set to 64 bytes
[    0.545984] e820: register RAM buffer resource [mem 0x0009fc00-0x0009ffff]
[    0.546138] e820: register RAM buffer resource [mem 0x0ffe0000-0x0fffffff]
[    0.549057] pci 0000:00:02.0: vgaarb: setting as boot VGA device
[    0.549137] pci 0000:00:02.0: vgaarb: bridge control possible
[    0.549203] pci 0000:00:02.0: vgaarb: VGA device added: decodes=io+mem,owns=io+mem,locks=none
[    0.549203] vgaarb: loaded
[    0.549743] hpet: 3 channels of 0 reserved for per-cpu timers
[    0.550112] hpet0: at MMIO 0xfed00000, IRQs 2, 8, 0
[    0.550212] hpet0: 3 comparators, 64-bit 100.000000 MHz counter
[    0.554095] clocksource: Switched to clocksource tsc-early
[    0.555681] VFS: Disk quotas dquot_6.6.0
[    0.555796] VFS: Dquot-cache hash table entries: 512 (order 0, 4096 bytes)
[    0.557647] pnp: PnP ACPI init
[    0.558908] pnp 00:02: [dma 2]
[    0.559939] pnp: PnP ACPI: found 5 devices
[    0.575293] clocksource: acpi_pm: mask: 0xffffff max_cycles: 0xffffff, max_idle_ns: 2085701024 ns
[    0.575757] NET: Registered PF_INET protocol family
[    0.576336] IP idents hash table entries: 4096 (order: 3, 32768 bytes, linear)
[    0.577857] tcp_listen_portaddr_hash hash table entries: 256 (order: 0, 4096 bytes, linear)
[    0.578061] Table-perturb hash table entries: 65536 (order: 6, 262144 bytes, linear)
[    0.578145] TCP established hash table entries: 2048 (order: 2, 16384 bytes, linear)
[    0.578289] TCP bind hash table entries: 2048 (order: 4, 65536 bytes, linear)
[    0.578421] TCP: Hash tables configured (established 2048 bind 2048)
[    0.579226] UDP hash table entries: 256 (order: 2, 16384 bytes, linear)
[    0.580401] pci_bus 0000:00: resource 4 [io  0x0000-0x0cf7 window]
[    0.580493] pci_bus 0000:00: resource 5 [io  0x0d00-0xffff window]
[    0.580540] pci_bus 0000:00: resource 6 [mem 0x000a0000-0x000bffff window]
[    0.580587] pci_bus 0000:00: resource 7 [mem 0x10000000-0xfebfffff window]
[    0.580633] pci_bus 0000:00: resource 8 [mem 0x100000000-0x17fffffff window]
[    0.581008] pci 0000:00:01.0: PIIX3: Enabling Passive Release
[    0.581119] pci 0000:00:00.0: Limiting direct PCI/PCI transfers
[    0.581248] PCI: CLS 0 bytes, default 64
[    0.583858] Unpacking initramfs...
[    0.590923] Initialise system trusted keyrings
[    0.592683] workingset: timestamp_bits=56 (anon: 52) max_order=16 bucket_order=0 (anon: 0)
[    0.595202] Key type asymmetric registered
[    0.595289] Asymmetric key parser 'x509' registered
[    0.595438] Block layer SCSI generic (bsg) driver version 0.4 loaded (major 250)
[    0.595761] io scheduler mq-deadline registered
[    0.595840] io scheduler kyber registered
[    0.598580] input: Power Button as /devices/platform/LNXPWRBN:00/input/input0
[    0.599186] ACPI: button: Power Button [PWRF]
[    0.603291] Serial: 8250/16550 driver, 4 ports, IRQ sharing enabled
[    0.605840] 00:04: ttyS0 at I/O 0x3f8 (irq = 4, base_baud = 115200) is a 16550A
[    0.615030] Non-volatile memory driver v1.3
[    0.628221] loop: module loaded
[    0.633634] scsi host0: ata_piix
[    0.635631] scsi host1: ata_piix
[    0.635965] ata1: PATA max MWDMA2 cmd 0x1f0 ctl 0x3f6 bmdma 0xc040 irq 14 lpm-pol 0
[    0.636045] ata2: PATA max MWDMA2 cmd 0x170 ctl 0x376 bmdma 0xc048 irq 15 lpm-pol 0
[    0.637285] i8042: PNP: PS/2 Controller [PNP0303:KBD,PNP0f13:MOU] at 0x60,0x64 irq 1,12
[    0.639320] serio: i8042 KBD port at 0x60,0x64 irq 1
[    0.639497] serio: i8042 AUX port at 0x60,0x64 irq 12
[    0.641368] rtc_cmos PNP0B00:00: RTC can wake from S4
[    0.643338] rtc_cmos PNP0B00:00: registered as rtc0
[    0.644215] rtc_cmos PNP0B00:00: alarms up to one day, y3k, 242 bytes nvram, hpet irqs
[    0.645281] input: AT Translated Set 2 keyboard as /devices/platform/i8042/serio0/input/input1
[    0.647947] device-mapper: ioctl: 4.50.0-ioctl (2025-04-28) initialised: dm-devel@lists.linux.dev
[    0.648175] amd_pstate: the _CPC object is not present in SBIOS or ACPI disabled
[    0.648362] hid: raw HID events driver (C) Jiri Kosina
[    0.648829] usbcore: registered new interface driver usbhid
[    0.648880] usbhid: USB HID core driver
[    0.649571] NET: Registered PF_INET6 protocol family
[    0.654911] Segment Routing with IPv6
[    0.655071] In-situ OAM (IOAM) with IPv6
[    0.657122] IPI shorthand broadcast: enabled
[    0.665091] sched_clock: Marking stable (653126033, 11653155)->(668325486, -3546298)
[    0.666507] Loading compiled-in X.509 certificates
[    0.673250] Demotion targets for Node 0: null
[    0.676542] PM:   Magic number: 6:667:524
[    0.677471] clk: Disabling unused clocks
[    0.677714] KTAP version 1
[    0.677741] 1..0
[    0.736774] Freeing initrd memory: 7880K
[    0.794052] ata2: found unknown device (class 0)
[    0.797403] ata2.00: ATAPI: QEMU DVD-ROM, 2.5+, max UDMA/100
[    0.803870] scsi 1:0:0:0: CD-ROM            QEMU     QEMU DVD-ROM     2.5+ PQ: 0 ANSI: 5
[    0.818534] sr 1:0:0:0: [sr0] scsi3-mmc drive: 4x/4x cd/rw xa/form2 tray
[    0.828743] cdrom: Uniform CD-ROM driver Revision: 3.20
[    0.835385] sr 1:0:0:0: Attached scsi CD-ROM sr0
[    0.836412] sr 1:0:0:0: Attached scsi generic sg0 type 5
[    0.873838] Freeing unused kernel image (initmem) memory: 2808K
[    0.874018] Write protecting the kernel read-only data: 20480k
[    0.875535] Freeing unused kernel image (text/rodata gap) memory: 1584K
[    0.876050] Freeing unused kernel image (rodata/data gap) memory: 988K
[    0.964004] x86/mm: Checked W+X mappings: passed, no W+X pages found.
[    0.964204] Run /init as init process
[    0.964233]   with arguments:
[    0.964258]     /init
[    0.964280]     nokaslr
[    0.964298]   with environment:
[    0.964322]     HOME=/
[    0.964342]     TERM=linux
[    1.023277] mount (55) used greatest stack depth: 13208 bytes left
[    1.041846] mount (59) used greatest stack depth: 13120 bytes left
=== insmod edu_drv ===
[    1.054993] edu_drv: loading out-of-tree module taints kernel.
[    1.058615] [rhcov] edu_pci_probe
[    1.059425] input: ImExPS/2 Generic Explorer Mouse as /devices/platform/i8042/serio1/input/input3
[    1.064790] ACPI: \_SB_.LNKD: Enabled at IRQ 11
[    1.065049] [rhcov] edu_irq_handler
[    1.066959] insmod (61) used greatest stack depth: 13088 bytes left
REHARNESS_DRIVER_INSMOD_RC=0
REHARNESS_DRIVER_PROBE_BOUND=1
=== dmesg ===
[    0.031107] PM: hibernation: Registered nosave memory: [mem 0x00000000-0x00000fff]
[    0.031172] PM: hibernation: Registered nosave memory: [mem 0x0009f000-0x000fffff]
[    0.425193] NET: Registered PF_NETLINK/PF_ROUTE protocol family
[    0.429733] thermal_sys: Registered thermal governor 'step_wise'
[    0.434415] kprobes: kprobe jump-optimization is enabled. All kprobes are optimized if possible.
[    0.436037] HugeTLB: registered 2.00 MiB page size, pre-allocated 0 pages
[    0.539702] ACPI: bus type USB registered
[    0.539951] usbcore: registered new interface driver usbfs
[    0.540157] usbcore: registered new interface driver hub
[    0.540255] usbcore: registered new device driver usb
[    0.540430] pps_core: LinuxPPS API ver. 1 registered
[    0.540558] PTP clock support registered
[    0.575757] NET: Registered PF_INET protocol family
[    0.595202] Key type asymmetric registered
[    0.595289] Asymmetric key parser 'x509' registered
[    0.595761] io scheduler mq-deadline registered
[    0.595840] io scheduler kyber registered
[    0.643338] rtc_cmos PNP0B00:00: registered as rtc0
[    0.648829] usbcore: registered new interface driver usbhid
[    0.649571] NET: Registered PF_INET6 protocol family
[    1.054993] edu_drv: loading out-of-tree module taints kernel.
[    1.058615] [rhcov] edu_pci_probe
=== exerciser ===
[    1.111125] [rhcov] edu_open
[    1.111260] [rhcov] edu_read
TRACE id@0x00 = 0x010000ed OK
[    1.112427] [rhcov] edu_write
TRACE live_check@0x04 write0xa5a5a5a5 read0x5a5a5a5a OK (~X)
TRACE factorial@0x08(5)=120 OK
EDU_TRACE_OK
EXERCISER_RC=0
=== rmmod edu_drv ===
[    1.119463] [rhcov] edu_pci_remove
REHARNESS_DRIVER_RMMOD_RC=0
=== QEMU_RUN_DONE ===
[    1.344924] sysrq: Power Off
[    1.345283] Kernel panic - not syncing: Attempted to kill init! exitcode=0x00000000
[    1.345638] CPU: 0 UID: 0 PID: 1 Comm: init Tainted: G           O        7.1.0-rc7+ #18 PREEMPT(lazy) 
[    1.345744] Tainted: [O]=OOT_MODULE
[    1.345774] Hardware name: QEMU Standard PC (i440FX + PIIX, 1996), BIOS rel-1.17.0-0-gb52ca86e094d-prebuilt.qemu.org 04/01/2014
[    1.345916] Call Trace:
[    1.346335]  <TASK>
[    1.346471]  vpanic+0x32f/0x4b0
[    1.346632]  panic+0x63/0x70
[    1.346655]  do_exit+0x952/0xaf0
[    1.346680]  do_group_exit+0x30/0x80
[    1.346704]  __x64_sys_exit_group+0x18/0x20
[    1.346735]  x64_sys_call+0x12e2/0x1880
[    1.346762]  do_syscall_64+0x10e/0x4e0
[    1.346795]  entry_SYSCALL_64_after_hwframe+0x77/0x7f
[    1.346901] RIP: 0033:0x7f62a524831d
[    1.347042] Code: 02 ba ff ff ff ff 89 d0 c3 0f 1f 40 00 f3 0f 1e fa 48 8b 35 ed 4a 11 00 ba e7 00 00 00 eb 07 66 0f 1f 44 00 00 f4 89 d0 0f 05 <48> 3d 00 f0 ff ff 76 f3 f7 d8 64 89 06 eb ec 0f 1f 40 00 f3 0f 1e
[    1.347162] RSP: 002b:00007fff1aa98258 EFLAGS: 00000206 ORIG_RAX: 00000000000000e7
[    1.347224] RAX: ffffffffffffffda RBX: 00007fff1aa984e0 RCX: 00007f62a524831d
[    1.347266] RDX: 00000000000000e7 RSI: ffffffffffffff88 RDI: 0000000000000000
[    1.347307] RBP: 00007fff1aa98330 R08: 000055e6f535f010 R09: 0000000000000007
[    1.347348] R10: 000055e6f5362860 R11: 0000000000000206 R12: 0000000000000000
[    1.347389] R13: 00007fff1aa984d0 R14: 000055e6d3d6cdd8 R15: 00007f62a53ae000
[    1.347454]  </TASK>
[    1.347838] Kernel Offset: disabled
[    1.348015] Rebooting in 1 seconds..
