=== QEMU run: module=virtio_blk bus=pci timeout=90s ===
=== QEMU 退出码: 0 ===
[    0.031231] PM: hibernation: Registered nosave memory: [mem 0x00000000-0x00000fff]
[    0.031295] PM: hibernation: Registered nosave memory: [mem 0x0009f000-0x000fffff]
[    0.074984] ftrace: allocating 38351 entries in 152 pages
[    0.075291] ftrace: allocated 152 pages with 3 groups
[    0.423723] NET: Registered PF_NETLINK/PF_ROUTE protocol family
[    0.428050] thermal_sys: Registered thermal governor 'step_wise'
[    0.432637] kprobes: kprobe jump-optimization is enabled. All kprobes are optimized if possible.
[    0.434041] HugeTLB: registered 2.00 MiB page size, pre-allocated 0 pages
[    0.520975] ACPI: bus type USB registered
[    0.521300] usbcore: registered new interface driver usbfs
[    0.521519] usbcore: registered new interface driver hub
[    0.521822] usbcore: registered new device driver usb
[    0.522016] pps_core: LinuxPPS API ver. 1 registered
[    0.522140] PTP clock support registered
[    0.557051] NET: Registered PF_INET protocol family
[    0.574776] Key type asymmetric registered
[    0.574852] Asymmetric key parser 'x509' registered
[    0.575305] io scheduler mq-deadline registered
[    0.575367] io scheduler kyber registered
[    0.622842] rtc_cmos PNP0B00:00: registered as rtc0
[    0.626078] usbcore: registered new interface driver usbhid
[    0.627412] NET: Registered PF_INET6 protocol family
=== insmod virtio_blk ===
[    1.035235] [rhcov] virtblk_probe
[    1.035275] [rhcov] virtblk_probe
[    1.035301] [rhcov] virtblk_probe
[    1.035326] [rhcov] virtblk_probe
[    1.051428] insmod (62) used greatest stack depth: 12176 bytes left
REHARNESS_DRIVER_INSMOD_RC=0
[    0.521822] usbcore: registered new device driver usb
[    0.522016] pps_core: LinuxPPS API ver. 1 registered
[    0.522140] PTP clock support registered
[    0.557051] NET: Registered PF_INET protocol family
[    0.574776] Key type asymmetric registered
[    0.574852] Asymmetric key parser 'x509' registered
[    0.575305] io scheduler mq-deadline registered
[    0.575367] io scheduler kyber registered
[    0.622842] rtc_cmos PNP0B00:00: registered as rtc0
[    0.626078] usbcore: registered new interface driver usbhid
[    0.627412] NET: Registered PF_INET6 protocol family
[    1.035235] [rhcov] virtblk_probe
[    1.035275] [rhcov] virtblk_probe
[    1.035301] [rhcov] virtblk_probe
[    1.035326] [rhcov] virtblk_probe
EXERCISER_RC=0
=== rmmod virtio_blk ===
REHARNESS_DRIVER_RMMOD_RC=0
=== QEMU_RUN_DONE ===
[    1.333436] Call Trace:

=== 成功判定 ===
  done=1 probe=31 driver_probe_bound=0 driver_probe_unbound=0 real_oops=0 real_warning=0
  => 成功: virtio_blk probe 成功
QEMU runtime artifacts: /tmp/reharness-qemu-v2-virtio_blk-qemu.2w2LZX
