c[?7l[2J[0mSeaBIOS (version rel-1.17.0-0-gb52ca86e094d-prebuilt.qemu.org)


iPXE (http://ipxe.org) 00:03.0 CA00 PCI2.10 PnP PMM+0EFD1C40+0EF31C40 CA00
Press Ctrl-B to configure iPXE (PCI 00:03.0)...




iPXE (http://ipxe.org) 00:04.0 CB00 PCI2.10 PnP PMM 0EFD1C40 0EF31C40 CB00
Press Ctrl-B to configure iPXE (PCI 00:04.0)...


Booting from ROM..c[?7l[2JNo EFI environment detected.
early console in extract_kernel
input_data: 0x000000000266c2c4
input_len: 0x000000000095c97d
output: 0x0000000001000000
output_len: 0x0000000001f8870c
kernel_total_size: 0x0000000001d8c000
needed_size: 0x0000000002000000
trampoline_32bit: 0x0000000000000000


KASLR disabled: 'nokaslr' on cmdline.


Decompressing Linux... Parsing ELF... No relocation needed... done.
Booting the kernel (entry_offset: 0x0000000001a193b0).
[    0.000000] Linux version 7.1.0-rc7+ (yfblock@9950x) (gcc (Ubuntu 13.3.0-6ubuntu2~24.04.1) 13.3.0, GNU ld (GNU Binutils for Ubuntu) 2.42) #18 SMP PREEMPT_DYNAMIC Mon Aug 31 01:09:14 CST 2026
[    0.000000] Command line: console=ttyS0 nokaslr panic=1 ignore_loglevel earlyprintk=serial,ttyS0,115200
[    0.000000] BIOS-provided physical RAM map:
[    0.000000] BIOS-e820: [mem 0x0000000000000000-0x000000000009fbff]  System RAM
[    0.000000] BIOS-e820: [mem 0x000000000009fc00-0x000000000009ffff]  device reserved
[    0.000000] BIOS-e820: [gap 0x00000000000a0000-0x00000000000effff]
[    0.000000] BIOS-e820: [mem 0x00000000000f0000-0x00000000000fffff]  device reserved
[    0.000000] BIOS-e820: [mem 0x0000000000100000-0x000000000ffdffff]  System RAM
[    0.000000] BIOS-e820: [mem 0x000000000ffe0000-0x000000000fffffff]  device reserved
[    0.000000] BIOS-e820: [gap 0x0000000010000000-0x00000000fffbffff]
[    0.000000] BIOS-e820: [mem 0x00000000fffc0000-0x00000000ffffffff]  device reserved
[    0.000000] BIOS-e820: [gap 0x0000000100000000-0x000000fcffffffff]
[    0.000000] BIOS-e820: [mem 0x000000fd00000000-0x000000ffffffffff]  device reserved
[    0.000000] printk: debug: ignoring loglevel setting.
[    0.000000] printk: legacy bootconsole [earlyser0] enabled
[    0.000000] NX (Execute Disable) protection: active
[    0.000000] APIC: Static calls initialized
[    0.000000] DMI: SMBIOS 2.8 present.
[    0.000000] DMI: QEMU Standard PC (i440FX + PIIX, 1996), BIOS rel-1.17.0-0-gb52ca86e094d-prebuilt.qemu.org 04/01/2014
[    0.000000] DMI: Memory slots populated: 1/1
[    0.000000] tsc: Fast TSC calibration using PIT
[    0.000000] tsc: Detected 4300.075 MHz processor
[    0.008221] e820: update [mem 0x00000000-0x00000fff] System RAM ==> device reserved
[    0.008404] e820: remove [mem 0x000a0000-0x000fffff] System RAM
[    0.008561] last_pfn = 0xffe0 max_arch_pfn = 0x400000000
[    0.009004] MTRR map: 4 entries (3 fixed + 1 variable; max 19), built from 8 variable MTRRs
[    0.009164] x86/PAT: Configuration [0-7]: WB  WC  UC- UC  WB  WP  UC- WT
[    0.020900] found SMP MP-table at [mem 0x000f54b0-0x000f54bf]
[    0.023928] RAMDISK: [mem 0x0f80b000-0x0ffdffff]
[    0.024207] ACPI: Early table checksum verification disabled
[    0.024513] ACPI: RSDP 0x00000000000F52D0 000014 (v00 BOCHS )
[    0.024716] ACPI: RSDT 0x000000000FFE2389 000034 (v01 BOCHS  BXPC     00000001 BXPC 00000001)
[    0.025217] ACPI: FACP 0x000000000FFE2235 000074 (v01 BOCHS  BXPC     00000001 BXPC 00000001)
[    0.025658] ACPI: DSDT 0x000000000FFE0040 0021F5 (v01 BOCHS  BXPC     00000001 BXPC 00000001)
[    0.025766] ACPI: FACS 0x000000000FFE0000 000040
[    0.025829] ACPI: APIC 0x000000000FFE22A9 000080 (v03 BOCHS  BXPC     00000001 BXPC 00000001)
[    0.025897] ACPI: HPET 0x000000000FFE2329 000038 (v01 BOCHS  BXPC     00000001 BXPC 00000001)
[    0.025963] ACPI: WAET 0x000000000FFE2361 000028 (v01 BOCHS  BXPC     00000001 BXPC 00000001)
[    0.026071] ACPI: Reserving FACP table memory at [mem 0xffe2235-0xffe22a8]
[    0.026124] ACPI: Reserving DSDT table memory at [mem 0xffe0040-0xffe2234]
[    0.026175] ACPI: Reserving FACS table memory at [mem 0xffe0000-0xffe003f]
[    0.026219] ACPI: Reserving APIC table memory at [mem 0xffe22a9-0xffe2328]
[    0.026263] ACPI: Reserving HPET table memory at [mem 0xffe2329-0xffe2360]
[    0.026306] ACPI: Reserving WAET table memory at [mem 0xffe2361-0xffe2388]
[    0.027573] No NUMA configuration found
[    0.027617] Faking a node at [mem 0x0000000000000000-0x000000000ffdffff]
[    0.028019] NODE_DATA(0) allocated [mem 0x0f807680-0x0f80afff]
[    0.028527] ACPI: PM-Timer IO Port: 0x608
[    0.028809] ACPI: LAPIC_NMI (acpi_id[0xff] dfl dfl lint[0x1])
[    0.029071] IOAPIC[0]: apic_id 0, version 32, address 0xfec00000, GSI 0-23
[    0.029181] ACPI: INT_SRC_OVR (bus 0 bus_irq 0 global_irq 2 dfl dfl)
[    0.029362] ACPI: INT_SRC_OVR (bus 0 bus_irq 5 global_irq 5 high level)
[    0.029429] ACPI: INT_SRC_OVR (bus 0 bus_irq 9 global_irq 9 high level)
[    0.029524] ACPI: INT_SRC_OVR (bus 0 bus_irq 10 global_irq 10 high level)
[    0.029569] ACPI: INT_SRC_OVR (bus 0 bus_irq 11 global_irq 11 high level)
[    0.029721] ACPI: Using ACPI (MADT) for SMP configuration information
[    0.029786] ACPI: HPET id: 0x8086a201 base: 0xfed00000
[    0.030054] CPU topo: Max. logical packages:   1
[    0.030107] CPU topo: Max. logical nodes:      1
[    0.030142] CPU topo: Num. nodes per package:  1
[    0.030204] CPU topo: Max. logical dies:       1
[    0.030238] CPU topo: Max. dies per package:   1
[    0.030301] CPU topo: Max. threads per core:   1
[    0.030411] CPU topo: Num. cores per package:     2
[    0.030451] CPU topo: Num. threads per package:   2
[    0.030486] CPU topo: Allowing 2 present CPUs plus 0 hotplug CPUs
[    0.031000] PM: hibernation: Registered nosave memory: [mem 0x00000000-0x00000fff]
[    0.031065] PM: hibernation: Registered nosave memory: [mem 0x0009f000-0x000fffff]
[    0.031177] [gap 0x10000000-0xfffbffff] available for PCI devices
[    0.031247] Booting paravirtualized kernel on bare hardware
[    0.031464] clocksource: refined-jiffies: mask: 0xffffffff max_cycles: 0xffffffff, max_idle_ns: 1910969940391419 ns
[    0.038942] Zone ranges:
[    0.038979]   DMA      [mem 0x0000000000001000-0x0000000000ffffff]
[    0.039057]   DMA32    [mem 0x0000000001000000-0x000000000ffdffff]
[    0.039101]   Normal   empty
[    0.039136] Movable zone start for each node
[    0.039177] Early memory node ranges
[    0.039218]   node   0: [mem 0x0000000000001000-0x000000000009efff]
[    0.039332]   node   0: [mem 0x0000000000100000-0x000000000ffdffff]
[    0.039443] Initmem setup node 0 [mem 0x0000000000001000-0x000000000ffdffff]
[    0.040008] On node 0, zone DMA: 1 pages in unavailable ranges
[    0.040225] On node 0, zone DMA: 97 pages in unavailable ranges
[    0.041580] On node 0, zone DMA32: 32 pages in unavailable ranges
[    0.041751] setup_percpu: NR_CPUS:64 nr_cpumask_bits:2 nr_cpu_ids:2 nr_node_ids:1
[    0.042765] percpu: Embedded 52 pages/cpu s175064 r8192 d29736 u1048576
[    0.043035] pcpu-alloc: s175064 r8192 d29736 u1048576 alloc=1*2097152
[    0.043123] pcpu-alloc: [0] 0 1
[    0.043991] Kernel command line: console=ttyS0 nokaslr panic=1 ignore_loglevel earlyprintk=serial,ttyS0,115200
[    0.044719] Unknown kernel command line parameters "nokaslr", will be passed to user space.
[    0.044890] printk: log buffer data + meta data: 262144 + 917504 = 1179648 bytes
[    0.045134] Dentry cache hash table entries: 32768 (order: 6, 262144 bytes, linear)
[    0.045260] Inode-cache hash table entries: 16384 (order: 5, 131072 bytes, linear)
[    0.046803] Fallback order for Node 0: 0
[    0.047059] Built 1 zonelists, mobility grouping on.  Total pages: 65406
[    0.047139] Policy zone: DMA32
[    0.047304] mem auto-init: stack:all(zero), heap alloc:off, heap free:off
[    0.052584] SLUB: HWalign=64, Order=0-3, MinObjects=0, CPUs=2, Nodes=1
Poking KASLR using RDTSC...
[    0.074357] ftrace: allocating 38351 entries in 152 pages
[    0.074638] ftrace: allocated 152 pages with 3 groups
[    0.079196] Dynamic Preempt: lazy
[    0.081001] rcu: Preemptible hierarchical RCU implementation.
[    0.081044] rcu: 	RCU event tracing is enabled.
[    0.081084] rcu: 	RCU restricting CPUs from NR_CPUS=64 to nr_cpu_ids=2.
[    0.081203] 	Trampoline variant of Tasks RCU enabled.
[    0.081236] 	Rude variant of Tasks RCU enabled.
[    0.081265] 	Tracing variant of Tasks RCU enabled.
[    0.081350] rcu: RCU calculated value of scheduler-enlistment delay is 100 jiffies.
[    0.081406] rcu: Adjusting geometry for rcu_fanout_leaf=16, nr_cpu_ids=2
[    0.082113] RCU Tasks: Setting shift to 1 and lim to 1 rcu_task_cb_adjust=1 rcu_task_cpu_ids=2.
[    0.082174] RCU Tasks Rude: Setting shift to 1 and lim to 1 rcu_task_cb_adjust=1 rcu_task_cpu_ids=2.
[    0.096904] NR_IRQS: 4352, nr_irqs: 440, preallocated irqs: 16
[    0.102340] rcu: srcu_init: Setting srcu_struct sizes based on contention.
[    0.106738] Console: colour VGA+ 80x25
[    0.107897] printk: legacy console [ttyS0] enabled
[    0.107897] printk: legacy console [ttyS0] enabled
[    0.108174] printk: legacy bootconsole [earlyser0] disabled
[    0.108174] printk: legacy bootconsole [earlyser0] disabled
[    0.109035] ACPI: Core revision 20251212
[    0.112211] clocksource: hpet: mask: 0xffffffff max_cycles: 0xffffffff, max_idle_ns: 19112604467 ns
[    0.115132] APIC: Switch to symmetric I/O mode setup
[    0.117800] ..TIMER: vector=0x30 apic1=0 pin1=2 apic2=-1 pin2=-1
[    0.123072] clocksource: tsc-early: mask: 0xffffffffffffffff max_cycles: 0x3dfbaa34de9, max_idle_ns: 440795224998 ns
[    0.123357] Calibrating delay loop (skipped), value calculated using timer frequency.. 8600.15 BogoMIPS (lpj=4300075)
[    0.125622] Last level iTLB entries: 4KB 512, 2MB 255, 4MB 127
[    0.125682] Last level dTLB entries: 4KB 512, 2MB 255, 4MB 127, 1GB 0
[    0.125855] mitigations: Enabled attack vectors: user_kernel, user_user, SMT mitigations: auto
[    0.126127] Spectre V2 : Mitigation: Retpolines
[    0.126245] Spectre V1 : Mitigation: usercopy/swapgs barriers and __user pointer sanitization
[    0.126354] Spectre V2 : Spectre v2 / SpectreRSB: Filling RSB on context switch and VMEXIT
[    0.126828] x86/fpu: x87 FPU will use FXSAVE
[    0.190642] pid_max: default: 32768 minimum: 301
[    0.199436] Mount-cache hash table entries: 512 (order: 0, 4096 bytes, linear)
[    0.199559] Mountpoint-cache hash table entries: 512 (order: 0, 4096 bytes, linear)
[    0.204248] VFS: Finished mounting rootfs on nullfs
[    0.318222] smpboot: CPU0: AMD QEMU Virtual CPU version 2.5+ (family: 0xf, model: 0x6b, stepping: 0x1)
[    0.323031] Performance Events: PMU not available due to virtualization, using software events only.
[    0.323612] signal: max sigframe size: 1440
[    0.324909] rcu: Hierarchical SRCU implementation.
[    0.324970] rcu: 	Max phase no-delay instances is 400.
[    0.325689] Timer migration: 1 hierarchy levels; 8 children per group; 1 crossnode level
[    0.328130] smp: Bringing up secondary CPUs ...
[    0.332091] smpboot: x86: Booting SMP configuration:
[    0.332151] .... node  #0, CPUs:      #1
[    0.402540] smp: Brought up 1 node, 2 CPUs
[    0.402689] smpboot: Total of 2 processors activated (17203.21 BogoMIPS)
[    0.408019] Memory: 214428K/261624K available (12748K kernel code, 2347K rwdata, 5156K rodata, 2808K init, 544K bss, 43744K reserved, 0K cma-reserved)
[    0.413553] devtmpfs: initialized
[    0.419472] clocksource: jiffies: mask: 0xffffffff max_cycles: 0xffffffff, max_idle_ns: 1911260446275000 ns
[    0.419472] posixtimers hash table entries: 1024 (order: 2, 16384 bytes, linear)
[    0.419696] futex hash table entries: 512 (32768 bytes on 1 NUMA nodes, total 32 KiB, linear).
[    0.422048] PM: RTC time: 17:59:28, date: 2026-08-30
[    0.424970] NET: Registered PF_NETLINK/PF_ROUTE protocol family
[    0.429387] thermal_sys: Registered thermal governor 'step_wise'
[    0.430300] cpuidle: using governor menu
[    0.430872] Freeing SMP alternatives memory: 36K
[    0.432289] PCI: Using configuration type 1 for base access
[    0.432733] mtrr: your CPUs had inconsistent fixed MTRR settings
[    0.432782] mtrr: your CPUs had inconsistent variable MTRR settings
[    0.432827] mtrr: your CPUs had inconsistent MTRRdefType settings
[    0.432869] mtrr: probably your BIOS does not setup all CPUs.
[    0.432908] mtrr: corrected configuration.
[    0.433967] kprobes: kprobe jump-optimization is enabled. All kprobes are optimized if possible.
[    0.435722] HugeTLB: registered 2.00 MiB page size, pre-allocated 0 pages
[    0.435796] HugeTLB: 28 KiB vmemmap can be freed for a 2.00 MiB page
[    0.440972] ACPI: Added _OSI(Module Device)
[    0.441024] ACPI: Added _OSI(Processor Device)
[    0.441059] ACPI: Added _OSI(Processor Aggregator Device)
[    0.464876] ACPI: 1 ACPI AML tables successfully acquired and loaded
[    0.486575] ACPI: \_SB_: platform _OSC: OS support mask [002a7eee]
[    0.488958] ACPI: Interpreter enabled
[    0.489603] ACPI: PM: (supports S0 S3 S4 S5)
[    0.489662] ACPI: Using IOAPIC for interrupt routing
[    0.489898] PCI: Using host bridge windows from ACPI; if necessary, use "pci=nocrs" and report a bug
[    0.489974] PCI: Using E820 reservations for host bridge windows
[    0.490817] ACPI: Enabled 2 GPEs in block 00 to 0F
[    0.512937] ACPI: PCI Root Bridge [PCI0] (domain 0000 [bus 00-ff])
[    0.513406] acpi PNP0A03:00: _OSC: OS supports [ASPM ClockPM Segments MSI HPX-Type3]
[    0.513546] acpi PNP0A03:00: _OSC: not requesting OS control; OS requires [ExtendedConfig ASPM ClockPM MSI]
[    0.513790] acpi PNP0A03:00: _OSC: platform retains control of PCIe features (AE_ERROR)
[    0.514078] acpi PNP0A03:00: fail to add MMCONFIG information, can't access extended configuration space under this bridge
[    0.515912] PCI host bridge to bus 0000:00
[    0.516067] pci_bus 0000:00: root bus resource [io  0x0000-0x0cf7 window]
[    0.516181] pci_bus 0000:00: root bus resource [io  0x0d00-0xffff window]
[    0.516243] pci_bus 0000:00: root bus resource [mem 0x000a0000-0x000bffff window]
[    0.516313] pci_bus 0000:00: root bus resource [mem 0x10000000-0xfebfffff window]
[    0.516362] pci_bus 0000:00: root bus resource [mem 0x100000000-0x17fffffff window]
[    0.516481] pci_bus 0000:00: root bus resource [bus 00-ff]
[    0.517315] pci 0000:00:00.0: [8086:1237] type 00 class 0x060000 conventional PCI endpoint
[    0.519736] pci 0000:00:01.0: [8086:7000] type 00 class 0x060100 conventional PCI endpoint
[    0.520099] pci 0000:00:01.1: [8086:7010] type 00 class 0x010180 conventional PCI endpoint
[    0.520429] pci 0000:00:01.1: BAR 4 [io  0xc080-0xc08f]
[    0.520507] pci 0000:00:01.1: BAR 0 [io  0x01f0-0x01f7]: legacy IDE quirk
[    0.520565] pci 0000:00:01.1: BAR 1 [io  0x03f6]: legacy IDE quirk
[    0.520622] pci 0000:00:01.1: BAR 2 [io  0x0170-0x0177]: legacy IDE quirk
[    0.520675] pci 0000:00:01.1: BAR 3 [io  0x0376]: legacy IDE quirk
[    0.521048] pci 0000:00:01.3: [8086:7113] type 00 class 0x068000 conventional PCI endpoint
[    0.521435] pci 0000:00:01.3: quirk: [io  0x0600-0x063f] claimed by PIIX4 ACPI
[    0.521501] pci 0000:00:01.3: quirk: [io  0x0700-0x070f] claimed by PIIX4 SMB
[    0.521811] pci 0000:00:02.0: [1234:1111] type 00 class 0x030000 conventional PCI endpoint
[    0.522184] pci 0000:00:02.0: BAR 0 [mem 0xfd000000-0xfdffffff pref]
[    0.522282] pci 0000:00:02.0: BAR 2 [mem 0xfebd0000-0xfebd0fff]
[    0.522324] pci 0000:00:02.0: ROM [mem 0xfebc0000-0xfebcffff pref]
[    0.522500] pci 0000:00:02.0: Video device with shadowed ROM at [mem 0x000c0000-0x000dffff]
[    0.522848] pci 0000:00:03.0: [8086:100e] type 00 class 0x020000 conventional PCI endpoint
[    0.523255] pci 0000:00:03.0: BAR 0 [mem 0xfeb80000-0xfeb9ffff]
[    0.523310] pci 0000:00:03.0: BAR 1 [io  0xc000-0xc03f]
[    0.523348] pci 0000:00:03.0: ROM [mem 0xfeb00000-0xfeb3ffff pref]
[    0.526582] pci 0000:00:04.0: [8086:100e] type 00 class 0x020000 conventional PCI endpoint
[    0.526981] pci 0000:00:04.0: BAR 0 [mem 0xfeba0000-0xfebbffff]
[    0.527038] pci 0000:00:04.0: BAR 1 [io  0xc040-0xc07f]
[    0.527085] pci 0000:00:04.0: ROM [mem 0xfeb40000-0xfeb7ffff pref]
[    0.532545] ACPI: PCI: Interrupt link LNKA configured for IRQ 10
[    0.533003] ACPI: PCI: Interrupt link LNKB configured for IRQ 10
[    0.533336] ACPI: PCI: Interrupt link LNKC configured for IRQ 11
[    0.533639] ACPI: PCI: Interrupt link LNKD configured for IRQ 11
[    0.533790] ACPI: PCI: Interrupt link LNKS configured for IRQ 9
[    0.535596] iommu: Default domain type: Translated
[    0.535655] iommu: DMA domain TLB invalidation policy: lazy mode
[    0.536499] SCSI subsystem initialized
[    0.537331] libata version 3.00 loaded.
[    0.537349] ACPI: bus type USB registered
[    0.537640] usbcore: registered new interface driver usbfs
[    0.537836] usbcore: registered new interface driver hub
[    0.537932] usbcore: registered new device driver usb
[    0.538105] pps_core: LinuxPPS API ver. 1 registered
[    0.538143] pps_core: Software ver. 5.3.6 - Copyright 2005-2007 Rodolfo Giometti <giometti@linux.it>
[    0.538245] PTP clock support registered
[    0.543180] PCI: Using ACPI for IRQ routing
[    0.543292] PCI: pci_cache_line_size set to 64 bytes
[    0.543527] e820: register RAM buffer resource [mem 0x0009fc00-0x0009ffff]
[    0.543668] e820: register RAM buffer resource [mem 0x0ffe0000-0x0fffffff]
[    0.546578] pci 0000:00:02.0: vgaarb: setting as boot VGA device
[    0.546652] pci 0000:00:02.0: vgaarb: bridge control possible
[    0.546718] pci 0000:00:02.0: vgaarb: VGA device added: decodes=io+mem,owns=io+mem,locks=none
[    0.546718] vgaarb: loaded
[    0.546833] hpet: 3 channels of 0 reserved for per-cpu timers
[    0.547001] hpet0: at MMIO 0xfed00000, IRQs 2, 8, 0
[    0.547081] hpet0: 3 comparators, 64-bit 100.000000 MHz counter
[    0.551226] clocksource: Switched to clocksource tsc-early
[    0.553066] VFS: Disk quotas dquot_6.6.0
[    0.553158] VFS: Dquot-cache hash table entries: 512 (order 0, 4096 bytes)
[    0.554464] pnp: PnP ACPI init
[    0.555635] pnp 00:02: [dma 2]
[    0.556726] pnp: PnP ACPI: found 5 devices
[    0.570121] clocksource: acpi_pm: mask: 0xffffff max_cycles: 0xffffff, max_idle_ns: 2085701024 ns
[    0.570534] NET: Registered PF_INET protocol family
[    0.571096] IP idents hash table entries: 4096 (order: 3, 32768 bytes, linear)
[    0.572539] tcp_listen_portaddr_hash hash table entries: 256 (order: 0, 4096 bytes, linear)
[    0.572752] Table-perturb hash table entries: 65536 (order: 6, 262144 bytes, linear)
[    0.572836] TCP established hash table entries: 2048 (order: 2, 16384 bytes, linear)
[    0.572974] TCP bind hash table entries: 2048 (order: 4, 65536 bytes, linear)
[    0.573105] TCP: Hash tables configured (established 2048 bind 2048)
[    0.573877] UDP hash table entries: 256 (order: 2, 16384 bytes, linear)
[    0.574916] pci_bus 0000:00: resource 4 [io  0x0000-0x0cf7 window]
[    0.574970] pci_bus 0000:00: resource 5 [io  0x0d00-0xffff window]
[    0.575014] pci_bus 0000:00: resource 6 [mem 0x000a0000-0x000bffff window]
[    0.575060] pci_bus 0000:00: resource 7 [mem 0x10000000-0xfebfffff window]
[    0.575112] pci_bus 0000:00: resource 8 [mem 0x100000000-0x17fffffff window]
[    0.575424] pci 0000:00:01.0: PIIX3: Enabling Passive Release
[    0.575509] pci 0000:00:00.0: Limiting direct PCI/PCI transfers
[    0.575624] PCI: CLS 0 bytes, default 64
[    0.577931] Unpacking initramfs...
[    0.583904] Initialise system trusted keyrings
[    0.584867] workingset: timestamp_bits=56 (anon: 52) max_order=16 bucket_order=0 (anon: 0)
[    0.587147] Key type asymmetric registered
[    0.587223] Asymmetric key parser 'x509' registered
[    0.587357] Block layer SCSI generic (bsg) driver version 0.4 loaded (major 250)
[    0.587633] io scheduler mq-deadline registered
[    0.587710] io scheduler kyber registered
[    0.589800] input: Power Button as /devices/platform/LNXPWRBN:00/input/input0
[    0.590362] ACPI: button: Power Button [PWRF]
[    0.593599] Serial: 8250/16550 driver, 4 ports, IRQ sharing enabled
[    0.596011] 00:04: ttyS0 at I/O 0x3f8 (irq = 4, base_baud = 115200) is a 16550A
[    0.601291] Non-volatile memory driver v1.3
[    0.611331] loop: module loaded
[    0.616298] scsi host0: ata_piix
[    0.617809] scsi host1: ata_piix
[    0.618074] ata1: PATA max MWDMA2 cmd 0x1f0 ctl 0x3f6 bmdma 0xc080 irq 14 lpm-pol 0
[    0.618142] ata2: PATA max MWDMA2 cmd 0x170 ctl 0x376 bmdma 0xc088 irq 15 lpm-pol 0
[    0.621109] i8042: PNP: PS/2 Controller [PNP0303:KBD,PNP0f13:MOU] at 0x60,0x64 irq 1,12
[    0.622930] serio: i8042 KBD port at 0x60,0x64 irq 1
[    0.623089] serio: i8042 AUX port at 0x60,0x64 irq 12
[    0.624316] rtc_cmos PNP0B00:00: RTC can wake from S4
[    0.625913] input: AT Translated Set 2 keyboard as /devices/platform/i8042/serio0/input/input1
[    0.628281] rtc_cmos PNP0B00:00: registered as rtc0
[    0.629135] rtc_cmos PNP0B00:00: alarms up to one day, y3k, 242 bytes nvram, hpet irqs
[    0.630566] device-mapper: ioctl: 4.50.0-ioctl (2025-04-28) initialised: dm-devel@lists.linux.dev
[    0.630855] amd_pstate: the _CPC object is not present in SBIOS or ACPI disabled
[    0.631039] hid: raw HID events driver (C) Jiri Kosina
[    0.631460] usbcore: registered new interface driver usbhid
[    0.631506] usbhid: USB HID core driver
[    0.632462] NET: Registered PF_INET6 protocol family
[    0.636357] Segment Routing with IPv6
[    0.636509] In-situ OAM (IOAM) with IPv6
[    0.638238] IPI shorthand broadcast: enabled
[    0.646022] sched_clock: Marking stable (635268847, 10428484)->(647657253, -1959922)
[    0.647286] Loading compiled-in X.509 certificates
[    0.653828] Demotion targets for Node 0: null
[    0.655828] PM:   Magic number: 6:514:998
[    0.655957] i8042 kbd 00:00: hash matches
[    0.656636] clk: Disabling unused clocks
[    0.656880] KTAP version 1
[    0.656907] 1..0
[    0.730327] Freeing initrd memory: 8020K
[    0.778001] ata2: found unknown device (class 0)
[    0.780616] ata2.00: ATAPI: QEMU DVD-ROM, 2.5+, max UDMA/100
[    0.786723] scsi 1:0:0:0: CD-ROM            QEMU     QEMU DVD-ROM     2.5+ PQ: 0 ANSI: 5
[    0.802668] sr 1:0:0:0: [sr0] scsi3-mmc drive: 4x/4x cd/rw xa/form2 tray
[    0.814907] cdrom: Uniform CD-ROM driver Revision: 3.20
[    0.822399] sr 1:0:0:0: Attached scsi CD-ROM sr0
[    0.823049] sr 1:0:0:0: Attached scsi generic sg0 type 5
[    0.861633] Freeing unused kernel image (initmem) memory: 2808K
[    0.861863] Write protecting the kernel read-only data: 20480k
[    0.863818] Freeing unused kernel image (text/rodata gap) memory: 1584K
[    0.864396] Freeing unused kernel image (rodata/data gap) memory: 988K
[    0.953826] x86/mm: Checked W+X mappings: passed, no W+X pages found.
[    0.954027] Run /init as init process
[    0.954057]   with arguments:
[    0.954095]     /init
[    0.954117]     nokaslr
[    0.954136]   with environment:
[    0.954160]     HOME=/
[    0.954181]     TERM=linux
[    1.010358] mount (54) used greatest stack depth: 13208 bytes left
[    1.018080] mount (55) used greatest stack depth: 13120 bytes left
=== insmod e1000 ===
[    1.049716] e1000: [rhcov] e1000_init_module
[    1.049785] e1000: [rhcov] e1000_init_module
[    1.049817] e1000: [rhcov] e1000_init_module
[    1.049845] e1000: Intel(R) PRO/1000 Network Driver
[    1.049875] e1000: Copyright (c) 1999-2006 Intel Corporation.
[    1.050013] e1000: [rhcov] e1000_probe
[    1.050044] e1000: [rhcov] e1000_probe
[    1.050072] e1000: [rhcov] e1000_probe
[    1.050103] e1000: [rhcov] e1000_is_need_ioport
[    1.050135] e1000: [rhcov] e1000_is_need_ioport
[    1.050167] e1000: [rhcov] e1000_is_need_ioport
[    1.055328] ACPI: \_SB_.LNKC: Enabled at IRQ 11
[    1.055862] e1000: [rhcov] e1000_init_hw_struct
[    1.055910] e1000: [rhcov] e1000_init_hw_struct
[    1.055950] e1000: [rhcov] e1000_init_hw_struct
[    1.056010] e1000: [rhcov] e1000_set_mac_type
[    1.056039] e1000: [rhcov] e1000_set_mac_type
[    1.056068] e1000: [rhcov] e1000_set_mac_type
[    1.056133] e1000: [rhcov] e1000_set_media_type
[    1.056164] e1000: [rhcov] e1000_set_media_type
[    1.056200] e1000: [rhcov] e1000_set_media_type
[    1.056271] e1000: [rhcov] e1000_get_bus_info
[    1.056300] e1000: [rhcov] e1000_get_bus_info
[    1.056329] e1000: [rhcov] e1000_get_bus_info
[    1.056421] e1000: [rhcov] e1000_set_ethtool_ops
[    1.056452] e1000: [rhcov] e1000_set_ethtool_ops
[    1.056481] e1000: [rhcov] e1000_set_ethtool_ops
[    1.056856] e1000: [rhcov] e1000_sw_init
[    1.056889] e1000: [rhcov] e1000_sw_init
[    1.056917] e1000: [rhcov] e1000_sw_init
[    1.056947] e1000: [rhcov] e1000_alloc_queues
[    1.056976] e1000: [rhcov] e1000_alloc_queues
[    1.057005] e1000: [rhcov] e1000_alloc_queues
[    1.057065] e1000: [rhcov] e1000_irq_disable
[    1.057099] e1000: [rhcov] e1000_irq_disable
[    1.057127] e1000: [rhcov] e1000_irq_disable
[    1.057224] e1000: [rhcov] e1000_enable_mng_pass_thru
[    1.057259] e1000: [rhcov] e1000_enable_mng_pass_thru
[    1.057291] e1000: [rhcov] e1000_enable_mng_pass_thru
[    1.057346] e1000: [rhcov] e1000_init_eeprom_params
[    1.057376] e1000: [rhcov] e1000_init_eeprom_params
[    1.057406] e1000: [rhcov] e1000_init_eeprom_params
[    1.057487] e1000: [rhcov] e1000_reset_hw
[    1.057515] e1000: [rhcov] e1000_reset_hw
[    1.057543] e1000: [rhcov] e1000_reset_hw
[    1.066567] input: ImExPS/2 Generic Explorer Mouse as /devices/platform/i8042/serio1/input/input3
[    1.068745] e1000: [rhcov] e1000_write_reg_io
[    1.068787] e1000: [rhcov] e1000_write_reg_io
[    1.068818] e1000: [rhcov] e1000_write_reg_io
[    1.068867] e1000: [rhcov] e1000_io_write
[    1.068894] e1000: [rhcov] e1000_io_write
[    1.068921] e1000: [rhcov] e1000_io_write
[    1.068971] e1000: [rhcov] e1000_get_auto_rd_done
[    1.069003] e1000: [rhcov] e1000_get_auto_rd_done
[    1.069034] e1000: [rhcov] e1000_get_auto_rd_done
[    1.074771] e1000: [rhcov] e1000_validate_eeprom_checksum
[    1.074810] e1000: [rhcov] e1000_validate_eeprom_checksum
[    1.074843] e1000: [rhcov] e1000_validate_eeprom_checksum
[    1.074900] e1000: [rhcov] e1000_read_eeprom
[    1.074933] e1000: [rhcov] e1000_read_eeprom
[    1.074963] e1000: [rhcov] e1000_read_eeprom
[    1.074996] e1000: [rhcov] e1000_do_read_eeprom
[    1.075027] e1000: [rhcov] e1000_do_read_eeprom
[    1.075057] e1000: [rhcov] e1000_do_read_eeprom
[    1.075114] e1000: [rhcov] e1000_acquire_eeprom
[    1.075144] e1000: [rhcov] e1000_acquire_eeprom
[    1.075175] e1000: [rhcov] e1000_acquire_eeprom
[    1.075266] e1000: [rhcov] e1000_shift_out_ee_bits
[    1.075298] e1000: [rhcov] e1000_shift_out_ee_bits
[    1.075330] e1000: [rhcov] e1000_shift_out_ee_bits
[    1.075450] e1000: [rhcov] e1000_raise_ee_clk
[    1.075479] e1000: [rhcov] e1000_raise_ee_clk
[    1.075508] e1000: [rhcov] e1000_raise_ee_clk
[    1.075609] e1000: [rhcov] e1000_lower_ee_clk
[    1.075637] e1000: [rhcov] e1000_lower_ee_clk
[    1.075670] e1000: [rhcov] e1000_lower_ee_clk
[    1.077044] e1000: [rhcov] e1000_shift_in_ee_bits
[    1.077088] e1000: [rhcov] e1000_shift_in_ee_bits
[    1.077118] e1000: [rhcov] e1000_shift_in_ee_bits
[    1.078822] e1000: [rhcov] e1000_standby_eeprom
[    1.078855] e1000: [rhcov] e1000_standby_eeprom
[    1.078887] e1000: [rhcov] e1000_standby_eeprom
[    1.079196] e1000: [rhcov] e1000_release_eeprom
[    1.079227] e1000: [rhcov] e1000_release_eeprom
[    1.079258] e1000: [rhcov] e1000_release_eeprom
[    1.288298] e1000: [rhcov] e1000_read_mac_addr
[    1.288357] e1000: [rhcov] e1000_read_mac_addr
[    1.288390] e1000: [rhcov] e1000_read_mac_addr
[    1.298484] e1000: [rhcov] e1000_check_options
[    1.298521] e1000: [rhcov] e1000_check_options
[    1.298552] e1000: [rhcov] e1000_check_options
[    1.298774] e1000: [rhcov] e1000_check_copper_options
[    1.298807] e1000: [rhcov] e1000_check_copper_options
[    1.298839] e1000: [rhcov] e1000_check_copper_options
[    1.298925] e1000: [rhcov] e1000_validate_mdi_setting
[    1.298958] e1000: [rhcov] e1000_validate_mdi_setting
[    1.298991] e1000: [rhcov] e1000_validate_mdi_setting
[    1.302380] e1000: [rhcov] e1000_reset
[    1.302409] e1000: [rhcov] e1000_reset
[    1.302447] e1000: [rhcov] e1000_reset
[    1.319720] e1000: [rhcov] e1000_init_hw
[    1.319785] e1000: [rhcov] e1000_init_hw
[    1.319830] e1000: [rhcov] e1000_init_hw
[    1.319872] e1000: [rhcov] e1000_id_led_init
[    1.319917] e1000: [rhcov] e1000_id_led_init
[    1.319962] e1000: [rhcov] e1000_id_led_init
[    1.323459] e1000: [rhcov] e1000_clear_vfta
[    1.323494] e1000: [rhcov] e1000_clear_vfta
[    1.323522] e1000: [rhcov] e1000_clear_vfta
[    1.323615] e1000: [rhcov] e1000_init_rx_addrs
[    1.323647] e1000: [rhcov] e1000_init_rx_addrs
[    1.323678] e1000: [rhcov] e1000_init_rx_addrs
[    1.323716] e1000: [rhcov] e1000_rar_set
[    1.323747] e1000: [rhcov] e1000_rar_set
[    1.323774] e1000: [rhcov] e1000_rar_set
[    1.323980] e1000: [rhcov] e1000_setup_link
[    1.324009] e1000: [rhcov] e1000_setup_link
[    1.324038] e1000: [rhcov] e1000_setup_link
[    1.327407] e1000: [rhcov] e1000_setup_copper_link
[    1.327455] e1000: [rhcov] e1000_setup_copper_link
[    1.327489] e1000: [rhcov] e1000_setup_copper_link
[    1.327524] e1000: [rhcov] e1000_copper_link_preconfig
[    1.327556] e1000: [rhcov] e1000_copper_link_preconfig
[    1.327588] e1000: [rhcov] e1000_copper_link_preconfig
[    1.327642] e1000: [rhcov] e1000_detect_gig_phy
[    1.327675] e1000: [rhcov] e1000_detect_gig_phy
[    1.327705] e1000: [rhcov] e1000_detect_gig_phy
[    1.327752] e1000: [rhcov] e1000_read_phy_reg
[    1.327784] e1000: [rhcov] e1000_read_phy_reg
[    1.327812] e1000: [rhcov] e1000_read_phy_reg
[    1.327849] e1000: [rhcov] e1000_read_phy_reg_ex
[    1.327880] e1000: [rhcov] e1000_read_phy_reg_ex
[    1.327913] e1000: [rhcov] e1000_read_phy_reg_ex
[    1.328144] e1000: [rhcov] e1000_set_phy_type
[    1.328175] e1000: [rhcov] e1000_set_phy_type
[    1.328204] e1000: [rhcov] e1000_set_phy_type
[    1.328259] e1000: [rhcov] e1000_set_phy_mode
[    1.328289] e1000: [rhcov] e1000_set_phy_mode
[    1.328321] e1000: [rhcov] e1000_set_phy_mode
[    1.328369] e1000: [rhcov] e1000_copper_link_mgp_setup
[    1.328402] e1000: [rhcov] e1000_copper_link_mgp_setup
[    1.328448] e1000: [rhcov] e1000_copper_link_mgp_setup
[    1.328568] e1000: [rhcov] e1000_write_phy_reg
[    1.328599] e1000: [rhcov] e1000_write_phy_reg
[    1.328630] e1000: [rhcov] e1000_write_phy_reg
[    1.328676] e1000: [rhcov] e1000_write_phy_reg_ex
[    1.328707] e1000: [rhcov] e1000_write_phy_reg_ex
[    1.328739] e1000: [rhcov] e1000_write_phy_reg_ex
[    1.328909] e1000: [rhcov] e1000_phy_reset
[    1.328947] e1000: [rhcov] e1000_phy_reset
[    1.328976] e1000: [rhcov] e1000_phy_reset
[    1.329100] e1000: [rhcov] e1000_copper_link_autoneg
[    1.329133] e1000: [rhcov] e1000_copper_link_autoneg
[    1.329166] e1000: [rhcov] e1000_copper_link_autoneg
[    1.329213] e1000: [rhcov] e1000_phy_setup_autoneg
[    1.329245] e1000: [rhcov] e1000_phy_setup_autoneg
[    1.329278] e1000: [rhcov] e1000_phy_setup_autoneg
[    1.330795] e1000: [rhcov] e1000_clear_hw_cntrs
[    1.330829] e1000: [rhcov] e1000_clear_hw_cntrs
[    1.330859] e1000: [rhcov] e1000_clear_hw_cntrs
[    1.332248] e1000: [rhcov] e1000_update_mng_vlan
[    1.332285] e1000: [rhcov] e1000_update_mng_vlan
[    1.332316] e1000: [rhcov] e1000_update_mng_vlan
[    1.332353] e1000: [rhcov] e1000_vlan_used
[    1.332381] e1000: [rhcov] e1000_vlan_used
[    1.332408] e1000: [rhcov] e1000_vlan_used
[    1.332481] e1000: [rhcov] e1000_reset_adaptive
[    1.332513] e1000: [rhcov] e1000_reset_adaptive
[    1.332544] e1000: [rhcov] e1000_reset_adaptive
[    1.332600] e1000: [rhcov] e1000_phy_get_info
[    1.332630] e1000: [rhcov] e1000_phy_get_info
[    1.332664] e1000: [rhcov] e1000_phy_get_info
[    1.332839] e1000: [rhcov] e1000_release_manageability
[    1.332874] e1000: [rhcov] e1000_release_manageability
[    1.332906] e1000: [rhcov] e1000_release_manageability
[    1.333487] e1000: [rhcov] e1000_fix_features
[    1.333523] e1000: [rhcov] e1000_fix_features
[    1.333557] e1000: [rhcov] e1000_fix_features
[    1.334412] e1000: [rhcov] e1000_vlan_filter_on_off
[    1.334480] e1000: [rhcov] e1000_vlan_filter_on_off
[    1.334513] e1000: [rhcov] e1000_vlan_filter_on_off
[    1.334552] e1000: [rhcov] __e1000_vlan_mode
[    1.334580] e1000: [rhcov] __e1000_vlan_mode
[    1.334607] e1000: [rhcov] __e1000_vlan_mode
[    1.334746] e1000 0000:00:03.0 eth0: (PCI:33MHz:32-bit) 52:54:00:12:34:56
[    1.334985] e1000 0000:00:03.0 eth0: Intel(R) PRO/1000 Network Connection
[    1.339010] ACPI: \_SB_.LNKD: Enabled at IRQ 10
[    1.604725] e1000 0000:00:04.0 eth1: (PCI:33MHz:32-bit) 52:54:00:12:34:57
[    1.604804] e1000 0000:00:04.0 eth1: Intel(R) PRO/1000 Network Connection
[    1.606759] insmod (61) used greatest stack depth: 13000 bytes left
REHARNESS_DRIVER_INSMOD_RC=0
=== dmesg ===
[    1.617856] tsc: Refined TSC clocksource calibration: 4300.021 MHz
[    1.618147] clocksource: tsc: mask: 0xffffffffffffffff max_cycles: 0x3dfb778e9e0, max_idle_ns: 440795314199 ns
[    1.619118] clocksource: Switched to clocksource tsc
[    1.332353] e1000: [rhcov] e1000_vlan_used
[    1.332381] e1000: [rhcov] e1000_vlan_used
[    1.332408] e1000: [rhcov] e1000_vlan_used
[    1.332481] e1000: [rhcov] e1000_reset_adaptive
[    1.332513] e1000: [rhcov] e1000_reset_adaptive
[    1.332544] e1000: [rhcov] e1000_reset_adaptive
[    1.332600] e1000: [rhcov] e1000_phy_get_info
[    1.332630] e1000: [rhcov] e1000_phy_get_info
[    1.332664] e1000: [rhcov] e1000_phy_get_info
[    1.332839] e1000: [rhcov] e1000_release_manageability
[    1.332874] e1000: [rhcov] e1000_release_manageability
[    1.332906] e1000: [rhcov] e1000_release_manageability
[    1.333487] e1000: [rhcov] e1000_fix_features
[    1.333523] e1000: [rhcov] e1000_fix_features
[    1.333557] e1000: [rhcov] e1000_fix_features
[    1.334412] e1000: [rhcov] e1000_vlan_filter_on_off
[    1.334480] e1000: [rhcov] e1000_vlan_filter_on_off
[    1.334513] e1000: [rhcov] e1000_vlan_filter_on_off
[    1.334552] e1000: [rhcov] __e1000_vlan_mode
[    1.334580] e1000: [rhcov] __e1000_vlan_mode
[    1.334607] e1000: [rhcov] __e1000_vlan_mode
[    1.334746] e1000 0000:00:03.0 eth0: (PCI:33MHz:32-bit) 52:54:00:12:34:56
[    1.334985] e1000 0000:00:03.0 eth0: Intel(R) PRO/1000 Network Connection
[    1.604725] e1000 0000:00:04.0 eth1: (PCI:33MHz:32-bit) 52:54:00:12:34:57
[    1.604804] e1000 0000:00:04.0 eth1: Intel(R) PRO/1000 Network Connection
=== exerciser ===
[    1.652784] e1000: [rhcov] e1000_get_link_ksettings
[    1.652849] e1000: [rhcov] e1000_get_link_ksettings
[    1.652883] e1000: [rhcov] e1000_get_link_ksettings
Settings for eth0:
	Supported ports: [ TP ]
	Supported link modes:   10baseT/Half 10baseT/Full
	                        100baseT/Half 100baseT/Full
	                        1000baseT/Full
	Supported pause frame use: No
	Supports auto-negotiation: Yes
	Supported FEC modes: Not reported
	Advertised link modes:  10baseT/Half 10baseT/Full
	                        100baseT/Half 100baseT/Full
	                        1000baseT/Full
	Advertised pause frame use: No
	Advertised auto-negotiation: Yes
	Advertised FEC modes: Not reported
	Speed: Unknown!
	Duplex: Unknown! (255)
	Auto-negotiation: on
	Port: Twisted Pair
	PHYAD: 0
	Transceiver: internal
	MDI-X: Unknown (auto)
[    1.655567] e1000: [rhcov] e1000_get_wol
[    1.655611] e1000: [rhcov] e1000_get_wol
[    1.655642] e1000: [rhcov] e1000_get_wol
[    1.655678] e1000: [rhcov] e1000_wol_exclusion
[    1.655709] e1000: [rhcov] e1000_wol_exclusion
[    1.655739] e1000: [rhcov] e1000_wol_exclusion
	Supports Wake-on: umbg
	Wake-on: d
[    1.656301] e1000: [rhcov] e1000_get_msglevel
[    1.656336] e1000: [rhcov] e1000_get_msglevel
[    1.656365] e1000: [rhcov] e1000_get_msglevel
        Current message level: 0x00000007 (7)
                               drv probe link
	Link detected: no
[    1.662768] e1000: [rhcov] e1000_get_drvinfo
[    1.662826] e1000: [rhcov] e1000_get_drvinfo
[    1.662858] e1000: [rhcov] e1000_get_drvinfo
[    1.662930] e1000: [rhcov] e1000_get_sset_count
[    1.662962] e1000: [rhcov] e1000_get_sset_count
[    1.662992] e1000: [rhcov] e1000_get_sset_count
[    1.663055] e1000: [rhcov] e1000_get_regs_len
[    1.663085] e1000: [rhcov] e1000_get_regs_len
[    1.663113] e1000: [rhcov] e1000_get_regs_len
[    1.663153] e1000: [rhcov] e1000_get_eeprom_len
[    1.663183] e1000: [rhcov] e1000_get_eeprom_len
[    1.663212] e1000: [rhcov] e1000_get_eeprom_len
driver: e1000
version: 7.1.0-rc7+
firmware-version:
expansion-rom-version:
bus-info: 0000:00:03.0
supports-statistics: yes
supports-test: yes
supports-eeprom-access: yes
supports-register-dump: yes
supports-priv-flags: no
[    1.668586] e1000: [rhcov] e1000_get_strings
[    1.668646] e1000: [rhcov] e1000_get_strings
[    1.668679] e1000: [rhcov] e1000_get_strings
[    1.668865] e1000: [rhcov] e1000_get_ethtool_stats
[    1.668899] e1000: [rhcov] e1000_get_ethtool_stats
[    1.668940] e1000: [rhcov] e1000_get_ethtool_stats
[    1.668995] e1000: [rhcov] e1000_update_stats
[    1.669028] e1000: [rhcov] e1000_update_stats
[    1.669058] e1000: [rhcov] e1000_update_stats
NIC statistics:
     rx_packets: 0
     tx_packets: 0
     rx_bytes: 0
     tx_bytes: 0
     rx_broadcast: 0
     tx_broadcast: 0
     rx_multicast: 0
     tx_multicast: 0
     rx_errors: 0
     tx_errors: 0
     tx_dropped: 0
     multicast: 0
     collisions: 0
     rx_length_errors: 0
     rx_over_errors: 0
     rx_crc_errors: 0
     rx_frame_errors: 0
     rx_no_buffer_count: 0
     rx_missed_errors: 0
     tx_aborted_errors: 0
     tx_carrier_errors: 0
     tx_fifo_errors: 0
     tx_heartbeat_errors: 0
     tx_window_errors: 0
     tx_abort_late_coll: 0
     tx_deferred_ok: 0
     tx_single_coll_ok: 0
     tx_multi_coll_ok: 0
     tx_timeout_count: 0
     tx_restart_queue: 0
     rx_long_length_errors: 0
     rx_short_length_errors: 0
     rx_align_errors: 0
     tx_tcp_seg_good: 0
     tx_tcp_seg_failed: 0
     rx_flow_control_xon: 0
     rx_flow_control_xoff: 0
     tx_flow_control_xon: 0
     tx_flow_control_xoff: 0
     rx_long_byte_count: 0
     rx_csum_offload_good: 0
     rx_csum_offload_errors: 0
     alloc_rx_buff_failed: 0
     tx_smbus: 0
     rx_smbus: 0
     dropped_smbus: 0
[    1.674806] e1000: [rhcov] e1000_get_pauseparam
[    1.674864] e1000: [rhcov] e1000_get_pauseparam
[    1.674897] e1000: [rhcov] e1000_get_pauseparam
Pause parameters for eth0:
Autonegotiate:	on
RX:		on
TX:		on

[    1.680135] e1000: [rhcov] e1000_get_ringparam
[    1.680191] e1000: [rhcov] e1000_get_ringparam
[    1.680224] e1000: [rhcov] e1000_get_ringparam
Ring parameters for eth0:
Pre-set maximums:
RX:			4096
RX Mini:		n/a
RX Jumbo:		n/a
TX:			4096
TX push buff len:	n/a
Current hardware settings:
RX:			256
RX Mini:		n/a
RX Jumbo:		n/a
TX:			256
RX Buf Len:		n/a
CQE Size:		n/a
TX Push:		off
RX Push:		off
TX push buff len:	n/a
TCP data split:		n/a
Features for eth0:
rx-checksumming: off
tx-checksumming: on
	tx-checksum-ipv4: off [fixed]
	tx-checksum-ip-generic: on
	tx-checksum-ipv6: off [fixed]
	tx-checksum-fcoe-crc: off [fixed]
	tx-checksum-sctp: off [fixed]
scatter-gather: on
	tx-scatter-gather: on
	tx-scatter-gather-fraglist: off [fixed]
tcp-segmentation-offload: on
	tx-tcp-segmentation: on
	tx-tcp-ecn-segmentation: off [fixed]
	tx-tcp-mangleid-segmentation: off
	tx-tcp6-segmentation: off [fixed]
	tx-tcp-accecn-segmentation: off [fixed]
generic-segmentation-offload: on
generic-receive-offload: on
large-receive-offload: off [fixed]
rx-vlan-offload: on
tx-vlan-offload: on [fixed]
ntuple-filters: off [fixed]
receive-hashing: off [fixed]
highdma: off [fixed]
rx-vlan-filter: on [fixed]
vlan-challenged: off [fixed]
tx-gso-robust: off [fixed]
tx-fcoe-segmentation: off [fixed]
tx-gre-segmentation: off [fixed]
tx-gre-csum-segmentation: off [fixed]
tx-ipxip4-segmentation: off [fixed]
tx-ipxip6-segmentation: off [fixed]
tx-udp_tnl-segmentation: off [fixed]
tx-udp_tnl-csum-segmentation: off [fixed]
tx-gso-partial: off [fixed]
tx-tunnel-remcsum-segmentation: off [fixed]
tx-sctp-segmentation: off [fixed]
tx-esp-segmentation: off [fixed]
tx-udp-segmentation: off [fixed]
tx-gso-list: off [fixed]
tx-nocache-copy: off
loopback: off [fixed]
rx-fcs: off
rx-all: off
tx-vlan-stag-hw-insert: off [fixed]
rx-vlan-stag-hw-parse: off [fixed]
rx-vlan-stag-filter: off [fixed]
l2-fwd-offload: off [fixed]
hw-tc-offload: off [fixed]
esp-hw-offload: off [fixed]
esp-tx-csum-hw-offload: off [fixed]
rx-udp_tunnel-port-offload: off [fixed]
tls-hw-tx-offload: off [fixed]
tls-hw-rx-offload: off [fixed]
rx-gro-hw: off [fixed]
tls-hw-record: off [fixed]
rx-gro-list: off
macsec-hw-offload: off [fixed]
rx-udp-gro-forwarding: off
hsr-tag-ins-offload: off [fixed]
hsr-tag-rm-offload: off [fixed]
hsr-fwd-offload: off [fixed]
hsr-dup-offload: off [fixed]
[    1.693306] e1000: [rhcov] e1000_get_coalesce
[    1.693365] e1000: [rhcov] e1000_get_coalesce
[    1.693397] e1000: [rhcov] e1000_get_coalesce
netlink error: Operation not supported
[    1.697990] e1000: [rhcov] e1000_get_eeprom
[    1.698048] e1000: [rhcov] e1000_get_eeprom
[    1.698079] e1000: [rhcov] e1000_get_eeprom
Offset		Values
------		------
0x0000:		52 54 00 12 34 56 00 00 ff ff 00 00 00 00 00 00
0x0010:		00 30 00 10 03 64 0e 10 86 80 0e 10 86 80 40 30
0x0020:		08 00 00 20 14 7e 48 00 00 10 d8 00 00 00 00 27
0x0030:		c9 6c 50 31 22 07 0b 04 84 09 00 00 00 c0 06 07
0x0040:		08 10 00 00 04 0f ff 7f 01 4d ff ff ff ff ff ff
0x0050:		ff ff ff ff ff ff ff ff ff ff ff ff ff ff ff ff
0x0060:		00 01 00 40 1c 12 ff ff ff ff ff ff ff ff ff ff
0x0070:		ff ff ff ff ff ff ff ff ff ff ff ff ff ff ad 79
[    1.914839] e1000: [rhcov] e1000_nway_reset
[    1.914904] e1000: [rhcov] e1000_nway_reset
[    1.914943] e1000: [rhcov] e1000_nway_reset
netlink error: Operation not supported
[    1.924250] e1000: [rhcov] e1000_diag_test
[    1.924312] e1000: [rhcov] e1000_diag_test
[    1.924343] e1000: [rhcov] e1000_diag_test
[    1.924390] e1000: [rhcov] e1000_link_test
[    1.924418] e1000: [rhcov] e1000_link_test
[    1.924446] e1000: [rhcov] e1000_link_test
[    1.924529] e1000: [rhcov] e1000_check_for_link
[    1.924563] e1000: [rhcov] e1000_check_for_link
[    1.924593] e1000: [rhcov] e1000_check_for_link
[    1.924772] e1000: [rhcov] e1000_check_downshift
[    1.924804] e1000: [rhcov] e1000_check_downshift
[    1.924834] e1000: [rhcov] e1000_check_downshift
[    1.924952] e1000: [rhcov] e1000_config_dsp_after_link_change
[    1.924989] e1000: [rhcov] e1000_config_dsp_after_link_change
[    1.925024] e1000: [rhcov] e1000_config_dsp_after_link_change
[    1.925096] e1000: [rhcov] e1000_config_collision_dist
[    1.925128] e1000: [rhcov] e1000_config_collision_dist
[    1.925160] e1000: [rhcov] e1000_config_collision_dist
[    1.925225] e1000: [rhcov] e1000_config_fc_after_link_up
[    1.925259] e1000: [rhcov] e1000_config_fc_after_link_up
[    1.925292] e1000: [rhcov] e1000_config_fc_after_link_up
[    1.925622] e1000: [rhcov] e1000_get_speed_and_duplex
[    1.925661] e1000: [rhcov] e1000_get_speed_and_duplex
[    1.925693] e1000: [rhcov] e1000_get_speed_and_duplex
[    1.925766] e1000: [rhcov] e1000_force_mac_fc
[    1.925794] e1000: [rhcov] e1000_force_mac_fc
[    1.925824] e1000: [rhcov] e1000_force_mac_fc
The test result is PASS
The test extra info:
Register test  (offline)	 0
Eeprom test    (offline)	 0
Interrupt test (offline)	 0
Loopback test  (offline)	 0
Link test   (on/offline)	 0

[   10.011209] e1000: [rhcov] e1000_set_ringparam
[   10.011333] e1000: [rhcov] e1000_set_ringparam
[   10.011375] e1000: [rhcov] e1000_set_ringparam
netlink error: Operation not supported
no stats available
netlink error: Operation not supported
netlink error: Operation not supported
ethtool: bad command line argument(s)
For more information run ethtool -h
ethtool (--set-fec): unknown parameter 'off'
Time stamping parameters for eth0:
Capabilities:
	software-transmit
	software-receive
	software-system-clock
PTP Hardware Clock: none
Hardware Transmit Timestamp Modes: none
Hardware Receive Filter Modes: none
ethtool: bad command line argument(s)
For more information run ethtool -h
REHARNESS_E1000_OK driver=e1000 tx=0 rx=0
EXERCISER_RC=0
=== rmmod e1000 ===
[   10.072261] e1000: [rhcov] e1000_exit_module
[   10.072365] e1000: [rhcov] e1000_exit_module
[   10.072423] e1000: [rhcov] e1000_exit_module
[   10.072732] e1000: [rhcov] e1000_remove
[   10.072776] e1000: [rhcov] e1000_remove
[   10.072809] e1000: [rhcov] e1000_remove
[   10.072850] e1000: [rhcov] e1000_down_and_stop
[   10.072888] e1000: [rhcov] e1000_down_and_stop
[   10.072924] e1000: [rhcov] e1000_down_and_stop
[   10.082768] e1000: [rhcov] e1000_phy_hw_reset
[   10.082833] e1000: [rhcov] e1000_phy_hw_reset
[   10.082872] e1000: [rhcov] e1000_phy_hw_reset
[   10.093718] e1000: [rhcov] e1000_get_phy_cfg_done
[   10.093775] e1000: [rhcov] e1000_get_phy_cfg_done
[   10.093817] e1000: [rhcov] e1000_get_phy_cfg_done
REHARNESS_DRIVER_RMMOD_RC=0
=== QEMU_RUN_DONE ===
[   10.382561] sysrq: Power Off
[   10.382917] Kernel panic - not syncing: Attempted to kill init! exitcode=0x00000000
[   10.383329] CPU: 1 UID: 0 PID: 1 Comm: init Not tainted 7.1.0-rc7+ #18 PREEMPT(lazy)
[   10.383457] Hardware name: QEMU Standard PC (i440FX + PIIX, 1996), BIOS rel-1.17.0-0-gb52ca86e094d-prebuilt.qemu.org 04/01/2014
[   10.383623] Call Trace:
[   10.384066]  <TASK>
[   10.384264]  vpanic+0x32f/0x4b0
[   10.384471]  panic+0x63/0x70
[   10.384503]  do_exit+0x952/0xaf0
[   10.384536]  do_group_exit+0x30/0x80
[   10.384567]  __x64_sys_exit_group+0x18/0x20
[   10.384607]  x64_sys_call+0x12e2/0x1880
[   10.384640]  do_syscall_64+0x10e/0x4e0
[   10.384677]  entry_SYSCALL_64_after_hwframe+0x77/0x7f
[   10.384812] RIP: 0033:0x7f1bde41f31d
[   10.384991] Code: 02 ba ff ff ff ff 89 d0 c3 0f 1f 40 00 f3 0f 1e fa 48 8b 35 ed 4a 11 00 ba e7 00 00 00 eb 07 66 0f 1f 44 00 00 f4 89 d0 0f 05 <48> 3d 00 f0 ff ff 76 f3 f7 d8 64 89 06 eb ec 0f 1f 40 00 f3 0f 1e
[   10.385144] RSP: 002b:00007ffd2ac440c8 EFLAGS: 00000202 ORIG_RAX: 00000000000000e7
[   10.385221] RAX: ffffffffffffffda RBX: 00007ffd2ac44350 RCX: 00007f1bde41f31d
[   10.385276] RDX: 00000000000000e7 RSI: ffffffffffffff88 RDI: 0000000000000000
[   10.385329] RBP: 00007ffd2ac441a0 R08: 0000559865257010 R09: 0000000000000007
[   10.385380] R10: 0000559865259960 R11: 0000000000000202 R12: 0000000000000000
[   10.385431] R13: 00007ffd2ac44340 R14: 000055983bd75dd8 R15: 00007f1bde585000
[   10.385513]  </TASK>
[   10.385976] Kernel Offset: disabled
[   10.386203] Rebooting in 1 seconds..
