c[?7l[2J[0mSeaBIOS (version rel-1.17.0-0-gb52ca86e094d-prebuilt.qemu.org)


iPXE (http://ipxe.org) 00:03.0 CA00 PCI2.10 PnP PMM+0EFD1C40+0EF31C40 CA00
Press Ctrl-B to configure iPXE (PCI 00:03.0)...


Booting from ROM..c[?7l[2JNo EFI environment detected.
early console in extract_kernel
input_data: 0x000000000266c2c4
input_len: 0x000000000095c97d
output: 0x0000000001000000
output_len: 0x0000000001f8870c
kernel_total_size: 0x0000000001d8c000
needed_size: 0x0000000002000000
trampoline_32bit: 0x0000000000000000


KASLR disabled: 'nokaslr' on cmdline.


Decompressing Linux... Parsing ELF... No relocation needed... done.
Booting the kernel (entry_offset: 0x0000000001a193b0).
[    0.000000] Linux version 7.1.0-rc7+ (yfblock@9950x) (gcc (Ubuntu 13.3.0-6ubuntu2~24.04.1) 13.3.0, GNU ld (GNU Binutils for Ubuntu) 2.42) #18 SMP PREEMPT_DYNAMIC Mon Aug 31 01:09:14 CST 2026
[    0.000000] Command line: console=ttyS0 nokaslr panic=1 ignore_loglevel earlyprintk=serial,ttyS0,115200
[    0.000000] BIOS-provided physical RAM map:
[    0.000000] BIOS-e820: [mem 0x0000000000000000-0x000000000009fbff]  System RAM
[    0.000000] BIOS-e820: [mem 0x000000000009fc00-0x000000000009ffff]  device reserved
[    0.000000] BIOS-e820: [gap 0x00000000000a0000-0x00000000000effff]
[    0.000000] BIOS-e820: [mem 0x00000000000f0000-0x00000000000fffff]  device reserved
[    0.000000] BIOS-e820: [mem 0x0000000000100000-0x000000000ffdffff]  System RAM
[    0.000000] BIOS-e820: [mem 0x000000000ffe0000-0x000000000fffffff]  device reserved
[    0.000000] BIOS-e820: [gap 0x0000000010000000-0x00000000fffbffff]
[    0.000000] BIOS-e820: [mem 0x00000000fffc0000-0x00000000ffffffff]  device reserved
[    0.000000] BIOS-e820: [gap 0x0000000100000000-0x000000fcffffffff]
[    0.000000] BIOS-e820: [mem 0x000000fd00000000-0x000000ffffffffff]  device reserved
[    0.000000] printk: debug: ignoring loglevel setting.
[    0.000000] printk: legacy bootconsole [earlyser0] enabled
[    0.000000] NX (Execute Disable) protection: active
[    0.000000] APIC: Static calls initialized
[    0.000000] DMI: SMBIOS 2.8 present.
[    0.000000] DMI: QEMU Standard PC (i440FX + PIIX, 1996), BIOS rel-1.17.0-0-gb52ca86e094d-prebuilt.qemu.org 04/01/2014
[    0.000000] DMI: Memory slots populated: 1/1
[    0.000000] tsc: Fast TSC calibration using PIT
[    0.000000] tsc: Detected 4300.075 MHz processor
[    0.007972] e820: update [mem 0x00000000-0x00000fff] System RAM ==> device reserved
[    0.008154] e820: remove [mem 0x000a0000-0x000fffff] System RAM
[    0.008310] last_pfn = 0xffe0 max_arch_pfn = 0x400000000
[    0.008754] MTRR map: 4 entries (3 fixed + 1 variable; max 19), built from 8 variable MTRRs
[    0.008918] x86/PAT: Configuration [0-7]: WB  WC  UC- UC  WB  WP  UC- WT
[    0.020778] found SMP MP-table at [mem 0x000f54b0-0x000f54bf]
[    0.023808] RAMDISK: [mem 0x0f82f000-0x0ffdffff]
[    0.024087] ACPI: Early table checksum verification disabled
[    0.024395] ACPI: RSDP 0x00000000000F52D0 000014 (v00 BOCHS )
[    0.024597] ACPI: RSDT 0x000000000FFE2389 000034 (v01 BOCHS  BXPC     00000001 BXPC 00000001)
[    0.025098] ACPI: FACP 0x000000000FFE2235 000074 (v01 BOCHS  BXPC     00000001 BXPC 00000001)
[    0.025536] ACPI: DSDT 0x000000000FFE0040 0021F5 (v01 BOCHS  BXPC     00000001 BXPC 00000001)
[    0.025645] ACPI: FACS 0x000000000FFE0000 000040
[    0.025709] ACPI: APIC 0x000000000FFE22A9 000080 (v03 BOCHS  BXPC     00000001 BXPC 00000001)
[    0.025774] ACPI: HPET 0x000000000FFE2329 000038 (v01 BOCHS  BXPC     00000001 BXPC 00000001)
[    0.025838] ACPI: WAET 0x000000000FFE2361 000028 (v01 BOCHS  BXPC     00000001 BXPC 00000001)
[    0.025944] ACPI: Reserving FACP table memory at [mem 0xffe2235-0xffe22a8]
[    0.025995] ACPI: Reserving DSDT table memory at [mem 0xffe0040-0xffe2234]
[    0.026038] ACPI: Reserving FACS table memory at [mem 0xffe0000-0xffe003f]
[    0.026080] ACPI: Reserving APIC table memory at [mem 0xffe22a9-0xffe2328]
[    0.026121] ACPI: Reserving HPET table memory at [mem 0xffe2329-0xffe2360]
[    0.026171] ACPI: Reserving WAET table memory at [mem 0xffe2361-0xffe2388]
[    0.027438] No NUMA configuration found
[    0.027482] Faking a node at [mem 0x0000000000000000-0x000000000ffdffff]
[    0.027885] NODE_DATA(0) allocated [mem 0x0f82b680-0x0f82efff]
[    0.028393] ACPI: PM-Timer IO Port: 0x608
[    0.028674] ACPI: LAPIC_NMI (acpi_id[0xff] dfl dfl lint[0x1])
[    0.028933] IOAPIC[0]: apic_id 0, version 32, address 0xfec00000, GSI 0-23
[    0.029043] ACPI: INT_SRC_OVR (bus 0 bus_irq 0 global_irq 2 dfl dfl)
[    0.029222] ACPI: INT_SRC_OVR (bus 0 bus_irq 5 global_irq 5 high level)
[    0.029288] ACPI: INT_SRC_OVR (bus 0 bus_irq 9 global_irq 9 high level)
[    0.029383] ACPI: INT_SRC_OVR (bus 0 bus_irq 10 global_irq 10 high level)
[    0.029428] ACPI: INT_SRC_OVR (bus 0 bus_irq 11 global_irq 11 high level)
[    0.029579] ACPI: Using ACPI (MADT) for SMP configuration information
[    0.029643] ACPI: HPET id: 0x8086a201 base: 0xfed00000
[    0.029908] CPU topo: Max. logical packages:   1
[    0.029960] CPU topo: Max. logical nodes:      1
[    0.029993] CPU topo: Num. nodes per package:  1
[    0.030054] CPU topo: Max. logical dies:       1
[    0.030086] CPU topo: Max. dies per package:   1
[    0.030147] CPU topo: Max. threads per core:   1
[    0.030256] CPU topo: Num. cores per package:     2
[    0.030295] CPU topo: Num. threads per package:   2
[    0.030329] CPU topo: Allowing 2 present CPUs plus 0 hotplug CPUs
[    0.030839] PM: hibernation: Registered nosave memory: [mem 0x00000000-0x00000fff]
[    0.030904] PM: hibernation: Registered nosave memory: [mem 0x0009f000-0x000fffff]
[    0.031016] [gap 0x10000000-0xfffbffff] available for PCI devices
[    0.031085] Booting paravirtualized kernel on bare hardware
[    0.031303] clocksource: refined-jiffies: mask: 0xffffffff max_cycles: 0xffffffff, max_idle_ns: 1910969940391419 ns
[    0.038663] Zone ranges:
[    0.038700]   DMA      [mem 0x0000000000001000-0x0000000000ffffff]
[    0.038778]   DMA32    [mem 0x0000000001000000-0x000000000ffdffff]
[    0.038822]   Normal   empty
[    0.038855] Movable zone start for each node
[    0.038897] Early memory node ranges
[    0.038937]   node   0: [mem 0x0000000000001000-0x000000000009efff]
[    0.039051]   node   0: [mem 0x0000000000100000-0x000000000ffdffff]
[    0.039162] Initmem setup node 0 [mem 0x0000000000001000-0x000000000ffdffff]
[    0.039730] On node 0, zone DMA: 1 pages in unavailable ranges
[    0.039946] On node 0, zone DMA: 97 pages in unavailable ranges
[    0.041278] On node 0, zone DMA32: 32 pages in unavailable ranges
[    0.041438] setup_percpu: NR_CPUS:64 nr_cpumask_bits:2 nr_cpu_ids:2 nr_node_ids:1
[    0.042452] percpu: Embedded 52 pages/cpu s175064 r8192 d29736 u1048576
[    0.042731] pcpu-alloc: s175064 r8192 d29736 u1048576 alloc=1*2097152
[    0.042817] pcpu-alloc: [0] 0 1
[    0.043688] Kernel command line: console=ttyS0 nokaslr panic=1 ignore_loglevel earlyprintk=serial,ttyS0,115200
[    0.044419] Unknown kernel command line parameters "nokaslr", will be passed to user space.
[    0.044594] printk: log buffer data + meta data: 262144 + 917504 = 1179648 bytes
[    0.044799] Dentry cache hash table entries: 32768 (order: 6, 262144 bytes, linear)
[    0.044923] Inode-cache hash table entries: 16384 (order: 5, 131072 bytes, linear)
[    0.046461] Fallback order for Node 0: 0
[    0.046722] Built 1 zonelists, mobility grouping on.  Total pages: 65406
[    0.046804] Policy zone: DMA32
[    0.046970] mem auto-init: stack:all(zero), heap alloc:off, heap free:off
[    0.052258] SLUB: HWalign=64, Order=0-3, MinObjects=0, CPUs=2, Nodes=1
Poking KASLR using RDTSC...
[    0.073799] ftrace: allocating 38351 entries in 152 pages
[    0.074081] ftrace: allocated 152 pages with 3 groups
[    0.078667] Dynamic Preempt: lazy
[    0.080659] rcu: Preemptible hierarchical RCU implementation.
[    0.080705] rcu: 	RCU event tracing is enabled.
[    0.080746] rcu: 	RCU restricting CPUs from NR_CPUS=64 to nr_cpu_ids=2.
[    0.080872] 	Trampoline variant of Tasks RCU enabled.
[    0.080907] 	Rude variant of Tasks RCU enabled.
[    0.080938] 	Tracing variant of Tasks RCU enabled.
[    0.081024] rcu: RCU calculated value of scheduler-enlistment delay is 100 jiffies.
[    0.081081] rcu: Adjusting geometry for rcu_fanout_leaf=16, nr_cpu_ids=2
[    0.081792] RCU Tasks: Setting shift to 1 and lim to 1 rcu_task_cb_adjust=1 rcu_task_cpu_ids=2.
[    0.081854] RCU Tasks Rude: Setting shift to 1 and lim to 1 rcu_task_cb_adjust=1 rcu_task_cpu_ids=2.
[    0.096591] NR_IRQS: 4352, nr_irqs: 440, preallocated irqs: 16
[    0.102006] rcu: srcu_init: Setting srcu_struct sizes based on contention.
[    0.106393] Console: colour VGA+ 80x25
[    0.107540] printk: legacy console [ttyS0] enabled
[    0.107540] printk: legacy console [ttyS0] enabled
[    0.107817] printk: legacy bootconsole [earlyser0] disabled
[    0.107817] printk: legacy bootconsole [earlyser0] disabled
[    0.108698] ACPI: Core revision 20251212
[    0.111884] clocksource: hpet: mask: 0xffffffff max_cycles: 0xffffffff, max_idle_ns: 19112604467 ns
[    0.114841] APIC: Switch to symmetric I/O mode setup
[    0.117545] ..TIMER: vector=0x30 apic1=0 pin1=2 apic2=-1 pin2=-1
[    0.122750] clocksource: tsc-early: mask: 0xffffffffffffffff max_cycles: 0x3dfbaa34de9, max_idle_ns: 440795224998 ns
[    0.123031] Calibrating delay loop (skipped), value calculated using timer frequency.. 8600.15 BogoMIPS (lpj=4300075)
[    0.125296] Last level iTLB entries: 4KB 512, 2MB 255, 4MB 127
[    0.125359] Last level dTLB entries: 4KB 512, 2MB 255, 4MB 127, 1GB 0
[    0.125529] mitigations: Enabled attack vectors: user_kernel, user_user, SMT mitigations: auto
[    0.125802] Spectre V2 : Mitigation: Retpolines
[    0.125944] Spectre V1 : Mitigation: usercopy/swapgs barriers and __user pointer sanitization
[    0.126052] Spectre V2 : Spectre v2 / SpectreRSB: Filling RSB on context switch and VMEXIT
[    0.126519] x86/fpu: x87 FPU will use FXSAVE
[    0.190655] pid_max: default: 32768 minimum: 301
[    0.199467] Mount-cache hash table entries: 512 (order: 0, 4096 bytes, linear)
[    0.199595] Mountpoint-cache hash table entries: 512 (order: 0, 4096 bytes, linear)
[    0.204317] VFS: Finished mounting rootfs on nullfs
[    0.319903] smpboot: CPU0: AMD QEMU Virtual CPU version 2.5+ (family: 0xf, model: 0x6b, stepping: 0x1)
[    0.325427] Performance Events: PMU not available due to virtualization, using software events only.
[    0.326055] signal: max sigframe size: 1440
[    0.326718] rcu: Hierarchical SRCU implementation.
[    0.326771] rcu: 	Max phase no-delay instances is 400.
[    0.327448] Timer migration: 1 hierarchy levels; 8 children per group; 1 crossnode level
[    0.329962] smp: Bringing up secondary CPUs ...
[    0.333820] smpboot: x86: Booting SMP configuration:
[    0.333880] .... node  #0, CPUs:      #1
[    0.404251] smp: Brought up 1 node, 2 CPUs
[    0.404401] smpboot: Total of 2 processors activated (17203.30 BogoMIPS)
[    0.409479] Memory: 214572K/261624K available (12748K kernel code, 2347K rwdata, 5156K rodata, 2808K init, 544K bss, 43600K reserved, 0K cma-reserved)
[    0.413920] devtmpfs: initialized
[    0.419084] clocksource: jiffies: mask: 0xffffffff max_cycles: 0xffffffff, max_idle_ns: 1911260446275000 ns
[    0.420001] posixtimers hash table entries: 1024 (order: 2, 16384 bytes, linear)
[    0.420202] futex hash table entries: 512 (32768 bytes on 1 NUMA nodes, total 32 KiB, linear).
[    0.422614] PM: RTC time: 17:59:55, date: 2026-08-30
[    0.425225] NET: Registered PF_NETLINK/PF_ROUTE protocol family
[    0.429504] thermal_sys: Registered thermal governor 'step_wise'
[    0.429690] cpuidle: using governor menu
[    0.430875] Freeing SMP alternatives memory: 36K
[    0.432288] PCI: Using configuration type 1 for base access
[    0.432535] mtrr: your CPUs had inconsistent fixed MTRR settings
[    0.432583] mtrr: your CPUs had inconsistent variable MTRR settings
[    0.432646] mtrr: your CPUs had inconsistent MTRRdefType settings
[    0.432694] mtrr: probably your BIOS does not setup all CPUs.
[    0.432733] mtrr: corrected configuration.
[    0.434082] kprobes: kprobe jump-optimization is enabled. All kprobes are optimized if possible.
[    0.435525] HugeTLB: registered 2.00 MiB page size, pre-allocated 0 pages
[    0.435601] HugeTLB: 28 KiB vmemmap can be freed for a 2.00 MiB page
[    0.438085] ACPI: Added _OSI(Module Device)
[    0.438135] ACPI: Added _OSI(Processor Device)
[    0.438168] ACPI: Added _OSI(Processor Aggregator Device)
[    0.449568] ACPI: 1 ACPI AML tables successfully acquired and loaded
[    0.463137] ACPI: \_SB_: platform _OSC: OS support mask [002a7eee]
[    0.469184] ACPI: Interpreter enabled
[    0.469860] ACPI: PM: (supports S0 S3 S4 S5)
[    0.469930] ACPI: Using IOAPIC for interrupt routing
[    0.470175] PCI: Using host bridge windows from ACPI; if necessary, use "pci=nocrs" and report a bug
[    0.470271] PCI: Using E820 reservations for host bridge windows
[    0.473150] ACPI: Enabled 2 GPEs in block 00 to 0F
[    0.504770] ACPI: PCI Root Bridge [PCI0] (domain 0000 [bus 00-ff])
[    0.505213] acpi PNP0A03:00: _OSC: OS supports [ASPM ClockPM Segments MSI HPX-Type3]
[    0.505349] acpi PNP0A03:00: _OSC: not requesting OS control; OS requires [ExtendedConfig ASPM ClockPM MSI]
[    0.505591] acpi PNP0A03:00: _OSC: platform retains control of PCIe features (AE_ERROR)
[    0.505936] acpi PNP0A03:00: fail to add MMCONFIG information, can't access extended configuration space under this bridge
[    0.507811] PCI host bridge to bus 0000:00
[    0.507990] pci_bus 0000:00: root bus resource [io  0x0000-0x0cf7 window]
[    0.508108] pci_bus 0000:00: root bus resource [io  0x0d00-0xffff window]
[    0.508159] pci_bus 0000:00: root bus resource [mem 0x000a0000-0x000bffff window]
[    0.508244] pci_bus 0000:00: root bus resource [mem 0x10000000-0xfebfffff window]
[    0.508299] pci_bus 0000:00: root bus resource [mem 0x100000000-0x17fffffff window]
[    0.508423] pci_bus 0000:00: root bus resource [bus 00-ff]
[    0.509262] pci 0000:00:00.0: [8086:1237] type 00 class 0x060000 conventional PCI endpoint
[    0.511755] pci 0000:00:01.0: [8086:7000] type 00 class 0x060100 conventional PCI endpoint
[    0.512177] pci 0000:00:01.1: [8086:7010] type 00 class 0x010180 conventional PCI endpoint
[    0.512569] pci 0000:00:01.1: BAR 4 [io  0xc040-0xc04f]
[    0.512648] pci 0000:00:01.1: BAR 0 [io  0x01f0-0x01f7]: legacy IDE quirk
[    0.512704] pci 0000:00:01.1: BAR 1 [io  0x03f6]: legacy IDE quirk
[    0.512763] pci 0000:00:01.1: BAR 2 [io  0x0170-0x0177]: legacy IDE quirk
[    0.512816] pci 0000:00:01.1: BAR 3 [io  0x0376]: legacy IDE quirk
[    0.513219] pci 0000:00:01.3: [8086:7113] type 00 class 0x068000 conventional PCI endpoint
[    0.513499] pci 0000:00:01.3: quirk: [io  0x0600-0x063f] claimed by PIIX4 ACPI
[    0.513569] pci 0000:00:01.3: quirk: [io  0x0700-0x070f] claimed by PIIX4 SMB
[    0.513943] pci 0000:00:02.0: [1234:1111] type 00 class 0x030000 conventional PCI endpoint
[    0.514326] pci 0000:00:02.0: BAR 0 [mem 0xfd000000-0xfdffffff pref]
[    0.514411] pci 0000:00:02.0: BAR 2 [mem 0xfeb70000-0xfeb70fff]
[    0.514455] pci 0000:00:02.0: ROM [mem 0xfeb60000-0xfeb6ffff pref]
[    0.514636] pci 0000:00:02.0: Video device with shadowed ROM at [mem 0x000c0000-0x000dffff]
[    0.515055] pci 0000:00:03.0: [8086:100e] type 00 class 0x020000 conventional PCI endpoint
[    0.515451] pci 0000:00:03.0: BAR 0 [mem 0xfeb40000-0xfeb5ffff]
[    0.515508] pci 0000:00:03.0: BAR 1 [io  0xc000-0xc03f]
[    0.515549] pci 0000:00:03.0: ROM [mem 0xfeb00000-0xfeb3ffff pref]
[    0.518959] pci 0000:00:04.0: [1234:11e8] type 00 class 0x00ff00 conventional PCI endpoint
[    0.519213] pci 0000:00:04.0: BAR 0 [mem 0xfea00000-0xfeafffff]
[    0.524544] ACPI: PCI: Interrupt link LNKA configured for IRQ 10
[    0.525033] ACPI: PCI: Interrupt link LNKB configured for IRQ 10
[    0.525365] ACPI: PCI: Interrupt link LNKC configured for IRQ 11
[    0.525676] ACPI: PCI: Interrupt link LNKD configured for IRQ 11
[    0.525840] ACPI: PCI: Interrupt link LNKS configured for IRQ 9
[    0.527726] iommu: Default domain type: Translated
[    0.527788] iommu: DMA domain TLB invalidation policy: lazy mode
[    0.528582] SCSI subsystem initialized
[    0.529028] libata version 3.00 loaded.
[    0.529541] ACPI: bus type USB registered
[    0.529832] usbcore: registered new interface driver usbfs
[    0.530055] usbcore: registered new interface driver hub
[    0.530156] usbcore: registered new device driver usb
[    0.530341] pps_core: LinuxPPS API ver. 1 registered
[    0.530381] pps_core: Software ver. 5.3.6 - Copyright 2005-2007 Rodolfo Giometti <giometti@linux.it>
[    0.530461] PTP clock support registered
[    0.535488] PCI: Using ACPI for IRQ routing
[    0.535597] PCI: pci_cache_line_size set to 64 bytes
[    0.535834] e820: register RAM buffer resource [mem 0x0009fc00-0x0009ffff]
[    0.535983] e820: register RAM buffer resource [mem 0x0ffe0000-0x0fffffff]
[    0.538696] pci 0000:00:02.0: vgaarb: setting as boot VGA device
[    0.538696] pci 0000:00:02.0: vgaarb: bridge control possible
[    0.538696] pci 0000:00:02.0: vgaarb: VGA device added: decodes=io+mem,owns=io+mem,locks=none
[    0.538696] vgaarb: loaded
[    0.539200] hpet: 3 channels of 0 reserved for per-cpu timers
[    0.539373] hpet0: at MMIO 0xfed00000, IRQs 2, 8, 0
[    0.539457] hpet0: 3 comparators, 64-bit 100.000000 MHz counter
[    0.543289] clocksource: Switched to clocksource tsc-early
[    0.544850] VFS: Disk quotas dquot_6.6.0
[    0.544946] VFS: Dquot-cache hash table entries: 512 (order 0, 4096 bytes)
[    0.546893] pnp: PnP ACPI init
[    0.548147] pnp 00:02: [dma 2]
[    0.549180] pnp: PnP ACPI: found 5 devices
[    0.563113] clocksource: acpi_pm: mask: 0xffffff max_cycles: 0xffffff, max_idle_ns: 2085701024 ns
[    0.563530] NET: Registered PF_INET protocol family
[    0.564103] IP idents hash table entries: 4096 (order: 3, 32768 bytes, linear)
[    0.565568] tcp_listen_portaddr_hash hash table entries: 256 (order: 0, 4096 bytes, linear)
[    0.565795] Table-perturb hash table entries: 65536 (order: 6, 262144 bytes, linear)
[    0.565883] TCP established hash table entries: 2048 (order: 2, 16384 bytes, linear)
[    0.566070] TCP bind hash table entries: 2048 (order: 4, 65536 bytes, linear)
[    0.566204] TCP: Hash tables configured (established 2048 bind 2048)
[    0.566969] UDP hash table entries: 256 (order: 2, 16384 bytes, linear)
[    0.568041] pci_bus 0000:00: resource 4 [io  0x0000-0x0cf7 window]
[    0.568099] pci_bus 0000:00: resource 5 [io  0x0d00-0xffff window]
[    0.568143] pci_bus 0000:00: resource 6 [mem 0x000a0000-0x000bffff window]
[    0.568190] pci_bus 0000:00: resource 7 [mem 0x10000000-0xfebfffff window]
[    0.568236] pci_bus 0000:00: resource 8 [mem 0x100000000-0x17fffffff window]
[    0.568553] pci 0000:00:01.0: PIIX3: Enabling Passive Release
[    0.568643] pci 0000:00:00.0: Limiting direct PCI/PCI transfers
[    0.568774] PCI: CLS 0 bytes, default 64
[    0.571183] Unpacking initramfs...
[    0.577464] Initialise system trusted keyrings
[    0.578948] workingset: timestamp_bits=56 (anon: 52) max_order=16 bucket_order=0 (anon: 0)
[    0.581288] Key type asymmetric registered
[    0.581365] Asymmetric key parser 'x509' registered
[    0.581511] Block layer SCSI generic (bsg) driver version 0.4 loaded (major 250)
[    0.581788] io scheduler mq-deadline registered
[    0.581848] io scheduler kyber registered
[    0.584730] input: Power Button as /devices/platform/LNXPWRBN:00/input/input0
[    0.585332] ACPI: button: Power Button [PWRF]
[    0.588771] Serial: 8250/16550 driver, 4 ports, IRQ sharing enabled
[    0.591120] 00:04: ttyS0 at I/O 0x3f8 (irq = 4, base_baud = 115200) is a 16550A
[    0.596254] Non-volatile memory driver v1.3
[    0.606230] loop: module loaded
[    0.611902] scsi host0: ata_piix
[    0.613133] scsi host1: ata_piix
[    0.613394] ata1: PATA max MWDMA2 cmd 0x1f0 ctl 0x3f6 bmdma 0xc040 irq 14 lpm-pol 0
[    0.613464] ata2: PATA max MWDMA2 cmd 0x170 ctl 0x376 bmdma 0xc048 irq 15 lpm-pol 0
[    0.614586] i8042: PNP: PS/2 Controller [PNP0303:KBD,PNP0f13:MOU] at 0x60,0x64 irq 1,12
[    0.616423] serio: i8042 KBD port at 0x60,0x64 irq 1
[    0.616576] serio: i8042 AUX port at 0x60,0x64 irq 12
[    0.617869] rtc_cmos PNP0B00:00: RTC can wake from S4
[    0.620221] rtc_cmos PNP0B00:00: registered as rtc0
[    0.621047] rtc_cmos PNP0B00:00: alarms up to one day, y3k, 242 bytes nvram, hpet irqs
[    0.621994] input: AT Translated Set 2 keyboard as /devices/platform/i8042/serio0/input/input1
[    0.622578] device-mapper: ioctl: 4.50.0-ioctl (2025-04-28) initialised: dm-devel@lists.linux.dev
[    0.622803] amd_pstate: the _CPC object is not present in SBIOS or ACPI disabled
[    0.622975] hid: raw HID events driver (C) Jiri Kosina
[    0.623758] usbcore: registered new interface driver usbhid
[    0.623811] usbhid: USB HID core driver
[    0.624657] NET: Registered PF_INET6 protocol family
[    0.629001] Segment Routing with IPv6
[    0.629155] In-situ OAM (IOAM) with IPv6
[    0.632947] IPI shorthand broadcast: enabled
[    0.640511] sched_clock: Marking stable (629240722, 10449993)->(642230658, -2539943)
[    0.642363] Loading compiled-in X.509 certificates
[    0.648821] Demotion targets for Node 0: null
[    0.650813] PM:   Magic number: 6:514:998
[    0.650941] i8042 kbd 00:00: hash matches
[    0.651623] clk: Disabling unused clocks
[    0.651853] KTAP version 1
[    0.651881] 1..0
[    0.724825] Freeing initrd memory: 7876K
[    0.768939] ata2: found unknown device (class 0)
[    0.771624] ata2.00: ATAPI: QEMU DVD-ROM, 2.5+, max UDMA/100
[    0.777562] scsi 1:0:0:0: CD-ROM            QEMU     QEMU DVD-ROM     2.5+ PQ: 0 ANSI: 5
[    0.792612] sr 1:0:0:0: [sr0] scsi3-mmc drive: 4x/4x cd/rw xa/form2 tray
[    0.804897] cdrom: Uniform CD-ROM driver Revision: 3.20
[    0.812375] sr 1:0:0:0: Attached scsi CD-ROM sr0
[    0.813046] sr 1:0:0:0: Attached scsi generic sg0 type 5
[    0.850344] Freeing unused kernel image (initmem) memory: 2808K
[    0.850500] Write protecting the kernel read-only data: 20480k
[    0.851972] Freeing unused kernel image (text/rodata gap) memory: 1584K
[    0.852447] Freeing unused kernel image (rodata/data gap) memory: 988K
[    0.938273] x86/mm: Checked W+X mappings: passed, no W+X pages found.
[    0.938441] Run /init as init process
[    0.938468]   with arguments:
[    0.938493]     /init
[    0.938513]     nokaslr
[    0.938532]   with environment:
[    0.938556]     HOME=/
[    0.938576]     TERM=linux
[    0.994864] mount (54) used greatest stack depth: 13152 bytes left
=== insmod edu_drv ===
[    1.025939] edu_drv: loading out-of-tree module taints kernel.
[    1.029357] [rhcov] edu_probe
[    1.029404] [rhfn] edu_probe
[    1.034520] ACPI: \_SB_.LNKD: Enabled at IRQ 11
[    1.034790] [rhbase] ffffc90000300000
[    1.034850] [rh] R 0x0 0x10000ed
[    1.035171] edu 0000:00:04.0: edu probed
[    1.036821] insmod (61) used greatest stack depth: 13120 bytes left
REHARNESS_DRIVER_INSMOD_RC=0
[    1.041718] input: ImExPS/2 Generic Explorer Mouse as /devices/platform/i8042/serio1/input/input3
REHARNESS_DRIVER_PROBE_BOUND=1
=== dmesg ===
[    0.030839] PM: hibernation: Registered nosave memory: [mem 0x00000000-0x00000fff]
[    0.030904] PM: hibernation: Registered nosave memory: [mem 0x0009f000-0x000fffff]
[    0.425225] NET: Registered PF_NETLINK/PF_ROUTE protocol family
[    0.429504] thermal_sys: Registered thermal governor 'step_wise'
[    0.434082] kprobes: kprobe jump-optimization is enabled. All kprobes are optimized if possible.
[    0.435525] HugeTLB: registered 2.00 MiB page size, pre-allocated 0 pages
[    0.529541] ACPI: bus type USB registered
[    0.529832] usbcore: registered new interface driver usbfs
[    0.530055] usbcore: registered new interface driver hub
[    0.530156] usbcore: registered new device driver usb
[    0.530341] pps_core: LinuxPPS API ver. 1 registered
[    0.530461] PTP clock support registered
[    0.563530] NET: Registered PF_INET protocol family
[    0.581288] Key type asymmetric registered
[    0.581365] Asymmetric key parser 'x509' registered
[    0.581788] io scheduler mq-deadline registered
[    0.581848] io scheduler kyber registered
[    0.620221] rtc_cmos PNP0B00:00: registered as rtc0
[    0.623758] usbcore: registered new interface driver usbhid
[    0.624657] NET: Registered PF_INET6 protocol family
[    1.025939] edu_drv: loading out-of-tree module taints kernel.
[    1.029357] [rhcov] edu_probe
[    1.029404] [rhfn] edu_probe
[    1.035171] edu 0000:00:04.0: edu probed
=== exerciser ===
[    1.080554] [rhcov] edu_open
[    1.080669] [rhcov] edu_read
[    1.080696] [rhfn] edu_read
[    1.080735] [rh] R 0x0 0x10000ed
TRACE id@0x00 = 0x010000ed OK
[    1.081860] [rhcov] edu_write
[    1.081892] [rhfn] edu_write
[    1.081928] [rh] W 0x4 0xa5a5a5a5
[    1.081991] [rhfn] edu_read
[    1.082045] [rh] R 0x4 0x5a5a5a5a
TRACE live_check@0x04 write0xa5a5a5a5 read0x5a5a[    1.082164] [rhfn] edu_write
5a5a OK (~X)
[    1.082210] [rh] W 0x8 0x5
[    1.082250] [rhfn] edu_read
[    1.082268] [rh] R 0x20 0x0
[    1.082294] [rhfn] edu_read
[    1.082312] [rh] R 0x8 0x78
TRACE factorial@0x08(5)=120 OK
EDU_TRACE_OK
EXERCISER_RC=0
=== rmmod edu_drv ===
[    1.088467] [rhcov] edu_remove
REHARNESS_DRIVER_RMMOD_RC=0
=== QEMU_RUN_DONE ===
[    1.317838] sysrq: Power Off
[    1.318135] Kernel panic - not syncing: Attempted to kill init! exitcode=0x00000000
[    1.318491] CPU: 1 UID: 0 PID: 1 Comm: init Tainted: G           O        7.1.0-rc7+ #18 PREEMPT(lazy)
[    1.318593] Tainted: [O]=OOT_MODULE
[    1.318619] Hardware name: QEMU Standard PC (i440FX + PIIX, 1996), BIOS rel-1.17.0-0-gb52ca86e094d-prebuilt.qemu.org 04/01/2014
[    1.318754] Call Trace:
[    1.319094]  <TASK>
[    1.319226]  vpanic+0x32f/0x4b0
[    1.319407]  panic+0x63/0x70
[    1.319431]  do_exit+0x952/0xaf0
[    1.319455]  do_group_exit+0x30/0x80
[    1.319483]  __x64_sys_exit_group+0x18/0x20
[    1.319516]  x64_sys_call+0x12e2/0x1880
[    1.319542]  do_syscall_64+0x10e/0x4e0
[    1.319571]  entry_SYSCALL_64_after_hwframe+0x77/0x7f
[    1.319671] RIP: 0033:0x7fdda44fe31d
[    1.319810] Code: 02 ba ff ff ff ff 89 d0 c3 0f 1f 40 00 f3 0f 1e fa 48 8b 35 ed 4a 11 00 ba e7 00 00 00 eb 07 66 0f 1f 44 00 00 f4 89 d0 0f 05 <48> 3d 00 f0 ff ff 76 f3 f7 d8 64 89 06 eb ec 0f 1f 40 00 f3 0f 1e
[    1.319931] RSP: 002b:00007ffee1c50648 EFLAGS: 00000206 ORIG_RAX: 00000000000000e7
[    1.319991] RAX: ffffffffffffffda RBX: 00007ffee1c508d0 RCX: 00007fdda44fe31d
[    1.320039] RDX: 00000000000000e7 RSI: ffffffffffffff88 RDI: 0000000000000000
[    1.320079] RBP: 00007ffee1c50720 R08: 0000560d66cd8010 R09: 0000000000000007
[    1.320119] R10: 0000560d66cdb860 R11: 0000000000000206 R12: 0000000000000000
[    1.320159] R13: 00007ffee1c508c0 R14: 0000560d3a80edd8 R15: 00007fdda4664000
[    1.320222]  </TASK>
[    1.320575] Kernel Offset: disabled
[    1.320752] Rebooting in 1 seconds..
