c[?7l[2J[0mSeaBIOS (version rel-1.17.0-0-gb52ca86e094d-prebuilt.qemu.org)


iPXE (http://ipxe.org) 00:03.0 CA00 PCI2.10 PnP PMM+0EFD1C90+0EF31C90 CA00
Press Ctrl-B to configure iPXE (PCI 00:03.0)...


Booting from ROM..c[?7l[2JNo EFI environment detected.
early console in extract_kernel
input_data: 0x00000000024eb2c4
input_len: 0x00000000007af1c3
output: 0x0000000001000000
output_len: 0x0000000001c5d2d4
kernel_total_size: 0x0000000001a75000
needed_size: 0x0000000001e00000
trampoline_32bit: 0x0000000000000000


KASLR disabled: 'nokaslr' on cmdline.


Decompressing Linux... Parsing ELF... No relocation needed... done.
Booting the kernel (entry_offset: 0x000000000174d3b0).
[    0.000000] Linux version 7.1.0-rc7-gacb7500801e9 (yfblock@9950x) (gcc (Ubuntu 13.3.0-6ubuntu2~24.04.1) 13.3.0, GNU ld (GNU Binutils for Ubuntu) 2.42) #5 SMP PREEMPT_DYNAMIC Sat Aug  1 09:01:29 CST 2026
[    0.000000] Command line: console=ttyS0 nokaslr panic=1 ignore_loglevel earlyprintk=serial,ttyS0,115200
[    0.000000] BIOS-provided physical RAM map:
[    0.000000] BIOS-e820: [mem 0x0000000000000000-0x000000000009fbff]  System RAM
[    0.000000] BIOS-e820: [mem 0x000000000009fc00-0x000000000009ffff]  device reserved
[    0.000000] BIOS-e820: [gap 0x00000000000a0000-0x00000000000effff]
[    0.000000] BIOS-e820: [mem 0x00000000000f0000-0x00000000000fffff]  device reserved
[    0.000000] BIOS-e820: [mem 0x0000000000100000-0x000000000ffdffff]  System RAM
[    0.000000] BIOS-e820: [mem 0x000000000ffe0000-0x000000000fffffff]  device reserved
[    0.000000] BIOS-e820: [gap 0x0000000010000000-0x00000000fffbffff]
[    0.000000] BIOS-e820: [mem 0x00000000fffc0000-0x00000000ffffffff]  device reserved
[    0.000000] BIOS-e820: [gap 0x0000000100000000-0x000000fcffffffff]
[    0.000000] BIOS-e820: [mem 0x000000fd00000000-0x000000ffffffffff]  device reserved
[    0.000000] printk: debug: ignoring loglevel setting.
[    0.000000] printk: legacy bootconsole [earlyser0] enabled
[    0.000000] NX (Execute Disable) protection: active
[    0.000000] APIC: Static calls initialized
[    0.000000] DMI: SMBIOS 2.8 present.
[    0.000000] DMI: QEMU Standard PC (i440FX + PIIX, 1996), BIOS rel-1.17.0-0-gb52ca86e094d-prebuilt.qemu.org 04/01/2014
[    0.000000] DMI: Memory slots populated: 1/1
[    0.000000] tsc: Fast TSC calibration using PIT
[    0.000000] tsc: Detected 4299.952 MHz processor
[    0.007982] e820: update [mem 0x00000000-0x00000fff] System RAM ==> device reserved
[    0.008162] e820: remove [mem 0x000a0000-0x000fffff] System RAM
[    0.008314] last_pfn = 0xffe0 max_arch_pfn = 0x400000000
[    0.008749] MTRR map: 4 entries (3 fixed + 1 variable; max 19), built from 8 variable MTRRs
[    0.008910] x86/PAT: Configuration [0-7]: WB  WC  UC- UC  WB  WP  UC- WT
[    0.021267] found SMP MP-table at [mem 0x000f54c0-0x000f54cf]
[    0.024373] RAMDISK: [mem 0x0f99a000-0x0ffdffff]
[    0.024652] ACPI: Early table checksum verification disabled
[    0.024961] ACPI: RSDP 0x00000000000F52E0 000014 (v00 BOCHS )
[    0.025162] ACPI: RSDT 0x000000000FFE2383 000034 (v01 BOCHS  BXPC     00000001 BXPC 00000001)
[    0.025651] ACPI: FACP 0x000000000FFE222F 000074 (v01 BOCHS  BXPC     00000001 BXPC 00000001)
[    0.026100] ACPI: DSDT 0x000000000FFE0040 0021EF (v01 BOCHS  BXPC     00000001 BXPC 00000001)
[    0.026203] ACPI: FACS 0x000000000FFE0000 000040
[    0.026266] ACPI: APIC 0x000000000FFE22A3 000080 (v03 BOCHS  BXPC     00000001 BXPC 00000001)
[    0.026332] ACPI: HPET 0x000000000FFE2323 000038 (v01 BOCHS  BXPC     00000001 BXPC 00000001)
[    0.026397] ACPI: WAET 0x000000000FFE235B 000028 (v01 BOCHS  BXPC     00000001 BXPC 00000001)
[    0.026503] ACPI: Reserving FACP table memory at [mem 0xffe222f-0xffe22a2]
[    0.026555] ACPI: Reserving DSDT table memory at [mem 0xffe0040-0xffe222e]
[    0.026598] ACPI: Reserving FACS table memory at [mem 0xffe0000-0xffe003f]
[    0.026640] ACPI: Reserving APIC table memory at [mem 0xffe22a3-0xffe2322]
[    0.026686] ACPI: Reserving HPET table memory at [mem 0xffe2323-0xffe235a]
[    0.026728] ACPI: Reserving WAET table memory at [mem 0xffe235b-0xffe2382]
[    0.027980] No NUMA configuration found
[    0.028023] Faking a node at [mem 0x0000000000000000-0x000000000ffdffff]
[    0.028424] NODE_DATA(0) allocated [mem 0x0f996680-0x0f999fff]
[    0.028945] ACPI: PM-Timer IO Port: 0x608
[    0.029219] ACPI: LAPIC_NMI (acpi_id[0xff] dfl dfl lint[0x1])
[    0.029476] IOAPIC[0]: apic_id 0, version 32, address 0xfec00000, GSI 0-23
[    0.029588] ACPI: INT_SRC_OVR (bus 0 bus_irq 0 global_irq 2 dfl dfl)
[    0.029765] ACPI: INT_SRC_OVR (bus 0 bus_irq 5 global_irq 5 high level)
[    0.029829] ACPI: INT_SRC_OVR (bus 0 bus_irq 9 global_irq 9 high level)
[    0.029929] ACPI: INT_SRC_OVR (bus 0 bus_irq 10 global_irq 10 high level)
[    0.029976] ACPI: INT_SRC_OVR (bus 0 bus_irq 11 global_irq 11 high level)
[    0.030123] ACPI: Using ACPI (MADT) for SMP configuration information
[    0.030185] ACPI: HPET id: 0x8086a201 base: 0xfed00000
[    0.030451] CPU topo: Max. logical packages:   1
[    0.030503] CPU topo: Max. logical nodes:      1
[    0.030536] CPU topo: Num. nodes per package:  1
[    0.030596] CPU topo: Max. logical dies:       1
[    0.030629] CPU topo: Max. dies per package:   1
[    0.030690] CPU topo: Max. threads per core:   1
[    0.030799] CPU topo: Num. cores per package:     2
[    0.030839] CPU topo: Num. threads per package:   2
[    0.030873] CPU topo: Allowing 2 present CPUs plus 0 hotplug CPUs
[    0.031385] PM: hibernation: Registered nosave memory: [mem 0x00000000-0x00000fff]
[    0.031452] PM: hibernation: Registered nosave memory: [mem 0x0009f000-0x000fffff]
[    0.031564] [gap 0x10000000-0xfffbffff] available for PCI devices
[    0.031632] Booting paravirtualized kernel on bare hardware
[    0.031849] clocksource: refined-jiffies: mask: 0xffffffff max_cycles: 0xffffffff, max_idle_ns: 1910969940391419 ns
[    0.038112] Zone ranges:
[    0.038149]   DMA      [mem 0x0000000000001000-0x0000000000ffffff]
[    0.038228]   DMA32    [mem 0x0000000001000000-0x000000000ffdffff]
[    0.038272]   Normal   empty
[    0.038306] Movable zone start for each node
[    0.038347] Early memory node ranges
[    0.038387]   node   0: [mem 0x0000000000001000-0x000000000009efff]
[    0.038495]   node   0: [mem 0x0000000000100000-0x000000000ffdffff]
[    0.038604] Initmem setup node 0 [mem 0x0000000000001000-0x000000000ffdffff]
[    0.039229] On node 0, zone DMA: 1 pages in unavailable ranges
[    0.039410] On node 0, zone DMA: 97 pages in unavailable ranges
[    0.040092] On node 0, zone DMA32: 32 pages in unavailable ranges
[    0.040253] setup_percpu: NR_CPUS:64 nr_cpumask_bits:2 nr_cpu_ids:2 nr_node_ids:1
[    0.041049] percpu: Embedded 52 pages/cpu s172184 r8192 d32616 u1048576
[    0.041321] pcpu-alloc: s172184 r8192 d32616 u1048576 alloc=1*2097152
[    0.041406] pcpu-alloc: [0] 0 1
[    0.042282] Kernel command line: console=ttyS0 nokaslr panic=1 ignore_loglevel earlyprintk=serial,ttyS0,115200
[    0.042994] Unknown kernel command line parameters "nokaslr", will be passed to user space.
[    0.043161] printk: log buffer data + meta data: 262144 + 917504 = 1179648 bytes
[    0.043369] Dentry cache hash table entries: 32768 (order: 6, 262144 bytes, linear)
[    0.043475] Inode-cache hash table entries: 16384 (order: 5, 131072 bytes, linear)
[    0.044952] Fallback order for Node 0: 0
[    0.045201] Built 1 zonelists, mobility grouping on.  Total pages: 65406
[    0.045283] Policy zone: DMA32
[    0.045450] mem auto-init: stack:all(zero), heap alloc:off, heap free:off
[    0.050697] SLUB: HWalign=64, Order=0-3, MinObjects=0, CPUs=2, Nodes=1
Poking KASLR using RDTSC...
[    0.071941] ftrace: allocating 31573 entries in 124 pages
[    0.072204] ftrace: allocated 124 pages with 5 groups
[    0.076699] Dynamic Preempt: lazy
[    0.078534] rcu: Preemptible hierarchical RCU implementation.
[    0.078581] rcu: 	RCU event tracing is enabled.
[    0.078622] rcu: 	RCU restricting CPUs from NR_CPUS=64 to nr_cpu_ids=2.
[    0.078747] 	Trampoline variant of Tasks RCU enabled.
[    0.078781] 	Rude variant of Tasks RCU enabled.
[    0.078811] 	Tracing variant of Tasks RCU enabled.
[    0.078895] rcu: RCU calculated value of scheduler-enlistment delay is 100 jiffies.
[    0.078961] rcu: Adjusting geometry for rcu_fanout_leaf=16, nr_cpu_ids=2
[    0.079698] RCU Tasks: Setting shift to 1 and lim to 1 rcu_task_cb_adjust=1 rcu_task_cpu_ids=2.
[    0.079760] RCU Tasks Rude: Setting shift to 1 and lim to 1 rcu_task_cb_adjust=1 rcu_task_cpu_ids=2.
[    0.095888] NR_IRQS: 4352, nr_irqs: 440, preallocated irqs: 16
[    0.101330] rcu: srcu_init: Setting srcu_struct sizes based on contention.
[    0.105179] Console: colour VGA+ 80x25
[    0.106322] printk: legacy console [ttyS0] enabled
[    0.106322] printk: legacy console [ttyS0] enabled
[    0.106606] printk: legacy bootconsole [earlyser0] disabled
[    0.106606] printk: legacy bootconsole [earlyser0] disabled
[    0.107466] ACPI: Core revision 20251212
[    0.110643] clocksource: hpet: mask: 0xffffffff max_cycles: 0xffffffff, max_idle_ns: 19112604467 ns
[    0.111816] APIC: Switch to symmetric I/O mode setup
[    0.116218] ..TIMER: vector=0x30 apic1=0 pin1=2 apic2=-1 pin2=-1
[    0.121500] clocksource: tsc-early: mask: 0xffffffffffffffff max_cycles: 0x3dfb35e6fe5, max_idle_ns: 440795298187 ns
[    0.121773] Calibrating delay loop (skipped), value calculated using timer frequency.. 8599.90 BogoMIPS (lpj=4299952)
[    0.123978] Last level iTLB entries: 4KB 512, 2MB 255, 4MB 127
[    0.124034] Last level dTLB entries: 4KB 512, 2MB 255, 4MB 127, 1GB 0
[    0.124199] mitigations: Enabled attack vectors: user_kernel, user_user, SMT mitigations: auto
[    0.124462] Spectre V2 : Mitigation: Retpolines
[    0.124557] Spectre V1 : Mitigation: usercopy/swapgs barriers and __user pointer sanitization
[    0.124697] Spectre V2 : Spectre v2 / SpectreRSB: Filling RSB on context switch and VMEXIT
[    0.125155] x86/fpu: x87 FPU will use FXSAVE
[    0.176942] pid_max: default: 32768 minimum: 301
[    0.181891] Mount-cache hash table entries: 512 (order: 0, 4096 bytes, linear)
[    0.182021] Mountpoint-cache hash table entries: 512 (order: 0, 4096 bytes, linear)
[    0.189362] VFS: Finished mounting rootfs on nullfs
[    0.304642] smpboot: CPU0: AMD QEMU Virtual CPU version 2.5+ (family: 0xf, model: 0x6b, stepping: 0x1)
[    0.310270] Performance Events: PMU not available due to virtualization, using software events only.
[    0.310910] signal: max sigframe size: 1440
[    0.311585] rcu: Hierarchical SRCU implementation.
[    0.311738] rcu: 	Max phase no-delay instances is 400.
[    0.312289] Timer migration: 1 hierarchy levels; 8 children per group; 1 crossnode level
[    0.314765] smp: Bringing up secondary CPUs ...
[    0.318517] smpboot: x86: Booting SMP configuration:
[    0.318578] .... node  #0, CPUs:      #1
[    0.387956] smp: Brought up 1 node, 2 CPUs
[    0.388104] smpboot: Total of 2 processors activated (17201.08 BogoMIPS)
[    0.393848] Memory: 219408K/261624K available (10633K kernel code, 2190K rwdata, 4348K rodata, 2536K init, 524K bss, 38984K reserved, 0K cma-reserved)
[    0.398403] devtmpfs: initialized
[    0.403855] clocksource: jiffies: mask: 0xffffffff max_cycles: 0xffffffff, max_idle_ns: 1911260446275000 ns
[    0.404181] posixtimers hash table entries: 1024 (order: 2, 16384 bytes, linear)
[    0.404376] futex hash table entries: 512 (32768 bytes on 1 NUMA nodes, total 32 KiB, linear).
[    0.406831] PM: RTC time: 17:54:42, date: 2026-08-01
[    0.409010] thermal_sys: Registered thermal governor 'step_wise'
[    0.409325] cpuidle: using governor menu
[    0.410402] Freeing SMP alternatives memory: 28K
[    0.411805] PCI: Using configuration type 1 for base access
[    0.412072] mtrr: your CPUs had inconsistent fixed MTRR settings
[    0.412120] mtrr: your CPUs had inconsistent variable MTRR settings
[    0.412165] mtrr: your CPUs had inconsistent MTRRdefType settings
[    0.412206] mtrr: probably your BIOS does not setup all CPUs.
[    0.412252] mtrr: corrected configuration.
[    0.413385] kprobes: kprobe jump-optimization is enabled. All kprobes are optimized if possible.
[    0.415089] HugeTLB: registered 2.00 MiB page size, pre-allocated 0 pages
[    0.415164] HugeTLB: 28 KiB vmemmap can be freed for a 2.00 MiB page
[    0.417684] ACPI: Added _OSI(Module Device)
[    0.417742] ACPI: Added _OSI(Processor Device)
[    0.417775] ACPI: Added _OSI(Processor Aggregator Device)
[    0.428747] ACPI: 1 ACPI AML tables successfully acquired and loaded
[    0.444885] ACPI: \_SB_: platform _OSC: OS support mask [002a7eee]
[    0.447856] ACPI: Interpreter enabled
[    0.448474] ACPI: PM: (supports S0 S3 S4 S5)
[    0.448529] ACPI: Using IOAPIC for interrupt routing
[    0.448781] PCI: Using host bridge windows from ACPI; if necessary, use "pci=nocrs" and report a bug
[    0.448857] PCI: Using E820 reservations for host bridge windows
[    0.449691] ACPI: Enabled 2 GPEs in block 00 to 0F
[    0.472598] ACPI: PCI Root Bridge [PCI0] (domain 0000 [bus 00-ff])
[    0.472948] acpi PNP0A03:00: _OSC: OS supports [ASPM ClockPM Segments MSI HPX-Type3]
[    0.473079] acpi PNP0A03:00: _OSC: not requesting OS control; OS requires [ExtendedConfig ASPM ClockPM MSI]
[    0.473317] acpi PNP0A03:00: _OSC: platform retains control of PCIe features (AE_ERROR)
[    0.473767] acpi PNP0A03:00: fail to add MMCONFIG information, can't access extended configuration space under this bridge
[    0.475606] PCI host bridge to bus 0000:00
[    0.475781] pci_bus 0000:00: root bus resource [io  0x0000-0x0cf7 window]
[    0.476143] pci_bus 0000:00: root bus resource [io  0x0d00-0xffff window]
[    0.476192] pci_bus 0000:00: root bus resource [mem 0x000a0000-0x000bffff window]
[    0.476267] pci_bus 0000:00: root bus resource [mem 0x10000000-0xfebfffff window]
[    0.476316] pci_bus 0000:00: root bus resource [mem 0x100000000-0x17fffffff window]
[    0.476445] pci_bus 0000:00: root bus resource [bus 00-ff]
[    0.477295] pci 0000:00:00.0: [8086:1237] type 00 class 0x060000 conventional PCI endpoint
[    0.479728] pci 0000:00:01.0: [8086:7000] type 00 class 0x060100 conventional PCI endpoint
[    0.480103] pci 0000:00:01.1: [8086:7010] type 00 class 0x010180 conventional PCI endpoint
[    0.480537] pci 0000:00:01.1: BAR 4 [io  0xc040-0xc04f]
[    0.480611] pci 0000:00:01.1: BAR 0 [io  0x01f0-0x01f7]: legacy IDE quirk
[    0.480663] pci 0000:00:01.1: BAR 1 [io  0x03f6]: legacy IDE quirk
[    0.480722] pci 0000:00:01.1: BAR 2 [io  0x0170-0x0177]: legacy IDE quirk
[    0.480775] pci 0000:00:01.1: BAR 3 [io  0x0376]: legacy IDE quirk
[    0.481133] pci 0000:00:01.3: [8086:7113] type 00 class 0x068000 conventional PCI endpoint
[    0.481393] pci 0000:00:01.3: quirk: [io  0x0600-0x063f] claimed by PIIX4 ACPI
[    0.481459] pci 0000:00:01.3: quirk: [io  0x0700-0x070f] claimed by PIIX4 SMB
[    0.481857] pci 0000:00:02.0: [1234:1111] type 00 class 0x030000 conventional PCI endpoint
[    0.482332] pci 0000:00:02.0: BAR 0 [mem 0xfd000000-0xfdffffff pref]
[    0.482411] pci 0000:00:02.0: BAR 2 [mem 0xfebf0000-0xfebf0fff]
[    0.482454] pci 0000:00:02.0: ROM [mem 0xfebe0000-0xfebeffff pref]
[    0.482621] pci 0000:00:02.0: Video device with shadowed ROM at [mem 0x000c0000-0x000dffff]
[    0.482956] pci 0000:00:03.0: [8086:100e] type 00 class 0x020000 conventional PCI endpoint
[    0.483449] pci 0000:00:03.0: BAR 0 [mem 0xfebc0000-0xfebdffff]
[    0.483502] pci 0000:00:03.0: BAR 1 [io  0xc000-0xc03f]
[    0.483540] pci 0000:00:03.0: ROM [mem 0xfeb80000-0xfebbffff pref]
[    0.489239] ACPI: PCI: Interrupt link LNKA configured for IRQ 10
[    0.489719] ACPI: PCI: Interrupt link LNKB configured for IRQ 10
[    0.490052] ACPI: PCI: Interrupt link LNKC configured for IRQ 11
[    0.490524] ACPI: PCI: Interrupt link LNKD configured for IRQ 11
[    0.490760] ACPI: PCI: Interrupt link LNKS configured for IRQ 9
[    0.492786] iommu: Default domain type: Translated
[    0.492846] iommu: DMA domain TLB invalidation policy: lazy mode
[    0.493772] SCSI subsystem initialized
[    0.494762] libata version 3.00 loaded.
[    0.494994] pps_core: LinuxPPS API ver. 1 registered
[    0.495034] pps_core: Software ver. 5.3.6 - Copyright 2005-2007 Rodolfo Giometti <giometti@linux.it>
[    0.495250] PCI: Using ACPI for IRQ routing
[    0.495356] PCI: pci_cache_line_size set to 64 bytes
[    0.495730] e820: register RAM buffer resource [mem 0x0009fc00-0x0009ffff]
[    0.495868] e820: register RAM buffer resource [mem 0x0ffe0000-0x0fffffff]
[    0.498610] pci 0000:00:02.0: vgaarb: setting as boot VGA device
[    0.498610] pci 0000:00:02.0: vgaarb: bridge control possible
[    0.498610] pci 0000:00:02.0: vgaarb: VGA device added: decodes=io+mem,owns=io+mem,locks=none
[    0.498610] vgaarb: loaded
[    0.499267] hpet: 3 channels of 0 reserved for per-cpu timers
[    0.499442] hpet0: at MMIO 0xfed00000, IRQs 2, 8, 0
[    0.499525] hpet0: 3 comparators, 64-bit 100.000000 MHz counter
[    0.503650] clocksource: Switched to clocksource tsc-early
[    0.506102] VFS: Disk quotas dquot_6.6.0
[    0.506214] VFS: Dquot-cache hash table entries: 512 (order 0, 4096 bytes)
[    0.507531] ACPI: Failed to create genetlink family for ACPI event
[    0.507651] pnp: PnP ACPI init
[    0.508987] pnp 00:02: [dma 2]
[    0.510020] pnp: PnP ACPI: found 5 devices
[    0.525368] clocksource: acpi_pm: mask: 0xffffff max_cycles: 0xffffff, max_idle_ns: 2085701024 ns
[    0.525860] pci_bus 0000:00: resource 4 [io  0x0000-0x0cf7 window]
[    0.525912] pci_bus 0000:00: resource 5 [io  0x0d00-0xffff window]
[    0.525955] pci_bus 0000:00: resource 6 [mem 0x000a0000-0x000bffff window]
[    0.526001] pci_bus 0000:00: resource 7 [mem 0x10000000-0xfebfffff window]
[    0.526046] pci_bus 0000:00: resource 8 [mem 0x100000000-0x17fffffff window]
[    0.526397] pci 0000:00:01.0: PIIX3: Enabling Passive Release
[    0.526485] pci 0000:00:00.0: Limiting direct PCI/PCI transfers
[    0.526609] PCI: CLS 0 bytes, default 64
[    0.529070] Unpacking initramfs...
[    0.537696] Initialise system trusted keyrings
[    0.539273] workingset: timestamp_bits=56 (anon: 52) max_order=16 bucket_order=0 (anon: 0)
[    0.541515] Key type asymmetric registered
[    0.541590] Asymmetric key parser 'x509' registered
[    0.541726] Block layer SCSI generic (bsg) driver version 0.4 loaded (major 251)
[    0.541991] io scheduler mq-deadline registered
[    0.542051] io scheduler kyber registered
[    0.544738] input: Power Button as /devices/platform/LNXPWRBN:00/input/input0
[    0.545329] ACPI: button: Power Button [PWRF]
[    0.548118] Serial: 8250/16550 driver, 4 ports, IRQ sharing enabled
[    0.550517] 00:04: ttyS0 at I/O 0x3f8 (irq = 4, base_baud = 115200) is a 16550A
[    0.558953] Non-volatile memory driver v1.3
[    0.568546] loop: module loaded
[    0.573776] scsi host0: ata_piix
[    0.575611] scsi host1: ata_piix
[    0.575882] ata1: PATA max MWDMA2 cmd 0x1f0 ctl 0x3f6 bmdma 0xc040 irq 14 lpm-pol 0
[    0.575948] ata2: PATA max MWDMA2 cmd 0x170 ctl 0x376 bmdma 0xc048 irq 15 lpm-pol 0
[    0.578525] i8042: PNP: PS/2 Controller [PNP0303:KBD,PNP0f13:MOU] at 0x60,0x64 irq 1,12
[    0.580250] serio: i8042 KBD port at 0x60,0x64 irq 1
[    0.580685] serio: i8042 AUX port at 0x60,0x64 irq 12
[    0.582088] rtc_cmos PNP0B00:00: RTC can wake from S4
[    0.584119] rtc_cmos PNP0B00:00: registered as rtc0
[    0.584934] rtc_cmos PNP0B00:00: alarms up to one day, y3k, 242 bytes nvram, hpet irqs
[    0.585818] input: AT Translated Set 2 keyboard as /devices/platform/i8042/serio0/input/input1
[    0.586346] device-mapper: ioctl: 4.50.0-ioctl (2025-04-28) initialised: dm-devel@lists.linux.dev
[    0.586587] amd_pstate: the _CPC object is not present in SBIOS or ACPI disabled
[    0.586757] hid: raw HID events driver (C) Jiri Kosina
[    0.589043] IPI shorthand broadcast: enabled
[    0.597258] sched_clock: Marking stable (585504578, 10886352)->(598245118, -1854188)
[    0.600226] Loading compiled-in X.509 certificates
[    0.606180] Demotion targets for Node 0: null
[    0.610111] PM:   Magic number: 6:780:945
[    0.610242] cpuid cpu0: hash matches
[    0.610281] tty tty2: hash matches
[    0.610322] processor cpu0: hash matches
[    0.610902] clk: Disabling unused clocks
[    0.661631] Freeing initrd memory: 6424K
[    0.729494] ata2: found unknown device (class 0)
[    0.731742] ata2.00: ATAPI: QEMU DVD-ROM, 2.5+, max UDMA/100
[    0.745281] scsi 1:0:0:0: CD-ROM            QEMU     QEMU DVD-ROM     2.5+ PQ: 0 ANSI: 5
[    0.760501] sr 1:0:0:0: [sr0] scsi3-mmc drive: 4x/4x cd/rw xa/form2 tray
[    0.770263] cdrom: Uniform CD-ROM driver Revision: 3.20
[    0.776904] sr 1:0:0:0: Attached scsi CD-ROM sr0
[    0.777577] sr 1:0:0:0: Attached scsi generic sg0 type 5
[    0.812859] Freeing unused kernel image (initmem) memory: 2536K
[    0.813018] Write protecting the kernel read-only data: 18432k
[    0.814567] Freeing unused kernel image (text/rodata gap) memory: 1652K
[    0.815588] Freeing unused kernel image (rodata/data gap) memory: 1796K
[    0.902128] x86/mm: Checked W+X mappings: passed, no W+X pages found.
[    0.902318] Run /init as init process
[    0.902347]   with arguments:
[    0.902372]     /init
[    0.902393]     nokaslr
[    0.902414]   with environment:
[    0.902439]     HOME=/
[    0.902459]     TERM=linux
[    0.964559] mount (50) used greatest stack depth: 13208 bytes left
[    0.974204] mount (51) used greatest stack depth: 13120 bytes left
=== insmod device-registrar target=gpio-ftgpio010 ===
[    0.991345] device_registrar: loading out-of-tree module taints kernel.
[    0.994743] device-registrar: 注册 'gpio-ftgpio010' (MMIO @ 0xF0000000)
[    0.995004] device-registrar: 'gpio-ftgpio010' 已注册
[    1.009057] input: ImExPS/2 Generic Explorer Mouse as /devices/platform/i8042/serio1/input/input3
=== insmod ftgpio010_gpio ===
[    1.311270] [rhfn] gpio_ftgpio010_probe
[    1.311607] [rhbase] ffffc90000035000
[    1.311806] [rh] R 0x4 0x0
[    1.311840] [rh] R 0x8 0x0
[    1.311863] [rh] W 0x20 0x0
[    1.311938] [rh] W 0x2c 0x0
[    1.311985] [rh] W 0x30 0xffffffff
[    1.312020] [rh] W 0x40 0x0
[    1.312379] [rhfn] ftgpio_gpio_probe__gpio_generic_get_direction
[    1.312435] [rh] R 0x8 0x0
[    1.312471] [rhfn] ftgpio_gpio_probe__gpio_generic_get_direction
[    1.312509] [rh] R 0x8 0x0
[    1.312527] [rhfn] ftgpio_gpio_probe__gpio_generic_get_direction
[    1.312558] [rh] R 0x8 0x0
[    1.312575] [rhfn] ftgpio_gpio_probe__gpio_generic_get_direction
[    1.312608] [rh] R 0x8 0x0
[    1.312625] [rhfn] ftgpio_gpio_probe__gpio_generic_get_direction
[    1.312657] [rh] R 0x8 0x0
[    1.312674] [rhfn] ftgpio_gpio_probe__gpio_generic_get_direction
[    1.312705] [rh] R 0x8 0x0
[    1.312722] [rhfn] ftgpio_gpio_probe__gpio_generic_get_direction
[    1.312755] [rh] R 0x8 0x0
[    1.312772] [rhfn] ftgpio_gpio_probe__gpio_generic_get_direction
[    1.312804] [rh] R 0x8 0x0
[    1.312821] [rhfn] ftgpio_gpio_probe__gpio_generic_get_direction
[    1.312853] [rh] R 0x8 0x0
[    1.312869] [rhfn] ftgpio_gpio_probe__gpio_generic_get_direction
[    1.312938] [rh] R 0x8 0x0
[    1.312960] [rhfn] ftgpio_gpio_probe__gpio_generic_get_direction
[    1.312992] [rh] R 0x8 0x0
[    1.313010] [rhfn] ftgpio_gpio_probe__gpio_generic_get_direction
[    1.313042] [rh] R 0x8 0x0
[    1.313059] [rhfn] ftgpio_gpio_probe__gpio_generic_get_direction
[    1.313101] [rh] R 0x8 0x0
[    1.313119] [rhfn] ftgpio_gpio_probe__gpio_generic_get_direction
[    1.313151] [rh] R 0x8 0x0
[    1.313168] [rhfn] ftgpio_gpio_probe__gpio_generic_get_direction
[    1.313201] [rh] R 0x8 0x0
[    1.313218] [rhfn] ftgpio_gpio_probe__gpio_generic_get_direction
[    1.313251] [rh] R 0x8 0x0
[    1.313268] [rhfn] ftgpio_gpio_probe__gpio_generic_get_direction
[    1.313300] [rh] R 0x8 0x0
[    1.313318] [rhfn] ftgpio_gpio_probe__gpio_generic_get_direction
[    1.313350] [rh] R 0x8 0x0
[    1.313367] [rhfn] ftgpio_gpio_probe__gpio_generic_get_direction
[    1.313399] [rh] R 0x8 0x0
[    1.313417] [rhfn] ftgpio_gpio_probe__gpio_generic_get_direction
[    1.313455] [rh] R 0x8 0x0
[    1.313472] [rhfn] ftgpio_gpio_probe__gpio_generic_get_direction
[    1.313511] [rh] R 0x8 0x0
[    1.313528] [rhfn] ftgpio_gpio_probe__gpio_generic_get_direction
[    1.313561] [rh] R 0x8 0x0
[    1.313578] [rhfn] ftgpio_gpio_probe__gpio_generic_get_direction
[    1.313611] [rh] R 0x8 0x0
[    1.313628] [rhfn] ftgpio_gpio_probe__gpio_generic_get_direction
[    1.313661] [rh] R 0x8 0x0
[    1.313678] [rhfn] ftgpio_gpio_probe__gpio_generic_get_direction
[    1.313711] [rh] R 0x8 0x0
[    1.313728] [rhfn] ftgpio_gpio_probe__gpio_generic_get_direction
[    1.313761] [rh] R 0x8 0x0
[    1.313778] [rhfn] ftgpio_gpio_probe__gpio_generic_get_direction
[    1.313811] [rh] R 0x8 0x0
[    1.313828] [rhfn] ftgpio_gpio_probe__gpio_generic_get_direction
[    1.313860] [rh] R 0x8 0x0
[    1.313878] [rhfn] ftgpio_gpio_probe__gpio_generic_get_direction
[    1.313944] [rh] R 0x8 0x0
[    1.313972] [rhfn] ftgpio_gpio_probe__gpio_generic_get_direction
[    1.314017] [rh] R 0x8 0x0
[    1.314035] [rhfn] ftgpio_gpio_probe__gpio_generic_get_direction
[    1.314067] [rh] R 0x8 0x0
[    1.314090] [rhfn] ftgpio_gpio_probe__gpio_generic_get_direction
[    1.314123] [rh] R 0x8 0x0
[    1.314311] gpio gpiochip0: (gpio-ftgpio010): not an immutable chip, please consider fixing it!
[    1.315438] gpio-ftgpio010 gpio-ftgpio010: gpio-ftgpio010 probed
[    1.552290] tsc: Refined TSC clocksource calibration: 4299.983 MHz
[    1.553028] clocksource: tsc: mask: 0xffffffffffffffff max_cycles: 0x3dfb52fa4d7, max_idle_ns: 440795279890 ns
[    1.554087] clocksource: Switched to clocksource tsc
=== dmesg ===
[    0.031385] PM: hibernation: Registered nosave memory: [mem 0x00000000-0x00000fff]
[    0.031452] PM: hibernation: Registered nosave memory: [mem 0x0009f000-0x000fffff]
[    0.409010] thermal_sys: Registered thermal governor 'step_wise'
[    0.415089] HugeTLB: registered 2.00 MiB page size, pre-allocated 0 pages
[    0.494994] pps_core: LinuxPPS API ver. 1 registered
[    0.541515] Key type asymmetric registered
[    0.541590] Asymmetric key parser 'x509' registered
[    0.541991] io scheduler mq-deadline registered
[    0.542051] io scheduler kyber registered
[    0.584119] rtc_cmos PNP0B00:00: registered as rtc0
[    0.994743] device-registrar: \xe6\xb3\xa8\xe5\x86\x8c 'gpio-ftgpio010' (MMIO @ 0xF0000000)
[    0.995004] device-registrar: 'gpio-ftgpio010' \xe5\xb7\xb2\xe6\xb3\xa8\xe5\x86\x8c
[    1.314311] gpio gpiochip0: (gpio-ftgpio010): not an immutable chip, please consider fixing it!
[    1.315438] gpio-ftgpio010 gpio-ftgpio010: gpio-ftgpio010 probed
=== exerciser ===
ioctl LINEINFO=0
[    1.653507] [rhfn] ftgpio_gpio_probe__gpio_generic_get_direction
[    1.653592] [rh] R 0x8 0x0
[    1.653796] [rhfn] ftgpio_gpio_set_config
[    1.653837] [rh] R 0x44 0x0
[    1.653870] [rh] R 0x40 0x0
[    1.653893] [rh] W 0x40 0x1
[    1.653954] [rh] R 0x40 0x0
[    1.653978] [rh] W 0x44 0x0
[    1.654006] [rh] W 0x40 0x1
[    1.654094] [rhfn] ftgpio_gpio_set_config
[    1.654120] [rh] R 0x44 0x0
[    1.654138] [rh] R 0x40 0x0
[    1.654155] [rh] W 0x40 0x1
[    1.654175] [rh] R 0x40 0x0
[    1.654192] [rh] W 0x44 0x0
[    1.654210] [rh] W 0x40 0x1
[    1.654282] [rhfn] ftgpio_gpio_probe__gpio_generic_direction_output
[    1.654327] [rh] W 0x14 0x1
[    1.654358] [rh] W 0x8 0x1
ioctl GET_LINE=0 fd=4
[    1.654818] [rhfn] ftgpio_gpio_probe__gpio_generic_get_multiple
[    1.654869] [rh] R 0x4 0x0
ioctl GET_VALUES=0 bits=0
[    1.657068] [rhfn] ftgpio_gpio_probe__gpio_generic_set_multiple
[    1.657133] [rh] W 0x10 0x1
ioctl SET_VALUES(1)=0
[    1.657271] [rhfn] ftgpio_gpio_probe__gpio_generic_set_multiple
[    1.657314] [rh] W 0x14 0x1
ioctl SET_VALUES(0)=0
[    1.657488] [rhfn] ftgpio_gpio_probe__gpio_generic_direction_input
[    1.657538] [rh] W 0x8 0x0
ioctl SET_CONFIG(INPUT)=0
GPIO_TRACE_DONE
EXERCISER_RC=0
=== rmmod ftgpio010_gpio ===
[    1.665277] [rhfn] gpio_ftgpio010_remove
[    1.695015] device-registrar: 'gpio-ftgpio010' 已注销
=== QEMU_RUN_DONE ===
[    1.904637] sysrq: Power Off
[    1.905432] Kernel panic - not syncing: Attempted to kill init! exitcode=0x00000000
[    1.905975] CPU: 1 UID: 0 PID: 1 Comm: init Tainted: G           O        7.1.0-rc7-gacb7500801e9 #5 PREEMPT(lazy)
[    1.906144] Tainted: [O]=OOT_MODULE
[    1.906185] Hardware name: QEMU Standard PC (i440FX + PIIX, 1996), BIOS rel-1.17.0-0-gb52ca86e094d-prebuilt.qemu.org 04/01/2014
[    1.906376] Call Trace:
[    1.906873]  <TASK>
[    1.907068]  vpanic+0x32f/0x4b0
[    1.907308]  panic+0x63/0x70
[    1.907345]  do_exit+0x94a/0xaf0
[    1.907386]  ? __schedule+0x4ab/0xf50
[    1.907429]  do_group_exit+0x30/0x80
[    1.907467]  __x64_sys_exit_group+0x18/0x20
[    1.907521]  x64_sys_call+0x12e2/0x1880
[    1.907561]  do_syscall_64+0x10e/0x4e0
[    1.907603]  entry_SYSCALL_64_after_hwframe+0x77/0x7f
[    1.907755] RIP: 0033:0x7f787d5f831d
[    1.907960] Code: 02 ba ff ff ff ff 89 d0 c3 0f 1f 40 00 f3 0f 1e fa 48 8b 35 ed 4a 11 00 ba e7 00 00 00 eb 07 66 0f 1f 44 00 00 f4 89 d0 0f 05 <48> 3d 00 f0 ff ff 76 f3 f7 d8 64 89 06 eb ec 0f 1f 40 00 f3 0f 1e
[    1.908131] RSP: 002b:00007ffd74e2dce8 EFLAGS: 00000206 ORIG_RAX: 00000000000000e7
[    1.908192] RAX: ffffffffffffffda RBX: 00007ffd74e2df70 RCX: 00007f787d5f831d
[    1.908235] RDX: 00000000000000e7 RSI: ffffffffffffff88 RDI: 0000000000000000
[    1.908276] RBP: 00007ffd74e2ddc0 R08: 000055d6952e0010 R09: 0000000000000007
[    1.908317] R10: 000055d6952e03a0 R11: 0000000000000206 R12: 0000000000000000
[    1.908358] R13: 00007ffd74e2df60 R14: 000055d655b00dd8 R15: 00007f787d75e000
[    1.908423]  </TASK>
[    1.909048] Kernel Offset: disabled
[    1.909230] Rebooting in 1 seconds..
