c[?7l[2J[0mSeaBIOS (version rel-1.17.0-0-gb52ca86e094d-prebuilt.qemu.org)


iPXE (http://ipxe.org) 00:03.0 CA00 PCI2.10 PnP PMM+0EFD1C90+0EF31C90 CA00
Press Ctrl-B to configure iPXE (PCI 00:03.0)...


Booting from ROM..c[?7l[2JNo EFI environment detected.
early console in extract_kernel
input_data: 0x000000000266d2c4
input_len: 0x000000000094b4db
output: 0x0000000001000000
output_len: 0x0000000001f78348
kernel_total_size: 0x0000000001d7d000
needed_size: 0x0000000002000000
trampoline_32bit: 0x0000000000000000


KASLR disabled: 'nokaslr' on cmdline.


Decompressing Linux... Parsing ELF... No relocation needed... done.
Booting the kernel (entry_offset: 0x0000000001a0e3b0).
[    0.000000] Linux version 7.1.0-rc7+ (yfblock@9950x) (gcc (Ubuntu 13.3.0-6ubuntu2~24.04.1) 13.3.0, GNU ld (GNU Binutils for Ubuntu) 2.42) #17 SMP PREEMPT_DYNAMIC Tue Aug 25 17:24:02 CST 2026
[    0.000000] Command line: console=ttyS0 nokaslr panic=1 ignore_loglevel earlyprintk=serial,ttyS0,115200
[    0.000000] BIOS-provided physical RAM map:
[    0.000000] BIOS-e820: [mem 0x0000000000000000-0x000000000009fbff]  System RAM
[    0.000000] BIOS-e820: [mem 0x000000000009fc00-0x000000000009ffff]  device reserved
[    0.000000] BIOS-e820: [gap 0x00000000000a0000-0x00000000000effff]
[    0.000000] BIOS-e820: [mem 0x00000000000f0000-0x00000000000fffff]  device reserved
[    0.000000] BIOS-e820: [mem 0x0000000000100000-0x000000000ffdffff]  System RAM
[    0.000000] BIOS-e820: [mem 0x000000000ffe0000-0x000000000fffffff]  device reserved
[    0.000000] BIOS-e820: [gap 0x0000000010000000-0x00000000fffbffff]
[    0.000000] BIOS-e820: [mem 0x00000000fffc0000-0x00000000ffffffff]  device reserved
[    0.000000] BIOS-e820: [gap 0x0000000100000000-0x000000fcffffffff]
[    0.000000] BIOS-e820: [mem 0x000000fd00000000-0x000000ffffffffff]  device reserved
[    0.000000] printk: debug: ignoring loglevel setting.
[    0.000000] printk: legacy bootconsole [earlyser0] enabled
[    0.000000] NX (Execute Disable) protection: active
[    0.000000] APIC: Static calls initialized
[    0.000000] DMI: SMBIOS 2.8 present.
[    0.000000] DMI: QEMU Standard PC (i440FX + PIIX, 1996), BIOS rel-1.17.0-0-gb52ca86e094d-prebuilt.qemu.org 04/01/2014
[    0.000000] DMI: Memory slots populated: 1/1
[    0.000000] tsc: Fast TSC calibration using PIT
[    0.000000] tsc: Detected 4300.037 MHz processor
[    0.007943] e820: update [mem 0x00000000-0x00000fff] System RAM ==> device reserved
[    0.008134] e820: remove [mem 0x000a0000-0x000fffff] System RAM
[    0.008290] last_pfn = 0xffe0 max_arch_pfn = 0x400000000
[    0.008732] MTRR map: 4 entries (3 fixed + 1 variable; max 19), built from 8 variable MTRRs
[    0.008892] x86/PAT: Configuration [0-7]: WB  WC  UC- UC  WB  WP  UC- WT
[    0.020461] found SMP MP-table at [mem 0x000f54c0-0x000f54cf]
[    0.023483] RAMDISK: [mem 0x0f781000-0x0ffdffff]
[    0.023766] ACPI: Early table checksum verification disabled
[    0.024100] ACPI: RSDP 0x00000000000F52E0 000014 (v00 BOCHS )
[    0.024302] ACPI: RSDT 0x000000000FFE2383 000034 (v01 BOCHS  BXPC     00000001 BXPC 00000001)
[    0.024790] ACPI: FACP 0x000000000FFE222F 000074 (v01 BOCHS  BXPC     00000001 BXPC 00000001)
[    0.025239] ACPI: DSDT 0x000000000FFE0040 0021EF (v01 BOCHS  BXPC     00000001 BXPC 00000001)
[    0.025338] ACPI: FACS 0x000000000FFE0000 000040
[    0.025400] ACPI: APIC 0x000000000FFE22A3 000080 (v03 BOCHS  BXPC     00000001 BXPC 00000001)
[    0.025465] ACPI: HPET 0x000000000FFE2323 000038 (v01 BOCHS  BXPC     00000001 BXPC 00000001)
[    0.025529] ACPI: WAET 0x000000000FFE235B 000028 (v01 BOCHS  BXPC     00000001 BXPC 00000001)
[    0.025637] ACPI: Reserving FACP table memory at [mem 0xffe222f-0xffe22a2]
[    0.025689] ACPI: Reserving DSDT table memory at [mem 0xffe0040-0xffe222e]
[    0.025731] ACPI: Reserving FACS table memory at [mem 0xffe0000-0xffe003f]
[    0.025774] ACPI: Reserving APIC table memory at [mem 0xffe22a3-0xffe2322]
[    0.025815] ACPI: Reserving HPET table memory at [mem 0xffe2323-0xffe235a]
[    0.025865] ACPI: Reserving WAET table memory at [mem 0xffe235b-0xffe2382]
[    0.027136] No NUMA configuration found
[    0.027179] Faking a node at [mem 0x0000000000000000-0x000000000ffdffff]
[    0.027579] NODE_DATA(0) allocated [mem 0x0f77d680-0x0f780fff]
[    0.028089] ACPI: PM-Timer IO Port: 0x608
[    0.028365] ACPI: LAPIC_NMI (acpi_id[0xff] dfl dfl lint[0x1])
[    0.028628] IOAPIC[0]: apic_id 0, version 32, address 0xfec00000, GSI 0-23
[    0.028739] ACPI: INT_SRC_OVR (bus 0 bus_irq 0 global_irq 2 dfl dfl)
[    0.028916] ACPI: INT_SRC_OVR (bus 0 bus_irq 5 global_irq 5 high level)
[    0.028980] ACPI: INT_SRC_OVR (bus 0 bus_irq 9 global_irq 9 high level)
[    0.029074] ACPI: INT_SRC_OVR (bus 0 bus_irq 10 global_irq 10 high level)
[    0.029118] ACPI: INT_SRC_OVR (bus 0 bus_irq 11 global_irq 11 high level)
[    0.029264] ACPI: Using ACPI (MADT) for SMP configuration information
[    0.029325] ACPI: HPET id: 0x8086a201 base: 0xfed00000
[    0.029593] CPU topo: Max. logical packages:   1
[    0.029646] CPU topo: Max. logical nodes:      1
[    0.029679] CPU topo: Num. nodes per package:  1
[    0.029740] CPU topo: Max. logical dies:       1
[    0.029772] CPU topo: Max. dies per package:   1
[    0.029832] CPU topo: Max. threads per core:   1
[    0.029942] CPU topo: Num. cores per package:     2
[    0.029980] CPU topo: Num. threads per package:   2
[    0.030013] CPU topo: Allowing 2 present CPUs plus 0 hotplug CPUs
[    0.030522] PM: hibernation: Registered nosave memory: [mem 0x00000000-0x00000fff]
[    0.030591] PM: hibernation: Registered nosave memory: [mem 0x0009f000-0x000fffff]
[    0.030702] [gap 0x10000000-0xfffbffff] available for PCI devices
[    0.030772] Booting paravirtualized kernel on bare hardware
[    0.030994] clocksource: refined-jiffies: mask: 0xffffffff max_cycles: 0xffffffff, max_idle_ns: 1910969940391419 ns
[    0.038545] Zone ranges:
[    0.038582]   DMA      [mem 0x0000000000001000-0x0000000000ffffff]
[    0.038660]   DMA32    [mem 0x0000000001000000-0x000000000ffdffff]
[    0.038703]   Normal   empty
[    0.038736] Movable zone start for each node
[    0.038776] Early memory node ranges
[    0.038816]   node   0: [mem 0x0000000000001000-0x000000000009efff]
[    0.038929]   node   0: [mem 0x0000000000100000-0x000000000ffdffff]
[    0.039038] Initmem setup node 0 [mem 0x0000000000001000-0x000000000ffdffff]
[    0.039602] On node 0, zone DMA: 1 pages in unavailable ranges
[    0.039819] On node 0, zone DMA: 97 pages in unavailable ranges
[    0.040988] On node 0, zone DMA32: 32 pages in unavailable ranges
[    0.041149] setup_percpu: NR_CPUS:64 nr_cpumask_bits:2 nr_cpu_ids:2 nr_node_ids:1
[    0.042177] percpu: Embedded 52 pages/cpu s175064 r8192 d29736 u1048576
[    0.042449] pcpu-alloc: s175064 r8192 d29736 u1048576 alloc=1*2097152
[    0.042534] pcpu-alloc: [0] 0 1
[    0.043402] Kernel command line: console=ttyS0 nokaslr panic=1 ignore_loglevel earlyprintk=serial,ttyS0,115200
[    0.044134] Unknown kernel command line parameters "nokaslr", will be passed to user space.
[    0.044305] printk: log buffer data + meta data: 262144 + 917504 = 1179648 bytes
[    0.044548] Dentry cache hash table entries: 32768 (order: 6, 262144 bytes, linear)
[    0.044674] Inode-cache hash table entries: 16384 (order: 5, 131072 bytes, linear)
[    0.046210] Fallback order for Node 0: 0
[    0.046471] Built 1 zonelists, mobility grouping on.  Total pages: 65406
[    0.046556] Policy zone: DMA32
[    0.046722] mem auto-init: stack:all(zero), heap alloc:off, heap free:off
[    0.052048] SLUB: HWalign=64, Order=0-3, MinObjects=0, CPUs=2, Nodes=1
Poking KASLR using RDTSC...
[    0.073575] ftrace: allocating 38031 entries in 150 pages
[    0.073834] ftrace: allocated 150 pages with 4 groups
[    0.078346] Dynamic Preempt: lazy
[    0.080091] rcu: Preemptible hierarchical RCU implementation.
[    0.080134] rcu: 	RCU event tracing is enabled.
[    0.080173] rcu: 	RCU restricting CPUs from NR_CPUS=64 to nr_cpu_ids=2.
[    0.080299] 	Trampoline variant of Tasks RCU enabled.
[    0.080332] 	Rude variant of Tasks RCU enabled.
[    0.080361] 	Tracing variant of Tasks RCU enabled.
[    0.080445] rcu: RCU calculated value of scheduler-enlistment delay is 100 jiffies.
[    0.080501] rcu: Adjusting geometry for rcu_fanout_leaf=16, nr_cpu_ids=2
[    0.081206] RCU Tasks: Setting shift to 1 and lim to 1 rcu_task_cb_adjust=1 rcu_task_cpu_ids=2.
[    0.081268] RCU Tasks Rude: Setting shift to 1 and lim to 1 rcu_task_cb_adjust=1 rcu_task_cpu_ids=2.
[    0.095915] NR_IRQS: 4352, nr_irqs: 440, preallocated irqs: 16
[    0.101353] rcu: srcu_init: Setting srcu_struct sizes based on contention.
[    0.105881] Console: colour VGA+ 80x25
[    0.107033] printk: legacy console [ttyS0] enabled
[    0.107033] printk: legacy console [ttyS0] enabled
[    0.107324] printk: legacy bootconsole [earlyser0] disabled
[    0.107324] printk: legacy bootconsole [earlyser0] disabled
[    0.108207] ACPI: Core revision 20251212
[    0.111387] clocksource: hpet: mask: 0xffffffff max_cycles: 0xffffffff, max_idle_ns: 19112604467 ns
[    0.112574] APIC: Switch to symmetric I/O mode setup
[    0.116983] ..TIMER: vector=0x30 apic1=0 pin1=2 apic2=-1 pin2=-1
[    0.122236] clocksource: tsc-early: mask: 0xffffffffffffffff max_cycles: 0x3dfb86906fa, max_idle_ns: 440795419411 ns
[    0.122512] Calibrating delay loop (skipped), value calculated using timer frequency.. 8600.07 BogoMIPS (lpj=4300037)
[    0.124714] Last level iTLB entries: 4KB 512, 2MB 255, 4MB 127
[    0.124772] Last level dTLB entries: 4KB 512, 2MB 255, 4MB 127, 1GB 0
[    0.124944] mitigations: Enabled attack vectors: user_kernel, user_user, SMT mitigations: auto
[    0.125208] Spectre V2 : Mitigation: Retpolines
[    0.125307] Spectre V1 : Mitigation: usercopy/swapgs barriers and __user pointer sanitization
[    0.125438] Spectre V2 : Spectre v2 / SpectreRSB: Filling RSB on context switch and VMEXIT
[    0.125913] x86/fpu: x87 FPU will use FXSAVE
[    0.188258] pid_max: default: 32768 minimum: 301
[    0.196936] Mount-cache hash table entries: 512 (order: 0, 4096 bytes, linear)
[    0.197061] Mountpoint-cache hash table entries: 512 (order: 0, 4096 bytes, linear)
[    0.201786] VFS: Finished mounting rootfs on nullfs
[    0.315888] smpboot: CPU0: AMD QEMU Virtual CPU version 2.5+ (family: 0xf, model: 0x6b, stepping: 0x1)
[    0.321862] Performance Events: PMU not available due to virtualization, using software events only.
[    0.322464] signal: max sigframe size: 1440
[    0.323187] rcu: Hierarchical SRCU implementation.
[    0.323238] rcu: 	Max phase no-delay instances is 400.
[    0.323908] Timer migration: 1 hierarchy levels; 8 children per group; 1 crossnode level
[    0.326427] smp: Bringing up secondary CPUs ...
[    0.330233] smpboot: x86: Booting SMP configuration:
[    0.330292] .... node  #0, CPUs:      #1
[    0.398787] smp: Brought up 1 node, 2 CPUs
[    0.398982] smpboot: Total of 2 processors activated (17207.21 BogoMIPS)
[    0.404181] Memory: 213952K/261624K available (12659K kernel code, 2337K rwdata, 5116K rodata, 2792K init, 544K bss, 44236K reserved, 0K cma-reserved)
[    0.409846] devtmpfs: initialized
[    0.415827] clocksource: jiffies: mask: 0xffffffff max_cycles: 0xffffffff, max_idle_ns: 1911260446275000 ns
[    0.415862] posixtimers hash table entries: 1024 (order: 2, 16384 bytes, linear)
[    0.416064] futex hash table entries: 512 (32768 bytes on 1 NUMA nodes, total 32 KiB, linear).
[    0.418390] PM: RTC time: 13:04:30, date: 2026-08-30
[    0.420889] NET: Registered PF_NETLINK/PF_ROUTE protocol family
[    0.425313] thermal_sys: Registered thermal governor 'step_wise'
[    0.425513] cpuidle: using governor menu
[    0.426762] Freeing SMP alternatives memory: 36K
[    0.428176] PCI: Using configuration type 1 for base access
[    0.428461] mtrr: your CPUs had inconsistent fixed MTRR settings
[    0.428510] mtrr: your CPUs had inconsistent variable MTRR settings
[    0.428555] mtrr: your CPUs had inconsistent MTRRdefType settings
[    0.428604] mtrr: probably your BIOS does not setup all CPUs.
[    0.428642] mtrr: corrected configuration.
[    0.429984] kprobes: kprobe jump-optimization is enabled. All kprobes are optimized if possible.
[    0.431643] HugeTLB: registered 2.00 MiB page size, pre-allocated 0 pages
[    0.431716] HugeTLB: 28 KiB vmemmap can be freed for a 2.00 MiB page
[    0.434275] ACPI: Added _OSI(Module Device)
[    0.434334] ACPI: Added _OSI(Processor Device)
[    0.434366] ACPI: Added _OSI(Processor Aggregator Device)
[    0.445788] ACPI: 1 ACPI AML tables successfully acquired and loaded
[    0.460681] ACPI: \_SB_: platform _OSC: OS support mask [002a7eee]
[    0.465677] ACPI: Interpreter enabled
[    0.466404] ACPI: PM: (supports S0 S3 S4 S5)
[    0.466461] ACPI: Using IOAPIC for interrupt routing
[    0.466698] PCI: Using host bridge windows from ACPI; if necessary, use "pci=nocrs" and report a bug
[    0.466782] PCI: Using E820 reservations for host bridge windows
[    0.469703] ACPI: Enabled 2 GPEs in block 00 to 0F
[    0.492250] ACPI: PCI Root Bridge [PCI0] (domain 0000 [bus 00-ff])
[    0.492699] acpi PNP0A03:00: _OSC: OS supports [ASPM ClockPM Segments MSI HPX-Type3]
[    0.492830] acpi PNP0A03:00: _OSC: not requesting OS control; OS requires [ExtendedConfig ASPM ClockPM MSI]
[    0.493061] acpi PNP0A03:00: _OSC: platform retains control of PCIe features (AE_ERROR)
[    0.493414] acpi PNP0A03:00: fail to add MMCONFIG information, can't access extended configuration space under this bridge
[    0.495273] PCI host bridge to bus 0000:00
[    0.495448] pci_bus 0000:00: root bus resource [io  0x0000-0x0cf7 window]
[    0.495564] pci_bus 0000:00: root bus resource [io  0x0d00-0xffff window]
[    0.495611] pci_bus 0000:00: root bus resource [mem 0x000a0000-0x000bffff window]
[    0.495680] pci_bus 0000:00: root bus resource [mem 0x10000000-0xfebfffff window]
[    0.495731] pci_bus 0000:00: root bus resource [mem 0x100000000-0x17fffffff window]
[    0.495852] pci_bus 0000:00: root bus resource [bus 00-ff]
[    0.496692] pci 0000:00:00.0: [8086:1237] type 00 class 0x060000 conventional PCI endpoint
[    0.499135] pci 0000:00:01.0: [8086:7000] type 00 class 0x060100 conventional PCI endpoint
[    0.499516] pci 0000:00:01.1: [8086:7010] type 00 class 0x010180 conventional PCI endpoint
[    0.499888] pci 0000:00:01.1: BAR 4 [io  0xc040-0xc04f]
[    0.499961] pci 0000:00:01.1: BAR 0 [io  0x01f0-0x01f7]: legacy IDE quirk
[    0.500016] pci 0000:00:01.1: BAR 1 [io  0x03f6]: legacy IDE quirk
[    0.500077] pci 0000:00:01.1: BAR 2 [io  0x0170-0x0177]: legacy IDE quirk
[    0.500130] pci 0000:00:01.1: BAR 3 [io  0x0376]: legacy IDE quirk
[    0.500546] pci 0000:00:01.3: [8086:7113] type 00 class 0x068000 conventional PCI endpoint
[    0.500809] pci 0000:00:01.3: quirk: [io  0x0600-0x063f] claimed by PIIX4 ACPI
[    0.500873] pci 0000:00:01.3: quirk: [io  0x0700-0x070f] claimed by PIIX4 SMB
[    0.501182] pci 0000:00:02.0: [1234:1111] type 00 class 0x030000 conventional PCI endpoint
[    0.501556] pci 0000:00:02.0: BAR 0 [mem 0xfd000000-0xfdffffff pref]
[    0.501635] pci 0000:00:02.0: BAR 2 [mem 0xfebf0000-0xfebf0fff]
[    0.501677] pci 0000:00:02.0: ROM [mem 0xfebe0000-0xfebeffff pref]
[    0.501853] pci 0000:00:02.0: Video device with shadowed ROM at [mem 0x000c0000-0x000dffff]
[    0.502203] pci 0000:00:03.0: [8086:100e] type 00 class 0x020000 conventional PCI endpoint
[    0.502574] pci 0000:00:03.0: BAR 0 [mem 0xfebc0000-0xfebdffff]
[    0.502629] pci 0000:00:03.0: BAR 1 [io  0xc000-0xc03f]
[    0.502668] pci 0000:00:03.0: ROM [mem 0xfeb80000-0xfebbffff pref]
[    0.508312] ACPI: PCI: Interrupt link LNKA configured for IRQ 10
[    0.508808] ACPI: PCI: Interrupt link LNKB configured for IRQ 10
[    0.509133] ACPI: PCI: Interrupt link LNKC configured for IRQ 11
[    0.509457] ACPI: PCI: Interrupt link LNKD configured for IRQ 11
[    0.509619] ACPI: PCI: Interrupt link LNKS configured for IRQ 9
[    0.511860] iommu: Default domain type: Translated
[    0.511925] iommu: DMA domain TLB invalidation policy: lazy mode
[    0.513686] SCSI subsystem initialized
[    0.514535] libata version 3.00 loaded.
[    0.515046] ACPI: bus type USB registered
[    0.515354] usbcore: registered new interface driver usbfs
[    0.515563] usbcore: registered new interface driver hub
[    0.515665] usbcore: registered new device driver usb
[    0.515837] pps_core: LinuxPPS API ver. 1 registered
[    0.515875] pps_core: Software ver. 5.3.6 - Copyright 2005-2007 Rodolfo Giometti <giometti@linux.it>
[    0.515958] PTP clock support registered
[    0.520651] PCI: Using ACPI for IRQ routing
[    0.520759] PCI: pci_cache_line_size set to 64 bytes
[    0.520994] e820: register RAM buffer resource [mem 0x0009fc00-0x0009ffff]
[    0.521140] e820: register RAM buffer resource [mem 0x0ffe0000-0x0fffffff]
[    0.523383] pci 0000:00:02.0: vgaarb: setting as boot VGA device
[    0.523383] pci 0000:00:02.0: vgaarb: bridge control possible
[    0.523383] pci 0000:00:02.0: vgaarb: VGA device added: decodes=io+mem,owns=io+mem,locks=none
[    0.523401] vgaarb: loaded
[    0.524001] hpet: 3 channels of 0 reserved for per-cpu timers
[    0.524485] hpet0: at MMIO 0xfed00000, IRQs 2, 8, 0
[    0.524568] hpet0: 3 comparators, 64-bit 100.000000 MHz counter
[    0.528017] clocksource: Switched to clocksource tsc-early
[    0.528642] VFS: Disk quotas dquot_6.6.0
[    0.528734] VFS: Dquot-cache hash table entries: 512 (order 0, 4096 bytes)
[    0.531337] pnp: PnP ACPI init
[    0.532528] pnp 00:02: [dma 2]
[    0.533501] pnp: PnP ACPI: found 5 devices
[    0.547863] clocksource: acpi_pm: mask: 0xffffff max_cycles: 0xffffff, max_idle_ns: 2085701024 ns
[    0.548314] NET: Registered PF_INET protocol family
[    0.548881] IP idents hash table entries: 4096 (order: 3, 32768 bytes, linear)
[    0.550403] tcp_listen_portaddr_hash hash table entries: 256 (order: 0, 4096 bytes, linear)
[    0.550636] Table-perturb hash table entries: 65536 (order: 6, 262144 bytes, linear)
[    0.550718] TCP established hash table entries: 2048 (order: 2, 16384 bytes, linear)
[    0.550860] TCP bind hash table entries: 2048 (order: 4, 65536 bytes, linear)
[    0.550991] TCP: Hash tables configured (established 2048 bind 2048)
[    0.551740] UDP hash table entries: 256 (order: 2, 16384 bytes, linear)
[    0.552784] pci_bus 0000:00: resource 4 [io  0x0000-0x0cf7 window]
[    0.552839] pci_bus 0000:00: resource 5 [io  0x0d00-0xffff window]
[    0.552882] pci_bus 0000:00: resource 6 [mem 0x000a0000-0x000bffff window]
[    0.552927] pci_bus 0000:00: resource 7 [mem 0x10000000-0xfebfffff window]
[    0.552972] pci_bus 0000:00: resource 8 [mem 0x100000000-0x17fffffff window]
[    0.553313] pci 0000:00:01.0: PIIX3: Enabling Passive Release
[    0.553401] pci 0000:00:00.0: Limiting direct PCI/PCI transfers
[    0.553514] PCI: CLS 0 bytes, default 64
[    0.555933] Unpacking initramfs...
[    0.559556] Initialise system trusted keyrings
[    0.560396] workingset: timestamp_bits=56 (anon: 52) max_order=16 bucket_order=0 (anon: 0)
[    0.562721] Key type asymmetric registered
[    0.562799] Asymmetric key parser 'x509' registered
[    0.562936] Block layer SCSI generic (bsg) driver version 0.4 loaded (major 250)
[    0.563199] io scheduler mq-deadline registered
[    0.563280] io scheduler kyber registered
[    0.565356] input: Power Button as /devices/platform/LNXPWRBN:00/input/input0
[    0.565962] ACPI: button: Power Button [PWRF]
[    0.569162] Serial: 8250/16550 driver, 4 ports, IRQ sharing enabled
[    0.571436] 00:04: ttyS0 at I/O 0x3f8 (irq = 4, base_baud = 115200) is a 16550A
[    0.576822] Non-volatile memory driver v1.3
[    0.586940] loop: module loaded
[    0.591780] scsi host0: ata_piix
[    0.593689] scsi host1: ata_piix
[    0.593960] ata1: PATA max MWDMA2 cmd 0x1f0 ctl 0x3f6 bmdma 0xc040 irq 14 lpm-pol 0
[    0.594027] ata2: PATA max MWDMA2 cmd 0x170 ctl 0x376 bmdma 0xc048 irq 15 lpm-pol 0
[    0.595108] i8042: PNP: PS/2 Controller [PNP0303:KBD,PNP0f13:MOU] at 0x60,0x64 irq 1,12
[    0.598455] serio: i8042 KBD port at 0x60,0x64 irq 1
[    0.598616] serio: i8042 AUX port at 0x60,0x64 irq 12
[    0.599911] rtc_cmos PNP0B00:00: RTC can wake from S4
[    0.601517] input: AT Translated Set 2 keyboard as /devices/platform/i8042/serio0/input/input1
[    0.603842] rtc_cmos PNP0B00:00: registered as rtc0
[    0.604734] rtc_cmos PNP0B00:00: alarms up to one day, y3k, 242 bytes nvram, hpet irqs
[    0.606420] device-mapper: ioctl: 4.50.0-ioctl (2025-04-28) initialised: dm-devel@lists.linux.dev
[    0.606667] amd_pstate: the _CPC object is not present in SBIOS or ACPI disabled
[    0.606870] hid: raw HID events driver (C) Jiri Kosina
[    0.607405] usbcore: registered new interface driver usbhid
[    0.607464] usbhid: USB HID core driver
[    0.608193] NET: Registered PF_INET6 protocol family
[    0.612816] Segment Routing with IPv6
[    0.612957] In-situ OAM (IOAM) with IPv6
[    0.614660] IPI shorthand broadcast: enabled
[    0.622063] sched_clock: Marking stable (609636096, 11591113)->(624144749, -2917540)
[    0.623562] Loading compiled-in X.509 certificates
[    0.630365] Demotion targets for Node 0: null
[    0.632348] PM:   Magic number: 6:160:80
[    0.633143] clk: Disabling unused clocks
[    0.633386] KTAP version 1
[    0.633414] 1..0
[    0.727388] Freeing initrd memory: 8572K
[    0.753486] ata2: found unknown device (class 0)
[    0.756341] ata2.00: ATAPI: QEMU DVD-ROM, 2.5+, max UDMA/100
[    0.762327] scsi 1:0:0:0: CD-ROM            QEMU     QEMU DVD-ROM     2.5+ PQ: 0 ANSI: 5
[    0.778150] sr 1:0:0:0: [sr0] scsi3-mmc drive: 4x/4x cd/rw xa/form2 tray
[    0.790432] cdrom: Uniform CD-ROM driver Revision: 3.20
[    0.797930] sr 1:0:0:0: Attached scsi CD-ROM sr0
[    0.798598] sr 1:0:0:0: Attached scsi generic sg0 type 5
[    0.835815] Freeing unused kernel image (initmem) memory: 2792K
[    0.835960] Write protecting the kernel read-only data: 20480k
[    0.837752] Freeing unused kernel image (text/rodata gap) memory: 1676K
[    0.838230] Freeing unused kernel image (rodata/data gap) memory: 1028K
[    0.923474] x86/mm: Checked W+X mappings: passed, no W+X pages found.
[    0.923651] Run /init as init process
[    0.923679]   with arguments:
[    0.923704]     /init
[    0.923724]     nokaslr
[    0.923742]   with environment:
[    0.923766]     HOME=/
[    0.923786]     TERM=linux
[    0.980037] mount (54) used greatest stack depth: 13208 bytes left
[    0.987998] mount (55) used greatest stack depth: 13120 bytes left
=== insmod required kernel module i2c-dev ===
[    1.014495] i2c_dev: i2c /dev entries driver
REHARNESS_KERNEL_MODULE_0_NAME=i2c-dev
REHARNESS_KERNEL_MODULE_0_INSMOD_RC=0
=== insmod runtime fixture i2c-registrar ===
[    1.020734] i2c_registrar: loading out-of-tree module taints kernel.
[    1.022251] REHARNESS_I2C_CLIENT_READY name=reharness_i2c_sens bus=i2c-0
[    1.022432] REHARNESS_I2C_REGISTRAR_READY address=0x50
REHARNESS_RUNTIME_FIXTURE_MODULE_0_INSMOD_RC=0
=== insmod reharness_i2c_sensor ===
[    1.026990] [rhcov] reharness_i2c_sensor_probe
[    1.027216] reharness_i2c_sens 0-0050: REHARNESS_I2C_DRIVER_PROBE register=0x10 value=0x5a
REHARNESS_DRIVER_INSMOD_RC=0
[    1.037090] input: ImExPS/2 Generic Explorer Mouse as /devices/platform/i8042/serio1/input/input3
REHARNESS_DRIVER_PROBE_BOUND=1
=== dmesg ===
[    1.026990] [rhcov] reharness_i2c_sensor_probe
[    1.027216] reharness_i2c_sens 0-0050: REHARNESS_I2C_DRIVER_PROBE register=0x10 value=0x5a
=== Linux subsystem test 0 ===
I2C_TRANSACTION_PASS
I2C_INVALID_ADDRESS_PASS
REHARNESS_SUBSYSTEM_TEST_0_NAME=i2c-transaction
REHARNESS_SUBSYSTEM_TEST_0_KIND=native
REHARNESS_SUBSYSTEM_TEST_0_PROVIDER=
REHARNESS_SUBSYSTEM_TEST_0_REQUIRED=1
REHARNESS_SUBSYSTEM_TEST_0_RC=0
REHARNESS_SUBSYSTEM_TEST_0_STATUS=pass
=== Linux subsystem test 1 ===
I2C_TRANSACTION_PASS
I2C_INVALID_ADDRESS_PASS
REHARNESS_SUBSYSTEM_TEST_1_NAME=i2c-invalid-address
REHARNESS_SUBSYSTEM_TEST_1_KIND=native
REHARNESS_SUBSYSTEM_TEST_1_PROVIDER=
REHARNESS_SUBSYSTEM_TEST_1_REQUIRED=1
REHARNESS_SUBSYSTEM_TEST_1_RC=0
REHARNESS_SUBSYSTEM_TEST_1_STATUS=pass
=== Linux subsystem test 2 ===
I2CDEV_TRANSACTION_PASS
I2CDEV_INVALID_ADDRESS_PASS
REHARNESS_SUBSYSTEM_TEST_2_NAME=linux-i2c-dev-tool
REHARNESS_SUBSYSTEM_TEST_2_KIND=tool
REHARNESS_SUBSYSTEM_TEST_2_PROVIDER=linux-i2c-dev
REHARNESS_SUBSYSTEM_TEST_2_REQUIRED=1
REHARNESS_SUBSYSTEM_TEST_2_RC=0
REHARNESS_SUBSYSTEM_TEST_2_STATUS=pass
=== rmmod reharness_i2c_sensor ===
[    1.087386] [rhcov] reharness_i2c_sensor_remove
[    1.087462] reharness_i2c_sens 0-0050: REHARNESS_I2C_DRIVER_REMOVE
REHARNESS_DRIVER_RMMOD_RC=0
[    1.102689] REHARNESS_I2C_REGISTRAR_UNLOADED
REHARNESS_RUNTIME_FIXTURE_MODULE_0_RMMOD_RC=0
=== QEMU_RUN_DONE ===
[    1.323093] sysrq: Power Off
[    1.324048] Kernel panic - not syncing: Attempted to kill init! exitcode=0x00000000
[    1.324413] CPU: 0 UID: 0 PID: 1 Comm: init Tainted: G           O        7.1.0-rc7+ #17 PREEMPT(lazy)
[    1.324512] Tainted: [O]=OOT_MODULE
[    1.324538] Hardware name: QEMU Standard PC (i440FX + PIIX, 1996), BIOS rel-1.17.0-0-gb52ca86e094d-prebuilt.qemu.org 04/01/2014
[    1.324667] Call Trace:
[    1.325008]  <TASK>
[    1.325137]  vpanic+0x32f/0x4b0
[    1.325301]  panic+0x63/0x70
[    1.325324]  do_exit+0x952/0xaf0
[    1.325349]  do_group_exit+0x30/0x80
[    1.325373]  __x64_sys_exit_group+0x18/0x20
[    1.325404]  x64_sys_call+0x12e2/0x1880
[    1.325429]  do_syscall_64+0x10e/0x4e0
[    1.325458]  entry_SYSCALL_64_after_hwframe+0x77/0x7f
[    1.325558] RIP: 0033:0x7f526500b31d
[    1.325704] Code: 02 ba ff ff ff ff 89 d0 c3 0f 1f 40 00 f3 0f 1e fa 48 8b 35 ed 4a 11 00 ba e7 00 00 00 eb 07 66 0f 1f 44 00 00 f4 89 d0 0f 05 <48> 3d 00 f0 ff ff 76 f3 f7 d8 64 89 06 eb ec 0f 1f 40 00 f3 0f 1e
[    1.325824] RSP: 002b:00007fff0ce97438 EFLAGS: 00000202 ORIG_RAX: 00000000000000e7
[    1.325883] RAX: ffffffffffffffda RBX: 00007fff0ce976c0 RCX: 00007f526500b31d
[    1.325924] RDX: 00000000000000e7 RSI: ffffffffffffff88 RDI: 0000000000000000
[    1.325964] RBP: 00007fff0ce97510 R08: 0000559888a73010 R09: 0000000000000007
[    1.326003] R10: 0000559888a76aa0 R11: 0000000000000202 R12: 0000000000000000
[    1.326042] R13: 00007fff0ce976b0 R14: 000055985e2bcdd8 R15: 00007f5265171000
[    1.326105]  </TASK>
[    1.326468] Kernel Offset: disabled
[    1.326677] Rebooting in 1 seconds..
