c[?7l[2J[0mSeaBIOS (version rel-1.17.0-0-gb52ca86e094d-prebuilt.qemu.org)


iPXE (http://ipxe.org) 00:03.0 CA00 PCI2.10 PnP PMM+0EFD1C90+0EF31C90 CA00
Press Ctrl-B to configure iPXE (PCI 00:03.0)...


Booting from ROM..c[?7l[2JNo EFI environment detected.
early console in extract_kernel
input_data: 0x000000000266d2c4
input_len: 0x000000000094b4db
output: 0x0000000001000000
output_len: 0x0000000001f78348
kernel_total_size: 0x0000000001d7d000
needed_size: 0x0000000002000000
trampoline_32bit: 0x0000000000000000


KASLR disabled: 'nokaslr' on cmdline.


Decompressing Linux... Parsing ELF... No relocation needed... done.
Booting the kernel (entry_offset: 0x0000000001a0e3b0).
[    0.000000] Linux version 7.1.0-rc7+ (yfblock@9950x) (gcc (Ubuntu 13.3.0-6ubuntu2~24.04.1) 13.3.0, GNU ld (GNU Binutils for Ubuntu) 2.42) #17 SMP PREEMPT_DYNAMIC Tue Aug 25 17:24:02 CST 2026
[    0.000000] Command line: console=ttyS0 nokaslr panic=1 ignore_loglevel earlyprintk=serial,ttyS0,115200
[    0.000000] BIOS-provided physical RAM map:
[    0.000000] BIOS-e820: [mem 0x0000000000000000-0x000000000009fbff]  System RAM
[    0.000000] BIOS-e820: [mem 0x000000000009fc00-0x000000000009ffff]  device reserved
[    0.000000] BIOS-e820: [gap 0x00000000000a0000-0x00000000000effff]
[    0.000000] BIOS-e820: [mem 0x00000000000f0000-0x00000000000fffff]  device reserved
[    0.000000] BIOS-e820: [mem 0x0000000000100000-0x000000000ffdffff]  System RAM
[    0.000000] BIOS-e820: [mem 0x000000000ffe0000-0x000000000fffffff]  device reserved
[    0.000000] BIOS-e820: [gap 0x0000000010000000-0x00000000fffbffff]
[    0.000000] BIOS-e820: [mem 0x00000000fffc0000-0x00000000ffffffff]  device reserved
[    0.000000] BIOS-e820: [gap 0x0000000100000000-0x000000fcffffffff]
[    0.000000] BIOS-e820: [mem 0x000000fd00000000-0x000000ffffffffff]  device reserved
[    0.000000] printk: debug: ignoring loglevel setting.
[    0.000000] printk: legacy bootconsole [earlyser0] enabled
[    0.000000] NX (Execute Disable) protection: active
[    0.000000] APIC: Static calls initialized
[    0.000000] DMI: SMBIOS 2.8 present.
[    0.000000] DMI: QEMU Standard PC (i440FX + PIIX, 1996), BIOS rel-1.17.0-0-gb52ca86e094d-prebuilt.qemu.org 04/01/2014
[    0.000000] DMI: Memory slots populated: 1/1
[    0.000000] tsc: Fast TSC calibration using PIT
[    0.000000] tsc: Detected 4299.919 MHz processor
[    0.007940] e820: update [mem 0x00000000-0x00000fff] System RAM ==> device reserved
[    0.008120] e820: remove [mem 0x000a0000-0x000fffff] System RAM
[    0.008273] last_pfn = 0xffe0 max_arch_pfn = 0x400000000
[    0.008726] MTRR map: 4 entries (3 fixed + 1 variable; max 19), built from 8 variable MTRRs
[    0.008887] x86/PAT: Configuration [0-7]: WB  WC  UC- UC  WB  WP  UC- WT
[    0.020476] found SMP MP-table at [mem 0x000f54c0-0x000f54cf]
[    0.023486] RAMDISK: [mem 0x0f7d8000-0x0ffdffff]
[    0.023766] ACPI: Early table checksum verification disabled
[    0.024089] ACPI: RSDP 0x00000000000F52E0 000014 (v00 BOCHS )
[    0.024288] ACPI: RSDT 0x000000000FFE2383 000034 (v01 BOCHS  BXPC     00000001 BXPC 00000001)
[    0.024773] ACPI: FACP 0x000000000FFE222F 000074 (v01 BOCHS  BXPC     00000001 BXPC 00000001)
[    0.025220] ACPI: DSDT 0x000000000FFE0040 0021EF (v01 BOCHS  BXPC     00000001 BXPC 00000001)
[    0.025319] ACPI: FACS 0x000000000FFE0000 000040
[    0.025380] ACPI: APIC 0x000000000FFE22A3 000080 (v03 BOCHS  BXPC     00000001 BXPC 00000001)
[    0.025445] ACPI: HPET 0x000000000FFE2323 000038 (v01 BOCHS  BXPC     00000001 BXPC 00000001)
[    0.025510] ACPI: WAET 0x000000000FFE235B 000028 (v01 BOCHS  BXPC     00000001 BXPC 00000001)
[    0.025615] ACPI: Reserving FACP table memory at [mem 0xffe222f-0xffe22a2]
[    0.025669] ACPI: Reserving DSDT table memory at [mem 0xffe0040-0xffe222e]
[    0.025712] ACPI: Reserving FACS table memory at [mem 0xffe0000-0xffe003f]
[    0.025755] ACPI: Reserving APIC table memory at [mem 0xffe22a3-0xffe2322]
[    0.025797] ACPI: Reserving HPET table memory at [mem 0xffe2323-0xffe235a]
[    0.025847] ACPI: Reserving WAET table memory at [mem 0xffe235b-0xffe2382]
[    0.027106] No NUMA configuration found
[    0.027149] Faking a node at [mem 0x0000000000000000-0x000000000ffdffff]
[    0.027545] NODE_DATA(0) allocated [mem 0x0f7d4680-0x0f7d7fff]
[    0.028054] ACPI: PM-Timer IO Port: 0x608
[    0.028331] ACPI: LAPIC_NMI (acpi_id[0xff] dfl dfl lint[0x1])
[    0.028591] IOAPIC[0]: apic_id 0, version 32, address 0xfec00000, GSI 0-23
[    0.028705] ACPI: INT_SRC_OVR (bus 0 bus_irq 0 global_irq 2 dfl dfl)
[    0.028884] ACPI: INT_SRC_OVR (bus 0 bus_irq 5 global_irq 5 high level)
[    0.028949] ACPI: INT_SRC_OVR (bus 0 bus_irq 9 global_irq 9 high level)
[    0.029042] ACPI: INT_SRC_OVR (bus 0 bus_irq 10 global_irq 10 high level)
[    0.029087] ACPI: INT_SRC_OVR (bus 0 bus_irq 11 global_irq 11 high level)
[    0.029235] ACPI: Using ACPI (MADT) for SMP configuration information
[    0.029296] ACPI: HPET id: 0x8086a201 base: 0xfed00000
[    0.029563] CPU topo: Max. logical packages:   1
[    0.029616] CPU topo: Max. logical nodes:      1
[    0.029653] CPU topo: Num. nodes per package:  1
[    0.029713] CPU topo: Max. logical dies:       1
[    0.029745] CPU topo: Max. dies per package:   1
[    0.029805] CPU topo: Max. threads per core:   1
[    0.029915] CPU topo: Num. cores per package:     2
[    0.029954] CPU topo: Num. threads per package:   2
[    0.029988] CPU topo: Allowing 2 present CPUs plus 0 hotplug CPUs
[    0.030493] PM: hibernation: Registered nosave memory: [mem 0x00000000-0x00000fff]
[    0.030560] PM: hibernation: Registered nosave memory: [mem 0x0009f000-0x000fffff]
[    0.030675] [gap 0x10000000-0xfffbffff] available for PCI devices
[    0.030745] Booting paravirtualized kernel on bare hardware
[    0.030966] clocksource: refined-jiffies: mask: 0xffffffff max_cycles: 0xffffffff, max_idle_ns: 1910969940391419 ns
[    0.038416] Zone ranges:
[    0.038452]   DMA      [mem 0x0000000000001000-0x0000000000ffffff]
[    0.038531]   DMA32    [mem 0x0000000001000000-0x000000000ffdffff]
[    0.038576]   Normal   empty
[    0.038609] Movable zone start for each node
[    0.038652] Early memory node ranges
[    0.038693]   node   0: [mem 0x0000000000001000-0x000000000009efff]
[    0.038807]   node   0: [mem 0x0000000000100000-0x000000000ffdffff]
[    0.038917] Initmem setup node 0 [mem 0x0000000000001000-0x000000000ffdffff]
[    0.039477] On node 0, zone DMA: 1 pages in unavailable ranges
[    0.039689] On node 0, zone DMA: 97 pages in unavailable ranges
[    0.040862] On node 0, zone DMA32: 32 pages in unavailable ranges
[    0.041025] setup_percpu: NR_CPUS:64 nr_cpumask_bits:2 nr_cpu_ids:2 nr_node_ids:1
[    0.042028] percpu: Embedded 52 pages/cpu s175064 r8192 d29736 u1048576
[    0.042303] pcpu-alloc: s175064 r8192 d29736 u1048576 alloc=1*2097152
[    0.042390] pcpu-alloc: [0] 0 1
[    0.043261] Kernel command line: console=ttyS0 nokaslr panic=1 ignore_loglevel earlyprintk=serial,ttyS0,115200
[    0.043985] Unknown kernel command line parameters "nokaslr", will be passed to user space.
[    0.044159] printk: log buffer data + meta data: 262144 + 917504 = 1179648 bytes
[    0.044399] Dentry cache hash table entries: 32768 (order: 6, 262144 bytes, linear)
[    0.044522] Inode-cache hash table entries: 16384 (order: 5, 131072 bytes, linear)
[    0.046057] Fallback order for Node 0: 0
[    0.046315] Built 1 zonelists, mobility grouping on.  Total pages: 65406
[    0.046396] Policy zone: DMA32
[    0.046560] mem auto-init: stack:all(zero), heap alloc:off, heap free:off
[    0.051848] SLUB: HWalign=64, Order=0-3, MinObjects=0, CPUs=2, Nodes=1
Poking KASLR using RDTSC...
[    0.073294] ftrace: allocating 38031 entries in 150 pages
[    0.073553] ftrace: allocated 150 pages with 4 groups
[    0.078137] Dynamic Preempt: lazy
[    0.079881] rcu: Preemptible hierarchical RCU implementation.
[    0.079926] rcu: 	RCU event tracing is enabled.
[    0.079966] rcu: 	RCU restricting CPUs from NR_CPUS=64 to nr_cpu_ids=2.
[    0.080096] 	Trampoline variant of Tasks RCU enabled.
[    0.080131] 	Rude variant of Tasks RCU enabled.
[    0.080162] 	Tracing variant of Tasks RCU enabled.
[    0.080250] rcu: RCU calculated value of scheduler-enlistment delay is 100 jiffies.
[    0.080308] rcu: Adjusting geometry for rcu_fanout_leaf=16, nr_cpu_ids=2
[    0.081029] RCU Tasks: Setting shift to 1 and lim to 1 rcu_task_cb_adjust=1 rcu_task_cpu_ids=2.
[    0.081091] RCU Tasks Rude: Setting shift to 1 and lim to 1 rcu_task_cb_adjust=1 rcu_task_cpu_ids=2.
[    0.095715] NR_IRQS: 4352, nr_irqs: 440, preallocated irqs: 16
[    0.101142] rcu: srcu_init: Setting srcu_struct sizes based on contention.
[    0.105660] Console: colour VGA+ 80x25
[    0.106799] printk: legacy console [ttyS0] enabled
[    0.106799] printk: legacy console [ttyS0] enabled
[    0.107087] printk: legacy bootconsole [earlyser0] disabled
[    0.107087] printk: legacy bootconsole [earlyser0] disabled
[    0.107961] ACPI: Core revision 20251212
[    0.111114] clocksource: hpet: mask: 0xffffffff max_cycles: 0xffffffff, max_idle_ns: 19112604467 ns
[    0.112288] APIC: Switch to symmetric I/O mode setup
[    0.116665] ..TIMER: vector=0x30 apic1=0 pin1=2 apic2=-1 pin2=-1
[    0.121955] clocksource: tsc-early: mask: 0xffffffffffffffff max_cycles: 0x3dfb16f3968, max_idle_ns: 440795366801 ns
[    0.122228] Calibrating delay loop (skipped), value calculated using timer frequency.. 8599.83 BogoMIPS (lpj=4299919)
[    0.124430] Last level iTLB entries: 4KB 512, 2MB 255, 4MB 127
[    0.124490] Last level dTLB entries: 4KB 512, 2MB 255, 4MB 127, 1GB 0
[    0.124660] mitigations: Enabled attack vectors: user_kernel, user_user, SMT mitigations: auto
[    0.124943] Spectre V2 : Mitigation: Retpolines
[    0.125044] Spectre V1 : Mitigation: usercopy/swapgs barriers and __user pointer sanitization
[    0.125159] Spectre V2 : Spectre v2 / SpectreRSB: Filling RSB on context switch and VMEXIT
[    0.125634] x86/fpu: x87 FPU will use FXSAVE
[    0.190925] pid_max: default: 32768 minimum: 301
[    0.199604] Mount-cache hash table entries: 512 (order: 0, 4096 bytes, linear)
[    0.199731] Mountpoint-cache hash table entries: 512 (order: 0, 4096 bytes, linear)
[    0.204425] VFS: Finished mounting rootfs on nullfs
[    0.318602] smpboot: CPU0: AMD QEMU Virtual CPU version 2.5+ (family: 0xf, model: 0x6b, stepping: 0x1)
[    0.324602] Performance Events: PMU not available due to virtualization, using software events only.
[    0.325241] signal: max sigframe size: 1440
[    0.325895] rcu: Hierarchical SRCU implementation.
[    0.325946] rcu: 	Max phase no-delay instances is 400.
[    0.326609] Timer migration: 1 hierarchy levels; 8 children per group; 1 crossnode level
[    0.329003] smp: Bringing up secondary CPUs ...
[    0.332825] smpboot: x86: Booting SMP configuration:
[    0.332884] .... node  #0, CPUs:      #1
[    0.401417] smp: Brought up 1 node, 2 CPUs
[    0.401562] smpboot: Total of 2 processors activated (17198.23 BogoMIPS)
[    0.406818] Memory: 214300K/261624K available (12659K kernel code, 2337K rwdata, 5116K rodata, 2792K init, 544K bss, 43888K reserved, 0K cma-reserved)
[    0.411726] devtmpfs: initialized
[    0.417319] clocksource: jiffies: mask: 0xffffffff max_cycles: 0xffffffff, max_idle_ns: 1911260446275000 ns
[    0.417409] posixtimers hash table entries: 1024 (order: 2, 16384 bytes, linear)
[    0.417588] futex hash table entries: 512 (32768 bytes on 1 NUMA nodes, total 32 KiB, linear).
[    0.420110] PM: RTC time: 13:04:36, date: 2026-08-30
[    0.422460] NET: Registered PF_NETLINK/PF_ROUTE protocol family
[    0.426888] thermal_sys: Registered thermal governor 'step_wise'
[    0.427235] cpuidle: using governor menu
[    0.428331] Freeing SMP alternatives memory: 36K
[    0.430313] PCI: Using configuration type 1 for base access
[    0.430594] mtrr: your CPUs had inconsistent fixed MTRR settings
[    0.430643] mtrr: your CPUs had inconsistent variable MTRR settings
[    0.430689] mtrr: your CPUs had inconsistent MTRRdefType settings
[    0.430738] mtrr: probably your BIOS does not setup all CPUs.
[    0.430778] mtrr: corrected configuration.
[    0.432137] kprobes: kprobe jump-optimization is enabled. All kprobes are optimized if possible.
[    0.433644] HugeTLB: registered 2.00 MiB page size, pre-allocated 0 pages
[    0.433717] HugeTLB: 28 KiB vmemmap can be freed for a 2.00 MiB page
[    0.436194] ACPI: Added _OSI(Module Device)
[    0.436243] ACPI: Added _OSI(Processor Device)
[    0.436275] ACPI: Added _OSI(Processor Aggregator Device)
[    0.447829] ACPI: 1 ACPI AML tables successfully acquired and loaded
[    0.460400] ACPI: \_SB_: platform _OSC: OS support mask [002a7eee]
[    0.467355] ACPI: Interpreter enabled
[    0.467999] ACPI: PM: (supports S0 S3 S4 S5)
[    0.468056] ACPI: Using IOAPIC for interrupt routing
[    0.468316] PCI: Using host bridge windows from ACPI; if necessary, use "pci=nocrs" and report a bug
[    0.468390] PCI: Using E820 reservations for host bridge windows
[    0.469242] ACPI: Enabled 2 GPEs in block 00 to 0F
[    0.499531] ACPI: PCI Root Bridge [PCI0] (domain 0000 [bus 00-ff])
[    0.499988] acpi PNP0A03:00: _OSC: OS supports [ASPM ClockPM Segments MSI HPX-Type3]
[    0.500136] acpi PNP0A03:00: _OSC: not requesting OS control; OS requires [ExtendedConfig ASPM ClockPM MSI]
[    0.500374] acpi PNP0A03:00: _OSC: platform retains control of PCIe features (AE_ERROR)
[    0.500680] acpi PNP0A03:00: fail to add MMCONFIG information, can't access extended configuration space under this bridge
[    0.502541] PCI host bridge to bus 0000:00
[    0.502700] pci_bus 0000:00: root bus resource [io  0x0000-0x0cf7 window]
[    0.502814] pci_bus 0000:00: root bus resource [io  0x0d00-0xffff window]
[    0.502862] pci_bus 0000:00: root bus resource [mem 0x000a0000-0x000bffff window]
[    0.502933] pci_bus 0000:00: root bus resource [mem 0x10000000-0xfebfffff window]
[    0.502984] pci_bus 0000:00: root bus resource [mem 0x100000000-0x17fffffff window]
[    0.503116] pci_bus 0000:00: root bus resource [bus 00-ff]
[    0.503928] pci 0000:00:00.0: [8086:1237] type 00 class 0x060000 conventional PCI endpoint
[    0.506374] pci 0000:00:01.0: [8086:7000] type 00 class 0x060100 conventional PCI endpoint
[    0.506761] pci 0000:00:01.1: [8086:7010] type 00 class 0x010180 conventional PCI endpoint
[    0.507161] pci 0000:00:01.1: BAR 4 [io  0xc040-0xc04f]
[    0.507240] pci 0000:00:01.1: BAR 0 [io  0x01f0-0x01f7]: legacy IDE quirk
[    0.507294] pci 0000:00:01.1: BAR 1 [io  0x03f6]: legacy IDE quirk
[    0.507351] pci 0000:00:01.1: BAR 2 [io  0x0170-0x0177]: legacy IDE quirk
[    0.507403] pci 0000:00:01.1: BAR 3 [io  0x0376]: legacy IDE quirk
[    0.507772] pci 0000:00:01.3: [8086:7113] type 00 class 0x068000 conventional PCI endpoint
[    0.508037] pci 0000:00:01.3: quirk: [io  0x0600-0x063f] claimed by PIIX4 ACPI
[    0.508132] pci 0000:00:01.3: quirk: [io  0x0700-0x070f] claimed by PIIX4 SMB
[    0.508449] pci 0000:00:02.0: [1234:1111] type 00 class 0x030000 conventional PCI endpoint
[    0.508822] pci 0000:00:02.0: BAR 0 [mem 0xfd000000-0xfdffffff pref]
[    0.508900] pci 0000:00:02.0: BAR 2 [mem 0xfebf0000-0xfebf0fff]
[    0.508947] pci 0000:00:02.0: ROM [mem 0xfebe0000-0xfebeffff pref]
[    0.509166] pci 0000:00:02.0: Video device with shadowed ROM at [mem 0x000c0000-0x000dffff]
[    0.509517] pci 0000:00:03.0: [8086:100e] type 00 class 0x020000 conventional PCI endpoint
[    0.509914] pci 0000:00:03.0: BAR 0 [mem 0xfebc0000-0xfebdffff]
[    0.509969] pci 0000:00:03.0: BAR 1 [io  0xc000-0xc03f]
[    0.510008] pci 0000:00:03.0: ROM [mem 0xfeb80000-0xfebbffff pref]
[    0.515505] ACPI: PCI: Interrupt link LNKA configured for IRQ 10
[    0.515971] ACPI: PCI: Interrupt link LNKB configured for IRQ 10
[    0.517586] ACPI: PCI: Interrupt link LNKC configured for IRQ 11
[    0.518029] ACPI: PCI: Interrupt link LNKD configured for IRQ 11
[    0.518276] ACPI: PCI: Interrupt link LNKS configured for IRQ 9
[    0.520071] iommu: Default domain type: Translated
[    0.520124] iommu: DMA domain TLB invalidation policy: lazy mode
[    0.520752] SCSI subsystem initialized
[    0.521236] libata version 3.00 loaded.
[    0.521739] ACPI: bus type USB registered
[    0.522147] usbcore: registered new interface driver usbfs
[    0.522348] usbcore: registered new interface driver hub
[    0.522446] usbcore: registered new device driver usb
[    0.522629] pps_core: LinuxPPS API ver. 1 registered
[    0.522667] pps_core: Software ver. 5.3.6 - Copyright 2005-2007 Rodolfo Giometti <giometti@linux.it>
[    0.522744] PTP clock support registered
[    0.527287] PCI: Using ACPI for IRQ routing
[    0.527393] PCI: pci_cache_line_size set to 64 bytes
[    0.527623] e820: register RAM buffer resource [mem 0x0009fc00-0x0009ffff]
[    0.527756] e820: register RAM buffer resource [mem 0x0ffe0000-0x0fffffff]
[    0.530450] pci 0000:00:02.0: vgaarb: setting as boot VGA device
[    0.530527] pci 0000:00:02.0: vgaarb: bridge control possible
[    0.530588] pci 0000:00:02.0: vgaarb: VGA device added: decodes=io+mem,owns=io+mem,locks=none
[    0.530588] vgaarb: loaded
[    0.530724] hpet: 3 channels of 0 reserved for per-cpu timers
[    0.531138] hpet0: at MMIO 0xfed00000, IRQs 2, 8, 0
[    0.531220] hpet0: 3 comparators, 64-bit 100.000000 MHz counter
[    0.535107] clocksource: Switched to clocksource tsc-early
[    0.537010] VFS: Disk quotas dquot_6.6.0
[    0.537101] VFS: Dquot-cache hash table entries: 512 (order 0, 4096 bytes)
[    0.538449] pnp: PnP ACPI init
[    0.539664] pnp 00:02: [dma 2]
[    0.540655] pnp: PnP ACPI: found 5 devices
[    0.554290] clocksource: acpi_pm: mask: 0xffffff max_cycles: 0xffffff, max_idle_ns: 2085701024 ns
[    0.554715] NET: Registered PF_INET protocol family
[    0.555295] IP idents hash table entries: 4096 (order: 3, 32768 bytes, linear)
[    0.556819] tcp_listen_portaddr_hash hash table entries: 256 (order: 0, 4096 bytes, linear)
[    0.557016] Table-perturb hash table entries: 65536 (order: 6, 262144 bytes, linear)
[    0.557096] TCP established hash table entries: 2048 (order: 2, 16384 bytes, linear)
[    0.557238] TCP bind hash table entries: 2048 (order: 4, 65536 bytes, linear)
[    0.557387] TCP: Hash tables configured (established 2048 bind 2048)
[    0.558164] UDP hash table entries: 256 (order: 2, 16384 bytes, linear)
[    0.559215] pci_bus 0000:00: resource 4 [io  0x0000-0x0cf7 window]
[    0.559269] pci_bus 0000:00: resource 5 [io  0x0d00-0xffff window]
[    0.559313] pci_bus 0000:00: resource 6 [mem 0x000a0000-0x000bffff window]
[    0.559367] pci_bus 0000:00: resource 7 [mem 0x10000000-0xfebfffff window]
[    0.559433] pci_bus 0000:00: resource 8 [mem 0x100000000-0x17fffffff window]
[    0.559756] pci 0000:00:01.0: PIIX3: Enabling Passive Release
[    0.559843] pci 0000:00:00.0: Limiting direct PCI/PCI transfers
[    0.559958] PCI: CLS 0 bytes, default 64
[    0.562259] Unpacking initramfs...
[    0.566706] Initialise system trusted keyrings
[    0.567521] workingset: timestamp_bits=56 (anon: 52) max_order=16 bucket_order=0 (anon: 0)
[    0.569810] Key type asymmetric registered
[    0.569885] Asymmetric key parser 'x509' registered
[    0.570018] Block layer SCSI generic (bsg) driver version 0.4 loaded (major 250)
[    0.570289] io scheduler mq-deadline registered
[    0.570349] io scheduler kyber registered
[    0.572484] input: Power Button as /devices/platform/LNXPWRBN:00/input/input0
[    0.573077] ACPI: button: Power Button [PWRF]
[    0.577099] Serial: 8250/16550 driver, 4 ports, IRQ sharing enabled
[    0.579371] 00:04: ttyS0 at I/O 0x3f8 (irq = 4, base_baud = 115200) is a 16550A
[    0.584971] Non-volatile memory driver v1.3
[    0.594899] loop: module loaded
[    0.600966] scsi host0: ata_piix
[    0.601953] scsi host1: ata_piix
[    0.602218] ata1: PATA max MWDMA2 cmd 0x1f0 ctl 0x3f6 bmdma 0xc040 irq 14 lpm-pol 0
[    0.602287] ata2: PATA max MWDMA2 cmd 0x170 ctl 0x376 bmdma 0xc048 irq 15 lpm-pol 0
[    0.605103] i8042: PNP: PS/2 Controller [PNP0303:KBD,PNP0f13:MOU] at 0x60,0x64 irq 1,12
[    0.606933] serio: i8042 KBD port at 0x60,0x64 irq 1
[    0.607103] serio: i8042 AUX port at 0x60,0x64 irq 12
[    0.608373] rtc_cmos PNP0B00:00: RTC can wake from S4
[    0.609594] input: AT Translated Set 2 keyboard as /devices/platform/i8042/serio0/input/input1
[    0.612906] rtc_cmos PNP0B00:00: registered as rtc0
[    0.613762] rtc_cmos PNP0B00:00: alarms up to one day, y3k, 242 bytes nvram, hpet irqs
[    0.614759] device-mapper: ioctl: 4.50.0-ioctl (2025-04-28) initialised: dm-devel@lists.linux.dev
[    0.614988] amd_pstate: the _CPC object is not present in SBIOS or ACPI disabled
[    0.615160] hid: raw HID events driver (C) Jiri Kosina
[    0.615739] usbcore: registered new interface driver usbhid
[    0.615795] usbhid: USB HID core driver
[    0.616555] NET: Registered PF_INET6 protocol family
[    0.620650] Segment Routing with IPv6
[    0.620802] In-situ OAM (IOAM) with IPv6
[    0.622826] IPI shorthand broadcast: enabled
[    0.630229] sched_clock: Marking stable (617839417, 11528287)->(635830066, -6462362)
[    0.631848] Loading compiled-in X.509 certificates
[    0.638318] Demotion targets for Node 0: null
[    0.640207] PM:   Magic number: 6:160:80
[    0.641007] clk: Disabling unused clocks
[    0.641231] KTAP version 1
[    0.641258] 1..0
[    0.726322] Freeing initrd memory: 8224K
[    0.760991] ata2: found unknown device (class 0)
[    0.763720] ata2.00: ATAPI: QEMU DVD-ROM, 2.5+, max UDMA/100
[    0.769931] scsi 1:0:0:0: CD-ROM            QEMU     QEMU DVD-ROM     2.5+ PQ: 0 ANSI: 5
[    0.783319] sr 1:0:0:0: [sr0] scsi3-mmc drive: 4x/4x cd/rw xa/form2 tray
[    0.793588] cdrom: Uniform CD-ROM driver Revision: 3.20
[    0.800706] sr 1:0:0:0: Attached scsi CD-ROM sr0
[    0.801425] sr 1:0:0:0: Attached scsi generic sg0 type 5
[    0.838233] Freeing unused kernel image (initmem) memory: 2792K
[    0.838378] Write protecting the kernel read-only data: 20480k
[    0.839935] Freeing unused kernel image (text/rodata gap) memory: 1676K
[    0.840380] Freeing unused kernel image (rodata/data gap) memory: 1028K
[    0.925698] x86/mm: Checked W+X mappings: passed, no W+X pages found.
[    0.925877] Run /init as init process
[    0.925905]   with arguments:
[    0.925931]     /init
[    0.925951]     nokaslr
[    0.925969]   with environment:
[    0.925993]     HOME=/
[    0.926013]     TERM=linux
[    0.982502] mount (55) used greatest stack depth: 13208 bytes left
[    0.990230] mount (56) used greatest stack depth: 13120 bytes left
=== insmod runtime fixture mdio-registrar ===
[    1.013800] mdio_registrar: loading out-of-tree module taints kernel.
[    1.018132] REHARNESS_MDIO_DEVICE_READY address=1
REHARNESS_RUNTIME_FIXTURE_MODULE_0_INSMOD_RC=0
=== insmod reharness_mdio_sensor ===
[    1.024530] [rhcov] reharness_mdio_sensor_probe
[    1.024740] reharness_mdio_sensor reharness-mdio-bus:01: REHARNESS_MDIO_DRIVER_PROBE register=0x10 value=0x5a5a
REHARNESS_DRIVER_INSMOD_RC=0
[    1.034936] input: ImExPS/2 Generic Explorer Mouse as /devices/platform/i8042/serio1/input/input3
REHARNESS_DRIVER_PROBE_BOUND=1
=== dmesg ===
[    1.024530] [rhcov] reharness_mdio_sensor_probe
[    1.024740] reharness_mdio_sensor reharness-mdio-bus:01: REHARNESS_MDIO_DRIVER_PROBE register=0x10 value=0x5a5a
=== Linux subsystem test 0 ===
MDIO_TRANSACTION_PASS
REHARNESS_SUBSYSTEM_TEST_0_NAME=mdio-transaction
REHARNESS_SUBSYSTEM_TEST_0_KIND=native
REHARNESS_SUBSYSTEM_TEST_0_PROVIDER=
REHARNESS_SUBSYSTEM_TEST_0_REQUIRED=1
REHARNESS_SUBSYSTEM_TEST_0_RC=0
REHARNESS_SUBSYSTEM_TEST_0_STATUS=pass
=== Linux subsystem test 1 ===
MDIO_INVALID_ADDRESS_PASS
REHARNESS_SUBSYSTEM_TEST_1_NAME=mdio-invalid-address
REHARNESS_SUBSYSTEM_TEST_1_KIND=native
REHARNESS_SUBSYSTEM_TEST_1_PROVIDER=
REHARNESS_SUBSYSTEM_TEST_1_REQUIRED=1
REHARNESS_SUBSYSTEM_TEST_1_RC=0
REHARNESS_SUBSYSTEM_TEST_1_STATUS=pass
=== rmmod reharness_mdio_sensor ===
[    1.081162] [rhcov] reharness_mdio_sensor_remove
[    1.081248] reharness_mdio_sensor reharness-mdio-bus:01: REHARNESS_MDIO_DRIVER_REMOVE
REHARNESS_DRIVER_RMMOD_RC=0
[    1.094782] REHARNESS_MDIO_REGISTRAR_UNLOADED
REHARNESS_RUNTIME_FIXTURE_MODULE_0_RMMOD_RC=0
=== QEMU_RUN_DONE ===
[    1.312302] sysrq: Power Off
[    1.312683] Kernel panic - not syncing: Attempted to kill init! exitcode=0x00000000
[    1.313033] CPU: 1 UID: 0 PID: 1 Comm: init Tainted: G           O        7.1.0-rc7+ #17 PREEMPT(lazy)
[    1.313133] Tainted: [O]=OOT_MODULE
[    1.313158] Hardware name: QEMU Standard PC (i440FX + PIIX, 1996), BIOS rel-1.17.0-0-gb52ca86e094d-prebuilt.qemu.org 04/01/2014
[    1.313288] Call Trace:
[    1.313637]  <TASK>
[    1.313766]  vpanic+0x32f/0x4b0
[    1.313925]  panic+0x63/0x70
[    1.313949]  do_exit+0x952/0xaf0
[    1.313975]  do_group_exit+0x30/0x80
[    1.314000]  __x64_sys_exit_group+0x18/0x20
[    1.314032]  x64_sys_call+0x12e2/0x1880
[    1.314060]  do_syscall_64+0x10e/0x4e0
[    1.314090]  entry_SYSCALL_64_after_hwframe+0x77/0x7f
[    1.314190] RIP: 0033:0x7f31da12831d
[    1.314331] Code: 02 ba ff ff ff ff 89 d0 c3 0f 1f 40 00 f3 0f 1e fa 48 8b 35 ed 4a 11 00 ba e7 00 00 00 eb 07 66 0f 1f 44 00 00 f4 89 d0 0f 05 <48> 3d 00 f0 ff ff 76 f3 f7 d8 64 89 06 eb ec 0f 1f 40 00 f3 0f 1e
[    1.314451] RSP: 002b:00007ffecfc71288 EFLAGS: 00000202 ORIG_RAX: 00000000000000e7
[    1.314511] RAX: ffffffffffffffda RBX: 00007ffecfc71510 RCX: 00007f31da12831d
[    1.314552] RDX: 00000000000000e7 RSI: ffffffffffffff88 RDI: 0000000000000000
[    1.314593] RBP: 00007ffecfc71360 R08: 0000562b3c5c4010 R09: 0000000000000007
[    1.314632] R10: 0000562b3c5c7ac0 R11: 0000000000000202 R12: 0000000000000000
[    1.314672] R13: 00007ffecfc71500 R14: 0000562b1d759dd8 R15: 00007f31da28e000
[    1.314737]  </TASK>
[    1.315117] Kernel Offset: disabled
[    1.315293] Rebooting in 1 seconds..
