c[?7l[2J[0mSeaBIOS (version rel-1.17.0-0-gb52ca86e094d-prebuilt.qemu.org)


iPXE (http://ipxe.org) 00:03.0 CA00 PCI2.10 PnP PMM+0EFD1C90+0EF31C90 CA00
Press Ctrl-B to configure iPXE (PCI 00:03.0)...


Booting from ROM..c[?7l[2JNo EFI environment detected.
early console in extract_kernel
input_data: 0x000000000266d2c4
input_len: 0x000000000094b4db
output: 0x0000000001000000
output_len: 0x0000000001f78348
kernel_total_size: 0x0000000001d7d000
needed_size: 0x0000000002000000
trampoline_32bit: 0x0000000000000000


KASLR disabled: 'nokaslr' on cmdline.


Decompressing Linux... Parsing ELF... No relocation needed... done.
Booting the kernel (entry_offset: 0x0000000001a0e3b0).
[    0.000000] Linux version 7.1.0-rc7+ (yfblock@9950x) (gcc (Ubuntu 13.3.0-6ubuntu2~24.04.1) 13.3.0, GNU ld (GNU Binutils for Ubuntu) 2.42) #17 SMP PREEMPT_DYNAMIC Tue Aug 25 17:24:02 CST 2026
[    0.000000] Command line: console=ttyS0 nokaslr panic=1 ignore_loglevel earlyprintk=serial,ttyS0,115200
[    0.000000] BIOS-provided physical RAM map:
[    0.000000] BIOS-e820: [mem 0x0000000000000000-0x000000000009fbff]  System RAM
[    0.000000] BIOS-e820: [mem 0x000000000009fc00-0x000000000009ffff]  device reserved
[    0.000000] BIOS-e820: [gap 0x00000000000a0000-0x00000000000effff]
[    0.000000] BIOS-e820: [mem 0x00000000000f0000-0x00000000000fffff]  device reserved
[    0.000000] BIOS-e820: [mem 0x0000000000100000-0x000000000ffdffff]  System RAM
[    0.000000] BIOS-e820: [mem 0x000000000ffe0000-0x000000000fffffff]  device reserved
[    0.000000] BIOS-e820: [gap 0x0000000010000000-0x00000000fffbffff]
[    0.000000] BIOS-e820: [mem 0x00000000fffc0000-0x00000000ffffffff]  device reserved
[    0.000000] BIOS-e820: [gap 0x0000000100000000-0x000000fcffffffff]
[    0.000000] BIOS-e820: [mem 0x000000fd00000000-0x000000ffffffffff]  device reserved
[    0.000000] printk: debug: ignoring loglevel setting.
[    0.000000] printk: legacy bootconsole [earlyser0] enabled
[    0.000000] NX (Execute Disable) protection: active
[    0.000000] APIC: Static calls initialized
[    0.000000] DMI: SMBIOS 2.8 present.
[    0.000000] DMI: QEMU Standard PC (i440FX + PIIX, 1996), BIOS rel-1.17.0-0-gb52ca86e094d-prebuilt.qemu.org 04/01/2014
[    0.000000] DMI: Memory slots populated: 1/1
[    0.000000] tsc: Fast TSC calibration using PIT
[    0.000000] tsc: Detected 4300.008 MHz processor
[    0.007936] e820: update [mem 0x00000000-0x00000fff] System RAM ==> device reserved
[    0.008115] e820: remove [mem 0x000a0000-0x000fffff] System RAM
[    0.008270] last_pfn = 0xffe0 max_arch_pfn = 0x400000000
[    0.008706] MTRR map: 4 entries (3 fixed + 1 variable; max 19), built from 8 variable MTRRs
[    0.008864] x86/PAT: Configuration [0-7]: WB  WC  UC- UC  WB  WP  UC- WT
[    0.020601] found SMP MP-table at [mem 0x000f54c0-0x000f54cf]
[    0.023593] RAMDISK: [mem 0x0f771000-0x0ffdffff]
[    0.023868] ACPI: Early table checksum verification disabled
[    0.024189] ACPI: RSDP 0x00000000000F52E0 000014 (v00 BOCHS )
[    0.024391] ACPI: RSDT 0x000000000FFE2383 000034 (v01 BOCHS  BXPC     00000001 BXPC 00000001)
[    0.024883] ACPI: FACP 0x000000000FFE222F 000074 (v01 BOCHS  BXPC     00000001 BXPC 00000001)
[    0.025334] ACPI: DSDT 0x000000000FFE0040 0021EF (v01 BOCHS  BXPC     00000001 BXPC 00000001)
[    0.025433] ACPI: FACS 0x000000000FFE0000 000040
[    0.025495] ACPI: APIC 0x000000000FFE22A3 000080 (v03 BOCHS  BXPC     00000001 BXPC 00000001)
[    0.025559] ACPI: HPET 0x000000000FFE2323 000038 (v01 BOCHS  BXPC     00000001 BXPC 00000001)
[    0.025623] ACPI: WAET 0x000000000FFE235B 000028 (v01 BOCHS  BXPC     00000001 BXPC 00000001)
[    0.025727] ACPI: Reserving FACP table memory at [mem 0xffe222f-0xffe22a2]
[    0.025778] ACPI: Reserving DSDT table memory at [mem 0xffe0040-0xffe222e]
[    0.025820] ACPI: Reserving FACS table memory at [mem 0xffe0000-0xffe003f]
[    0.025862] ACPI: Reserving APIC table memory at [mem 0xffe22a3-0xffe2322]
[    0.025903] ACPI: Reserving HPET table memory at [mem 0xffe2323-0xffe235a]
[    0.025954] ACPI: Reserving WAET table memory at [mem 0xffe235b-0xffe2382]
[    0.027224] No NUMA configuration found
[    0.027267] Faking a node at [mem 0x0000000000000000-0x000000000ffdffff]
[    0.027659] NODE_DATA(0) allocated [mem 0x0f76d680-0x0f770fff]
[    0.028159] ACPI: PM-Timer IO Port: 0x608
[    0.028437] ACPI: LAPIC_NMI (acpi_id[0xff] dfl dfl lint[0x1])
[    0.028699] IOAPIC[0]: apic_id 0, version 32, address 0xfec00000, GSI 0-23
[    0.028808] ACPI: INT_SRC_OVR (bus 0 bus_irq 0 global_irq 2 dfl dfl)
[    0.028984] ACPI: INT_SRC_OVR (bus 0 bus_irq 5 global_irq 5 high level)
[    0.029047] ACPI: INT_SRC_OVR (bus 0 bus_irq 9 global_irq 9 high level)
[    0.029139] ACPI: INT_SRC_OVR (bus 0 bus_irq 10 global_irq 10 high level)
[    0.029182] ACPI: INT_SRC_OVR (bus 0 bus_irq 11 global_irq 11 high level)
[    0.029331] ACPI: Using ACPI (MADT) for SMP configuration information
[    0.029393] ACPI: HPET id: 0x8086a201 base: 0xfed00000
[    0.029656] CPU topo: Max. logical packages:   1
[    0.029708] CPU topo: Max. logical nodes:      1
[    0.029742] CPU topo: Num. nodes per package:  1
[    0.029803] CPU topo: Max. logical dies:       1
[    0.029836] CPU topo: Max. dies per package:   1
[    0.029898] CPU topo: Max. threads per core:   1
[    0.030006] CPU topo: Num. cores per package:     2
[    0.030046] CPU topo: Num. threads per package:   2
[    0.030081] CPU topo: Allowing 2 present CPUs plus 0 hotplug CPUs
[    0.030588] PM: hibernation: Registered nosave memory: [mem 0x00000000-0x00000fff]
[    0.030654] PM: hibernation: Registered nosave memory: [mem 0x0009f000-0x000fffff]
[    0.030766] [gap 0x10000000-0xfffbffff] available for PCI devices
[    0.030835] Booting paravirtualized kernel on bare hardware
[    0.031050] clocksource: refined-jiffies: mask: 0xffffffff max_cycles: 0xffffffff, max_idle_ns: 1910969940391419 ns
[    0.038445] Zone ranges:
[    0.038482]   DMA      [mem 0x0000000000001000-0x0000000000ffffff]
[    0.038560]   DMA32    [mem 0x0000000001000000-0x000000000ffdffff]
[    0.038603]   Normal   empty
[    0.038636] Movable zone start for each node
[    0.038675] Early memory node ranges
[    0.038716]   node   0: [mem 0x0000000000001000-0x000000000009efff]
[    0.038826]   node   0: [mem 0x0000000000100000-0x000000000ffdffff]
[    0.038936] Initmem setup node 0 [mem 0x0000000000001000-0x000000000ffdffff]
[    0.039493] On node 0, zone DMA: 1 pages in unavailable ranges
[    0.039704] On node 0, zone DMA: 97 pages in unavailable ranges
[    0.040839] On node 0, zone DMA32: 32 pages in unavailable ranges
[    0.040998] setup_percpu: NR_CPUS:64 nr_cpumask_bits:2 nr_cpu_ids:2 nr_node_ids:1
[    0.042003] percpu: Embedded 52 pages/cpu s175064 r8192 d29736 u1048576
[    0.042278] pcpu-alloc: s175064 r8192 d29736 u1048576 alloc=1*2097152
[    0.042366] pcpu-alloc: [0] 0 1
[    0.043232] Kernel command line: console=ttyS0 nokaslr panic=1 ignore_loglevel earlyprintk=serial,ttyS0,115200
[    0.043952] Unknown kernel command line parameters "nokaslr", will be passed to user space.
[    0.044130] printk: log buffer data + meta data: 262144 + 917504 = 1179648 bytes
[    0.044371] Dentry cache hash table entries: 32768 (order: 6, 262144 bytes, linear)
[    0.044495] Inode-cache hash table entries: 16384 (order: 5, 131072 bytes, linear)
[    0.046012] Fallback order for Node 0: 0
[    0.046273] Built 1 zonelists, mobility grouping on.  Total pages: 65406
[    0.046354] Policy zone: DMA32
[    0.046519] mem auto-init: stack:all(zero), heap alloc:off, heap free:off
[    0.051836] SLUB: HWalign=64, Order=0-3, MinObjects=0, CPUs=2, Nodes=1
Poking KASLR using RDTSC...
[    0.073431] ftrace: allocating 38031 entries in 150 pages
[    0.073692] ftrace: allocated 150 pages with 4 groups
[    0.078179] Dynamic Preempt: lazy
[    0.079918] rcu: Preemptible hierarchical RCU implementation.
[    0.079962] rcu: 	RCU event tracing is enabled.
[    0.080001] rcu: 	RCU restricting CPUs from NR_CPUS=64 to nr_cpu_ids=2.
[    0.080124] 	Trampoline variant of Tasks RCU enabled.
[    0.080158] 	Rude variant of Tasks RCU enabled.
[    0.080187] 	Tracing variant of Tasks RCU enabled.
[    0.080274] rcu: RCU calculated value of scheduler-enlistment delay is 100 jiffies.
[    0.080330] rcu: Adjusting geometry for rcu_fanout_leaf=16, nr_cpu_ids=2
[    0.081037] RCU Tasks: Setting shift to 1 and lim to 1 rcu_task_cb_adjust=1 rcu_task_cpu_ids=2.
[    0.081099] RCU Tasks Rude: Setting shift to 1 and lim to 1 rcu_task_cb_adjust=1 rcu_task_cpu_ids=2.
[    0.095732] NR_IRQS: 4352, nr_irqs: 440, preallocated irqs: 16
[    0.101143] rcu: srcu_init: Setting srcu_struct sizes based on contention.
[    0.105636] Console: colour VGA+ 80x25
[    0.106767] printk: legacy console [ttyS0] enabled
[    0.106767] printk: legacy console [ttyS0] enabled
[    0.107052] printk: legacy bootconsole [earlyser0] disabled
[    0.107052] printk: legacy bootconsole [earlyser0] disabled
[    0.107914] ACPI: Core revision 20251212
[    0.111073] clocksource: hpet: mask: 0xffffffff max_cycles: 0xffffffff, max_idle_ns: 19112604467 ns
[    0.112266] APIC: Switch to symmetric I/O mode setup
[    0.116633] ..TIMER: vector=0x30 apic1=0 pin1=2 apic2=-1 pin2=-1
[    0.121925] clocksource: tsc-early: mask: 0xffffffffffffffff max_cycles: 0x3dfb6b5d290, max_idle_ns: 440795387389 ns
[    0.122204] Calibrating delay loop (skipped), value calculated using timer frequency.. 8600.01 BogoMIPS (lpj=4300008)
[    0.124403] Last level iTLB entries: 4KB 512, 2MB 255, 4MB 127
[    0.124465] Last level dTLB entries: 4KB 512, 2MB 255, 4MB 127, 1GB 0
[    0.124639] mitigations: Enabled attack vectors: user_kernel, user_user, SMT mitigations: auto
[    0.124905] Spectre V2 : Mitigation: Retpolines
[    0.125005] Spectre V1 : Mitigation: usercopy/swapgs barriers and __user pointer sanitization
[    0.125129] Spectre V2 : Spectre v2 / SpectreRSB: Filling RSB on context switch and VMEXIT
[    0.125599] x86/fpu: x87 FPU will use FXSAVE
[    0.188197] pid_max: default: 32768 minimum: 301
[    0.196715] Mount-cache hash table entries: 512 (order: 0, 4096 bytes, linear)
[    0.196839] Mountpoint-cache hash table entries: 512 (order: 0, 4096 bytes, linear)
[    0.201497] VFS: Finished mounting rootfs on nullfs
[    0.315074] smpboot: CPU0: AMD QEMU Virtual CPU version 2.5+ (family: 0xf, model: 0x6b, stepping: 0x1)
[    0.319556] Performance Events: PMU not available due to virtualization, using software events only.
[    0.320150] signal: max sigframe size: 1440
[    0.321729] rcu: Hierarchical SRCU implementation.
[    0.321799] rcu: 	Max phase no-delay instances is 400.
[    0.322478] Timer migration: 1 hierarchy levels; 8 children per group; 1 crossnode level
[    0.324854] smp: Bringing up secondary CPUs ...
[    0.328770] smpboot: x86: Booting SMP configuration:
[    0.328829] .... node  #0, CPUs:      #1
[    0.398403] smp: Brought up 1 node, 2 CPUs
[    0.398559] smpboot: Total of 2 processors activated (17203.51 BogoMIPS)
[    0.404434] Memory: 213888K/261624K available (12659K kernel code, 2337K rwdata, 5116K rodata, 2792K init, 544K bss, 44300K reserved, 0K cma-reserved)
[    0.409121] devtmpfs: initialized
[    0.414254] clocksource: jiffies: mask: 0xffffffff max_cycles: 0xffffffff, max_idle_ns: 1911260446275000 ns
[    0.415153] posixtimers hash table entries: 1024 (order: 2, 16384 bytes, linear)
[    0.415365] futex hash table entries: 512 (32768 bytes on 1 NUMA nodes, total 32 KiB, linear).
[    0.417754] PM: RTC time: 13:04:47, date: 2026-08-30
[    0.420326] NET: Registered PF_NETLINK/PF_ROUTE protocol family
[    0.424538] thermal_sys: Registered thermal governor 'step_wise'
[    0.424877] cpuidle: using governor menu
[    0.425915] Freeing SMP alternatives memory: 36K
[    0.427276] PCI: Using configuration type 1 for base access
[    0.427534] mtrr: your CPUs had inconsistent fixed MTRR settings
[    0.427584] mtrr: your CPUs had inconsistent variable MTRR settings
[    0.427630] mtrr: your CPUs had inconsistent MTRRdefType settings
[    0.427687] mtrr: probably your BIOS does not setup all CPUs.
[    0.427726] mtrr: corrected configuration.
[    0.429042] kprobes: kprobe jump-optimization is enabled. All kprobes are optimized if possible.
[    0.430455] HugeTLB: registered 2.00 MiB page size, pre-allocated 0 pages
[    0.430528] HugeTLB: 28 KiB vmemmap can be freed for a 2.00 MiB page
[    0.432937] ACPI: Added _OSI(Module Device)
[    0.432985] ACPI: Added _OSI(Processor Device)
[    0.433018] ACPI: Added _OSI(Processor Aggregator Device)
[    0.444272] ACPI: 1 ACPI AML tables successfully acquired and loaded
[    0.454352] ACPI: \_SB_: platform _OSC: OS support mask [002a7eee]
[    0.459270] ACPI: Interpreter enabled
[    0.459899] ACPI: PM: (supports S0 S3 S4 S5)
[    0.459954] ACPI: Using IOAPIC for interrupt routing
[    0.460187] PCI: Using host bridge windows from ACPI; if necessary, use "pci=nocrs" and report a bug
[    0.460265] PCI: Using E820 reservations for host bridge windows
[    0.461100] ACPI: Enabled 2 GPEs in block 00 to 0F
[    0.495183] ACPI: PCI Root Bridge [PCI0] (domain 0000 [bus 00-ff])
[    0.495634] acpi PNP0A03:00: _OSC: OS supports [ASPM ClockPM Segments MSI HPX-Type3]
[    0.495777] acpi PNP0A03:00: _OSC: not requesting OS control; OS requires [ExtendedConfig ASPM ClockPM MSI]
[    0.496010] acpi PNP0A03:00: _OSC: platform retains control of PCIe features (AE_ERROR)
[    0.496329] acpi PNP0A03:00: fail to add MMCONFIG information, can't access extended configuration space under this bridge
[    0.498160] PCI host bridge to bus 0000:00
[    0.498315] pci_bus 0000:00: root bus resource [io  0x0000-0x0cf7 window]
[    0.498427] pci_bus 0000:00: root bus resource [io  0x0d00-0xffff window]
[    0.498473] pci_bus 0000:00: root bus resource [mem 0x000a0000-0x000bffff window]
[    0.498540] pci_bus 0000:00: root bus resource [mem 0x10000000-0xfebfffff window]
[    0.498589] pci_bus 0000:00: root bus resource [mem 0x100000000-0x17fffffff window]
[    0.498707] pci_bus 0000:00: root bus resource [bus 00-ff]
[    0.499519] pci 0000:00:00.0: [8086:1237] type 00 class 0x060000 conventional PCI endpoint
[    0.501925] pci 0000:00:01.0: [8086:7000] type 00 class 0x060100 conventional PCI endpoint
[    0.502298] pci 0000:00:01.1: [8086:7010] type 00 class 0x010180 conventional PCI endpoint
[    0.502676] pci 0000:00:01.1: BAR 4 [io  0xc040-0xc04f]
[    0.502760] pci 0000:00:01.1: BAR 0 [io  0x01f0-0x01f7]: legacy IDE quirk
[    0.502819] pci 0000:00:01.1: BAR 1 [io  0x03f6]: legacy IDE quirk
[    0.502876] pci 0000:00:01.1: BAR 2 [io  0x0170-0x0177]: legacy IDE quirk
[    0.502928] pci 0000:00:01.1: BAR 3 [io  0x0376]: legacy IDE quirk
[    0.503329] pci 0000:00:01.3: [8086:7113] type 00 class 0x068000 conventional PCI endpoint
[    0.503585] pci 0000:00:01.3: quirk: [io  0x0600-0x063f] claimed by PIIX4 ACPI
[    0.503651] pci 0000:00:01.3: quirk: [io  0x0700-0x070f] claimed by PIIX4 SMB
[    0.503966] pci 0000:00:02.0: [1234:1111] type 00 class 0x030000 conventional PCI endpoint
[    0.504226] pci 0000:00:02.0: BAR 0 [mem 0xfd000000-0xfdffffff pref]
[    0.504307] pci 0000:00:02.0: BAR 2 [mem 0xfebf0000-0xfebf0fff]
[    0.504349] pci 0000:00:02.0: ROM [mem 0xfebe0000-0xfebeffff pref]
[    0.504523] pci 0000:00:02.0: Video device with shadowed ROM at [mem 0x000c0000-0x000dffff]
[    0.504901] pci 0000:00:03.0: [8086:100e] type 00 class 0x020000 conventional PCI endpoint
[    0.505518] pci 0000:00:03.0: BAR 0 [mem 0xfebc0000-0xfebdffff]
[    0.505573] pci 0000:00:03.0: BAR 1 [io  0xc000-0xc03f]
[    0.505612] pci 0000:00:03.0: ROM [mem 0xfeb80000-0xfebbffff pref]
[    0.511208] ACPI: PCI: Interrupt link LNKA configured for IRQ 10
[    0.511673] ACPI: PCI: Interrupt link LNKB configured for IRQ 10
[    0.511998] ACPI: PCI: Interrupt link LNKC configured for IRQ 11
[    0.512354] ACPI: PCI: Interrupt link LNKD configured for IRQ 11
[    0.512513] ACPI: PCI: Interrupt link LNKS configured for IRQ 9
[    0.514541] iommu: Default domain type: Translated
[    0.514606] iommu: DMA domain TLB invalidation policy: lazy mode
[    0.515454] SCSI subsystem initialized
[    0.515554] libata version 3.00 loaded.
[    0.516325] ACPI: bus type USB registered
[    0.516620] usbcore: registered new interface driver usbfs
[    0.516817] usbcore: registered new interface driver hub
[    0.516913] usbcore: registered new device driver usb
[    0.517130] pps_core: LinuxPPS API ver. 1 registered
[    0.517170] pps_core: Software ver. 5.3.6 - Copyright 2005-2007 Rodolfo Giometti <giometti@linux.it>
[    0.517256] PTP clock support registered
[    0.521719] PCI: Using ACPI for IRQ routing
[    0.521825] PCI: pci_cache_line_size set to 64 bytes
[    0.522058] e820: register RAM buffer resource [mem 0x0009fc00-0x0009ffff]
[    0.522168] e820: register RAM buffer resource [mem 0x0ffe0000-0x0fffffff]
[    0.524425] pci 0000:00:02.0: vgaarb: setting as boot VGA device
[    0.524506] pci 0000:00:02.0: vgaarb: bridge control possible
[    0.524569] pci 0000:00:02.0: vgaarb: VGA device added: decodes=io+mem,owns=io+mem,locks=none
[    0.524637] vgaarb: loaded
[    0.525543] hpet: 3 channels of 0 reserved for per-cpu timers
[    0.525717] hpet0: at MMIO 0xfed00000, IRQs 2, 8, 0
[    0.525809] hpet0: 3 comparators, 64-bit 100.000000 MHz counter
[    0.529640] clocksource: Switched to clocksource tsc-early
[    0.530417] VFS: Disk quotas dquot_6.6.0
[    0.530514] VFS: Dquot-cache hash table entries: 512 (order 0, 4096 bytes)
[    0.533450] pnp: PnP ACPI init
[    0.534637] pnp 00:02: [dma 2]
[    0.535616] pnp: PnP ACPI: found 5 devices
[    0.549696] clocksource: acpi_pm: mask: 0xffffff max_cycles: 0xffffff, max_idle_ns: 2085701024 ns
[    0.550103] NET: Registered PF_INET protocol family
[    0.550654] IP idents hash table entries: 4096 (order: 3, 32768 bytes, linear)
[    0.552179] tcp_listen_portaddr_hash hash table entries: 256 (order: 0, 4096 bytes, linear)
[    0.552376] Table-perturb hash table entries: 65536 (order: 6, 262144 bytes, linear)
[    0.552464] TCP established hash table entries: 2048 (order: 2, 16384 bytes, linear)
[    0.552603] TCP bind hash table entries: 2048 (order: 4, 65536 bytes, linear)
[    0.552753] TCP: Hash tables configured (established 2048 bind 2048)
[    0.553528] UDP hash table entries: 256 (order: 2, 16384 bytes, linear)
[    0.554574] pci_bus 0000:00: resource 4 [io  0x0000-0x0cf7 window]
[    0.554627] pci_bus 0000:00: resource 5 [io  0x0d00-0xffff window]
[    0.554670] pci_bus 0000:00: resource 6 [mem 0x000a0000-0x000bffff window]
[    0.554736] pci_bus 0000:00: resource 7 [mem 0x10000000-0xfebfffff window]
[    0.554783] pci_bus 0000:00: resource 8 [mem 0x100000000-0x17fffffff window]
[    0.555100] pci 0000:00:01.0: PIIX3: Enabling Passive Release
[    0.555186] pci 0000:00:00.0: Limiting direct PCI/PCI transfers
[    0.555299] PCI: CLS 0 bytes, default 64
[    0.558305] Unpacking initramfs...
[    0.563297] Initialise system trusted keyrings
[    0.564866] workingset: timestamp_bits=56 (anon: 52) max_order=16 bucket_order=0 (anon: 0)
[    0.567128] Key type asymmetric registered
[    0.567204] Asymmetric key parser 'x509' registered
[    0.567339] Block layer SCSI generic (bsg) driver version 0.4 loaded (major 250)
[    0.567603] io scheduler mq-deadline registered
[    0.567661] io scheduler kyber registered
[    0.570056] input: Power Button as /devices/platform/LNXPWRBN:00/input/input0
[    0.570635] ACPI: button: Power Button [PWRF]
[    0.573383] Serial: 8250/16550 driver, 4 ports, IRQ sharing enabled
[    0.575588] 00:04: ttyS0 at I/O 0x3f8 (irq = 4, base_baud = 115200) is a 16550A
[    0.580717] Non-volatile memory driver v1.3
[    0.590535] loop: module loaded
[    0.595555] scsi host0: ata_piix
[    0.596796] scsi host1: ata_piix
[    0.597067] ata1: PATA max MWDMA2 cmd 0x1f0 ctl 0x3f6 bmdma 0xc040 irq 14 lpm-pol 0
[    0.597133] ata2: PATA max MWDMA2 cmd 0x170 ctl 0x376 bmdma 0xc048 irq 15 lpm-pol 0
[    0.599968] i8042: PNP: PS/2 Controller [PNP0303:KBD,PNP0f13:MOU] at 0x60,0x64 irq 1,12
[    0.601780] serio: i8042 KBD port at 0x60,0x64 irq 1
[    0.601939] serio: i8042 AUX port at 0x60,0x64 irq 12
[    0.603229] rtc_cmos PNP0B00:00: RTC can wake from S4
[    0.605461] rtc_cmos PNP0B00:00: registered as rtc0
[    0.606282] rtc_cmos PNP0B00:00: alarms up to one day, y3k, 242 bytes nvram, hpet irqs
[    0.607182] input: AT Translated Set 2 keyboard as /devices/platform/i8042/serio0/input/input1
[    0.610065] device-mapper: ioctl: 4.50.0-ioctl (2025-04-28) initialised: dm-devel@lists.linux.dev
[    0.610362] amd_pstate: the _CPC object is not present in SBIOS or ACPI disabled
[    0.610555] hid: raw HID events driver (C) Jiri Kosina
[    0.610984] usbcore: registered new interface driver usbhid
[    0.611033] usbhid: USB HID core driver
[    0.611633] NET: Registered PF_INET6 protocol family
[    0.616010] Segment Routing with IPv6
[    0.616146] In-situ OAM (IOAM) with IPv6
[    0.617918] IPI shorthand broadcast: enabled
[    0.625649] sched_clock: Marking stable (613187716, 11497611)->(627041732, -2356405)
[    0.626956] Loading compiled-in X.509 certificates
[    0.633330] Demotion targets for Node 0: null
[    0.635162] PM:   Magic number: 6:160:80
[    0.635948] clk: Disabling unused clocks
[    0.636160] KTAP version 1
[    0.636185] 1..0
[    0.731148] Freeing initrd memory: 8636K
[    0.753670] ata2: found unknown device (class 0)
[    0.755682] ata2.00: ATAPI: QEMU DVD-ROM, 2.5+, max UDMA/100
[    0.762022] scsi 1:0:0:0: CD-ROM            QEMU     QEMU DVD-ROM     2.5+ PQ: 0 ANSI: 5
[    0.776405] sr 1:0:0:0: [sr0] scsi3-mmc drive: 4x/4x cd/rw xa/form2 tray
[    0.786547] cdrom: Uniform CD-ROM driver Revision: 3.20
[    0.793647] sr 1:0:0:0: Attached scsi CD-ROM sr0
[    0.794715] sr 1:0:0:0: Attached scsi generic sg0 type 5
[    0.832302] Freeing unused kernel image (initmem) memory: 2792K
[    0.832489] Write protecting the kernel read-only data: 20480k
[    0.834301] Freeing unused kernel image (text/rodata gap) memory: 1676K
[    0.834796] Freeing unused kernel image (rodata/data gap) memory: 1028K
[    0.920238] x86/mm: Checked W+X mappings: passed, no W+X pages found.
[    0.920428] Run /init as init process
[    0.920457]   with arguments:
[    0.920482]     /init
[    0.920503]     nokaslr
[    0.920521]   with environment:
[    0.920546]     HOME=/
[    0.920566]     TERM=linux
[    0.980268] mount (54) used greatest stack depth: 13208 bytes left
[    0.988658] mount (55) used greatest stack depth: 13120 bytes left
=== insmod required kernel module spidev ===
REHARNESS_KERNEL_MODULE_0_NAME=spidev
REHARNESS_KERNEL_MODULE_0_INSMOD_RC=0
=== insmod runtime fixture spi-registrar ===
[    1.022314] spi_registrar: loading out-of-tree module taints kernel.
[    1.024985] REHARNESS_SPI_REGISTRAR_READY chip_select=0
[    1.025354] input: ImExPS/2 Generic Explorer Mouse as /devices/platform/i8042/serio1/input/input3
[    1.025865] insmod (62) used greatest stack depth: 13000 bytes left
REHARNESS_RUNTIME_FIXTURE_MODULE_0_INSMOD_RC=0
=== insmod reharness_spi_sensor ===
[    1.030419] [rhcov] reharness_spi_sensor_probe
[    1.031315] reharness_spi_sens spi0.0: REHARNESS_SPI_DRIVER_PROBE register=0x10 value=0xa6
REHARNESS_DRIVER_INSMOD_RC=0
REHARNESS_DRIVER_PROBE_BOUND=1
=== dmesg ===
[    1.030419] [rhcov] reharness_spi_sensor_probe
[    1.031315] reharness_spi_sens spi0.0: REHARNESS_SPI_DRIVER_PROBE register=0x10 value=0xa6
=== Linux subsystem test 0 ===
SPI_TRANSFER_PASS
SPI_INVALID_CHIP_SELECT_PASS
REHARNESS_SUBSYSTEM_TEST_0_NAME=spi-transfer
REHARNESS_SUBSYSTEM_TEST_0_KIND=native
REHARNESS_SUBSYSTEM_TEST_0_PROVIDER=
REHARNESS_SUBSYSTEM_TEST_0_REQUIRED=1
REHARNESS_SUBSYSTEM_TEST_0_RC=0
REHARNESS_SUBSYSTEM_TEST_0_STATUS=pass
=== Linux subsystem test 1 ===
SPI_TRANSFER_PASS
SPI_INVALID_CHIP_SELECT_PASS
REHARNESS_SUBSYSTEM_TEST_1_NAME=spi-invalid-chip-select
REHARNESS_SUBSYSTEM_TEST_1_KIND=native
REHARNESS_SUBSYSTEM_TEST_1_PROVIDER=
REHARNESS_SUBSYSTEM_TEST_1_REQUIRED=1
REHARNESS_SUBSYSTEM_TEST_1_RC=0
REHARNESS_SUBSYSTEM_TEST_1_STATUS=pass
=== Linux subsystem test 2 ===
spi mode: 0x0
bits per word: 8
max speed: 500000 Hz (500 kHz)
REHARNESS_SUBSYSTEM_TEST_2_NAME=linux-spidev-tool
REHARNESS_SUBSYSTEM_TEST_2_KIND=tool
REHARNESS_SUBSYSTEM_TEST_2_PROVIDER=linux-spidev
REHARNESS_SUBSYSTEM_TEST_2_REQUIRED=1
REHARNESS_SUBSYSTEM_TEST_2_RC=0
REHARNESS_SUBSYSTEM_TEST_2_STATUS=pass
=== rmmod reharness_spi_sensor ===
[    1.095572] [rhcov] reharness_spi_sensor_remove
[    1.095643] reharness_spi_sens spi0.0: REHARNESS_SPI_DRIVER_REMOVE
REHARNESS_DRIVER_RMMOD_RC=0
[    1.110943] REHARNESS_SPI_REGISTRAR_UNLOADED
REHARNESS_RUNTIME_FIXTURE_MODULE_0_RMMOD_RC=0
=== QEMU_RUN_DONE ===
[    1.325748] sysrq: Power Off
[    1.326074] Kernel panic - not syncing: Attempted to kill init! exitcode=0x00000000
[    1.326425] CPU: 0 UID: 0 PID: 1 Comm: init Tainted: G           O        7.1.0-rc7+ #17 PREEMPT(lazy)
[    1.326526] Tainted: [O]=OOT_MODULE
[    1.326564] Hardware name: QEMU Standard PC (i440FX + PIIX, 1996), BIOS rel-1.17.0-0-gb52ca86e094d-prebuilt.qemu.org 04/01/2014
[    1.326688] Call Trace:
[    1.327025]  <TASK>
[    1.327161]  vpanic+0x32f/0x4b0
[    1.327321]  panic+0x63/0x70
[    1.327344]  do_exit+0x952/0xaf0
[    1.327369]  do_group_exit+0x30/0x80
[    1.327392]  __x64_sys_exit_group+0x18/0x20
[    1.327423]  x64_sys_call+0x12e2/0x1880
[    1.327448]  do_syscall_64+0x10e/0x4e0
[    1.327477]  entry_SYSCALL_64_after_hwframe+0x77/0x7f
[    1.327590] RIP: 0033:0x7fef549b631d
[    1.327731] Code: 02 ba ff ff ff ff 89 d0 c3 0f 1f 40 00 f3 0f 1e fa 48 8b 35 ed 4a 11 00 ba e7 00 00 00 eb 07 66 0f 1f 44 00 00 f4 89 d0 0f 05 <48> 3d 00 f0 ff ff 76 f3 f7 d8 64 89 06 eb ec 0f 1f 40 00 f3 0f 1e
[    1.327857] RSP: 002b:00007ffe531d9e48 EFLAGS: 00000206 ORIG_RAX: 00000000000000e7
[    1.327918] RAX: ffffffffffffffda RBX: 00007ffe531da0d0 RCX: 00007fef549b631d
[    1.327960] RDX: 00000000000000e7 RSI: ffffffffffffff88 RDI: 0000000000000000
[    1.328001] RBP: 00007ffe531d9f20 R08: 000055af8ee46010 R09: 0000000000000007
[    1.328042] R10: 000055af8ee49aa0 R11: 0000000000000206 R12: 0000000000000000
[    1.328083] R13: 00007ffe531da0c0 R14: 000055af66229dd8 R15: 00007fef54b1c000
[    1.328147]  </TASK>
[    1.328752] Kernel Offset: disabled
[    1.328924] Rebooting in 1 seconds..
