c[?7l[2J[0mSeaBIOS (version rel-1.17.0-0-gb52ca86e094d-prebuilt.qemu.org)


iPXE (http://ipxe.org) 00:03.0 CA00 PCI2.10 PnP PMM+0EFD1C40+0EF31C40 CA00
Press Ctrl-B to configure iPXE (PCI 00:03.0)...                                                                               


Booting from ROM..c[?7l[2JNo EFI environment detected.
early console in extract_kernel
input_data: 0x000000000266c2c4
input_len: 0x000000000095c97d
output: 0x0000000001000000
output_len: 0x0000000001f8870c
kernel_total_size: 0x0000000001d8c000
needed_size: 0x0000000002000000
trampoline_32bit: 0x0000000000000000


KASLR disabled: 'nokaslr' on cmdline.


Decompressing Linux... Parsing ELF... No relocation needed... done.
Booting the kernel (entry_offset: 0x0000000001a193b0).
[    0.000000] Linux version 7.1.0-rc7+ (yfblock@9950x) (gcc (Ubuntu 13.3.0-6ubuntu2~24.04.1) 13.3.0, GNU ld (GNU Binutils for Ubuntu) 2.42) #18 SMP PREEMPT_DYNAMIC Mon Aug 31 01:09:14 CST 2026
[    0.000000] Command line: console=ttyS0 nokaslr panic=1 ignore_loglevel earlyprintk=serial,ttyS0,115200
[    0.000000] BIOS-provided physical RAM map:
[    0.000000] BIOS-e820: [mem 0x0000000000000000-0x000000000009fbff]  System RAM
[    0.000000] BIOS-e820: [mem 0x000000000009fc00-0x000000000009ffff]  device reserved
[    0.000000] BIOS-e820: [gap 0x00000000000a0000-0x00000000000effff]
[    0.000000] BIOS-e820: [mem 0x00000000000f0000-0x00000000000fffff]  device reserved
[    0.000000] BIOS-e820: [mem 0x0000000000100000-0x000000000ffdffff]  System RAM
[    0.000000] BIOS-e820: [mem 0x000000000ffe0000-0x000000000fffffff]  device reserved
[    0.000000] BIOS-e820: [gap 0x0000000010000000-0x00000000fffbffff]
[    0.000000] BIOS-e820: [mem 0x00000000fffc0000-0x00000000ffffffff]  device reserved
[    0.000000] BIOS-e820: [gap 0x0000000100000000-0x000000fcffffffff]
[    0.000000] BIOS-e820: [mem 0x000000fd00000000-0x000000ffffffffff]  device reserved
[    0.000000] printk: debug: ignoring loglevel setting.
[    0.000000] printk: legacy bootconsole [earlyser0] enabled
[    0.000000] NX (Execute Disable) protection: active
[    0.000000] APIC: Static calls initialized
[    0.000000] DMI: SMBIOS 2.8 present.
[    0.000000] DMI: QEMU Standard PC (i440FX + PIIX, 1996), BIOS rel-1.17.0-0-gb52ca86e094d-prebuilt.qemu.org 04/01/2014
[    0.000000] DMI: Memory slots populated: 1/1
[    0.000000] tsc: Fast TSC calibration using PIT
[    0.000000] tsc: Detected 4300.086 MHz processor
[    0.007897] e820: update [mem 0x00000000-0x00000fff] System RAM ==> device reserved
[    0.008068] e820: remove [mem 0x000a0000-0x000fffff] System RAM
[    0.008214] last_pfn = 0xffe0 max_arch_pfn = 0x400000000
[    0.008643] MTRR map: 4 entries (3 fixed + 1 variable; max 19), built from 8 variable MTRRs
[    0.008794] x86/PAT: Configuration [0-7]: WB  WC  UC- UC  WB  WP  UC- WT  
[    0.020374] found SMP MP-table at [mem 0x000f54b0-0x000f54bf]
[    0.023394] RAMDISK: [mem 0x0f82f000-0x0ffdffff]
[    0.023662] ACPI: Early table checksum verification disabled
[    0.023963] ACPI: RSDP 0x00000000000F52D0 000014 (v00 BOCHS )
[    0.024151] ACPI: RSDT 0x000000000FFE2389 000034 (v01 BOCHS  BXPC     00000001 BXPC 00000001)
[    0.024633] ACPI: FACP 0x000000000FFE2235 000074 (v01 BOCHS  BXPC     00000001 BXPC 00000001)
[    0.025051] ACPI: DSDT 0x000000000FFE0040 0021F5 (v01 BOCHS  BXPC     00000001 BXPC 00000001)
[    0.025148] ACPI: FACS 0x000000000FFE0000 000040
[    0.025208] ACPI: APIC 0x000000000FFE22A9 000080 (v03 BOCHS  BXPC     00000001 BXPC 00000001)
[    0.025264] ACPI: HPET 0x000000000FFE2329 000038 (v01 BOCHS  BXPC     00000001 BXPC 00000001)
[    0.025319] ACPI: WAET 0x000000000FFE2361 000028 (v01 BOCHS  BXPC     00000001 BXPC 00000001)
[    0.025415] ACPI: Reserving FACP table memory at [mem 0xffe2235-0xffe22a8]
[    0.025459] ACPI: Reserving DSDT table memory at [mem 0xffe0040-0xffe2234]
[    0.025494] ACPI: Reserving FACS table memory at [mem 0xffe0000-0xffe003f]
[    0.025529] ACPI: Reserving APIC table memory at [mem 0xffe22a9-0xffe2328]
[    0.025563] ACPI: Reserving HPET table memory at [mem 0xffe2329-0xffe2360]
[    0.025598] ACPI: Reserving WAET table memory at [mem 0xffe2361-0xffe2388]
[    0.026831] No NUMA configuration found
[    0.026869] Faking a node at [mem 0x0000000000000000-0x000000000ffdffff]
[    0.027252] NODE_DATA(0) allocated [mem 0x0f82b680-0x0f82efff]
[    0.027742] ACPI: PM-Timer IO Port: 0x608
[    0.028010] ACPI: LAPIC_NMI (acpi_id[0xff] dfl dfl lint[0x1])
[    0.028256] IOAPIC[0]: apic_id 0, version 32, address 0xfec00000, GSI 0-23
[    0.028357] ACPI: INT_SRC_OVR (bus 0 bus_irq 0 global_irq 2 dfl dfl)
[    0.028526] ACPI: INT_SRC_OVR (bus 0 bus_irq 5 global_irq 5 high level)
[    0.028582] ACPI: INT_SRC_OVR (bus 0 bus_irq 9 global_irq 9 high level)
[    0.028668] ACPI: INT_SRC_OVR (bus 0 bus_irq 10 global_irq 10 high level)
[    0.028706] ACPI: INT_SRC_OVR (bus 0 bus_irq 11 global_irq 11 high level)
[    0.028845] ACPI: Using ACPI (MADT) for SMP configuration information
[    0.028899] ACPI: HPET id: 0x8086a201 base: 0xfed00000
[    0.029154] CPU topo: Max. logical packages:   1
[    0.029201] CPU topo: Max. logical nodes:      1
[    0.029230] CPU topo: Num. nodes per package:  1
[    0.029284] CPU topo: Max. logical dies:       1
[    0.029312] CPU topo: Max. dies per package:   1
[    0.029368] CPU topo: Max. threads per core:   1
[    0.029471] CPU topo: Num. cores per package:     2
[    0.029505] CPU topo: Num. threads per package:   2
[    0.029534] CPU topo: Allowing 2 present CPUs plus 0 hotplug CPUs
[    0.030025] PM: hibernation: Registered nosave memory: [mem 0x00000000-0x00000fff]
[    0.030081] PM: hibernation: Registered nosave memory: [mem 0x0009f000-0x000fffff]
[    0.030185] [gap 0x10000000-0xfffbffff] available for PCI devices
[    0.030247] Booting paravirtualized kernel on bare hardware
[    0.030455] clocksource: refined-jiffies: mask: 0xffffffff max_cycles: 0xffffffff, max_idle_ns: 1910969940391419 ns
[    0.037928] Zone ranges:
[    0.037960]   DMA      [mem 0x0000000000001000-0x0000000000ffffff]
[    0.038030]   DMA32    [mem 0x0000000001000000-0x000000000ffdffff]
[    0.038068]   Normal   empty
[    0.038098] Movable zone start for each node
[    0.038134] Early memory node ranges
[    0.038169]   node   0: [mem 0x0000000000001000-0x000000000009efff]
[    0.038274]   node   0: [mem 0x0000000000100000-0x000000000ffdffff]
[    0.038376] Initmem setup node 0 [mem 0x0000000000001000-0x000000000ffdffff]
[    0.038984] On node 0, zone DMA: 1 pages in unavailable ranges
[    0.039154] On node 0, zone DMA: 97 pages in unavailable ranges
[    0.039844] On node 0, zone DMA32: 32 pages in unavailable ranges
[    0.039995] setup_percpu: NR_CPUS:64 nr_cpumask_bits:2 nr_cpu_ids:2 nr_node_ids:1
[    0.040772] percpu: Embedded 52 pages/cpu s175064 r8192 d29736 u1048576
[    0.041036] pcpu-alloc: s175064 r8192 d29736 u1048576 alloc=1*2097152
[    0.041115] pcpu-alloc: [0] 0 1 
[    0.041966] Kernel command line: console=ttyS0 nokaslr panic=1 ignore_loglevel earlyprintk=serial,ttyS0,115200
[    0.042676] Unknown kernel command line parameters "nokaslr", will be passed to user space.
[    0.042839] printk: log buffer data + meta data: 262144 + 917504 = 1179648 bytes
[    0.043031] Dentry cache hash table entries: 32768 (order: 6, 262144 bytes, linear)
[    0.043129] Inode-cache hash table entries: 16384 (order: 5, 131072 bytes, linear)
[    0.044649] Fallback order for Node 0: 0 
[    0.044903] Built 1 zonelists, mobility grouping on.  Total pages: 65406
[    0.044974] Policy zone: DMA32
[    0.045134] mem auto-init: stack:all(zero), heap alloc:off, heap free:off
[    0.050352] SLUB: HWalign=64, Order=0-3, MinObjects=0, CPUs=2, Nodes=1
Poking KASLR using RDTSC...
[    0.071405] ftrace: allocating 38351 entries in 152 pages
[    0.071676] ftrace: allocated 152 pages with 3 groups
[    0.076109] Dynamic Preempt: lazy
[    0.077943] rcu: Preemptible hierarchical RCU implementation.
[    0.077982] rcu: 	RCU event tracing is enabled.
[    0.078018] rcu: 	RCU restricting CPUs from NR_CPUS=64 to nr_cpu_ids=2.
[    0.078129] 	Trampoline variant of Tasks RCU enabled.
[    0.078157] 	Rude variant of Tasks RCU enabled.
[    0.078182] 	Tracing variant of Tasks RCU enabled.
[    0.078262] rcu: RCU calculated value of scheduler-enlistment delay is 100 jiffies.
[    0.078310] rcu: Adjusting geometry for rcu_fanout_leaf=16, nr_cpu_ids=2
[    0.079001] RCU Tasks: Setting shift to 1 and lim to 1 rcu_task_cb_adjust=1 rcu_task_cpu_ids=2.
[    0.079054] RCU Tasks Rude: Setting shift to 1 and lim to 1 rcu_task_cb_adjust=1 rcu_task_cpu_ids=2.
[    0.093594] NR_IRQS: 4352, nr_irqs: 440, preallocated irqs: 16
[    0.098958] rcu: srcu_init: Setting srcu_struct sizes based on contention.
[    0.103219] Console: colour VGA+ 80x25
[    0.104338] printk: legacy console [ttyS0] enabled
[    0.104338] printk: legacy console [ttyS0] enabled
[    0.104601] printk: legacy bootconsole [earlyser0] disabled
[    0.104601] printk: legacy bootconsole [earlyser0] disabled
[    0.105432] ACPI: Core revision 20251212
[    0.108506] clocksource: hpet: mask: 0xffffffff max_cycles: 0xffffffff, max_idle_ns: 19112604467 ns
[    0.109665] APIC: Switch to symmetric I/O mode setup
[    0.114036] ..TIMER: vector=0x30 apic1=0 pin1=2 apic2=-1 pin2=-1
[    0.119338] clocksource: tsc-early: mask: 0xffffffffffffffff max_cycles: 0x3dfbb4862ec, max_idle_ns: 440795202126 ns
[    0.119608] Calibrating delay loop (skipped), value calculated using timer frequency.. 8600.17 BogoMIPS (lpj=4300086)
[    0.121782] Last level iTLB entries: 4KB 512, 2MB 255, 4MB 127
[    0.121836] Last level dTLB entries: 4KB 512, 2MB 255, 4MB 127, 1GB 0
[    0.122003] mitigations: Enabled attack vectors: user_kernel, user_user, SMT mitigations: auto
[    0.122263] Spectre V2 : Mitigation: Retpolines
[    0.122358] Spectre V1 : Mitigation: usercopy/swapgs barriers and __user pointer sanitization
[    0.122513] Spectre V2 : Spectre v2 / SpectreRSB: Filling RSB on context switch and VMEXIT
[    0.122970] x86/fpu: x87 FPU will use FXSAVE
[    0.186113] pid_max: default: 32768 minimum: 301
[    0.194643] Mount-cache hash table entries: 512 (order: 0, 4096 bytes, linear)
[    0.194751] Mountpoint-cache hash table entries: 512 (order: 0, 4096 bytes, linear)
[    0.199360] VFS: Finished mounting rootfs on nullfs
[    0.314348] smpboot: CPU0: AMD QEMU Virtual CPU version 2.5+ (family: 0xf, model: 0x6b, stepping: 0x1)
[    0.319606] Performance Events: PMU not available due to virtualization, using software events only.
[    0.320161] signal: max sigframe size: 1440
[    0.320874] rcu: Hierarchical SRCU implementation.
[    0.320922] rcu: 	Max phase no-delay instances is 400.
[    0.321625] Timer migration: 1 hierarchy levels; 8 children per group; 1 crossnode level
[    0.323989] smp: Bringing up secondary CPUs ...
[    0.327865] smpboot: x86: Booting SMP configuration:
[    0.327919] .... node  #0, CPUs:      #1
[    0.397777] smp: Brought up 1 node, 2 CPUs
[    0.397906] smpboot: Total of 2 processors activated (17201.38 BogoMIPS)
[    0.402856] Memory: 214572K/261624K available (12748K kernel code, 2347K rwdata, 5156K rodata, 2808K init, 544K bss, 43600K reserved, 0K cma-reserved)
[    0.407747] devtmpfs: initialized
[    0.413136] clocksource: jiffies: mask: 0xffffffff max_cycles: 0xffffffff, max_idle_ns: 1911260446275000 ns
[    0.413136] posixtimers hash table entries: 1024 (order: 2, 16384 bytes, linear)
[    0.413297] futex hash table entries: 512 (32768 bytes on 1 NUMA nodes, total 32 KiB, linear).
[    0.415776] PM: RTC time: 11:57:10, date: 2026-08-31
[    0.418295] NET: Registered PF_NETLINK/PF_ROUTE protocol family
[    0.422586] thermal_sys: Registered thermal governor 'step_wise'
[    0.422768] cpuidle: using governor menu
[    0.423941] Freeing SMP alternatives memory: 36K
[    0.425314] PCI: Using configuration type 1 for base access
[    0.425579] mtrr: your CPUs had inconsistent fixed MTRR settings
[    0.425623] mtrr: your CPUs had inconsistent variable MTRR settings
[    0.425663] mtrr: your CPUs had inconsistent MTRRdefType settings
[    0.425703] mtrr: probably your BIOS does not setup all CPUs.
[    0.425737] mtrr: corrected configuration.
[    0.427018] kprobes: kprobe jump-optimization is enabled. All kprobes are optimized if possible.
[    0.428418] HugeTLB: registered 2.00 MiB page size, pre-allocated 0 pages
[    0.428598] HugeTLB: 28 KiB vmemmap can be freed for a 2.00 MiB page
[    0.430982] ACPI: Added _OSI(Module Device)
[    0.431026] ACPI: Added _OSI(Processor Device)
[    0.431055] ACPI: Added _OSI(Processor Aggregator Device)
[    0.442470] ACPI: 1 ACPI AML tables successfully acquired and loaded
[    0.457697] ACPI: \_SB_: platform _OSC: OS support mask [002a7eee]
[    0.462586] ACPI: Interpreter enabled
[    0.463200] ACPI: PM: (supports S0 S3 S4 S5)
[    0.463251] ACPI: Using IOAPIC for interrupt routing
[    0.463477] PCI: Using host bridge windows from ACPI; if necessary, use "pci=nocrs" and report a bug
[    0.463549] PCI: Using E820 reservations for host bridge windows
[    0.464349] ACPI: Enabled 2 GPEs in block 00 to 0F
[    0.489694] ACPI: PCI Root Bridge [PCI0] (domain 0000 [bus 00-ff])
[    0.490119] acpi PNP0A03:00: _OSC: OS supports [ASPM ClockPM Segments MSI HPX-Type3]
[    0.490241] acpi PNP0A03:00: _OSC: not requesting OS control; OS requires [ExtendedConfig ASPM ClockPM MSI]
[    0.490464] acpi PNP0A03:00: _OSC: platform retains control of PCIe features (AE_ERROR)
[    0.490718] acpi PNP0A03:00: fail to add MMCONFIG information, can't access extended configuration space under this bridge
[    0.492580] PCI host bridge to bus 0000:00
[    0.492728] pci_bus 0000:00: root bus resource [io  0x0000-0x0cf7 window]
[    0.492833] pci_bus 0000:00: root bus resource [io  0x0d00-0xffff window]
[    0.492875] pci_bus 0000:00: root bus resource [mem 0x000a0000-0x000bffff window]
[    0.492935] pci_bus 0000:00: root bus resource [mem 0x10000000-0xfebfffff window]
[    0.492980] pci_bus 0000:00: root bus resource [mem 0x100000000-0x17fffffff window]
[    0.493091] pci_bus 0000:00: root bus resource [bus 00-ff]
[    0.493879] pci 0000:00:00.0: [8086:1237] type 00 class 0x060000 conventional PCI endpoint
[    0.496224] pci 0000:00:01.0: [8086:7000] type 00 class 0x060100 conventional PCI endpoint
[    0.496590] pci 0000:00:01.1: [8086:7010] type 00 class 0x010180 conventional PCI endpoint
[    0.496970] pci 0000:00:01.1: BAR 4 [io  0xc040-0xc04f]
[    0.497039] pci 0000:00:01.1: BAR 0 [io  0x01f0-0x01f7]: legacy IDE quirk
[    0.497089] pci 0000:00:01.1: BAR 1 [io  0x03f6]: legacy IDE quirk
[    0.497153] pci 0000:00:01.1: BAR 2 [io  0x0170-0x0177]: legacy IDE quirk
[    0.497200] pci 0000:00:01.1: BAR 3 [io  0x0376]: legacy IDE quirk
[    0.497602] pci 0000:00:01.3: [8086:7113] type 00 class 0x068000 conventional PCI endpoint
[    0.497850] pci 0000:00:01.3: quirk: [io  0x0600-0x063f] claimed by PIIX4 ACPI
[    0.497910] pci 0000:00:01.3: quirk: [io  0x0700-0x070f] claimed by PIIX4 SMB
[    0.498216] pci 0000:00:02.0: [1234:1111] type 00 class 0x030000 conventional PCI endpoint
[    0.498498] pci 0000:00:02.0: BAR 0 [mem 0xfd000000-0xfdffffff pref]
[    0.498573] pci 0000:00:02.0: BAR 2 [mem 0xfeb70000-0xfeb70fff]
[    0.498619] pci 0000:00:02.0: ROM [mem 0xfeb60000-0xfeb6ffff pref]
[    0.498788] pci 0000:00:02.0: Video device with shadowed ROM at [mem 0x000c0000-0x000dffff]
[    0.499128] pci 0000:00:03.0: [8086:100e] type 00 class 0x020000 conventional PCI endpoint
[    0.499664] pci 0000:00:03.0: BAR 0 [mem 0xfeb40000-0xfeb5ffff]
[    0.499713] pci 0000:00:03.0: BAR 1 [io  0xc000-0xc03f]
[    0.499750] pci 0000:00:03.0: ROM [mem 0xfeb00000-0xfeb3ffff pref]
[    0.503001] pci 0000:00:04.0: [1234:11e8] type 00 class 0x00ff00 conventional PCI endpoint
[    0.503261] pci 0000:00:04.0: BAR 0 [mem 0xfea00000-0xfeafffff]
[    0.508568] ACPI: PCI: Interrupt link LNKA configured for IRQ 10
[    0.509010] ACPI: PCI: Interrupt link LNKB configured for IRQ 10
[    0.509316] ACPI: PCI: Interrupt link LNKC configured for IRQ 11
[    0.509634] ACPI: PCI: Interrupt link LNKD configured for IRQ 11
[    0.509782] ACPI: PCI: Interrupt link LNKS configured for IRQ 9
[    0.511554] iommu: Default domain type: Translated
[    0.511607] iommu: DMA domain TLB invalidation policy: lazy mode
[    0.512761] SCSI subsystem initialized
[    0.513049] libata version 3.00 loaded.
[    0.513589] ACPI: bus type USB registered
[    0.513886] usbcore: registered new interface driver usbfs
[    0.514074] usbcore: registered new interface driver hub
[    0.514175] usbcore: registered new device driver usb
[    0.514340] pps_core: LinuxPPS API ver. 1 registered
[    0.514373] pps_core: Software ver. 5.3.6 - Copyright 2005-2007 Rodolfo Giometti <giometti@linux.it>
[    0.514443] PTP clock support registered
[    0.519798] PCI: Using ACPI for IRQ routing
[    0.519899] PCI: pci_cache_line_size set to 64 bytes
[    0.520125] e820: register RAM buffer resource [mem 0x0009fc00-0x0009ffff]
[    0.520255] e820: register RAM buffer resource [mem 0x0ffe0000-0x0fffffff]
[    0.522483] pci 0000:00:02.0: vgaarb: setting as boot VGA device
[    0.522483] pci 0000:00:02.0: vgaarb: bridge control possible
[    0.522483] pci 0000:00:02.0: vgaarb: VGA device added: decodes=io+mem,owns=io+mem,locks=none
[    0.522500] vgaarb: loaded
[    0.523082] hpet: 3 channels of 0 reserved for per-cpu timers
[    0.523245] hpet0: at MMIO 0xfed00000, IRQs 2, 8, 0
[    0.523543] hpet0: 3 comparators, 64-bit 100.000000 MHz counter
[    0.528106] clocksource: Switched to clocksource tsc-early
[    0.528686] VFS: Disk quotas dquot_6.6.0
[    0.528769] VFS: Dquot-cache hash table entries: 512 (order 0, 4096 bytes)
[    0.530045] pnp: PnP ACPI init
[    0.531167] pnp 00:02: [dma 2]
[    0.532149] pnp: PnP ACPI: found 5 devices
[    0.545847] clocksource: acpi_pm: mask: 0xffffff max_cycles: 0xffffff, max_idle_ns: 2085701024 ns
[    0.546244] NET: Registered PF_INET protocol family
[    0.546788] IP idents hash table entries: 4096 (order: 3, 32768 bytes, linear)
[    0.548213] tcp_listen_portaddr_hash hash table entries: 256 (order: 0, 4096 bytes, linear)
[    0.548451] Table-perturb hash table entries: 65536 (order: 6, 262144 bytes, linear)
[    0.548529] TCP established hash table entries: 2048 (order: 2, 16384 bytes, linear)
[    0.548669] TCP bind hash table entries: 2048 (order: 4, 65536 bytes, linear)
[    0.548782] TCP: Hash tables configured (established 2048 bind 2048)
[    0.549554] UDP hash table entries: 256 (order: 2, 16384 bytes, linear)
[    0.550587] pci_bus 0000:00: resource 4 [io  0x0000-0x0cf7 window]
[    0.550640] pci_bus 0000:00: resource 5 [io  0x0d00-0xffff window]
[    0.550679] pci_bus 0000:00: resource 6 [mem 0x000a0000-0x000bffff window]
[    0.550720] pci_bus 0000:00: resource 7 [mem 0x10000000-0xfebfffff window]
[    0.550760] pci_bus 0000:00: resource 8 [mem 0x100000000-0x17fffffff window]
[    0.551080] pci 0000:00:01.0: PIIX3: Enabling Passive Release
[    0.551161] pci 0000:00:00.0: Limiting direct PCI/PCI transfers
[    0.551271] PCI: CLS 0 bytes, default 64
[    0.553787] Unpacking initramfs...
[    0.556709] Initialise system trusted keyrings
[    0.558599] workingset: timestamp_bits=56 (anon: 52) max_order=16 bucket_order=0 (anon: 0)
[    0.560846] Key type asymmetric registered
[    0.560917] Asymmetric key parser 'x509' registered
[    0.561056] Block layer SCSI generic (bsg) driver version 0.4 loaded (major 250)
[    0.561319] io scheduler mq-deadline registered
[    0.561373] io scheduler kyber registered
[    0.563474] input: Power Button as /devices/platform/LNXPWRBN:00/input/input0
[    0.564025] ACPI: button: Power Button [PWRF]
[    0.568132] Serial: 8250/16550 driver, 4 ports, IRQ sharing enabled
[    0.570314] 00:04: ttyS0 at I/O 0x3f8 (irq = 4, base_baud = 115200) is a 16550A
[    0.576003] Non-volatile memory driver v1.3
[    0.585762] loop: module loaded
[    0.592616] scsi host0: ata_piix
[    0.594618] scsi host1: ata_piix
[    0.594871] ata1: PATA max MWDMA2 cmd 0x1f0 ctl 0x3f6 bmdma 0xc040 irq 14 lpm-pol 0
[    0.594930] ata2: PATA max MWDMA2 cmd 0x170 ctl 0x376 bmdma 0xc048 irq 15 lpm-pol 0
[    0.597754] i8042: PNP: PS/2 Controller [PNP0303:KBD,PNP0f13:MOU] at 0x60,0x64 irq 1,12
[    0.599517] serio: i8042 KBD port at 0x60,0x64 irq 1
[    0.599675] serio: i8042 AUX port at 0x60,0x64 irq 12
[    0.600858] rtc_cmos PNP0B00:00: RTC can wake from S4
[    0.602582] input: AT Translated Set 2 keyboard as /devices/platform/i8042/serio0/input/input1
[    0.604123] rtc_cmos PNP0B00:00: registered as rtc0
[    0.604908] rtc_cmos PNP0B00:00: alarms up to one day, y3k, 242 bytes nvram, hpet irqs
[    0.605841] device-mapper: ioctl: 4.50.0-ioctl (2025-04-28) initialised: dm-devel@lists.linux.dev
[    0.606042] amd_pstate: the _CPC object is not present in SBIOS or ACPI disabled
[    0.606215] hid: raw HID events driver (C) Jiri Kosina
[    0.606620] usbcore: registered new interface driver usbhid
[    0.606665] usbhid: USB HID core driver
[    0.607289] NET: Registered PF_INET6 protocol family
[    0.613660] Segment Routing with IPv6
[    0.613796] In-situ OAM (IOAM) with IPv6
[    0.615736] IPI shorthand broadcast: enabled
[    0.622968] sched_clock: Marking stable (611330700, 11094878)->(624530129, -2104551)
[    0.624344] Loading compiled-in X.509 certificates
[    0.630917] Demotion targets for Node 0: null
[    0.633502] PM:   Magic number: 6:950:985
[    0.634253] clk: Disabling unused clocks
[    0.634477] KTAP version 1
[    0.634501] 1..0
[    0.701411] Freeing initrd memory: 7876K
[    0.750049] ata2: found unknown device (class 0)
[    0.752870] ata2.00: ATAPI: QEMU DVD-ROM, 2.5+, max UDMA/100
[    0.768171] scsi 1:0:0:0: CD-ROM            QEMU     QEMU DVD-ROM     2.5+ PQ: 0 ANSI: 5
[    0.783369] sr 1:0:0:0: [sr0] scsi3-mmc drive: 4x/4x cd/rw xa/form2 tray
[    0.795645] cdrom: Uniform CD-ROM driver Revision: 3.20
[    0.803221] sr 1:0:0:0: Attached scsi CD-ROM sr0
[    0.804095] sr 1:0:0:0: Attached scsi generic sg0 type 5
[    0.840001] Freeing unused kernel image (initmem) memory: 2808K
[    0.840144] Write protecting the kernel read-only data: 20480k
[    0.841863] Freeing unused kernel image (text/rodata gap) memory: 1584K
[    0.842280] Freeing unused kernel image (rodata/data gap) memory: 988K
[    0.928160] x86/mm: Checked W+X mappings: passed, no W+X pages found.
[    0.928335] Run /init as init process
[    0.928358]   with arguments:
[    0.928380]     /init
[    0.928400]     nokaslr
[    0.928416]   with environment:
[    0.928446]     HOME=/
[    0.928465]     TERM=linux
[    0.984609] mount (55) used greatest stack depth: 13208 bytes left
[    0.992189] mount (56) used greatest stack depth: 13120 bytes left
=== insmod edu_drv ===
[    1.014710] edu_drv: loading out-of-tree module taints kernel.
[    1.018061] [rhcov] edu_pci_probe
[    1.023309] input: ImExPS/2 Generic Explorer Mouse as /devices/platform/i8042/serio1/input/input3
[    1.023319] ACPI: \_SB_.LNKD: Enabled at IRQ 11
[    1.023612] edu_drv 0000:00:04.0: edu id reg: 0x10000ed
[    1.023922] edu_drv 0000:00:04.0: edu probed (irq 11)
[    1.025694] insmod (62) used greatest stack depth: 13072 bytes left
REHARNESS_DRIVER_INSMOD_RC=0
REHARNESS_DRIVER_PROBE_BOUND=1
=== dmesg ===
[    0.030025] PM: hibernation: Registered nosave memory: [mem 0x00000000-0x00000fff]
[    0.030081] PM: hibernation: Registered nosave memory: [mem 0x0009f000-0x000fffff]
[    0.418295] NET: Registered PF_NETLINK/PF_ROUTE protocol family
[    0.422586] thermal_sys: Registered thermal governor 'step_wise'
[    0.427018] kprobes: kprobe jump-optimization is enabled. All kprobes are optimized if possible.
[    0.428418] HugeTLB: registered 2.00 MiB page size, pre-allocated 0 pages
[    0.513589] ACPI: bus type USB registered
[    0.513886] usbcore: registered new interface driver usbfs
[    0.514074] usbcore: registered new interface driver hub
[    0.514175] usbcore: registered new device driver usb
[    0.514340] pps_core: LinuxPPS API ver. 1 registered
[    0.514443] PTP clock support registered
[    0.546244] NET: Registered PF_INET protocol family
[    0.560846] Key type asymmetric registered
[    0.560917] Asymmetric key parser 'x509' registered
[    0.561319] io scheduler mq-deadline registered
[    0.561373] io scheduler kyber registered
[    0.604123] rtc_cmos PNP0B00:00: registered as rtc0
[    0.606620] usbcore: registered new interface driver usbhid
[    0.607289] NET: Registered PF_INET6 protocol family
[    1.014710] edu_drv: loading out-of-tree module taints kernel.
[    1.018061] [rhcov] edu_pci_probe
[    1.023612] edu_drv 0000:00:04.0: edu id reg: 0x10000ed
[    1.023922] edu_drv 0000:00:04.0: edu probed (irq 11)
=== exerciser ===
[    1.067222] [rhcov] edu_open
[    1.067344] [rhcov] edu_read
TRACE id@0x00 = 0x010000ed OK
[    1.068519] [rhcov] edu_write
TRACE live_check@0x04 write0xa5a5a5a5 read0x5a5a5a5a OK (~X)
TRACE factorial@0x08(5)=120 OK
EDU_TRACE_OK
EXERCISER_RC=0
=== rmmod edu_drv ===
[    1.074929] [rhcov] edu_pci_remove
[    1.079532] edu_drv 0000:00:04.0: edu removed
REHARNESS_DRIVER_RMMOD_RC=0
=== QEMU_RUN_DONE ===
[    1.296894] sysrq: Power Off
[    1.297270] Kernel panic - not syncing: Attempted to kill init! exitcode=0x00000000
[    1.297607] CPU: 1 UID: 0 PID: 1 Comm: init Tainted: G           O        7.1.0-rc7+ #18 PREEMPT(lazy) 
[    1.297701] Tainted: [O]=OOT_MODULE
[    1.297724] Hardware name: QEMU Standard PC (i440FX + PIIX, 1996), BIOS rel-1.17.0-0-gb52ca86e094d-prebuilt.qemu.org 04/01/2014
[    1.297835] Call Trace:
[    1.298167]  <TASK>
[    1.298292]  vpanic+0x32f/0x4b0
[    1.298445]  panic+0x63/0x70
[    1.298472]  do_exit+0x952/0xaf0
[    1.298495]  do_group_exit+0x30/0x80
[    1.298517]  __x64_sys_exit_group+0x18/0x20
[    1.298545]  x64_sys_call+0x12e2/0x1880
[    1.298568]  do_syscall_64+0x10e/0x4e0
[    1.298594]  entry_SYSCALL_64_after_hwframe+0x77/0x7f
[    1.298699] RIP: 0033:0x7f1e6f54a31d
[    1.298835] Code: 02 ba ff ff ff ff 89 d0 c3 0f 1f 40 00 f3 0f 1e fa 48 8b 35 ed 4a 11 00 ba e7 00 00 00 eb 07 66 0f 1f 44 00 00 f4 89 d0 0f 05 <48> 3d 00 f0 ff ff 76 f3 f7 d8 64 89 06 eb ec 0f 1f 40 00 f3 0f 1e
[    1.298939] RSP: 002b:00007ffcd5686888 EFLAGS: 00000202 ORIG_RAX: 00000000000000e7
[    1.298994] RAX: ffffffffffffffda RBX: 00007ffcd5686b10 RCX: 00007f1e6f54a31d
[    1.299030] RDX: 00000000000000e7 RSI: ffffffffffffff88 RDI: 0000000000000000
[    1.299071] RBP: 00007ffcd5686960 R08: 0000558ce80e7010 R09: 0000000000000007
[    1.299131] R10: 0000558ce80e74b0 R11: 0000000000000202 R12: 0000000000000000
[    1.299167] R13: 00007ffcd5686b00 R14: 0000558cdf141dd8 R15: 00007f1e6f6b0000
[    1.299221]  </TASK>
[    1.299581] Kernel Offset: disabled
[    1.299751] Rebooting in 1 seconds..
