c[?7l[2J[0mSeaBIOS (version rel-1.17.0-0-gb52ca86e094d-prebuilt.qemu.org)


iPXE (http://ipxe.org) 00:03.0 CA00 PCI2.10 PnP PMM+0EFD1C40+0EF31C40 CA00
Press Ctrl-B to configure iPXE (PCI 00:03.0)...                                                                               


Booting from ROM..c[?7l[2JNo EFI environment detected.
early console in extract_kernel
input_data: 0x000000000266e2c4
input_len: 0x0000000000941f16
output: 0x0000000001000000
output_len: 0x0000000001f706d0
kernel_total_size: 0x0000000001d76000
needed_size: 0x0000000002000000
trampoline_32bit: 0x0000000000000000


KASLR disabled: 'nokaslr' on cmdline.


Decompressing Linux... Parsing ELF... No relocation needed... done.
Booting the kernel (entry_offset: 0x0000000001a083b0).
[    0.000000] Linux version 7.1.0-rc7-gacb7500801e9 (yfblock@9950x) (gcc (Ubuntu 13.3.0-6ubuntu2~24.04.1) 13.3.0, GNU ld (GNU Binutils for Ubuntu) 2.42) #15 SMP PREEMPT_DYNAMIC Tue Aug 25 15:37:57 CST 2026
[    0.000000] Command line: console=ttyS0 nokaslr panic=1 ignore_loglevel earlyprintk=serial,ttyS0,115200
[    0.000000] BIOS-provided physical RAM map:
[    0.000000] BIOS-e820: [mem 0x0000000000000000-0x000000000009fbff]  System RAM
[    0.000000] BIOS-e820: [mem 0x000000000009fc00-0x000000000009ffff]  device reserved
[    0.000000] BIOS-e820: [gap 0x00000000000a0000-0x00000000000effff]
[    0.000000] BIOS-e820: [mem 0x00000000000f0000-0x00000000000fffff]  device reserved
[    0.000000] BIOS-e820: [mem 0x0000000000100000-0x000000000ffdffff]  System RAM
[    0.000000] BIOS-e820: [mem 0x000000000ffe0000-0x000000000fffffff]  device reserved
[    0.000000] BIOS-e820: [gap 0x0000000010000000-0x00000000fffbffff]
[    0.000000] BIOS-e820: [mem 0x00000000fffc0000-0x00000000ffffffff]  device reserved
[    0.000000] BIOS-e820: [gap 0x0000000100000000-0x000000fcffffffff]
[    0.000000] BIOS-e820: [mem 0x000000fd00000000-0x000000ffffffffff]  device reserved
[    0.000000] printk: debug: ignoring loglevel setting.
[    0.000000] printk: legacy bootconsole [earlyser0] enabled
[    0.000000] NX (Execute Disable) protection: active
[    0.000000] APIC: Static calls initialized
[    0.000000] DMI: SMBIOS 2.8 present.
[    0.000000] DMI: QEMU Standard PC (i440FX + PIIX, 1996), BIOS rel-1.17.0-0-gb52ca86e094d-prebuilt.qemu.org 04/01/2014
[    0.000000] DMI: Memory slots populated: 1/1
[    0.000000] tsc: Fast TSC calibration using PIT
[    0.000000] tsc: Detected 4299.997 MHz processor
[    0.007914] e820: update [mem 0x00000000-0x00000fff] System RAM ==> device reserved
[    0.008093] e820: remove [mem 0x000a0000-0x000fffff] System RAM
[    0.008248] last_pfn = 0xffe0 max_arch_pfn = 0x400000000
[    0.008678] MTRR map: 4 entries (3 fixed + 1 variable; max 19), built from 8 variable MTRRs
[    0.008835] x86/PAT: Configuration [0-7]: WB  WC  UC- UC  WB  WP  UC- WT  
[    0.020593] found SMP MP-table at [mem 0x000f54b0-0x000f54bf]
[    0.023618] RAMDISK: [mem 0x0f82f000-0x0ffdffff]
[    0.023890] ACPI: Early table checksum verification disabled
[    0.024182] ACPI: RSDP 0x00000000000F52D0 000014 (v00 BOCHS )
[    0.024378] ACPI: RSDT 0x000000000FFE2389 000034 (v01 BOCHS  BXPC     00000001 BXPC 00000001)
[    0.024863] ACPI: FACP 0x000000000FFE2235 000074 (v01 BOCHS  BXPC     00000001 BXPC 00000001)
[    0.025297] ACPI: DSDT 0x000000000FFE0040 0021F5 (v01 BOCHS  BXPC     00000001 BXPC 00000001)
[    0.025396] ACPI: FACS 0x000000000FFE0000 000040
[    0.025457] ACPI: APIC 0x000000000FFE22A9 000080 (v03 BOCHS  BXPC     00000001 BXPC 00000001)
[    0.025522] ACPI: HPET 0x000000000FFE2329 000038 (v01 BOCHS  BXPC     00000001 BXPC 00000001)
[    0.025586] ACPI: WAET 0x000000000FFE2361 000028 (v01 BOCHS  BXPC     00000001 BXPC 00000001)
[    0.025689] ACPI: Reserving FACP table memory at [mem 0xffe2235-0xffe22a8]
[    0.025741] ACPI: Reserving DSDT table memory at [mem 0xffe0040-0xffe2234]
[    0.025784] ACPI: Reserving FACS table memory at [mem 0xffe0000-0xffe003f]
[    0.025826] ACPI: Reserving APIC table memory at [mem 0xffe22a9-0xffe2328]
[    0.025875] ACPI: Reserving HPET table memory at [mem 0xffe2329-0xffe2360]
[    0.025917] ACPI: Reserving WAET table memory at [mem 0xffe2361-0xffe2388]
[    0.027135] No NUMA configuration found
[    0.027177] Faking a node at [mem 0x0000000000000000-0x000000000ffdffff]
[    0.027563] NODE_DATA(0) allocated [mem 0x0f82b680-0x0f82efff]
[    0.028048] ACPI: PM-Timer IO Port: 0x608
[    0.028320] ACPI: LAPIC_NMI (acpi_id[0xff] dfl dfl lint[0x1])
[    0.028579] IOAPIC[0]: apic_id 0, version 32, address 0xfec00000, GSI 0-23
[    0.028687] ACPI: INT_SRC_OVR (bus 0 bus_irq 0 global_irq 2 dfl dfl)
[    0.028860] ACPI: INT_SRC_OVR (bus 0 bus_irq 5 global_irq 5 high level)
[    0.028924] ACPI: INT_SRC_OVR (bus 0 bus_irq 9 global_irq 9 high level)
[    0.029016] ACPI: INT_SRC_OVR (bus 0 bus_irq 10 global_irq 10 high level)
[    0.029059] ACPI: INT_SRC_OVR (bus 0 bus_irq 11 global_irq 11 high level)
[    0.029204] ACPI: Using ACPI (MADT) for SMP configuration information
[    0.029265] ACPI: HPET id: 0x8086a201 base: 0xfed00000
[    0.029526] CPU topo: Max. logical packages:   1
[    0.029577] CPU topo: Max. logical nodes:      1
[    0.029610] CPU topo: Num. nodes per package:  1
[    0.029669] CPU topo: Max. logical dies:       1
[    0.029701] CPU topo: Max. dies per package:   1
[    0.029762] CPU topo: Max. threads per core:   1
[    0.029868] CPU topo: Num. cores per package:     2
[    0.029905] CPU topo: Num. threads per package:   2
[    0.029939] CPU topo: Allowing 2 present CPUs plus 0 hotplug CPUs
[    0.030432] PM: hibernation: Registered nosave memory: [mem 0x00000000-0x00000fff]
[    0.030497] PM: hibernation: Registered nosave memory: [mem 0x0009f000-0x000fffff]
[    0.030608] [gap 0x10000000-0xfffbffff] available for PCI devices
[    0.030675] Booting paravirtualized kernel on bare hardware
[    0.030885] clocksource: refined-jiffies: mask: 0xffffffff max_cycles: 0xffffffff, max_idle_ns: 1910969940391419 ns
[    0.038267] Zone ranges:
[    0.038303]   DMA      [mem 0x0000000000001000-0x0000000000ffffff]
[    0.038380]   DMA32    [mem 0x0000000001000000-0x000000000ffdffff]
[    0.038424]   Normal   empty
[    0.038457] Movable zone start for each node
[    0.038496] Early memory node ranges
[    0.038537]   node   0: [mem 0x0000000000001000-0x000000000009efff]
[    0.038651]   node   0: [mem 0x0000000000100000-0x000000000ffdffff]
[    0.038759] Initmem setup node 0 [mem 0x0000000000001000-0x000000000ffdffff]
[    0.039374] On node 0, zone DMA: 1 pages in unavailable ranges
[    0.039552] On node 0, zone DMA: 97 pages in unavailable ranges
[    0.040255] On node 0, zone DMA32: 32 pages in unavailable ranges
[    0.040413] setup_percpu: NR_CPUS:64 nr_cpumask_bits:2 nr_cpu_ids:2 nr_node_ids:1
[    0.041202] percpu: Embedded 52 pages/cpu s175064 r8192 d29736 u1048576
[    0.041472] pcpu-alloc: s175064 r8192 d29736 u1048576 alloc=1*2097152
[    0.041556] pcpu-alloc: [0] 0 1 
[    0.042408] Kernel command line: console=ttyS0 nokaslr panic=1 ignore_loglevel earlyprintk=serial,ttyS0,115200
[    0.043112] Unknown kernel command line parameters "nokaslr", will be passed to user space.
[    0.043279] printk: log buffer data + meta data: 262144 + 917504 = 1179648 bytes
[    0.043481] Dentry cache hash table entries: 32768 (order: 6, 262144 bytes, linear)
[    0.043587] Inode-cache hash table entries: 16384 (order: 5, 131072 bytes, linear)
[    0.045087] Fallback order for Node 0: 0 
[    0.045345] Built 1 zonelists, mobility grouping on.  Total pages: 65406
[    0.045427] Policy zone: DMA32
[    0.045588] mem auto-init: stack:all(zero), heap alloc:off, heap free:off
[    0.050903] SLUB: HWalign=64, Order=0-3, MinObjects=0, CPUs=2, Nodes=1
Poking KASLR using RDTSC...
[    0.072137] ftrace: allocating 37804 entries in 148 pages
[    0.072387] ftrace: allocated 148 pages with 3 groups
[    0.076810] Dynamic Preempt: lazy
[    0.078581] rcu: Preemptible hierarchical RCU implementation.
[    0.078625] rcu: 	RCU event tracing is enabled.
[    0.078664] rcu: 	RCU restricting CPUs from NR_CPUS=64 to nr_cpu_ids=2.
[    0.078789] 	Trampoline variant of Tasks RCU enabled.
[    0.078821] 	Rude variant of Tasks RCU enabled.
[    0.078850] 	Tracing variant of Tasks RCU enabled.
[    0.078934] rcu: RCU calculated value of scheduler-enlistment delay is 100 jiffies.
[    0.078989] rcu: Adjusting geometry for rcu_fanout_leaf=16, nr_cpu_ids=2
[    0.079699] RCU Tasks: Setting shift to 1 and lim to 1 rcu_task_cb_adjust=1 rcu_task_cpu_ids=2.
[    0.079760] RCU Tasks Rude: Setting shift to 1 and lim to 1 rcu_task_cb_adjust=1 rcu_task_cpu_ids=2.
[    0.094435] NR_IRQS: 4352, nr_irqs: 440, preallocated irqs: 16
[    0.099752] rcu: srcu_init: Setting srcu_struct sizes based on contention.
[    0.103535] Console: colour VGA+ 80x25
[    0.104653] printk: legacy console [ttyS0] enabled
[    0.104653] printk: legacy console [ttyS0] enabled
[    0.104925] printk: legacy bootconsole [earlyser0] disabled
[    0.104925] printk: legacy bootconsole [earlyser0] disabled
[    0.105763] ACPI: Core revision 20251212
[    0.108858] clocksource: hpet: mask: 0xffffffff max_cycles: 0xffffffff, max_idle_ns: 19112604467 ns
[    0.110019] APIC: Switch to symmetric I/O mode setup
[    0.114351] ..TIMER: vector=0x30 apic1=0 pin1=2 apic2=-1 pin2=-1
[    0.119678] clocksource: tsc-early: mask: 0xffffffffffffffff max_cycles: 0x3dfb610bf13, max_idle_ns: 440795410260 ns
[    0.119948] Calibrating delay loop (skipped), value calculated using timer frequency.. 8599.99 BogoMIPS (lpj=4299997)
[    0.122105] Last level iTLB entries: 4KB 512, 2MB 255, 4MB 127
[    0.122165] Last level dTLB entries: 4KB 512, 2MB 255, 4MB 127, 1GB 0
[    0.122335] mitigations: Enabled attack vectors: user_kernel, user_user, SMT mitigations: auto
[    0.122604] Spectre V2 : Mitigation: Retpolines
[    0.122705] Spectre V1 : Mitigation: usercopy/swapgs barriers and __user pointer sanitization
[    0.122867] Spectre V2 : Spectre v2 / SpectreRSB: Filling RSB on context switch and VMEXIT
[    0.123331] x86/fpu: x87 FPU will use FXSAVE
[    0.184625] pid_max: default: 32768 minimum: 301
[    0.193121] Mount-cache hash table entries: 512 (order: 0, 4096 bytes, linear)
[    0.193239] Mountpoint-cache hash table entries: 512 (order: 0, 4096 bytes, linear)
[    0.197949] VFS: Finished mounting rootfs on nullfs
[    0.311826] smpboot: CPU0: AMD QEMU Virtual CPU version 2.5+ (family: 0xf, model: 0x6b, stepping: 0x1)
[    0.317035] Performance Events: PMU not available due to virtualization, using software events only.
[    0.317601] signal: max sigframe size: 1440
[    0.318359] rcu: Hierarchical SRCU implementation.
[    0.318410] rcu: 	Max phase no-delay instances is 400.
[    0.319052] Timer migration: 1 hierarchy levels; 8 children per group; 1 crossnode level
[    0.321373] smp: Bringing up secondary CPUs ...
[    0.325192] smpboot: x86: Booting SMP configuration:
[    0.325251] .... node  #0, CPUs:      #1
[    0.395117] smp: Brought up 1 node, 2 CPUs
[    0.395255] smpboot: Total of 2 processors activated (17200.15 BogoMIPS)
[    0.399632] Memory: 214684K/261624K available (12627K kernel code, 2331K rwdata, 5080K rodata, 2788K init, 544K bss, 43512K reserved, 0K cma-reserved)
[    0.404020] devtmpfs: initialized
[    0.409341] clocksource: jiffies: mask: 0xffffffff max_cycles: 0xffffffff, max_idle_ns: 1911260446275000 ns
[    0.410091] posixtimers hash table entries: 1024 (order: 2, 16384 bytes, linear)
[    0.410292] futex hash table entries: 512 (32768 bytes on 1 NUMA nodes, total 32 KiB, linear).
[    0.412595] PM: RTC time: 08:28:35, date: 2026-08-25
[    0.415090] NET: Registered PF_NETLINK/PF_ROUTE protocol family
[    0.419272] thermal_sys: Registered thermal governor 'step_wise'
[    0.419590] cpuidle: using governor menu
[    0.420623] Freeing SMP alternatives memory: 36K
[    0.421963] PCI: Using configuration type 1 for base access
[    0.422207] mtrr: your CPUs had inconsistent fixed MTRR settings
[    0.422254] mtrr: your CPUs had inconsistent variable MTRR settings
[    0.422299] mtrr: your CPUs had inconsistent MTRRdefType settings
[    0.422348] mtrr: probably your BIOS does not setup all CPUs.
[    0.422386] mtrr: corrected configuration.
[    0.423617] kprobes: kprobe jump-optimization is enabled. All kprobes are optimized if possible.
[    0.425546] HugeTLB: registered 2.00 MiB page size, pre-allocated 0 pages
[    0.425620] HugeTLB: 28 KiB vmemmap can be freed for a 2.00 MiB page
[    0.433046] ACPI: Added _OSI(Module Device)
[    0.433098] ACPI: Added _OSI(Processor Device)
[    0.433132] ACPI: Added _OSI(Processor Aggregator Device)
[    0.454466] ACPI: 1 ACPI AML tables successfully acquired and loaded
[    0.464044] ACPI: \_SB_: platform _OSC: OS support mask [002a7eee]
[    0.466311] ACPI: Interpreter enabled
[    0.466936] ACPI: PM: (supports S0 S3 S4 S5)
[    0.466993] ACPI: Using IOAPIC for interrupt routing
[    0.467223] PCI: Using host bridge windows from ACPI; if necessary, use "pci=nocrs" and report a bug
[    0.467301] PCI: Using E820 reservations for host bridge windows
[    0.468112] ACPI: Enabled 2 GPEs in block 00 to 0F
[    0.489603] ACPI: PCI Root Bridge [PCI0] (domain 0000 [bus 00-ff])
[    0.490052] acpi PNP0A03:00: _OSC: OS supports [ASPM ClockPM Segments MSI HPX-Type3]
[    0.490182] acpi PNP0A03:00: _OSC: not requesting OS control; OS requires [ExtendedConfig ASPM ClockPM MSI]
[    0.490427] acpi PNP0A03:00: _OSC: platform retains control of PCIe features (AE_ERROR)
[    0.490707] acpi PNP0A03:00: fail to add MMCONFIG information, can't access extended configuration space under this bridge
[    0.492476] PCI host bridge to bus 0000:00
[    0.492630] pci_bus 0000:00: root bus resource [io  0x0000-0x0cf7 window]
[    0.492742] pci_bus 0000:00: root bus resource [io  0x0d00-0xffff window]
[    0.492790] pci_bus 0000:00: root bus resource [mem 0x000a0000-0x000bffff window]
[    0.492851] pci_bus 0000:00: root bus resource [mem 0x10000000-0xfebfffff window]
[    0.492905] pci_bus 0000:00: root bus resource [mem 0x100000000-0x17fffffff window]
[    0.493024] pci_bus 0000:00: root bus resource [bus 00-ff]
[    0.493876] pci 0000:00:00.0: [8086:1237] type 00 class 0x060000 conventional PCI endpoint
[    0.496207] pci 0000:00:01.0: [8086:7000] type 00 class 0x060100 conventional PCI endpoint
[    0.496568] pci 0000:00:01.1: [8086:7010] type 00 class 0x010180 conventional PCI endpoint
[    0.496941] pci 0000:00:01.1: BAR 4 [io  0xc040-0xc04f]
[    0.497018] pci 0000:00:01.1: BAR 0 [io  0x01f0-0x01f7]: legacy IDE quirk
[    0.497075] pci 0000:00:01.1: BAR 1 [io  0x03f6]: legacy IDE quirk
[    0.497132] pci 0000:00:01.1: BAR 2 [io  0x0170-0x0177]: legacy IDE quirk
[    0.497184] pci 0000:00:01.1: BAR 3 [io  0x0376]: legacy IDE quirk
[    0.497542] pci 0000:00:01.3: [8086:7113] type 00 class 0x068000 conventional PCI endpoint
[    0.497839] pci 0000:00:01.3: quirk: [io  0x0600-0x063f] claimed by PIIX4 ACPI
[    0.497908] pci 0000:00:01.3: quirk: [io  0x0700-0x070f] claimed by PIIX4 SMB
[    0.498224] pci 0000:00:02.0: [1234:1111] type 00 class 0x030000 conventional PCI endpoint
[    0.498589] pci 0000:00:02.0: BAR 0 [mem 0xfd000000-0xfdffffff pref]
[    0.498668] pci 0000:00:02.0: BAR 2 [mem 0xfeb70000-0xfeb70fff]
[    0.498710] pci 0000:00:02.0: ROM [mem 0xfeb60000-0xfeb6ffff pref]
[    0.498900] pci 0000:00:02.0: Video device with shadowed ROM at [mem 0x000c0000-0x000dffff]
[    0.499259] pci 0000:00:03.0: [8086:100e] type 00 class 0x020000 conventional PCI endpoint
[    0.499650] pci 0000:00:03.0: BAR 0 [mem 0xfeb40000-0xfeb5ffff]
[    0.499703] pci 0000:00:03.0: BAR 1 [io  0xc000-0xc03f]
[    0.499742] pci 0000:00:03.0: ROM [mem 0xfeb00000-0xfeb3ffff pref]
[    0.502915] pci 0000:00:04.0: [1234:11e8] type 00 class 0x00ff00 conventional PCI endpoint
[    0.503172] pci 0000:00:04.0: BAR 0 [mem 0xfea00000-0xfeafffff]
[    0.508345] ACPI: PCI: Interrupt link LNKA configured for IRQ 10
[    0.508782] ACPI: PCI: Interrupt link LNKB configured for IRQ 10
[    0.509114] ACPI: PCI: Interrupt link LNKC configured for IRQ 11
[    0.509410] ACPI: PCI: Interrupt link LNKD configured for IRQ 11
[    0.509571] ACPI: PCI: Interrupt link LNKS configured for IRQ 9
[    0.511406] iommu: Default domain type: Translated
[    0.511465] iommu: DMA domain TLB invalidation policy: lazy mode
[    0.512282] SCSI subsystem initialized
[    0.512942] libata version 3.00 loaded.
[    0.513115] ACPI: bus type USB registered
[    0.513402] usbcore: registered new interface driver usbfs
[    0.513591] usbcore: registered new interface driver hub
[    0.513696] usbcore: registered new device driver usb
[    0.513878] pps_core: LinuxPPS API ver. 1 registered
[    0.513924] pps_core: Software ver. 5.3.6 - Copyright 2005-2007 Rodolfo Giometti <giometti@linux.it>
[    0.514004] PTP clock support registered
[    0.518435] PCI: Using ACPI for IRQ routing
[    0.518541] PCI: pci_cache_line_size set to 64 bytes
[    0.518770] e820: register RAM buffer resource [mem 0x0009fc00-0x0009ffff]
[    0.518920] e820: register RAM buffer resource [mem 0x0ffe0000-0x0fffffff]
[    0.521558] pci 0000:00:02.0: vgaarb: setting as boot VGA device
[    0.521558] pci 0000:00:02.0: vgaarb: bridge control possible
[    0.521558] pci 0000:00:02.0: vgaarb: VGA device added: decodes=io+mem,owns=io+mem,locks=none
[    0.521558] vgaarb: loaded
[    0.522122] hpet: 3 channels of 0 reserved for per-cpu timers
[    0.522291] hpet0: at MMIO 0xfed00000, IRQs 2, 8, 0
[    0.522374] hpet0: 3 comparators, 64-bit 100.000000 MHz counter
[    0.526162] clocksource: Switched to clocksource tsc-early
[    0.527155] VFS: Disk quotas dquot_6.6.0
[    0.527246] VFS: Dquot-cache hash table entries: 512 (order 0, 4096 bytes)
[    0.528796] pnp: PnP ACPI init
[    0.529978] pnp 00:02: [dma 2]
[    0.530973] pnp: PnP ACPI: found 5 devices
[    0.544350] clocksource: acpi_pm: mask: 0xffffff max_cycles: 0xffffff, max_idle_ns: 2085701024 ns
[    0.544774] NET: Registered PF_INET protocol family
[    0.545314] IP idents hash table entries: 4096 (order: 3, 32768 bytes, linear)
[    0.546787] tcp_listen_portaddr_hash hash table entries: 256 (order: 0, 4096 bytes, linear)
[    0.547015] Table-perturb hash table entries: 65536 (order: 6, 262144 bytes, linear)
[    0.547108] TCP established hash table entries: 2048 (order: 2, 16384 bytes, linear)
[    0.547251] TCP bind hash table entries: 2048 (order: 4, 65536 bytes, linear)
[    0.547373] TCP: Hash tables configured (established 2048 bind 2048)
[    0.548088] UDP hash table entries: 256 (order: 2, 16384 bytes, linear)
[    0.549140] pci_bus 0000:00: resource 4 [io  0x0000-0x0cf7 window]
[    0.549194] pci_bus 0000:00: resource 5 [io  0x0d00-0xffff window]
[    0.549237] pci_bus 0000:00: resource 6 [mem 0x000a0000-0x000bffff window]
[    0.549283] pci_bus 0000:00: resource 7 [mem 0x10000000-0xfebfffff window]
[    0.549329] pci_bus 0000:00: resource 8 [mem 0x100000000-0x17fffffff window]
[    0.549656] pci 0000:00:01.0: PIIX3: Enabling Passive Release
[    0.549748] pci 0000:00:00.0: Limiting direct PCI/PCI transfers
[    0.549863] PCI: CLS 0 bytes, default 64
[    0.552148] Unpacking initramfs...
[    0.558523] Initialise system trusted keyrings
[    0.559848] workingset: timestamp_bits=56 (anon: 52) max_order=16 bucket_order=0 (anon: 0)
[    0.562119] Key type asymmetric registered
[    0.562197] Asymmetric key parser 'x509' registered
[    0.562337] Block layer SCSI generic (bsg) driver version 0.4 loaded (major 250)
[    0.562612] io scheduler mq-deadline registered
[    0.562707] io scheduler kyber registered
[    0.564819] input: Power Button as /devices/platform/LNXPWRBN:00/input/input0
[    0.565403] ACPI: button: Power Button [PWRF]
[    0.568787] Serial: 8250/16550 driver, 4 ports, IRQ sharing enabled
[    0.571058] 00:04: ttyS0 at I/O 0x3f8 (irq = 4, base_baud = 115200) is a 16550A
[    0.576217] Non-volatile memory driver v1.3
[    0.586161] loop: module loaded
[    0.591933] scsi host0: ata_piix
[    0.593181] scsi host1: ata_piix
[    0.593431] ata1: PATA max MWDMA2 cmd 0x1f0 ctl 0x3f6 bmdma 0xc040 irq 14 lpm-pol 0
[    0.593505] ata2: PATA max MWDMA2 cmd 0x170 ctl 0x376 bmdma 0xc048 irq 15 lpm-pol 0
[    0.596246] i8042: PNP: PS/2 Controller [PNP0303:KBD,PNP0f13:MOU] at 0x60,0x64 irq 1,12
[    0.598092] serio: i8042 KBD port at 0x60,0x64 irq 1
[    0.598234] serio: i8042 AUX port at 0x60,0x64 irq 12
[    0.599542] rtc_cmos PNP0B00:00: RTC can wake from S4
[    0.600796] input: AT Translated Set 2 keyboard as /devices/platform/i8042/serio0/input/input1
[    0.604370] rtc_cmos PNP0B00:00: registered as rtc0
[    0.605188] rtc_cmos PNP0B00:00: alarms up to one day, y3k, 242 bytes nvram, hpet irqs
[    0.605827] device-mapper: ioctl: 4.50.0-ioctl (2025-04-28) initialised: dm-devel@lists.linux.dev
[    0.606054] amd_pstate: the _CPC object is not present in SBIOS or ACPI disabled
[    0.606232] hid: raw HID events driver (C) Jiri Kosina
[    0.606636] usbcore: registered new interface driver usbhid
[    0.606722] usbhid: USB HID core driver
[    0.607369] NET: Registered PF_INET6 protocol family
[    0.611267] Segment Routing with IPv6
[    0.611403] In-situ OAM (IOAM) with IPv6
[    0.613153] IPI shorthand broadcast: enabled
[    0.620424] sched_clock: Marking stable (608989678, 10655453)->(622027483, -2382352)
[    0.621795] Loading compiled-in X.509 certificates
[    0.627850] Demotion targets for Node 0: null
[    0.629769] PM:   Magic number: 6:664:473
[    0.630512] clk: Disabling unused clocks
[    0.630733] KTAP version 1
[    0.630763] 1..0
[    0.703278] Freeing initrd memory: 7876K
[    0.750924] ata2: found unknown device (class 0)
[    0.753575] ata2.00: ATAPI: QEMU DVD-ROM, 2.5+, max UDMA/100
[    0.760074] scsi 1:0:0:0: CD-ROM            QEMU     QEMU DVD-ROM     2.5+ PQ: 0 ANSI: 5
[    0.775598] sr 1:0:0:0: [sr0] scsi3-mmc drive: 4x/4x cd/rw xa/form2 tray
[    0.787855] cdrom: Uniform CD-ROM driver Revision: 3.20
[    0.795318] sr 1:0:0:0: Attached scsi CD-ROM sr0
[    0.795925] sr 1:0:0:0: Attached scsi generic sg0 type 5
[    0.832626] Freeing unused kernel image (initmem) memory: 2788K
[    0.832814] Write protecting the kernel read-only data: 20480k
[    0.834290] Freeing unused kernel image (text/rodata gap) memory: 1708K
[    0.835085] Freeing unused kernel image (rodata/data gap) memory: 1064K
[    0.946332] x86/mm: Checked W+X mappings: passed, no W+X pages found.
[    0.946515] Run /init as init process
[    0.946543]   with arguments:
[    0.946567]     /init
[    0.946588]     nokaslr
[    0.946605]   with environment:
[    0.946629]     HOME=/
[    0.946649]     TERM=linux
[    1.001178] mount (54) used greatest stack depth: 13208 bytes left
[    1.008539] mount (55) used greatest stack depth: 13120 bytes left
=== insmod edu_drv ===
[    1.029610] edu_drv: loading out-of-tree module taints kernel.
[    1.037820] input: ImExPS/2 Generic Explorer Mouse as /devices/platform/i8042/serio1/input/input3
[    1.038521] ACPI: \_SB_.LNKD: Enabled at IRQ 11
[    1.038810] edu_drv 0000:00:04.0: edu id reg: 0x10000ed
[    1.039040] edu_drv 0000:00:04.0: edu probed (irq 11)
[    1.040832] insmod (61) used greatest stack depth: 13104 bytes left
REHARNESS_DRIVER_INSMOD_RC=0
REHARNESS_DRIVER_PROBE_BOUND=1
=== dmesg ===
[    0.030432] PM: hibernation: Registered nosave memory: [mem 0x00000000-0x00000fff]
[    0.030497] PM: hibernation: Registered nosave memory: [mem 0x0009f000-0x000fffff]
[    0.415090] NET: Registered PF_NETLINK/PF_ROUTE protocol family
[    0.419272] thermal_sys: Registered thermal governor 'step_wise'
[    0.423617] kprobes: kprobe jump-optimization is enabled. All kprobes are optimized if possible.
[    0.425546] HugeTLB: registered 2.00 MiB page size, pre-allocated 0 pages
[    0.513115] ACPI: bus type USB registered
[    0.513402] usbcore: registered new interface driver usbfs
[    0.513591] usbcore: registered new interface driver hub
[    0.513696] usbcore: registered new device driver usb
[    0.513878] pps_core: LinuxPPS API ver. 1 registered
[    0.514004] PTP clock support registered
[    0.544774] NET: Registered PF_INET protocol family
[    0.562119] Key type asymmetric registered
[    0.562197] Asymmetric key parser 'x509' registered
[    0.562612] io scheduler mq-deadline registered
[    0.562707] io scheduler kyber registered
[    0.604370] rtc_cmos PNP0B00:00: registered as rtc0
[    0.606636] usbcore: registered new interface driver usbhid
[    0.607369] NET: Registered PF_INET6 protocol family
[    1.029610] edu_drv: loading out-of-tree module taints kernel.
[    1.038810] edu_drv 0000:00:04.0: edu id reg: 0x10000ed
[    1.039040] edu_drv 0000:00:04.0: edu probed (irq 11)
=== exerciser ===
TRACE id@0x00 = 0x010000ed OK
TRACE live_check@0x04 write0xa5a5a5a5 read0x5a5a5a5a OK (~X)
TRACE factorial@0x08(5)=120 OK
EDU_TRACE_OK
EXERCISER_RC=0
=== rmmod edu_drv ===
[    1.092765] edu_drv 0000:00:04.0: edu removed
REHARNESS_DRIVER_RMMOD_RC=0
=== QEMU_RUN_DONE ===
[    1.307058] sysrq: Power Off
[    1.308075] Kernel panic - not syncing: Attempted to kill init! exitcode=0x00000000
[    1.308415] CPU: 0 UID: 0 PID: 1 Comm: init Tainted: G           O        7.1.0-rc7-gacb7500801e9 #15 PREEMPT(lazy) 
[    1.308519] Tainted: [O]=OOT_MODULE
[    1.308545] Hardware name: QEMU Standard PC (i440FX + PIIX, 1996), BIOS rel-1.17.0-0-gb52ca86e094d-prebuilt.qemu.org 04/01/2014
[    1.308667] Call Trace:
[    1.309000]  <TASK>
[    1.309126]  vpanic+0x32f/0x4b0
[    1.309283]  panic+0x63/0x70
[    1.309306]  do_exit+0x952/0xaf0
[    1.309331]  do_group_exit+0x30/0x80
[    1.309354]  __x64_sys_exit_group+0x18/0x20
[    1.309385]  x64_sys_call+0x12e2/0x1880
[    1.309411]  do_syscall_64+0x10e/0x4e0
[    1.309438]  entry_SYSCALL_64_after_hwframe+0x77/0x7f
[    1.309535] RIP: 0033:0x7fb27d02d31d
[    1.309670] Code: 02 ba ff ff ff ff 89 d0 c3 0f 1f 40 00 f3 0f 1e fa 48 8b 35 ed 4a 11 00 ba e7 00 00 00 eb 07 66 0f 1f 44 00 00 f4 89 d0 0f 05 <48> 3d 00 f0 ff ff 76 f3 f7 d8 64 89 06 eb ec 0f 1f 40 00 f3 0f 1e
[    1.309906] RSP: 002b:00007fff9c986c88 EFLAGS: 00000202 ORIG_RAX: 00000000000000e7
[    1.310042] RAX: ffffffffffffffda RBX: 00007fff9c986f10 RCX: 00007fb27d02d31d
[    1.310130] RDX: 00000000000000e7 RSI: ffffffffffffff88 RDI: 0000000000000000
[    1.310212] RBP: 00007fff9c986d60 R08: 000055d506f02010 R09: 0000000000000007
[    1.310294] R10: 000055d506f05860 R11: 0000000000000202 R12: 0000000000000000
[    1.310376] R13: 00007fff9c986f00 R14: 000055d4d4824dd8 R15: 00007fb27d193000
[    1.310476]  </TASK>
[    1.310854] Kernel Offset: disabled
[    1.311030] Rebooting in 1 seconds..
