ST_0_PROVIDER=
REHARNESS_SUBSYSTEM_TEST_0_REQUIRED=1
REHARNESS_SUBSYSTEM_TEST_0_RC=0
REHARNESS_SUBSYSTEM_TEST_0_STATUS=pass
REHARNESS_SUBSYSTEM_TEST_1_NAME=gpio-line-info
REHARNESS_SUBSYSTEM_TEST_1_KIND=native
REHARNESS_SUBSYSTEM_TEST_1_PROVIDER=
REHARNESS_SUBSYSTEM_TEST_1_REQUIRED=1
REHARNESS_SUBSYSTEM_TEST_1_RC=0
REHARNESS_SUBSYSTEM_TEST_1_STATUS=pass
REHARNESS_SUBSYSTEM_TEST_2_NAME=gpio-v2-basic
REHARNESS_SUBSYSTEM_TEST_2_KIND=native
REHARNESS_SUBSYSTEM_TEST_2_PROVIDER=
REHARNESS_SUBSYSTEM_TEST_2_REQUIRED=1
REHARNESS_SUBSYSTEM_TEST_2_RC=0
REHARNESS_SUBSYSTEM_TEST_2_STATUS=pass
REHARNESS_SUBSYSTEM_TEST_3_NAME=gpio-v2-multi-line
REHARNESS_SUBSYSTEM_TEST_3_KIND=native
REHARNESS_SUBSYSTEM_TEST_3_PROVIDER=
REHARNESS_SUBSYSTEM_TEST_3_REQUIRED=1
REHARNESS_SUBSYSTEM_TEST_3_RC=0
REHARNESS_SUBSYSTEM_TEST_3_STATUS=pass
REHARNESS_SUBSYSTEM_TEST_4_NAME=gpio-v1-compat
REHARNESS_SUBSYSTEM_TEST_4_KIND=native
REHARNESS_SUBSYSTEM_TEST_4_PROVIDER=
REHARNESS_SUBSYSTEM_TEST_4_REQUIRED=1
REHARNESS_SUBSYSTEM_TEST_4_RC=0
REHARNESS_SUBSYSTEM_TEST_4_STATUS=pass
REHARNESS_SUBSYSTEM_TEST_5_NAME=gpio-config
REHARNESS_SUBSYSTEM_TEST_5_KIND=native
REHARNESS_SUBSYSTEM_TEST_5_PROVIDER=
REHARNESS_SUBSYSTEM_TEST_5_REQUIRED=1
REHARNESS_SUBSYSTEM_TEST_5_RC=0
REHARNESS_SUBSYSTEM_TEST_5_STATUS=pass
REHARNESS_SUBSYSTEM_TEST_6_NAME=gpio-errors
REHARNESS_SUBSYSTEM_TEST_6_KIND=native
REHARNESS_SUBSYSTEM_TEST_6_PROVIDER=
REHARNESS_SUBSYSTEM_TEST_6_REQUIRED=1
REHARNESS_SUBSYSTEM_TEST_6_RC=0
REHARNESS_SUBSYSTEM_TEST_6_STATUS=pass
REHARNESS_SUBSYSTEM_TEST_7_NAME=gpio-events
REHARNESS_SUBSYSTEM_TEST_7_KIND=native
REHARNESS_SUBSYSTEM_TEST_7_PROVIDER=
REHARNESS_SUBSYSTEM_TEST_7_REQUIRED=1
REHARNESS_SUBSYSTEM_TEST_7_RC=0
REHARNESS_SUBSYSTEM_TEST_7_STATUS=pass
REHARNESS_SUBSYSTEM_TEST_8_NAME=gpio-lifecycle
REHARNESS_SUBSYSTEM_TEST_8_KIND=native
REHARNESS_SUBSYSTEM_TEST_8_PROVIDER=
REHARNESS_SUBSYSTEM_TEST_8_REQUIRED=1
REHARNESS_SUBSYSTEM_TEST_8_RC=0
REHARNESS_SUBSYSTEM_TEST_8_STATUS=pass
REHARNESS_SUBSYSTEM_TEST_9_NAME=linux-gpio-chip-info
REHARNESS_SUBSYSTEM_TEST_9_KIND=kselftest
REHARNESS_SUBSYSTEM_TEST_9_PROVIDER=linux-gpio-chip-info
REHARNESS_SUBSYSTEM_TEST_9_REQUIRED=1
REHARNESS_SUBSYSTEM_TEST_9_RC=0
REHARNESS_SUBSYSTEM_TEST_9_STATUS=pass
REHARNESS_SUBSYSTEM_TEST_10_NAME=linux-gpio-line-name
REHARNESS_SUBSYSTEM_TEST_10_KIND=kselftest
REHARNESS_SUBSYSTEM_TEST_10_PROVIDER=linux-gpio-line-name
REHARNESS_SUBSYSTEM_TEST_10_REQUIRED=1
REHARNESS_SUBSYSTEM_TEST_10_RC=0
REHARNESS_SUBSYSTEM_TEST_10_STATUS=pass
=== rmmod ftgpio010_gpio ===
rmmod: ERROR: ../libkmod/libkmod-module.c:856 kmod_module_remove_module() could not remove 'ftgpio010_gpio': Device or resource busy
rmmod: ERROR: could not remove module ftgpio010_gpio: Device or resource busy
REHARNESS_DRIVER_RMMOD_RC=1
REHARNESS_RUNTIME_FIXTURE_MODULE_0_RMMOD_RC=0
=== QEMU_RUN_DONE ===
[    1.449929] Call Trace:

=== 成功判定 ===
REHARNESS_SUBSYSTEM_TEST_0_SUCCESS=1
REHARNESS_SUBSYSTEM_TEST_1_SUCCESS=1
REHARNESS_SUBSYSTEM_TEST_2_SUCCESS=1
REHARNESS_SUBSYSTEM_TEST_3_SUCCESS=1
REHARNESS_SUBSYSTEM_TEST_4_SUCCESS=1
REHARNESS_SUBSYSTEM_TEST_5_SUCCESS=1
REHARNESS_SUBSYSTEM_TEST_6_SUCCESS=1
REHARNESS_SUBSYSTEM_TEST_7_SUCCESS=1
REHARNESS_SUBSYSTEM_TEST_8_SUCCESS=1
REHARNESS_SUBSYSTEM_TEST_9_SUCCESS=1
REHARNESS_SUBSYSTEM_TEST_10_SUCCESS=1
REHARNESS_COVERAGE_chip_info_STATUS=pass
REHARNESS_COVERAGE_line_info_STATUS=pass
REHARNESS_COVERAGE_v2_single_line_STATUS=pass
REHARNESS_COVERAGE_v2_multi_line_STATUS=pass
REHARNESS_COVERAGE_v2_values_STATUS=pass
REHARNESS_COVERAGE_v1_single_line_STATUS=pass
REHARNESS_COVERAGE_config_flags_STATUS=pass
REHARNESS_COVERAGE_config_debounce_STATUS=pass
REHARNESS_COVERAGE_error_paths_STATUS=pass
REHARNESS_COVERAGE_line_event_STATUS=pass
REHARNESS_COVERAGE_lifecycle_STATUS=pass
  => 失败: unload_failed
  done=1 probe=26 driver_probe_bound=1 driver_probe_unbound=0 real_oops=0 real_warning=0
  => 失败: exerciser/subsystem semantic test failed
QEMU runtime artifacts: /tmp/reharness-qemu-v2-ftgpio010_gpio-qemu.upzarN
