\BOOKMARK [1][-]{section*.1}{\376\377\000A\000b\000s\000t\000r\000a\000c\000t}{}% 1
\BOOKMARK [1][-]{section.1}{\376\377\0001\000\040\000I\000n\000t\000r\000o\000d\000u\000c\000t\000i\000o\000n}{}% 2
\BOOKMARK [1][-]{section.2}{\376\377\0002\000\040\000M\000o\000t\000i\000v\000a\000t\000i\000o\000n}{}% 3
\BOOKMARK [2][-]{subsection.2.1}{\376\377\0002\000.\0001\000\040\000L\000i\000n\000u\000x\000\040\000D\000r\000i\000v\000e\000r\000s\000\040\000I\000n\000t\000e\000r\000l\000e\000a\000v\000e\000\040\000T\000w\000o\000\040\000T\000r\000a\000n\000s\000l\000a\000t\000i\000o\000n\000\040\000C\000o\000n\000c\000e\000r\000n\000s}{section.2}% 4
\BOOKMARK [2][-]{subsection.2.2}{\376\377\0002\000.\0002\000\040\000E\000x\000i\000s\000t\000i\000n\000g\000\040\000T\000r\000a\000n\000s\000l\000a\000t\000i\000o\000n\000\040\000B\000o\000u\000n\000d\000a\000r\000i\000e\000s\000\040\000A\000r\000e\000\040\000I\000n\000s\000u\000f\000f\000i\000c\000i\000e\000n\000t}{section.2}% 5
\BOOKMARK [1][-]{section.3}{\376\377\0003\000\040\000S\000y\000s\000t\000e\000m\000\040\000D\000e\000s\000i\000g\000n\000\040\000a\000n\000d\000\040\000E\000v\000i\000d\000e\000n\000c\000e\000\040\000C\000o\000n\000t\000r\000a\000c\000t}{}% 6
\BOOKMARK [2][-]{subsection.3.1}{\376\377\0003\000.\0001\000\040\000A\000r\000c\000h\000i\000t\000e\000c\000t\000u\000r\000e\000\040\000a\000n\000d\000\040\000D\000e\000t\000e\000r\000m\000i\000n\000i\000s\000t\000i\000c\000\040\000B\000o\000u\000n\000d\000a\000r\000y}{section.3}% 7
\BOOKMARK [2][-]{subsection.3.2}{\376\377\0003\000.\0002\000\040\000R\000e\000g\000i\000s\000t\000e\000r\000\040\000I\000n\000t\000e\000r\000a\000c\000t\000i\000o\000n\000\040\000S\000e\000q\000u\000e\000n\000c\000e}{section.3}% 8
\BOOKMARK [2][-]{subsection.3.3}{\376\377\0003\000.\0003\000\040\000D\000e\000v\000i\000c\000e\000\040\000a\000n\000d\000\040\000F\000u\000n\000c\000t\000i\000o\000n\000\040\000S\000e\000m\000a\000n\000t\000i\000c\000s}{section.3}% 9
\BOOKMARK [2][-]{subsection.3.4}{\376\377\0003\000.\0004\000\040\000B\000a\000c\000k\000e\000n\000d\000\040\000B\000i\000n\000d\000i\000n\000g\000s\000\040\000a\000n\000d\000\040\000E\000v\000i\000d\000e\000n\000c\000e\000\040\000J\000S\000O\000N}{section.3}% 10
\BOOKMARK [1][-]{section.4}{\376\377\0004\000\040\000D\000e\000v\000i\000c\000e\000-\000C\000o\000r\000e\000\040\000C\000o\000n\000t\000r\000a\000c\000t\000\040\000E\000x\000t\000r\000a\000c\000t\000i\000o\000n}{}% 11
\BOOKMARK [2][-]{subsection.4.1}{\376\377\0004\000.\0001\000\040\000A\000S\000T\000\040\000D\000a\000t\000a\000f\000l\000o\000w\000\040\000a\000n\000d\000\040\000I\000n\000t\000e\000r\000-\000P\000r\000o\000c\000e\000d\000u\000r\000a\000l\000\040\000A\000n\000a\000l\000y\000s\000i\000s}{section.4}% 12
\BOOKMARK [2][-]{subsection.4.2}{\376\377\0004\000.\0002\000\040\000L\000L\000V\000M\000-\000I\000R\000\040\000E\000v\000i\000d\000e\000n\000c\000e\000\040\000R\000e\000c\000o\000v\000e\000r\000y}{section.4}% 13
\BOOKMARK [2][-]{subsection.4.3}{\376\377\0004\000.\0003\000\040\000F\000u\000n\000c\000t\000i\000o\000n\000a\000l\000-\000S\000t\000a\000t\000e\000\040\000a\000n\000d\000\040\000T\000y\000p\000e\000d\000-\000T\000r\000a\000n\000s\000a\000c\000t\000i\000o\000n\000\040\000E\000x\000t\000r\000a\000c\000t\000i\000o\000n}{section.4}% 14
\BOOKMARK [1][-]{section.5}{\376\377\0005\000\040\000C\000o\000n\000s\000t\000r\000a\000i\000n\000e\000d\000\040\000L\000L\000M\000\040\000T\000r\000a\000n\000s\000l\000a\000t\000i\000o\000n\000\040\000a\000n\000d\000\040\000V\000e\000r\000i\000f\000i\000c\000a\000t\000i\000o\000n}{}% 15
\BOOKMARK [2][-]{subsection.5.1}{\376\377\0005\000.\0001\000\040\000E\000v\000i\000d\000e\000n\000c\000e\000\040\000B\000o\000u\000n\000d\000a\000r\000y}{section.5}% 16
\BOOKMARK [2][-]{subsection.5.2}{\376\377\0005\000.\0002\000\040\000B\000a\000c\000k\000e\000n\000d\000\040\000P\000l\000u\000g\000i\000n\000s\000\040\000a\000n\000d\000\040\000P\000r\000o\000m\000p\000t\000e\000d\000\040\000T\000r\000a\000n\000s\000l\000a\000t\000i\000o\000n}{section.5}% 17
\BOOKMARK [2][-]{subsection.5.3}{\376\377\0005\000.\0003\000\040\000C\000o\000m\000p\000i\000l\000a\000t\000i\000o\000n\000,\000\040\000R\000e\000c\000e\000i\000p\000t\000s\000,\000\040\000a\000n\000d\000\040\000T\000r\000a\000c\000e\000\040\000O\000r\000a\000c\000l\000e\000s}{section.5}% 18
\BOOKMARK [2][-]{subsection.5.4}{\376\377\0005\000.\0004\000\040\000B\000o\000u\000n\000d\000e\000d\000\040\000R\000e\000p\000a\000i\000r}{section.5}% 19
\BOOKMARK [1][-]{section.6}{\376\377\0006\000\040\000E\000v\000a\000l\000u\000a\000t\000i\000o\000n}{}% 20
\BOOKMARK [2][-]{subsection.6.1}{\376\377\0006\000.\0001\000\040\000E\000x\000p\000e\000r\000i\000m\000e\000n\000t\000a\000l\000\040\000S\000e\000t\000u\000p\000\040\000a\000n\000d\000\040\000R\000e\000s\000e\000a\000r\000c\000h\000\040\000Q\000u\000e\000s\000t\000i\000o\000n\000s}{section.6}% 21
\BOOKMARK [2][-]{subsection.6.2}{\376\377\0006\000.\0002\000\040\000C\000o\000n\000t\000r\000a\000c\000t\000\040\000E\000x\000t\000r\000a\000c\000t\000i\000o\000n\000\040\000C\000h\000a\000r\000a\000c\000t\000e\000r\000i\000s\000t\000i\000c\000s\000\040\000\050\000R\000Q\0001\040\023\000R\000Q\0002\000\051}{section.6}% 22
\BOOKMARK [2][-]{subsection.6.3}{\376\377\0006\000.\0003\000\040\000T\000r\000a\000n\000s\000l\000a\000t\000i\000o\000n\000\040\000a\000n\000d\000\040\000S\000t\000r\000i\000c\000t\000\040\000R\000e\000a\000d\000i\000n\000e\000s\000s\000\040\000\050\000R\000Q\0003\040\023\000R\000Q\0004\000\051}{section.6}% 23
\BOOKMARK [2][-]{subsection.6.4}{\376\377\0006\000.\0004\000\040\000M\000u\000l\000t\000i\000-\000S\000o\000u\000r\000c\000e\000\040\000S\000c\000a\000l\000a\000b\000i\000l\000i\000t\000y}{section.6}% 24
\BOOKMARK [2][-]{subsection.6.5}{\376\377\0006\000.\0005\000\040\000R\000u\000n\000t\000i\000m\000e\000\040\000a\000n\000d\000\040\000E\000n\000d\000-\000t\000o\000-\000E\000n\000d\000\040\000L\000L\000M\000\040\000V\000a\000l\000i\000d\000a\000t\000i\000o\000n\000\040\000\050\000R\000Q\0005\000\051}{section.6}% 25
\BOOKMARK [1][-]{section.7}{\376\377\0007\000\040\000D\000i\000s\000c\000u\000s\000s\000i\000o\000n\000\040\000a\000n\000d\000\040\000L\000i\000m\000i\000t\000a\000t\000i\000o\000n\000s}{}% 26
\BOOKMARK [2][-]{subsection.7.1}{\376\377\0007\000.\0001\000\040\000A\000n\000a\000l\000y\000s\000i\000s\000\040\000a\000n\000d\000\040\000S\000u\000b\000s\000y\000s\000t\000e\000m\000\040\000B\000o\000u\000n\000d\000a\000r\000i\000e\000s}{section.7}% 27
\BOOKMARK [2][-]{subsection.7.2}{\376\377\0007\000.\0002\000\040\000W\000h\000a\000t\000\040\000t\000h\000e\000\040\000V\000e\000r\000i\000f\000i\000c\000a\000t\000i\000o\000n\000\040\000G\000a\000t\000e\000\040\000E\000s\000t\000a\000b\000l\000i\000s\000h\000e\000s}{section.7}% 28
\BOOKMARK [2][-]{subsection.7.3}{\376\377\0007\000.\0003\000\040\000S\000c\000a\000l\000a\000b\000i\000l\000i\000t\000y\000\040\000a\000n\000d\000\040\000T\000h\000r\000e\000a\000t\000s\000\040\000t\000o\000\040\000V\000a\000l\000i\000d\000i\000t\000y}{section.7}% 29
\BOOKMARK [1][-]{section.8}{\376\377\0008\000\040\000C\000o\000n\000c\000l\000u\000s\000i\000o\000n}{}% 30
\BOOKMARK [1][-]{section*.34}{\376\377\000R\000e\000f\000e\000r\000e\000n\000c\000e\000s}{}% 31
