c[?7l[2J[0mSeaBIOS (version rel-1.17.0-0-gb52ca86e094d-prebuilt.qemu.org)


iPXE (http://ipxe.org) 00:03.0 CA00 PCI2.10 PnP PMM+0EFD1C90+0EF31C90 CA00
Press Ctrl-B to configure iPXE (PCI 00:03.0)...                                                                               


Booting from ROM..c[?7l[2JNo EFI environment detected.
early console in extract_kernel
input_data: 0x000000000266e2c4
input_len: 0x0000000000941f16
output: 0x0000000001000000
output_len: 0x0000000001f706d0
kernel_total_size: 0x0000000001d76000
needed_size: 0x0000000002000000
trampoline_32bit: 0x0000000000000000


KASLR disabled: 'nokaslr' on cmdline.


Decompressing Linux... Parsing ELF... No relocation needed... done.
Booting the kernel (entry_offset: 0x0000000001a083b0).
[    0.000000] Linux version 7.1.0-rc7-gacb7500801e9 (yfblock@9950x) (gcc (Ubuntu 13.3.0-6ubuntu2~24.04.1) 13.3.0, GNU ld (GNU Binutils for Ubuntu) 2.42) #15 SMP PREEMPT_DYNAMIC Tue Aug 25 15:37:57 CST 2026
[    0.000000] Command line: console=ttyS0 nokaslr panic=1 ignore_loglevel earlyprintk=serial,ttyS0,115200
[    0.000000] BIOS-provided physical RAM map:
[    0.000000] BIOS-e820: [mem 0x0000000000000000-0x000000000009fbff]  System RAM
[    0.000000] BIOS-e820: [mem 0x000000000009fc00-0x000000000009ffff]  device reserved
[    0.000000] BIOS-e820: [gap 0x00000000000a0000-0x00000000000effff]
[    0.000000] BIOS-e820: [mem 0x00000000000f0000-0x00000000000fffff]  device reserved
[    0.000000] BIOS-e820: [mem 0x0000000000100000-0x000000000ffdffff]  System RAM
[    0.000000] BIOS-e820: [mem 0x000000000ffe0000-0x000000000fffffff]  device reserved
[    0.000000] BIOS-e820: [gap 0x0000000010000000-0x00000000fffbffff]
[    0.000000] BIOS-e820: [mem 0x00000000fffc0000-0x00000000ffffffff]  device reserved
[    0.000000] BIOS-e820: [gap 0x0000000100000000-0x000000fcffffffff]
[    0.000000] BIOS-e820: [mem 0x000000fd00000000-0x000000ffffffffff]  device reserved
[    0.000000] printk: debug: ignoring loglevel setting.
[    0.000000] printk: legacy bootconsole [earlyser0] enabled
[    0.000000] NX (Execute Disable) protection: active
[    0.000000] APIC: Static calls initialized
[    0.000000] DMI: SMBIOS 2.8 present.
[    0.000000] DMI: QEMU Standard PC (i440FX + PIIX, 1996), BIOS rel-1.17.0-0-gb52ca86e094d-prebuilt.qemu.org 04/01/2014
[    0.000000] DMI: Memory slots populated: 1/1
[    0.000000] tsc: Fast TSC calibration using PIT
[    0.000000] tsc: Detected 4300.011 MHz processor
[    0.007901] e820: update [mem 0x00000000-0x00000fff] System RAM ==> device reserved
[    0.008079] e820: remove [mem 0x000a0000-0x000fffff] System RAM
[    0.008230] last_pfn = 0xffe0 max_arch_pfn = 0x400000000
[    0.008665] MTRR map: 4 entries (3 fixed + 1 variable; max 19), built from 8 variable MTRRs
[    0.008823] x86/PAT: Configuration [0-7]: WB  WC  UC- UC  WB  WP  UC- WT  
[    0.020738] found SMP MP-table at [mem 0x000f54c0-0x000f54cf]
[    0.023769] RAMDISK: [mem 0x0f7d8000-0x0ffdffff]
[    0.024043] ACPI: Early table checksum verification disabled
[    0.024330] ACPI: RSDP 0x00000000000F52E0 000014 (v00 BOCHS )
[    0.024527] ACPI: RSDT 0x000000000FFE2383 000034 (v01 BOCHS  BXPC     00000001 BXPC 00000001)
[    0.025003] ACPI: FACP 0x000000000FFE222F 000074 (v01 BOCHS  BXPC     00000001 BXPC 00000001)
[    0.025439] ACPI: DSDT 0x000000000FFE0040 0021EF (v01 BOCHS  BXPC     00000001 BXPC 00000001)
[    0.025541] ACPI: FACS 0x000000000FFE0000 000040
[    0.025603] ACPI: APIC 0x000000000FFE22A3 000080 (v03 BOCHS  BXPC     00000001 BXPC 00000001)
[    0.025668] ACPI: HPET 0x000000000FFE2323 000038 (v01 BOCHS  BXPC     00000001 BXPC 00000001)
[    0.025733] ACPI: WAET 0x000000000FFE235B 000028 (v01 BOCHS  BXPC     00000001 BXPC 00000001)
[    0.025838] ACPI: Reserving FACP table memory at [mem 0xffe222f-0xffe22a2]
[    0.025890] ACPI: Reserving DSDT table memory at [mem 0xffe0040-0xffe222e]
[    0.025934] ACPI: Reserving FACS table memory at [mem 0xffe0000-0xffe003f]
[    0.025978] ACPI: Reserving APIC table memory at [mem 0xffe22a3-0xffe2322]
[    0.026029] ACPI: Reserving HPET table memory at [mem 0xffe2323-0xffe235a]
[    0.026073] ACPI: Reserving WAET table memory at [mem 0xffe235b-0xffe2382]
[    0.027302] No NUMA configuration found
[    0.027345] Faking a node at [mem 0x0000000000000000-0x000000000ffdffff]
[    0.027735] NODE_DATA(0) allocated [mem 0x0f7d4680-0x0f7d7fff]
[    0.028220] ACPI: PM-Timer IO Port: 0x608
[    0.028489] ACPI: LAPIC_NMI (acpi_id[0xff] dfl dfl lint[0x1])
[    0.028746] IOAPIC[0]: apic_id 0, version 32, address 0xfec00000, GSI 0-23
[    0.028854] ACPI: INT_SRC_OVR (bus 0 bus_irq 0 global_irq 2 dfl dfl)
[    0.029027] ACPI: INT_SRC_OVR (bus 0 bus_irq 5 global_irq 5 high level)
[    0.029090] ACPI: INT_SRC_OVR (bus 0 bus_irq 9 global_irq 9 high level)
[    0.029182] ACPI: INT_SRC_OVR (bus 0 bus_irq 10 global_irq 10 high level)
[    0.029225] ACPI: INT_SRC_OVR (bus 0 bus_irq 11 global_irq 11 high level)
[    0.029367] ACPI: Using ACPI (MADT) for SMP configuration information
[    0.029427] ACPI: HPET id: 0x8086a201 base: 0xfed00000
[    0.029690] CPU topo: Max. logical packages:   1
[    0.029742] CPU topo: Max. logical nodes:      1
[    0.029775] CPU topo: Num. nodes per package:  1
[    0.029834] CPU topo: Max. logical dies:       1
[    0.029866] CPU topo: Max. dies per package:   1
[    0.029927] CPU topo: Max. threads per core:   1
[    0.030036] CPU topo: Num. cores per package:     2
[    0.030073] CPU topo: Num. threads per package:   2
[    0.030107] CPU topo: Allowing 2 present CPUs plus 0 hotplug CPUs
[    0.030604] PM: hibernation: Registered nosave memory: [mem 0x00000000-0x00000fff]
[    0.030669] PM: hibernation: Registered nosave memory: [mem 0x0009f000-0x000fffff]
[    0.030779] [gap 0x10000000-0xfffbffff] available for PCI devices
[    0.030847] Booting paravirtualized kernel on bare hardware
[    0.031058] clocksource: refined-jiffies: mask: 0xffffffff max_cycles: 0xffffffff, max_idle_ns: 1910969940391419 ns
[    0.038444] Zone ranges:
[    0.038481]   DMA      [mem 0x0000000000001000-0x0000000000ffffff]
[    0.038562]   DMA32    [mem 0x0000000001000000-0x000000000ffdffff]
[    0.038607]   Normal   empty
[    0.038641] Movable zone start for each node
[    0.038682] Early memory node ranges
[    0.038723]   node   0: [mem 0x0000000000001000-0x000000000009efff]
[    0.038839]   node   0: [mem 0x0000000000100000-0x000000000ffdffff]
[    0.038948] Initmem setup node 0 [mem 0x0000000000001000-0x000000000ffdffff]
[    0.039567] On node 0, zone DMA: 1 pages in unavailable ranges
[    0.039744] On node 0, zone DMA: 97 pages in unavailable ranges
[    0.040436] On node 0, zone DMA32: 32 pages in unavailable ranges
[    0.040594] setup_percpu: NR_CPUS:64 nr_cpumask_bits:2 nr_cpu_ids:2 nr_node_ids:1
[    0.041380] percpu: Embedded 52 pages/cpu s175064 r8192 d29736 u1048576
[    0.041655] pcpu-alloc: s175064 r8192 d29736 u1048576 alloc=1*2097152
[    0.041741] pcpu-alloc: [0] 0 1 
[    0.042602] Kernel command line: console=ttyS0 nokaslr panic=1 ignore_loglevel earlyprintk=serial,ttyS0,115200
[    0.043308] Unknown kernel command line parameters "nokaslr", will be passed to user space.
[    0.043475] printk: log buffer data + meta data: 262144 + 917504 = 1179648 bytes
[    0.043682] Dentry cache hash table entries: 32768 (order: 6, 262144 bytes, linear)
[    0.043789] Inode-cache hash table entries: 16384 (order: 5, 131072 bytes, linear)
[    0.045304] Fallback order for Node 0: 0 
[    0.045557] Built 1 zonelists, mobility grouping on.  Total pages: 65406
[    0.045639] Policy zone: DMA32
[    0.045801] mem auto-init: stack:all(zero), heap alloc:off, heap free:off
[    0.051069] SLUB: HWalign=64, Order=0-3, MinObjects=0, CPUs=2, Nodes=1
Poking KASLR using RDTSC...
[    0.072066] ftrace: allocating 37804 entries in 148 pages
[    0.072319] ftrace: allocated 148 pages with 3 groups
[    0.076717] Dynamic Preempt: lazy
[    0.078502] rcu: Preemptible hierarchical RCU implementation.
[    0.078549] rcu: 	RCU event tracing is enabled.
[    0.078588] rcu: 	RCU restricting CPUs from NR_CPUS=64 to nr_cpu_ids=2.
[    0.078712] 	Trampoline variant of Tasks RCU enabled.
[    0.078744] 	Rude variant of Tasks RCU enabled.
[    0.078773] 	Tracing variant of Tasks RCU enabled.
[    0.078858] rcu: RCU calculated value of scheduler-enlistment delay is 100 jiffies.
[    0.078913] rcu: Adjusting geometry for rcu_fanout_leaf=16, nr_cpu_ids=2
[    0.079627] RCU Tasks: Setting shift to 1 and lim to 1 rcu_task_cb_adjust=1 rcu_task_cpu_ids=2.
[    0.079688] RCU Tasks Rude: Setting shift to 1 and lim to 1 rcu_task_cb_adjust=1 rcu_task_cpu_ids=2.
[    0.094309] NR_IRQS: 4352, nr_irqs: 440, preallocated irqs: 16
[    0.099683] rcu: srcu_init: Setting srcu_struct sizes based on contention.
[    0.103509] Console: colour VGA+ 80x25
[    0.104630] printk: legacy console [ttyS0] enabled
[    0.104630] printk: legacy console [ttyS0] enabled
[    0.104902] printk: legacy bootconsole [earlyser0] disabled
[    0.104902] printk: legacy bootconsole [earlyser0] disabled
[    0.105747] ACPI: Core revision 20251212
[    0.108867] clocksource: hpet: mask: 0xffffffff max_cycles: 0xffffffff, max_idle_ns: 19112604467 ns
[    0.110027] APIC: Switch to symmetric I/O mode setup
[    0.114348] ..TIMER: vector=0x30 apic1=0 pin1=2 apic2=-1 pin2=-1
[    0.119708] clocksource: tsc-early: mask: 0xffffffffffffffff max_cycles: 0x3dfb6e2d7ea, max_idle_ns: 440795311911 ns
[    0.119981] Calibrating delay loop (skipped), value calculated using timer frequency.. 8600.02 BogoMIPS (lpj=4300011)
[    0.122160] Last level iTLB entries: 4KB 512, 2MB 255, 4MB 127
[    0.122220] Last level dTLB entries: 4KB 512, 2MB 255, 4MB 127, 1GB 0
[    0.122389] mitigations: Enabled attack vectors: user_kernel, user_user, SMT mitigations: auto
[    0.122653] Spectre V2 : Mitigation: Retpolines
[    0.122751] Spectre V1 : Mitigation: usercopy/swapgs barriers and __user pointer sanitization
[    0.122911] Spectre V2 : Spectre v2 / SpectreRSB: Filling RSB on context switch and VMEXIT
[    0.123375] x86/fpu: x87 FPU will use FXSAVE
[    0.185200] pid_max: default: 32768 minimum: 301
[    0.192744] Mount-cache hash table entries: 512 (order: 0, 4096 bytes, linear)
[    0.192882] Mountpoint-cache hash table entries: 512 (order: 0, 4096 bytes, linear)
[    0.197572] VFS: Finished mounting rootfs on nullfs
[    0.311460] smpboot: CPU0: AMD QEMU Virtual CPU version 2.5+ (family: 0xf, model: 0x6b, stepping: 0x1)
[    0.317127] Performance Events: PMU not available due to virtualization, using software events only.
[    0.317698] signal: max sigframe size: 1440
[    0.318503] rcu: Hierarchical SRCU implementation.
[    0.318558] rcu: 	Max phase no-delay instances is 400.
[    0.319198] Timer migration: 1 hierarchy levels; 8 children per group; 1 crossnode level
[    0.321541] smp: Bringing up secondary CPUs ...
[    0.325256] smpboot: x86: Booting SMP configuration:
[    0.325316] .... node  #0, CPUs:      #1
[    0.395267] smp: Brought up 1 node, 2 CPUs
[    0.395463] smpboot: Total of 2 processors activated (17200.75 BogoMIPS)
[    0.400634] Memory: 214336K/261624K available (12627K kernel code, 2331K rwdata, 5080K rodata, 2788K init, 544K bss, 43860K reserved, 0K cma-reserved)
[    0.405938] devtmpfs: initialized
[    0.411601] clocksource: jiffies: mask: 0xffffffff max_cycles: 0xffffffff, max_idle_ns: 1911260446275000 ns
[    0.411601] posixtimers hash table entries: 1024 (order: 2, 16384 bytes, linear)
[    0.411601] futex hash table entries: 512 (32768 bytes on 1 NUMA nodes, total 32 KiB, linear).
[    0.414190] PM: RTC time: 08:28:53, date: 2026-08-25
[    0.416791] NET: Registered PF_NETLINK/PF_ROUTE protocol family
[    0.421120] thermal_sys: Registered thermal governor 'step_wise'
[    0.421976] cpuidle: using governor menu
[    0.422523] Freeing SMP alternatives memory: 36K
[    0.423925] PCI: Using configuration type 1 for base access
[    0.424187] mtrr: your CPUs had inconsistent fixed MTRR settings
[    0.424245] mtrr: your CPUs had inconsistent variable MTRR settings
[    0.424292] mtrr: your CPUs had inconsistent MTRRdefType settings
[    0.424341] mtrr: probably your BIOS does not setup all CPUs.
[    0.424381] mtrr: corrected configuration.
[    0.425597] kprobes: kprobe jump-optimization is enabled. All kprobes are optimized if possible.
[    0.429740] HugeTLB: registered 2.00 MiB page size, pre-allocated 0 pages
[    0.429828] HugeTLB: 28 KiB vmemmap can be freed for a 2.00 MiB page
[    0.436210] ACPI: Added _OSI(Module Device)
[    0.436271] ACPI: Added _OSI(Processor Device)
[    0.436305] ACPI: Added _OSI(Processor Aggregator Device)
[    0.457766] ACPI: 1 ACPI AML tables successfully acquired and loaded
[    0.473094] ACPI: \_SB_: platform _OSC: OS support mask [002a7eee]
[    0.476074] ACPI: Interpreter enabled
[    0.476716] ACPI: PM: (supports S0 S3 S4 S5)
[    0.476772] ACPI: Using IOAPIC for interrupt routing
[    0.477034] PCI: Using host bridge windows from ACPI; if necessary, use "pci=nocrs" and report a bug
[    0.477113] PCI: Using E820 reservations for host bridge windows
[    0.477952] ACPI: Enabled 2 GPEs in block 00 to 0F
[    0.499820] ACPI: PCI Root Bridge [PCI0] (domain 0000 [bus 00-ff])
[    0.500160] acpi PNP0A03:00: _OSC: OS supports [ASPM ClockPM Segments MSI HPX-Type3]
[    0.500296] acpi PNP0A03:00: _OSC: not requesting OS control; OS requires [ExtendedConfig ASPM ClockPM MSI]
[    0.500551] acpi PNP0A03:00: _OSC: platform retains control of PCIe features (AE_ERROR)
[    0.500990] acpi PNP0A03:00: fail to add MMCONFIG information, can't access extended configuration space under this bridge
[    0.502839] PCI host bridge to bus 0000:00
[    0.502978] pci_bus 0000:00: root bus resource [io  0x0000-0x0cf7 window]
[    0.503091] pci_bus 0000:00: root bus resource [io  0x0d00-0xffff window]
[    0.503139] pci_bus 0000:00: root bus resource [mem 0x000a0000-0x000bffff window]
[    0.503208] pci_bus 0000:00: root bus resource [mem 0x10000000-0xfebfffff window]
[    0.503259] pci_bus 0000:00: root bus resource [mem 0x100000000-0x17fffffff window]
[    0.503381] pci_bus 0000:00: root bus resource [bus 00-ff]
[    0.504226] pci 0000:00:00.0: [8086:1237] type 00 class 0x060000 conventional PCI endpoint
[    0.506588] pci 0000:00:01.0: [8086:7000] type 00 class 0x060100 conventional PCI endpoint
[    0.506959] pci 0000:00:01.1: [8086:7010] type 00 class 0x010180 conventional PCI endpoint
[    0.507357] pci 0000:00:01.1: BAR 4 [io  0xc040-0xc04f]
[    0.507446] pci 0000:00:01.1: BAR 0 [io  0x01f0-0x01f7]: legacy IDE quirk
[    0.507523] pci 0000:00:01.1: BAR 1 [io  0x03f6]: legacy IDE quirk
[    0.507581] pci 0000:00:01.1: BAR 2 [io  0x0170-0x0177]: legacy IDE quirk
[    0.507634] pci 0000:00:01.1: BAR 3 [io  0x0376]: legacy IDE quirk
[    0.508036] pci 0000:00:01.3: [8086:7113] type 00 class 0x068000 conventional PCI endpoint
[    0.508304] pci 0000:00:01.3: quirk: [io  0x0600-0x063f] claimed by PIIX4 ACPI
[    0.508374] pci 0000:00:01.3: quirk: [io  0x0700-0x070f] claimed by PIIX4 SMB
[    0.508692] pci 0000:00:02.0: [1234:1111] type 00 class 0x030000 conventional PCI endpoint
[    0.509030] pci 0000:00:02.0: BAR 0 [mem 0xfd000000-0xfdffffff pref]
[    0.509114] pci 0000:00:02.0: BAR 2 [mem 0xfebf0000-0xfebf0fff]
[    0.509157] pci 0000:00:02.0: ROM [mem 0xfebe0000-0xfebeffff pref]
[    0.509337] pci 0000:00:02.0: Video device with shadowed ROM at [mem 0x000c0000-0x000dffff]
[    0.509702] pci 0000:00:03.0: [8086:100e] type 00 class 0x020000 conventional PCI endpoint
[    0.510215] pci 0000:00:03.0: BAR 0 [mem 0xfebc0000-0xfebdffff]
[    0.510270] pci 0000:00:03.0: BAR 1 [io  0xc000-0xc03f]
[    0.510310] pci 0000:00:03.0: ROM [mem 0xfeb80000-0xfebbffff pref]
[    0.515741] ACPI: PCI: Interrupt link LNKA configured for IRQ 10
[    0.516212] ACPI: PCI: Interrupt link LNKB configured for IRQ 10
[    0.516519] ACPI: PCI: Interrupt link LNKC configured for IRQ 11
[    0.516808] ACPI: PCI: Interrupt link LNKD configured for IRQ 11
[    0.516993] ACPI: PCI: Interrupt link LNKS configured for IRQ 9
[    0.519356] iommu: Default domain type: Translated
[    0.519437] iommu: DMA domain TLB invalidation policy: lazy mode
[    0.520329] SCSI subsystem initialized
[    0.520424] libata version 3.00 loaded.
[    0.520660] ACPI: bus type USB registered
[    0.521140] usbcore: registered new interface driver usbfs
[    0.521348] usbcore: registered new interface driver hub
[    0.521470] usbcore: registered new device driver usb
[    0.521654] pps_core: LinuxPPS API ver. 1 registered
[    0.521695] pps_core: Software ver. 5.3.6 - Copyright 2005-2007 Rodolfo Giometti <giometti@linux.it>
[    0.521787] PTP clock support registered
[    0.526980] PCI: Using ACPI for IRQ routing
[    0.527086] PCI: pci_cache_line_size set to 64 bytes
[    0.527316] e820: register RAM buffer resource [mem 0x0009fc00-0x0009ffff]
[    0.527454] e820: register RAM buffer resource [mem 0x0ffe0000-0x0fffffff]
[    0.529192] pci 0000:00:02.0: vgaarb: setting as boot VGA device
[    0.529275] pci 0000:00:02.0: vgaarb: bridge control possible
[    0.529340] pci 0000:00:02.0: vgaarb: VGA device added: decodes=io+mem,owns=io+mem,locks=none
[    0.529874] vgaarb: loaded
[    0.530473] hpet: 3 channels of 0 reserved for per-cpu timers
[    0.530644] hpet0: at MMIO 0xfed00000, IRQs 2, 8, 0
[    0.530874] hpet0: 3 comparators, 64-bit 100.000000 MHz counter
[    0.534502] clocksource: Switched to clocksource tsc-early
[    0.535251] VFS: Disk quotas dquot_6.6.0
[    0.535342] VFS: Dquot-cache hash table entries: 512 (order 0, 4096 bytes)
[    0.537327] pnp: PnP ACPI init
[    0.538514] pnp 00:02: [dma 2]
[    0.539474] pnp: PnP ACPI: found 5 devices
[    0.553803] clocksource: acpi_pm: mask: 0xffffff max_cycles: 0xffffff, max_idle_ns: 2085701024 ns
[    0.554216] NET: Registered PF_INET protocol family
[    0.554756] IP idents hash table entries: 4096 (order: 3, 32768 bytes, linear)
[    0.556248] tcp_listen_portaddr_hash hash table entries: 256 (order: 0, 4096 bytes, linear)
[    0.556473] Table-perturb hash table entries: 65536 (order: 6, 262144 bytes, linear)
[    0.556555] TCP established hash table entries: 2048 (order: 2, 16384 bytes, linear)
[    0.556699] TCP bind hash table entries: 2048 (order: 4, 65536 bytes, linear)
[    0.556826] TCP: Hash tables configured (established 2048 bind 2048)
[    0.557536] UDP hash table entries: 256 (order: 2, 16384 bytes, linear)
[    0.558593] pci_bus 0000:00: resource 4 [io  0x0000-0x0cf7 window]
[    0.558649] pci_bus 0000:00: resource 5 [io  0x0d00-0xffff window]
[    0.558695] pci_bus 0000:00: resource 6 [mem 0x000a0000-0x000bffff window]
[    0.558748] pci_bus 0000:00: resource 7 [mem 0x10000000-0xfebfffff window]
[    0.558797] pci_bus 0000:00: resource 8 [mem 0x100000000-0x17fffffff window]
[    0.559181] pci 0000:00:01.0: PIIX3: Enabling Passive Release
[    0.559281] pci 0000:00:00.0: Limiting direct PCI/PCI transfers
[    0.559397] PCI: CLS 0 bytes, default 64
[    0.561955] Unpacking initramfs...
[    0.567344] Initialise system trusted keyrings
[    0.568388] workingset: timestamp_bits=56 (anon: 52) max_order=16 bucket_order=0 (anon: 0)
[    0.570669] Key type asymmetric registered
[    0.570750] Asymmetric key parser 'x509' registered
[    0.570877] Block layer SCSI generic (bsg) driver version 0.4 loaded (major 250)
[    0.571160] io scheduler mq-deadline registered
[    0.571241] io scheduler kyber registered
[    0.574164] input: Power Button as /devices/platform/LNXPWRBN:00/input/input0
[    0.574764] ACPI: button: Power Button [PWRF]
[    0.578476] Serial: 8250/16550 driver, 4 ports, IRQ sharing enabled
[    0.580807] 00:04: ttyS0 at I/O 0x3f8 (irq = 4, base_baud = 115200) is a 16550A
[    0.588993] Non-volatile memory driver v1.3
[    0.598697] loop: module loaded
[    0.604002] scsi host0: ata_piix
[    0.604989] scsi host1: ata_piix
[    0.605261] ata1: PATA max MWDMA2 cmd 0x1f0 ctl 0x3f6 bmdma 0xc040 irq 14 lpm-pol 0
[    0.605330] ata2: PATA max MWDMA2 cmd 0x170 ctl 0x376 bmdma 0xc048 irq 15 lpm-pol 0
[    0.608179] i8042: PNP: PS/2 Controller [PNP0303:KBD,PNP0f13:MOU] at 0x60,0x64 irq 1,12
[    0.609986] serio: i8042 KBD port at 0x60,0x64 irq 1
[    0.610128] serio: i8042 AUX port at 0x60,0x64 irq 12
[    0.611470] rtc_cmos PNP0B00:00: RTC can wake from S4
[    0.613701] rtc_cmos PNP0B00:00: registered as rtc0
[    0.614603] rtc_cmos PNP0B00:00: alarms up to one day, y3k, 242 bytes nvram, hpet irqs
[    0.615353] device-mapper: ioctl: 4.50.0-ioctl (2025-04-28) initialised: dm-devel@lists.linux.dev
[    0.615580] amd_pstate: the _CPC object is not present in SBIOS or ACPI disabled
[    0.615764] hid: raw HID events driver (C) Jiri Kosina
[    0.616166] usbcore: registered new interface driver usbhid
[    0.616264] usbhid: USB HID core driver
[    0.616854] NET: Registered PF_INET6 protocol family
[    0.617887] input: AT Translated Set 2 keyboard as /devices/platform/i8042/serio0/input/input1
[    0.623386] Segment Routing with IPv6
[    0.623525] In-situ OAM (IOAM) with IPv6
[    0.625403] IPI shorthand broadcast: enabled
[    0.632793] sched_clock: Marking stable (621432558, 10757039)->(635002025, -2812428)
[    0.634403] Loading compiled-in X.509 certificates
[    0.640428] Demotion targets for Node 0: null
[    0.642322] PM:   Magic number: 6:664:473
[    0.643056] clk: Disabling unused clocks
[    0.643375] KTAP version 1
[    0.643402] 1..0
[    0.714653] Freeing initrd memory: 8224K
[    0.766919] ata2: found unknown device (class 0)
[    0.768737] ata2.00: ATAPI: QEMU DVD-ROM, 2.5+, max UDMA/100
[    0.774793] scsi 1:0:0:0: CD-ROM            QEMU     QEMU DVD-ROM     2.5+ PQ: 0 ANSI: 5
[    0.790752] sr 1:0:0:0: [sr0] scsi3-mmc drive: 4x/4x cd/rw xa/form2 tray
[    0.803006] cdrom: Uniform CD-ROM driver Revision: 3.20
[    0.810504] sr 1:0:0:0: Attached scsi CD-ROM sr0
[    0.811112] sr 1:0:0:0: Attached scsi generic sg0 type 5
[    0.847129] Freeing unused kernel image (initmem) memory: 2788K
[    0.847295] Write protecting the kernel read-only data: 20480k
[    0.848749] Freeing unused kernel image (text/rodata gap) memory: 1708K
[    0.849224] Freeing unused kernel image (rodata/data gap) memory: 1064K
[    0.959210] x86/mm: Checked W+X mappings: passed, no W+X pages found.
[    0.959400] Run /init as init process
[    0.959427]   with arguments:
[    0.959452]     /init
[    0.959473]     nokaslr
[    0.959490]   with environment:
[    0.959514]     HOME=/
[    0.959534]     TERM=linux
[    1.014601] mount (54) used greatest stack depth: 13208 bytes left
[    1.021717] mount (55) used greatest stack depth: 13120 bytes left
[    1.030985] input: ImExPS/2 Generic Explorer Mouse as /devices/platform/i8042/serio1/input/input3
=== insmod runtime fixture mdio-registrar ===
[    1.044858] mdio_registrar: loading out-of-tree module taints kernel.
[    1.048921] REHARNESS_MDIO_DEVICE_READY address=1
REHARNESS_RUNTIME_FIXTURE_MODULE_0_INSMOD_RC=0
=== insmod reharness_mdio_sensor ===
[    1.055139] reharness_mdio_sensor reharness-mdio-bus:01: REHARNESS_MDIO_DRIVER_PROBE register=0x10 value=0x5a5a
REHARNESS_DRIVER_INSMOD_RC=0
REHARNESS_DRIVER_PROBE_BOUND=1
=== dmesg ===
[    1.055139] reharness_mdio_sensor reharness-mdio-bus:01: REHARNESS_MDIO_DRIVER_PROBE register=0x10 value=0x5a5a
=== Linux subsystem test 0 ===
MDIO_TRANSACTION_PASS
REHARNESS_SUBSYSTEM_TEST_0_NAME=mdio-transaction
REHARNESS_SUBSYSTEM_TEST_0_KIND=native
REHARNESS_SUBSYSTEM_TEST_0_PROVIDER=
REHARNESS_SUBSYSTEM_TEST_0_REQUIRED=1
REHARNESS_SUBSYSTEM_TEST_0_RC=0
REHARNESS_SUBSYSTEM_TEST_0_STATUS=pass
=== Linux subsystem test 1 ===
MDIO_INVALID_ADDRESS_PASS
REHARNESS_SUBSYSTEM_TEST_1_NAME=mdio-invalid-address
REHARNESS_SUBSYSTEM_TEST_1_KIND=native
REHARNESS_SUBSYSTEM_TEST_1_PROVIDER=
REHARNESS_SUBSYSTEM_TEST_1_REQUIRED=1
REHARNESS_SUBSYSTEM_TEST_1_RC=0
REHARNESS_SUBSYSTEM_TEST_1_STATUS=pass
=== rmmod reharness_mdio_sensor ===
[    1.113227] reharness_mdio_sensor reharness-mdio-bus:01: REHARNESS_MDIO_DRIVER_REMOVE
REHARNESS_DRIVER_RMMOD_RC=0
[    1.133704] REHARNESS_MDIO_REGISTRAR_UNLOADED
REHARNESS_RUNTIME_FIXTURE_MODULE_0_RMMOD_RC=0
=== QEMU_RUN_DONE ===
[    1.360751] sysrq: Power Off
[    1.361069] Kernel panic - not syncing: Attempted to kill init! exitcode=0x00000000
[    1.361414] CPU: 1 UID: 0 PID: 1 Comm: init Tainted: G           O        7.1.0-rc7-gacb7500801e9 #15 PREEMPT(lazy) 
[    1.361538] Tainted: [O]=OOT_MODULE
[    1.361564] Hardware name: QEMU Standard PC (i440FX + PIIX, 1996), BIOS rel-1.17.0-0-gb52ca86e094d-prebuilt.qemu.org 04/01/2014
[    1.361691] Call Trace:
[    1.362029]  <TASK>
[    1.362156]  vpanic+0x32f/0x4b0
[    1.362311]  panic+0x63/0x70
[    1.362335]  do_exit+0x952/0xaf0
[    1.362360]  do_group_exit+0x30/0x80
[    1.362384]  __x64_sys_exit_group+0x18/0x20
[    1.362415]  x64_sys_call+0x12e2/0x1880
[    1.362441]  do_syscall_64+0x10e/0x4e0
[    1.362469]  entry_SYSCALL_64_after_hwframe+0x77/0x7f
[    1.362566] RIP: 0033:0x7fa38479531d
[    1.362700] Code: 02 ba ff ff ff ff 89 d0 c3 0f 1f 40 00 f3 0f 1e fa 48 8b 35 ed 4a 11 00 ba e7 00 00 00 eb 07 66 0f 1f 44 00 00 f4 89 d0 0f 05 <48> 3d 00 f0 ff ff 76 f3 f7 d8 64 89 06 eb ec 0f 1f 40 00 f3 0f 1e
[    1.362838] RSP: 002b:00007ffd056de9e8 EFLAGS: 00000206 ORIG_RAX: 00000000000000e7
[    1.362897] RAX: ffffffffffffffda RBX: 00007ffd056dec70 RCX: 00007fa38479531d
[    1.362940] RDX: 00000000000000e7 RSI: ffffffffffffff88 RDI: 0000000000000000
[    1.362980] RBP: 00007ffd056deac0 R08: 000055bb85995010 R09: 0000000000000007
[    1.363020] R10: 000055bb85998ac0 R11: 0000000000000206 R12: 0000000000000000
[    1.363060] R13: 00007ffd056dec60 R14: 000055bb6c69edd8 R15: 00007fa3848fb000
[    1.363122]  </TASK>
[    1.363500] Kernel Offset: disabled
[    1.363664] Rebooting in 1 seconds..
