=== QEMU run: module=usb_storage bus=usb timeout=90s ===
=== QEMU 退出码: 0 ===
[    0.030738] PM: hibernation: Registered nosave memory: [mem 0x00000000-0x00000fff]
[    0.030804] PM: hibernation: Registered nosave memory: [mem 0x0009f000-0x000fffff]
[    0.074667] ftrace: allocating 38351 entries in 152 pages
[    0.074967] ftrace: allocated 152 pages with 3 groups
[    0.429221] NET: Registered PF_NETLINK/PF_ROUTE protocol family
[    0.433715] thermal_sys: Registered thermal governor 'step_wise'
[    0.438686] kprobes: kprobe jump-optimization is enabled. All kprobes are optimized if possible.
[    0.440196] HugeTLB: registered 2.00 MiB page size, pre-allocated 0 pages
[    0.534972] ACPI: bus type USB registered
[    0.535308] usbcore: registered new interface driver usbfs
[    0.535563] usbcore: registered new interface driver hub
[    0.535688] usbcore: registered new device driver usb
[    0.535889] pps_core: LinuxPPS API ver. 1 registered
[    0.536018] PTP clock support registered
[    0.569229] NET: Registered PF_INET protocol family
[    0.597056] Key type asymmetric registered
[    0.597135] Asymmetric key parser 'x509' registered
[    0.597602] io scheduler mq-deadline registered
[    0.597683] io scheduler kyber registered
[    0.641631] rtc_cmos PNP0B00:00: registered as rtc0
[    0.644502] usbcore: registered new interface driver usbhid
[    0.645984] NET: Registered PF_INET6 protocol family
=== insmod required kernel module xhci-hcd ===
REHARNESS_KERNEL_MODULE_0_INSMOD_RC=0
=== insmod required kernel module xhci-pci ===
[    1.080386] xhci_hcd 0000:00:04.0: new USB bus registered, assigned bus number 1
[    1.086096] xhci_hcd 0000:00:04.0: new USB bus registered, assigned bus number 2
[    1.097218] insmod (63) used greatest stack depth: 12000 bytes left
REHARNESS_KERNEL_MODULE_1_INSMOD_RC=0
=== insmod usb_storage ===
[    1.105427] usbcore: registered new interface driver usb-storage
REHARNESS_DRIVER_INSMOD_RC=0
[    1.435509] [rhcov] storage_probe
[    1.435608] [rhcov] storage_probe
[    1.435638] [rhcov] storage_probe
[    1.435665] [rhcov] storage_probe
[    1.437510] [rhcov] usb_stor_probe2
[    1.437541] [rhcov] usb_stor_probe2
[    1.437606] [rhcov] usb_stor_probe2
[    1.437633] [rhcov] usb_stor_probe2
REHARNESS_DRIVER_PROBE_BOUND=1
[    0.534972] ACPI: bus type USB registered
[    0.535308] usbcore: registered new interface driver usbfs
[    0.535563] usbcore: registered new interface driver hub
[    0.535688] usbcore: registered new device driver usb
[    0.535889] pps_core: LinuxPPS API ver. 1 registered
[    0.536018] PTP clock support registered
[    0.569229] NET: Registered PF_INET protocol family
[    0.597056] Key type asymmetric registered
[    0.597135] Asymmetric key parser 'x509' registered
[    0.597602] io scheduler mq-deadline registered
[    0.597683] io scheduler kyber registered
[    0.641631] rtc_cmos PNP0B00:00: registered as rtc0
[    0.644502] usbcore: registered new interface driver usbhid
[    0.645984] NET: Registered PF_INET6 protocol family
[    1.080386] xhci_hcd 0000:00:04.0: new USB bus registered, assigned bus number 1
[    1.086096] xhci_hcd 0000:00:04.0: new USB bus registered, assigned bus number 2
[    1.105427] usbcore: registered new interface driver usb-storage
[    1.435509] [rhcov] storage_probe
[    1.435608] [rhcov] storage_probe
[    1.435638] [rhcov] storage_probe
[    1.435665] [rhcov] storage_probe
[    1.437510] [rhcov] usb_stor_probe2
[    1.437541] [rhcov] usb_stor_probe2
[    1.437606] [rhcov] usb_stor_probe2
[    1.437633] [rhcov] usb_stor_probe2
EXERCISER_RC=0
=== rmmod usb_storage ===
REHARNESS_DRIVER_RMMOD_RC=0
=== QEMU_RUN_DONE ===
[    2.800240] Call Trace:

=== 成功判定 ===
  done=1 probe=48 driver_probe_bound=1 driver_probe_unbound=0 real_oops=0 real_warning=0
  => 成功: usb_storage probe 成功
QEMU runtime artifacts: /tmp/reharness-qemu-v2-usb_storage-qemu.GPExwR
