c[?7l[2J[0mSeaBIOS (version rel-1.17.0-0-gb52ca86e094d-prebuilt.qemu.org)


iPXE (http://ipxe.org) 00:03.0 CA00 PCI2.10 PnP PMM+0EFD1C90+0EF31C90 CA00
Press Ctrl-B to configure iPXE (PCI 00:03.0)...                                                                               


Booting from ROM..c[?7l[2JNo EFI environment detected.
early console in extract_kernel
input_data: 0x000000000266d2c4
input_len: 0x000000000094b4db
output: 0x0000000001000000
output_len: 0x0000000001f78348
kernel_total_size: 0x0000000001d7d000
needed_size: 0x0000000002000000
trampoline_32bit: 0x0000000000000000


KASLR disabled: 'nokaslr' on cmdline.


Decompressing Linux... Parsing ELF... No relocation needed... done.
Booting the kernel (entry_offset: 0x0000000001a0e3b0).
[    0.000000] Linux version 7.1.0-rc7+ (yfblock@9950x) (gcc (Ubuntu 13.3.0-6ubuntu2~24.04.1) 13.3.0, GNU ld (GNU Binutils for Ubuntu) 2.42) #17 SMP PREEMPT_DYNAMIC Tue Aug 25 17:24:02 CST 2026
[    0.000000] Command line: console=ttyS0 nokaslr panic=1 ignore_loglevel earlyprintk=serial,ttyS0,115200
[    0.000000] BIOS-provided physical RAM map:
[    0.000000] BIOS-e820: [mem 0x0000000000000000-0x000000000009fbff]  System RAM
[    0.000000] BIOS-e820: [mem 0x000000000009fc00-0x000000000009ffff]  device reserved
[    0.000000] BIOS-e820: [gap 0x00000000000a0000-0x00000000000effff]
[    0.000000] BIOS-e820: [mem 0x00000000000f0000-0x00000000000fffff]  device reserved
[    0.000000] BIOS-e820: [mem 0x0000000000100000-0x000000000ffdffff]  System RAM
[    0.000000] BIOS-e820: [mem 0x000000000ffe0000-0x000000000fffffff]  device reserved
[    0.000000] BIOS-e820: [gap 0x0000000010000000-0x00000000fffbffff]
[    0.000000] BIOS-e820: [mem 0x00000000fffc0000-0x00000000ffffffff]  device reserved
[    0.000000] BIOS-e820: [gap 0x0000000100000000-0x000000fcffffffff]
[    0.000000] BIOS-e820: [mem 0x000000fd00000000-0x000000ffffffffff]  device reserved
[    0.000000] printk: debug: ignoring loglevel setting.
[    0.000000] printk: legacy bootconsole [earlyser0] enabled
[    0.000000] NX (Execute Disable) protection: active
[    0.000000] APIC: Static calls initialized
[    0.000000] DMI: SMBIOS 2.8 present.
[    0.000000] DMI: QEMU Standard PC (i440FX + PIIX, 1996), BIOS rel-1.17.0-0-gb52ca86e094d-prebuilt.qemu.org 04/01/2014
[    0.000000] DMI: Memory slots populated: 1/1
[    0.000000] tsc: Fast TSC calibration using PIT
[    0.000000] tsc: Detected 4299.930 MHz processor
[    0.007880] e820: update [mem 0x00000000-0x00000fff] System RAM ==> device reserved
[    0.008060] e820: remove [mem 0x000a0000-0x000fffff] System RAM
[    0.008212] last_pfn = 0xffe0 max_arch_pfn = 0x400000000
[    0.008638] MTRR map: 4 entries (3 fixed + 1 variable; max 19), built from 8 variable MTRRs
[    0.008799] x86/PAT: Configuration [0-7]: WB  WC  UC- UC  WB  WP  UC- WT  
[    0.020639] found SMP MP-table at [mem 0x000f54c0-0x000f54cf]
[    0.023650] RAMDISK: [mem 0x0f82f000-0x0ffdffff]
[    0.023922] ACPI: Early table checksum verification disabled
[    0.024236] ACPI: RSDP 0x00000000000F52E0 000014 (v00 BOCHS )
[    0.024430] ACPI: RSDT 0x000000000FFE2383 000034 (v01 BOCHS  BXPC     00000001 BXPC 00000001)
[    0.024899] ACPI: FACP 0x000000000FFE222F 000074 (v01 BOCHS  BXPC     00000001 BXPC 00000001)
[    0.025331] ACPI: DSDT 0x000000000FFE0040 0021EF (v01 BOCHS  BXPC     00000001 BXPC 00000001)
[    0.025427] ACPI: FACS 0x000000000FFE0000 000040
[    0.025487] ACPI: APIC 0x000000000FFE22A3 000080 (v03 BOCHS  BXPC     00000001 BXPC 00000001)
[    0.025552] ACPI: HPET 0x000000000FFE2323 000038 (v01 BOCHS  BXPC     00000001 BXPC 00000001)
[    0.025615] ACPI: WAET 0x000000000FFE235B 000028 (v01 BOCHS  BXPC     00000001 BXPC 00000001)
[    0.025720] ACPI: Reserving FACP table memory at [mem 0xffe222f-0xffe22a2]
[    0.025771] ACPI: Reserving DSDT table memory at [mem 0xffe0040-0xffe222e]
[    0.025814] ACPI: Reserving FACS table memory at [mem 0xffe0000-0xffe003f]
[    0.025855] ACPI: Reserving APIC table memory at [mem 0xffe22a3-0xffe2322]
[    0.025896] ACPI: Reserving HPET table memory at [mem 0xffe2323-0xffe235a]
[    0.025947] ACPI: Reserving WAET table memory at [mem 0xffe235b-0xffe2382]
[    0.027165] No NUMA configuration found
[    0.027206] Faking a node at [mem 0x0000000000000000-0x000000000ffdffff]
[    0.027586] NODE_DATA(0) allocated [mem 0x0f82b680-0x0f82efff]
[    0.028073] ACPI: PM-Timer IO Port: 0x608
[    0.028339] ACPI: LAPIC_NMI (acpi_id[0xff] dfl dfl lint[0x1])
[    0.028588] IOAPIC[0]: apic_id 0, version 32, address 0xfec00000, GSI 0-23
[    0.028699] ACPI: INT_SRC_OVR (bus 0 bus_irq 0 global_irq 2 dfl dfl)
[    0.028874] ACPI: INT_SRC_OVR (bus 0 bus_irq 5 global_irq 5 high level)
[    0.028936] ACPI: INT_SRC_OVR (bus 0 bus_irq 9 global_irq 9 high level)
[    0.029028] ACPI: INT_SRC_OVR (bus 0 bus_irq 10 global_irq 10 high level)
[    0.029072] ACPI: INT_SRC_OVR (bus 0 bus_irq 11 global_irq 11 high level)
[    0.029215] ACPI: Using ACPI (MADT) for SMP configuration information
[    0.029275] ACPI: HPET id: 0x8086a201 base: 0xfed00000
[    0.029532] CPU topo: Max. logical packages:   1
[    0.029584] CPU topo: Max. logical nodes:      1
[    0.029618] CPU topo: Num. nodes per package:  1
[    0.029678] CPU topo: Max. logical dies:       1
[    0.029714] CPU topo: Max. dies per package:   1
[    0.029775] CPU topo: Max. threads per core:   1
[    0.029881] CPU topo: Num. cores per package:     2
[    0.029920] CPU topo: Num. threads per package:   2
[    0.029954] CPU topo: Allowing 2 present CPUs plus 0 hotplug CPUs
[    0.030445] PM: hibernation: Registered nosave memory: [mem 0x00000000-0x00000fff]
[    0.030509] PM: hibernation: Registered nosave memory: [mem 0x0009f000-0x000fffff]
[    0.030617] [gap 0x10000000-0xfffbffff] available for PCI devices
[    0.030688] Booting paravirtualized kernel on bare hardware
[    0.030901] clocksource: refined-jiffies: mask: 0xffffffff max_cycles: 0xffffffff, max_idle_ns: 1910969940391419 ns
[    0.038103] Zone ranges:
[    0.038139]   DMA      [mem 0x0000000000001000-0x0000000000ffffff]
[    0.038215]   DMA32    [mem 0x0000000001000000-0x000000000ffdffff]
[    0.038258]   Normal   empty
[    0.038291] Movable zone start for each node
[    0.038330] Early memory node ranges
[    0.038369]   node   0: [mem 0x0000000000001000-0x000000000009efff]
[    0.038479]   node   0: [mem 0x0000000000100000-0x000000000ffdffff]
[    0.038584] Initmem setup node 0 [mem 0x0000000000001000-0x000000000ffdffff]
[    0.039200] On node 0, zone DMA: 1 pages in unavailable ranges
[    0.039374] On node 0, zone DMA: 97 pages in unavailable ranges
[    0.040051] On node 0, zone DMA32: 32 pages in unavailable ranges
[    0.040206] setup_percpu: NR_CPUS:64 nr_cpumask_bits:2 nr_cpu_ids:2 nr_node_ids:1
[    0.040984] percpu: Embedded 52 pages/cpu s175064 r8192 d29736 u1048576
[    0.041250] pcpu-alloc: s175064 r8192 d29736 u1048576 alloc=1*2097152
[    0.041335] pcpu-alloc: [0] 0 1 
[    0.042181] Kernel command line: console=ttyS0 nokaslr panic=1 ignore_loglevel earlyprintk=serial,ttyS0,115200
[    0.042890] Unknown kernel command line parameters "nokaslr", will be passed to user space.
[    0.043060] printk: log buffer data + meta data: 262144 + 917504 = 1179648 bytes
[    0.043262] Dentry cache hash table entries: 32768 (order: 6, 262144 bytes, linear)
[    0.043367] Inode-cache hash table entries: 16384 (order: 5, 131072 bytes, linear)
[    0.044865] Fallback order for Node 0: 0 
[    0.045116] Built 1 zonelists, mobility grouping on.  Total pages: 65406
[    0.045197] Policy zone: DMA32
[    0.045358] mem auto-init: stack:all(zero), heap alloc:off, heap free:off
[    0.050559] SLUB: HWalign=64, Order=0-3, MinObjects=0, CPUs=2, Nodes=1
Poking KASLR using RDTSC...
[    0.071839] ftrace: allocating 38031 entries in 150 pages
[    0.072089] ftrace: allocated 150 pages with 4 groups
[    0.076488] Dynamic Preempt: lazy
[    0.078260] rcu: Preemptible hierarchical RCU implementation.
[    0.078303] rcu: 	RCU event tracing is enabled.
[    0.078343] rcu: 	RCU restricting CPUs from NR_CPUS=64 to nr_cpu_ids=2.
[    0.078467] 	Trampoline variant of Tasks RCU enabled.
[    0.078500] 	Rude variant of Tasks RCU enabled.
[    0.078529] 	Tracing variant of Tasks RCU enabled.
[    0.078615] rcu: RCU calculated value of scheduler-enlistment delay is 100 jiffies.
[    0.078671] rcu: Adjusting geometry for rcu_fanout_leaf=16, nr_cpu_ids=2
[    0.079372] RCU Tasks: Setting shift to 1 and lim to 1 rcu_task_cb_adjust=1 rcu_task_cpu_ids=2.
[    0.079434] RCU Tasks Rude: Setting shift to 1 and lim to 1 rcu_task_cb_adjust=1 rcu_task_cpu_ids=2.
[    0.094044] NR_IRQS: 4352, nr_irqs: 440, preallocated irqs: 16
[    0.099403] rcu: srcu_init: Setting srcu_struct sizes based on contention.
[    0.103921] Console: colour VGA+ 80x25
[    0.105043] printk: legacy console [ttyS0] enabled
[    0.105043] printk: legacy console [ttyS0] enabled
[    0.105325] printk: legacy bootconsole [earlyser0] disabled
[    0.105325] printk: legacy bootconsole [earlyser0] disabled
[    0.106183] ACPI: Core revision 20251212
[    0.109267] clocksource: hpet: mask: 0xffffffff max_cycles: 0xffffffff, max_idle_ns: 19112604467 ns
[    0.110410] APIC: Switch to symmetric I/O mode setup
[    0.114715] ..TIMER: vector=0x30 apic1=0 pin1=2 apic2=-1 pin2=-1
[    0.120091] clocksource: tsc-early: mask: 0xffffffffffffffff max_cycles: 0x3dfb2144b5b, max_idle_ns: 440795343929 ns
[    0.120363] Calibrating delay loop (skipped), value calculated using timer frequency.. 8599.86 BogoMIPS (lpj=4299930)
[    0.122517] Last level iTLB entries: 4KB 512, 2MB 255, 4MB 127
[    0.122575] Last level dTLB entries: 4KB 512, 2MB 255, 4MB 127, 1GB 0
[    0.122739] mitigations: Enabled attack vectors: user_kernel, user_user, SMT mitigations: auto
[    0.123002] Spectre V2 : Mitigation: Retpolines
[    0.123099] Spectre V1 : Mitigation: usercopy/swapgs barriers and __user pointer sanitization
[    0.123257] Spectre V2 : Spectre v2 / SpectreRSB: Filling RSB on context switch and VMEXIT
[    0.123715] x86/fpu: x87 FPU will use FXSAVE
[    0.185891] pid_max: default: 32768 minimum: 301
[    0.193370] Mount-cache hash table entries: 512 (order: 0, 4096 bytes, linear)
[    0.193486] Mountpoint-cache hash table entries: 512 (order: 0, 4096 bytes, linear)
[    0.197932] VFS: Finished mounting rootfs on nullfs
[    0.311724] smpboot: CPU0: AMD QEMU Virtual CPU version 2.5+ (family: 0xf, model: 0x6b, stepping: 0x1)
[    0.317509] Performance Events: PMU not available due to virtualization, using software events only.
[    0.318083] signal: max sigframe size: 1440
[    0.318832] rcu: Hierarchical SRCU implementation.
[    0.318886] rcu: 	Max phase no-delay instances is 400.
[    0.319526] Timer migration: 1 hierarchy levels; 8 children per group; 1 crossnode level
[    0.321858] smp: Bringing up secondary CPUs ...
[    0.325518] smpboot: x86: Booting SMP configuration:
[    0.325578] .... node  #0, CPUs:      #1
[    0.395535] smp: Brought up 1 node, 2 CPUs
[    0.395673] smpboot: Total of 2 processors activated (17200.78 BogoMIPS)
[    0.400714] Memory: 214648K/261624K available (12659K kernel code, 2337K rwdata, 5116K rodata, 2792K init, 544K bss, 43540K reserved, 0K cma-reserved)
[    0.405471] devtmpfs: initialized
[    0.410899] clocksource: jiffies: mask: 0xffffffff max_cycles: 0xffffffff, max_idle_ns: 1911260446275000 ns
[    0.411526] posixtimers hash table entries: 1024 (order: 2, 16384 bytes, linear)
[    0.411526] futex hash table entries: 512 (32768 bytes on 1 NUMA nodes, total 32 KiB, linear).
[    0.413575] PM: RTC time: 09:24:39, date: 2026-08-25
[    0.416122] NET: Registered PF_NETLINK/PF_ROUTE protocol family
[    0.420434] thermal_sys: Registered thermal governor 'step_wise'
[    0.421333] cpuidle: using governor menu
[    0.421793] Freeing SMP alternatives memory: 36K
[    0.423179] PCI: Using configuration type 1 for base access
[    0.423462] mtrr: your CPUs had inconsistent fixed MTRR settings
[    0.423512] mtrr: your CPUs had inconsistent variable MTRR settings
[    0.423564] mtrr: your CPUs had inconsistent MTRRdefType settings
[    0.423612] mtrr: probably your BIOS does not setup all CPUs.
[    0.423651] mtrr: corrected configuration.
[    0.424939] kprobes: kprobe jump-optimization is enabled. All kprobes are optimized if possible.
[    0.426482] HugeTLB: registered 2.00 MiB page size, pre-allocated 0 pages
[    0.426568] HugeTLB: 28 KiB vmemmap can be freed for a 2.00 MiB page
[    0.430735] ACPI: Added _OSI(Module Device)
[    0.430784] ACPI: Added _OSI(Processor Device)
[    0.430816] ACPI: Added _OSI(Processor Aggregator Device)
[    0.452158] ACPI: 1 ACPI AML tables successfully acquired and loaded
[    0.473467] ACPI: \_SB_: platform _OSC: OS support mask [002a7eee]
[    0.477086] ACPI: Interpreter enabled
[    0.477732] ACPI: PM: (supports S0 S3 S4 S5)
[    0.477787] ACPI: Using IOAPIC for interrupt routing
[    0.478020] PCI: Using host bridge windows from ACPI; if necessary, use "pci=nocrs" and report a bug
[    0.478094] PCI: Using E820 reservations for host bridge windows
[    0.478929] ACPI: Enabled 2 GPEs in block 00 to 0F
[    0.500576] ACPI: PCI Root Bridge [PCI0] (domain 0000 [bus 00-ff])
[    0.501028] acpi PNP0A03:00: _OSC: OS supports [ASPM ClockPM Segments MSI HPX-Type3]
[    0.501158] acpi PNP0A03:00: _OSC: not requesting OS control; OS requires [ExtendedConfig ASPM ClockPM MSI]
[    0.501405] acpi PNP0A03:00: _OSC: platform retains control of PCIe features (AE_ERROR)
[    0.501702] acpi PNP0A03:00: fail to add MMCONFIG information, can't access extended configuration space under this bridge
[    0.503482] PCI host bridge to bus 0000:00
[    0.503632] pci_bus 0000:00: root bus resource [io  0x0000-0x0cf7 window]
[    0.503743] pci_bus 0000:00: root bus resource [io  0x0d00-0xffff window]
[    0.503789] pci_bus 0000:00: root bus resource [mem 0x000a0000-0x000bffff window]
[    0.503854] pci_bus 0000:00: root bus resource [mem 0x10000000-0xfebfffff window]
[    0.503906] pci_bus 0000:00: root bus resource [mem 0x100000000-0x17fffffff window]
[    0.504020] pci_bus 0000:00: root bus resource [bus 00-ff]
[    0.504811] pci 0000:00:00.0: [8086:1237] type 00 class 0x060000 conventional PCI endpoint
[    0.507152] pci 0000:00:01.0: [8086:7000] type 00 class 0x060100 conventional PCI endpoint
[    0.507526] pci 0000:00:01.1: [8086:7010] type 00 class 0x010180 conventional PCI endpoint
[    0.507898] pci 0000:00:01.1: BAR 4 [io  0xc040-0xc04f]
[    0.507976] pci 0000:00:01.1: BAR 0 [io  0x01f0-0x01f7]: legacy IDE quirk
[    0.508031] pci 0000:00:01.1: BAR 1 [io  0x03f6]: legacy IDE quirk
[    0.508087] pci 0000:00:01.1: BAR 2 [io  0x0170-0x0177]: legacy IDE quirk
[    0.508145] pci 0000:00:01.1: BAR 3 [io  0x0376]: legacy IDE quirk
[    0.508521] pci 0000:00:01.3: [8086:7113] type 00 class 0x068000 conventional PCI endpoint
[    0.508776] pci 0000:00:01.3: quirk: [io  0x0600-0x063f] claimed by PIIX4 ACPI
[    0.508846] pci 0000:00:01.3: quirk: [io  0x0700-0x070f] claimed by PIIX4 SMB
[    0.509155] pci 0000:00:02.0: [1234:1111] type 00 class 0x030000 conventional PCI endpoint
[    0.509542] pci 0000:00:02.0: BAR 0 [mem 0xfd000000-0xfdffffff pref]
[    0.509621] pci 0000:00:02.0: BAR 2 [mem 0xfebf0000-0xfebf0fff]
[    0.509664] pci 0000:00:02.0: ROM [mem 0xfebe0000-0xfebeffff pref]
[    0.509835] pci 0000:00:02.0: Video device with shadowed ROM at [mem 0x000c0000-0x000dffff]
[    0.510191] pci 0000:00:03.0: [8086:100e] type 00 class 0x020000 conventional PCI endpoint
[    0.510562] pci 0000:00:03.0: BAR 0 [mem 0xfebc0000-0xfebdffff]
[    0.510615] pci 0000:00:03.0: BAR 1 [io  0xc000-0xc03f]
[    0.510653] pci 0000:00:03.0: ROM [mem 0xfeb80000-0xfebbffff pref]
[    0.516074] ACPI: PCI: Interrupt link LNKA configured for IRQ 10
[    0.516534] ACPI: PCI: Interrupt link LNKB configured for IRQ 10
[    0.516836] ACPI: PCI: Interrupt link LNKC configured for IRQ 11
[    0.517129] ACPI: PCI: Interrupt link LNKD configured for IRQ 11
[    0.517320] ACPI: PCI: Interrupt link LNKS configured for IRQ 9
[    0.519374] iommu: Default domain type: Translated
[    0.519438] iommu: DMA domain TLB invalidation policy: lazy mode
[    0.520309] SCSI subsystem initialized
[    0.521344] libata version 3.00 loaded.
[    0.521851] ACPI: bus type USB registered
[    0.521851] usbcore: registered new interface driver usbfs
[    0.521851] usbcore: registered new interface driver hub
[    0.521851] usbcore: registered new device driver usb
[    0.521952] pps_core: LinuxPPS API ver. 1 registered
[    0.521991] pps_core: Software ver. 5.3.6 - Copyright 2005-2007 Rodolfo Giometti <giometti@linux.it>
[    0.522067] PTP clock support registered
[    0.526513] PCI: Using ACPI for IRQ routing
[    0.526618] PCI: pci_cache_line_size set to 64 bytes
[    0.526848] e820: register RAM buffer resource [mem 0x0009fc00-0x0009ffff]
[    0.526984] e820: register RAM buffer resource [mem 0x0ffe0000-0x0fffffff]
[    0.529656] pci 0000:00:02.0: vgaarb: setting as boot VGA device
[    0.529656] pci 0000:00:02.0: vgaarb: bridge control possible
[    0.529707] pci 0000:00:02.0: vgaarb: VGA device added: decodes=io+mem,owns=io+mem,locks=none
[    0.529707] vgaarb: loaded
[    0.529841] hpet: 3 channels of 0 reserved for per-cpu timers
[    0.530262] hpet0: at MMIO 0xfed00000, IRQs 2, 8, 0
[    0.530346] hpet0: 3 comparators, 64-bit 100.000000 MHz counter
[    0.534240] clocksource: Switched to clocksource tsc-early
[    0.535575] VFS: Disk quotas dquot_6.6.0
[    0.535669] VFS: Dquot-cache hash table entries: 512 (order 0, 4096 bytes)
[    0.537660] pnp: PnP ACPI init
[    0.538786] pnp 00:02: [dma 2]
[    0.539771] pnp: PnP ACPI: found 5 devices
[    0.553031] clocksource: acpi_pm: mask: 0xffffff max_cycles: 0xffffff, max_idle_ns: 2085701024 ns
[    0.553440] NET: Registered PF_INET protocol family
[    0.553999] IP idents hash table entries: 4096 (order: 3, 32768 bytes, linear)
[    0.555570] tcp_listen_portaddr_hash hash table entries: 256 (order: 0, 4096 bytes, linear)
[    0.555766] Table-perturb hash table entries: 65536 (order: 6, 262144 bytes, linear)
[    0.555854] TCP established hash table entries: 2048 (order: 2, 16384 bytes, linear)
[    0.555989] TCP bind hash table entries: 2048 (order: 4, 65536 bytes, linear)
[    0.556108] TCP: Hash tables configured (established 2048 bind 2048)
[    0.556945] UDP hash table entries: 256 (order: 2, 16384 bytes, linear)
[    0.557967] pci_bus 0000:00: resource 4 [io  0x0000-0x0cf7 window]
[    0.558022] pci_bus 0000:00: resource 5 [io  0x0d00-0xffff window]
[    0.558065] pci_bus 0000:00: resource 6 [mem 0x000a0000-0x000bffff window]
[    0.558113] pci_bus 0000:00: resource 7 [mem 0x10000000-0xfebfffff window]
[    0.558164] pci_bus 0000:00: resource 8 [mem 0x100000000-0x17fffffff window]
[    0.558475] pci 0000:00:01.0: PIIX3: Enabling Passive Release
[    0.558577] pci 0000:00:00.0: Limiting direct PCI/PCI transfers
[    0.558692] PCI: CLS 0 bytes, default 64
[    0.561235] Unpacking initramfs...
[    0.564712] Initialise system trusted keyrings
[    0.565690] workingset: timestamp_bits=56 (anon: 52) max_order=16 bucket_order=0 (anon: 0)
[    0.567934] Key type asymmetric registered
[    0.568010] Asymmetric key parser 'x509' registered
[    0.568139] Block layer SCSI generic (bsg) driver version 0.4 loaded (major 250)
[    0.568402] io scheduler mq-deadline registered
[    0.568459] io scheduler kyber registered
[    0.570482] input: Power Button as /devices/platform/LNXPWRBN:00/input/input0
[    0.571084] ACPI: button: Power Button [PWRF]
[    0.575217] Serial: 8250/16550 driver, 4 ports, IRQ sharing enabled
[    0.577404] 00:04: ttyS0 at I/O 0x3f8 (irq = 4, base_baud = 115200) is a 16550A
[    0.582979] Non-volatile memory driver v1.3
[    0.592700] loop: module loaded
[    0.597987] scsi host0: ata_piix
[    0.599660] scsi host1: ata_piix
[    0.599983] ata1: PATA max MWDMA2 cmd 0x1f0 ctl 0x3f6 bmdma 0xc040 irq 14 lpm-pol 0
[    0.600062] ata2: PATA max MWDMA2 cmd 0x170 ctl 0x376 bmdma 0xc048 irq 15 lpm-pol 0
[    0.602943] i8042: PNP: PS/2 Controller [PNP0303:KBD,PNP0f13:MOU] at 0x60,0x64 irq 1,12
[    0.604768] serio: i8042 KBD port at 0x60,0x64 irq 1
[    0.604961] serio: i8042 AUX port at 0x60,0x64 irq 12
[    0.606270] rtc_cmos PNP0B00:00: RTC can wake from S4
[    0.607759] input: AT Translated Set 2 keyboard as /devices/platform/i8042/serio0/input/input1
[    0.610832] rtc_cmos PNP0B00:00: registered as rtc0
[    0.611998] rtc_cmos PNP0B00:00: alarms up to one day, y3k, 242 bytes nvram, hpet irqs
[    0.612658] device-mapper: ioctl: 4.50.0-ioctl (2025-04-28) initialised: dm-devel@lists.linux.dev
[    0.612884] amd_pstate: the _CPC object is not present in SBIOS or ACPI disabled
[    0.613055] hid: raw HID events driver (C) Jiri Kosina
[    0.613461] usbcore: registered new interface driver usbhid
[    0.613540] usbhid: USB HID core driver
[    0.614171] NET: Registered PF_INET6 protocol family
[    0.619754] Segment Routing with IPv6
[    0.619901] In-situ OAM (IOAM) with IPv6
[    0.621697] IPI shorthand broadcast: enabled
[    0.629037] sched_clock: Marking stable (617103747, 11406002)->(631051153, -2541404)
[    0.630304] Loading compiled-in X.509 certificates
[    0.636763] Demotion targets for Node 0: null
[    0.639591] PM:   Magic number: 6:220:425
[    0.640375] clk: Disabling unused clocks
[    0.640647] KTAP version 1
[    0.640674] 1..0
[    0.719062] Freeing initrd memory: 7876K
[    0.759037] ata2: found unknown device (class 0)
[    0.761833] ata2.00: ATAPI: QEMU DVD-ROM, 2.5+, max UDMA/100
[    0.767840] scsi 1:0:0:0: CD-ROM            QEMU     QEMU DVD-ROM     2.5+ PQ: 0 ANSI: 5
[    0.781417] sr 1:0:0:0: [sr0] scsi3-mmc drive: 4x/4x cd/rw xa/form2 tray
[    0.791733] cdrom: Uniform CD-ROM driver Revision: 3.20
[    0.798236] sr 1:0:0:0: Attached scsi CD-ROM sr0
[    0.799226] sr 1:0:0:0: Attached scsi generic sg0 type 5
[    0.835847] Freeing unused kernel image (initmem) memory: 2792K
[    0.835996] Write protecting the kernel read-only data: 20480k
[    0.837708] Freeing unused kernel image (text/rodata gap) memory: 1676K
[    0.838193] Freeing unused kernel image (rodata/data gap) memory: 1028K
[    0.923652] x86/mm: Checked W+X mappings: passed, no W+X pages found.
[    0.923830] Run /init as init process
[    0.923857]   with arguments:
[    0.923882]     /init
[    0.923903]     nokaslr
[    0.923921]   with environment:
[    0.923945]     HOME=/
[    0.923965]     TERM=linux
[    0.979816] mount (55) used greatest stack depth: 13208 bytes left
[    0.987124] mount (56) used greatest stack depth: 13120 bytes left
=== insmod runtime fixture amba-registrar ===
[    1.009273] amba_registrar: loading out-of-tree module taints kernel.
[    1.032747] input: ImExPS/2 Generic Explorer Mouse as /devices/platform/i8042/serio1/input/input3
insmod: ERROR: could not insert module /lib/modules/amba-registrar.ko: Device or resource busy
REHARNESS_RUNTIME_FIXTURE_MODULE_0_INSMOD_RC=1
=== insmod reharness_amba_sensor ===
REHARNESS_DRIVER_INSMOD_RC=0
[    1.614660] tsc: Refined TSC clocksource calibration: 4300.000 MHz
[    1.615270] clocksource: tsc: mask: 0xffffffffffffffff max_cycles: 0x3dfb63dc45e, max_idle_ns: 440795334783 ns
[    1.616311] clocksource: Switched to clocksource tsc
REHARNESS_DRIVER_PROBE_BOUND=0
=== dmesg ===
=== Linux subsystem test 0 ===
AMBA device reharness-amba is not present
REHARNESS_SUBSYSTEM_TEST_0_NAME=amba-device-lifecycle
REHARNESS_SUBSYSTEM_TEST_0_KIND=native
REHARNESS_SUBSYSTEM_TEST_0_PROVIDER=
REHARNESS_SUBSYSTEM_TEST_0_REQUIRED=1
REHARNESS_SUBSYSTEM_TEST_0_RC=1
REHARNESS_SUBSYSTEM_TEST_0_STATUS=fail
=== rmmod reharness_amba_sensor ===
REHARNESS_DRIVER_RMMOD_RC=0
rmmod: ERROR: Module amba_registrar is not currently loaded
REHARNESS_RUNTIME_FIXTURE_MODULE_0_RMMOD_RC=1
=== QEMU_RUN_DONE ===
[    6.467779] sysrq: Power Off
[    6.468223] Kernel panic - not syncing: Attempted to kill init! exitcode=0x00000000
[    6.468665] CPU: 0 UID: 0 PID: 1 Comm: init Tainted: G           O        7.1.0-rc7+ #17 PREEMPT(lazy) 
[    6.468792] Tainted: [O]=OOT_MODULE
[    6.468825] Hardware name: QEMU Standard PC (i440FX + PIIX, 1996), BIOS rel-1.17.0-0-gb52ca86e094d-prebuilt.qemu.org 04/01/2014
[    6.468992] Call Trace:
[    6.469420]  <TASK>
[    6.469624]  vpanic+0x32f/0x4b0
[    6.469825]  panic+0x63/0x70
[    6.469855]  do_exit+0x952/0xaf0
[    6.469888]  do_group_exit+0x30/0x80
[    6.469918]  __x64_sys_exit_group+0x18/0x20
[    6.469958]  x64_sys_call+0x12e2/0x1880
[    6.469991]  do_syscall_64+0x10e/0x4e0
[    6.470027]  entry_SYSCALL_64_after_hwframe+0x77/0x7f
[    6.470152] RIP: 0033:0x7f65d553931d
[    6.470330] Code: 02 ba ff ff ff ff 89 d0 c3 0f 1f 40 00 f3 0f 1e fa 48 8b 35 ed 4a 11 00 ba e7 00 00 00 eb 07 66 0f 1f 44 00 00 f4 89 d0 0f 05 <48> 3d 00 f0 ff ff 76 f3 f7 d8 64 89 06 eb ec 0f 1f 40 00 f3 0f 1e
[    6.470500] RSP: 002b:00007ffd40ff3078 EFLAGS: 00000206 ORIG_RAX: 00000000000000e7
[    6.470576] RAX: ffffffffffffffda RBX: 00007ffd40ff3300 RCX: 00007f65d553931d
[    6.470630] RDX: 00000000000000e7 RSI: ffffffffffffff88 RDI: 0000000000000000
[    6.470687] RBP: 00007ffd40ff3150 R08: 0000563481af9010 R09: 0000000000000007
[    6.470738] R10: 0000563481afc9a0 R11: 0000000000000206 R12: 0000000000000000
[    6.470790] R13: 00007ffd40ff32f0 R14: 000056345c483dd8 R15: 00007f65d569f000
[    6.470871]  </TASK>
[    6.471622] Kernel Offset: disabled
[    6.471839] Rebooting in 1 seconds..
