c[?7l[2J[0mSeaBIOS (version rel-1.17.0-0-gb52ca86e094d-prebuilt.qemu.org)


iPXE (http://ipxe.org) 00:03.0 CA00 PCI2.10 PnP PMM+0EFD1C90+0EF31C90 CA00
Press Ctrl-B to configure iPXE (PCI 00:03.0)...                                                                               


Booting from ROM..c[?7l[2JNo EFI environment detected.
early console in extract_kernel
input_data: 0x00000000024ea2c4
input_len: 0x00000000007bc1a7
output: 0x0000000001000000
output_len: 0x0000000001c69144
kernel_total_size: 0x0000000001a80000
needed_size: 0x0000000001e00000
trampoline_32bit: 0x0000000000000000


KASLR disabled: 'nokaslr' on cmdline.


Decompressing Linux... Parsing ELF... No relocation needed... done.
Booting the kernel (entry_offset: 0x00000000017543b0).
[    0.000000] Linux version 7.1.0-rc7-gacb7500801e9 (yfblock@9950x) (gcc (Ubuntu 13.3.0-6ubuntu2~24.04.1) 13.3.0, GNU ld (GNU Binutils for Ubuntu) 2.42) #8 SMP PREEMPT_DYNAMIC Tue Aug 25 03:37:54 CST 2026
[    0.000000] Command line: console=ttyS0 nokaslr panic=1 ignore_loglevel earlyprintk=serial,ttyS0,115200
[    0.000000] BIOS-provided physical RAM map:
[    0.000000] BIOS-e820: [mem 0x0000000000000000-0x000000000009fbff]  System RAM
[    0.000000] BIOS-e820: [mem 0x000000000009fc00-0x000000000009ffff]  device reserved
[    0.000000] BIOS-e820: [gap 0x00000000000a0000-0x00000000000effff]
[    0.000000] BIOS-e820: [mem 0x00000000000f0000-0x00000000000fffff]  device reserved
[    0.000000] BIOS-e820: [mem 0x0000000000100000-0x000000000ffdffff]  System RAM
[    0.000000] BIOS-e820: [mem 0x000000000ffe0000-0x000000000fffffff]  device reserved
[    0.000000] BIOS-e820: [gap 0x0000000010000000-0x00000000fffbffff]
[    0.000000] BIOS-e820: [mem 0x00000000fffc0000-0x00000000ffffffff]  device reserved
[    0.000000] BIOS-e820: [gap 0x0000000100000000-0x000000fcffffffff]
[    0.000000] BIOS-e820: [mem 0x000000fd00000000-0x000000ffffffffff]  device reserved
[    0.000000] printk: debug: ignoring loglevel setting.
[    0.000000] printk: legacy bootconsole [earlyser0] enabled
[    0.000000] NX (Execute Disable) protection: active
[    0.000000] APIC: Static calls initialized
[    0.000000] DMI: SMBIOS 2.8 present.
[    0.000000] DMI: QEMU Standard PC (i440FX + PIIX, 1996), BIOS rel-1.17.0-0-gb52ca86e094d-prebuilt.qemu.org 04/01/2014
[    0.000000] DMI: Memory slots populated: 1/1
[    0.000000] tsc: Fast TSC calibration using PIT
[    0.000000] tsc: Detected 4299.988 MHz processor
[    0.007957] e820: update [mem 0x00000000-0x00000fff] System RAM ==> device reserved
[    0.008135] e820: remove [mem 0x000a0000-0x000fffff] System RAM
[    0.008287] last_pfn = 0xffe0 max_arch_pfn = 0x400000000
[    0.008722] MTRR map: 4 entries (3 fixed + 1 variable; max 19), built from 8 variable MTRRs
[    0.008879] x86/PAT: Configuration [0-7]: WB  WC  UC- UC  WB  WP  UC- WT  
[    0.020892] found SMP MP-table at [mem 0x000f54c0-0x000f54cf]
[    0.023957] RAMDISK: [mem 0x0f99a000-0x0ffdffff]
[    0.024232] ACPI: Early table checksum verification disabled
[    0.024521] ACPI: RSDP 0x00000000000F52E0 000014 (v00 BOCHS )
[    0.024721] ACPI: RSDT 0x000000000FFE2383 000034 (v01 BOCHS  BXPC     00000001 BXPC 00000001)
[    0.025193] ACPI: FACP 0x000000000FFE222F 000074 (v01 BOCHS  BXPC     00000001 BXPC 00000001)
[    0.025632] ACPI: DSDT 0x000000000FFE0040 0021EF (v01 BOCHS  BXPC     00000001 BXPC 00000001)
[    0.025731] ACPI: FACS 0x000000000FFE0000 000040
[    0.025794] ACPI: APIC 0x000000000FFE22A3 000080 (v03 BOCHS  BXPC     00000001 BXPC 00000001)
[    0.025859] ACPI: HPET 0x000000000FFE2323 000038 (v01 BOCHS  BXPC     00000001 BXPC 00000001)
[    0.025924] ACPI: WAET 0x000000000FFE235B 000028 (v01 BOCHS  BXPC     00000001 BXPC 00000001)
[    0.026029] ACPI: Reserving FACP table memory at [mem 0xffe222f-0xffe22a2]
[    0.026081] ACPI: Reserving DSDT table memory at [mem 0xffe0040-0xffe222e]
[    0.026124] ACPI: Reserving FACS table memory at [mem 0xffe0000-0xffe003f]
[    0.026167] ACPI: Reserving APIC table memory at [mem 0xffe22a3-0xffe2322]
[    0.026217] ACPI: Reserving HPET table memory at [mem 0xffe2323-0xffe235a]
[    0.026259] ACPI: Reserving WAET table memory at [mem 0xffe235b-0xffe2382]
[    0.027493] No NUMA configuration found
[    0.027535] Faking a node at [mem 0x0000000000000000-0x000000000ffdffff]
[    0.027928] NODE_DATA(0) allocated [mem 0x0f996680-0x0f999fff]
[    0.028423] ACPI: PM-Timer IO Port: 0x608
[    0.028700] ACPI: LAPIC_NMI (acpi_id[0xff] dfl dfl lint[0x1])
[    0.028952] IOAPIC[0]: apic_id 0, version 32, address 0xfec00000, GSI 0-23
[    0.029061] ACPI: INT_SRC_OVR (bus 0 bus_irq 0 global_irq 2 dfl dfl)
[    0.029236] ACPI: INT_SRC_OVR (bus 0 bus_irq 5 global_irq 5 high level)
[    0.029301] ACPI: INT_SRC_OVR (bus 0 bus_irq 9 global_irq 9 high level)
[    0.029393] ACPI: INT_SRC_OVR (bus 0 bus_irq 10 global_irq 10 high level)
[    0.029438] ACPI: INT_SRC_OVR (bus 0 bus_irq 11 global_irq 11 high level)
[    0.029582] ACPI: Using ACPI (MADT) for SMP configuration information
[    0.029647] ACPI: HPET id: 0x8086a201 base: 0xfed00000
[    0.029919] CPU topo: Max. logical packages:   1
[    0.029971] CPU topo: Max. logical nodes:      1
[    0.030004] CPU topo: Num. nodes per package:  1
[    0.030064] CPU topo: Max. logical dies:       1
[    0.030096] CPU topo: Max. dies per package:   1
[    0.030156] CPU topo: Max. threads per core:   1
[    0.030263] CPU topo: Num. cores per package:     2
[    0.030301] CPU topo: Num. threads per package:   2
[    0.030335] CPU topo: Allowing 2 present CPUs plus 0 hotplug CPUs
[    0.030842] PM: hibernation: Registered nosave memory: [mem 0x00000000-0x00000fff]
[    0.030907] PM: hibernation: Registered nosave memory: [mem 0x0009f000-0x000fffff]
[    0.031021] [gap 0x10000000-0xfffbffff] available for PCI devices
[    0.031090] Booting paravirtualized kernel on bare hardware
[    0.031303] clocksource: refined-jiffies: mask: 0xffffffff max_cycles: 0xffffffff, max_idle_ns: 1910969940391419 ns
[    0.037701] Zone ranges:
[    0.037737]   DMA      [mem 0x0000000000001000-0x0000000000ffffff]
[    0.037816]   DMA32    [mem 0x0000000001000000-0x000000000ffdffff]
[    0.037860]   Normal   empty
[    0.037894] Movable zone start for each node
[    0.037934] Early memory node ranges
[    0.037974]   node   0: [mem 0x0000000000001000-0x000000000009efff]
[    0.038082]   node   0: [mem 0x0000000000100000-0x000000000ffdffff]
[    0.038190] Initmem setup node 0 [mem 0x0000000000001000-0x000000000ffdffff]
[    0.038821] On node 0, zone DMA: 1 pages in unavailable ranges
[    0.038999] On node 0, zone DMA: 97 pages in unavailable ranges
[    0.039706] On node 0, zone DMA32: 32 pages in unavailable ranges
[    0.039864] setup_percpu: NR_CPUS:64 nr_cpumask_bits:2 nr_cpu_ids:2 nr_node_ids:1
[    0.040658] percpu: Embedded 52 pages/cpu s172184 r8192 d32616 u1048576
[    0.040922] pcpu-alloc: s172184 r8192 d32616 u1048576 alloc=1*2097152
[    0.041005] pcpu-alloc: [0] 0 1 
[    0.041881] Kernel command line: console=ttyS0 nokaslr panic=1 ignore_loglevel earlyprintk=serial,ttyS0,115200
[    0.042565] Unknown kernel command line parameters "nokaslr", will be passed to user space.
[    0.042730] printk: log buffer data + meta data: 262144 + 917504 = 1179648 bytes
[    0.042935] Dentry cache hash table entries: 32768 (order: 6, 262144 bytes, linear)
[    0.043040] Inode-cache hash table entries: 16384 (order: 5, 131072 bytes, linear)
[    0.044489] Fallback order for Node 0: 0 
[    0.044737] Built 1 zonelists, mobility grouping on.  Total pages: 65406
[    0.044819] Policy zone: DMA32
[    0.044980] mem auto-init: stack:all(zero), heap alloc:off, heap free:off
[    0.050117] SLUB: HWalign=64, Order=0-3, MinObjects=0, CPUs=2, Nodes=1
Poking KASLR using RDTSC...
[    0.070930] ftrace: allocating 31866 entries in 126 pages
[    0.071185] ftrace: allocated 126 pages with 6 groups
[    0.075582] Dynamic Preempt: lazy
[    0.077370] rcu: Preemptible hierarchical RCU implementation.
[    0.077415] rcu: 	RCU event tracing is enabled.
[    0.077455] rcu: 	RCU restricting CPUs from NR_CPUS=64 to nr_cpu_ids=2.
[    0.077580] 	Trampoline variant of Tasks RCU enabled.
[    0.077616] 	Rude variant of Tasks RCU enabled.
[    0.077646] 	Tracing variant of Tasks RCU enabled.
[    0.077729] rcu: RCU calculated value of scheduler-enlistment delay is 100 jiffies.
[    0.077785] rcu: Adjusting geometry for rcu_fanout_leaf=16, nr_cpu_ids=2
[    0.078496] RCU Tasks: Setting shift to 1 and lim to 1 rcu_task_cb_adjust=1 rcu_task_cpu_ids=2.
[    0.078558] RCU Tasks Rude: Setting shift to 1 and lim to 1 rcu_task_cb_adjust=1 rcu_task_cpu_ids=2.
[    0.092119] NR_IRQS: 4352, nr_irqs: 440, preallocated irqs: 16
[    0.097415] rcu: srcu_init: Setting srcu_struct sizes based on contention.
[    0.101231] Console: colour VGA+ 80x25
[    0.102333] printk: legacy console [ttyS0] enabled
[    0.102333] printk: legacy console [ttyS0] enabled
[    0.102615] printk: legacy bootconsole [earlyser0] disabled
[    0.102615] printk: legacy bootconsole [earlyser0] disabled
[    0.103445] ACPI: Core revision 20251212
[    0.106550] clocksource: hpet: mask: 0xffffffff max_cycles: 0xffffffff, max_idle_ns: 19112604467 ns
[    0.107681] APIC: Switch to symmetric I/O mode setup
[    0.111965] ..TIMER: vector=0x30 apic1=0 pin1=2 apic2=-1 pin2=-1
[    0.117366] clocksource: tsc-early: mask: 0xffffffffffffffff max_cycles: 0x3dfb589af49, max_idle_ns: 440795382813 ns
[    0.117639] Calibrating delay loop (skipped), value calculated using timer frequency.. 8599.97 BogoMIPS (lpj=4299988)
[    0.119762] Last level iTLB entries: 4KB 512, 2MB 255, 4MB 127
[    0.119817] Last level dTLB entries: 4KB 512, 2MB 255, 4MB 127, 1GB 0
[    0.119978] mitigations: Enabled attack vectors: user_kernel, user_user, SMT mitigations: auto
[    0.120230] Spectre V2 : Mitigation: Retpolines
[    0.120324] Spectre V1 : Mitigation: usercopy/swapgs barriers and __user pointer sanitization
[    0.120421] Spectre V2 : Spectre v2 / SpectreRSB: Filling RSB on context switch and VMEXIT
[    0.120920] x86/fpu: x87 FPU will use FXSAVE
[    0.171735] pid_max: default: 32768 minimum: 301
[    0.176714] Mount-cache hash table entries: 512 (order: 0, 4096 bytes, linear)
[    0.176842] Mountpoint-cache hash table entries: 512 (order: 0, 4096 bytes, linear)
[    0.182910] VFS: Finished mounting rootfs on nullfs
[    0.296504] smpboot: CPU0: AMD QEMU Virtual CPU version 2.5+ (family: 0xf, model: 0x6b, stepping: 0x1)
[    0.301797] Performance Events: PMU not available due to virtualization, using software events only.
[    0.302372] signal: max sigframe size: 1440
[    0.303046] rcu: Hierarchical SRCU implementation.
[    0.303099] rcu: 	Max phase no-delay instances is 400.
[    0.303750] Timer migration: 1 hierarchy levels; 8 children per group; 1 crossnode level
[    0.306169] smp: Bringing up secondary CPUs ...
[    0.309913] smpboot: x86: Booting SMP configuration:
[    0.309973] .... node  #0, CPUs:      #1
[    0.379803] smp: Brought up 1 node, 2 CPUs
[    0.379945] smpboot: Total of 2 processors activated (17200.59 BogoMIPS)
[    0.385261] Memory: 219356K/261624K available (10693K kernel code, 2191K rwdata, 4380K rodata, 2552K init, 524K bss, 39028K reserved, 0K cma-reserved)
[    0.389596] devtmpfs: initialized
[    0.394720] clocksource: jiffies: mask: 0xffffffff max_cycles: 0xffffffff, max_idle_ns: 1911260446275000 ns
[    0.395027] posixtimers hash table entries: 1024 (order: 2, 16384 bytes, linear)
[    0.395222] futex hash table entries: 512 (32768 bytes on 1 NUMA nodes, total 32 KiB, linear).
[    0.397597] PM: RTC time: 19:53:34, date: 2026-08-24
[    0.399766] thermal_sys: Registered thermal governor 'step_wise'
[    0.400075] cpuidle: using governor menu
[    0.401111] Freeing SMP alternatives memory: 28K
[    0.402455] PCI: Using configuration type 1 for base access
[    0.402729] mtrr: your CPUs had inconsistent fixed MTRR settings
[    0.402778] mtrr: your CPUs had inconsistent variable MTRR settings
[    0.402823] mtrr: your CPUs had inconsistent MTRRdefType settings
[    0.402868] mtrr: probably your BIOS does not setup all CPUs.
[    0.402914] mtrr: corrected configuration.
[    0.404191] kprobes: kprobe jump-optimization is enabled. All kprobes are optimized if possible.
[    0.405664] HugeTLB: registered 2.00 MiB page size, pre-allocated 0 pages
[    0.405737] HugeTLB: 28 KiB vmemmap can be freed for a 2.00 MiB page
[    0.408111] ACPI: Added _OSI(Module Device)
[    0.408161] ACPI: Added _OSI(Processor Device)
[    0.408194] ACPI: Added _OSI(Processor Aggregator Device)
[    0.418936] ACPI: 1 ACPI AML tables successfully acquired and loaded
[    0.430733] ACPI: \_SB_: platform _OSC: OS support mask [002a7eee]
[    0.435876] ACPI: Interpreter enabled
[    0.436526] ACPI: PM: (supports S0 S3 S4 S5)
[    0.436581] ACPI: Using IOAPIC for interrupt routing
[    0.436801] PCI: Using host bridge windows from ACPI; if necessary, use "pci=nocrs" and report a bug
[    0.436882] PCI: Using E820 reservations for host bridge windows
[    0.437684] ACPI: Enabled 2 GPEs in block 00 to 0F
[    0.458778] ACPI: PCI Root Bridge [PCI0] (domain 0000 [bus 00-ff])
[    0.459206] acpi PNP0A03:00: _OSC: OS supports [ASPM ClockPM Segments MSI HPX-Type3]
[    0.459336] acpi PNP0A03:00: _OSC: not requesting OS control; OS requires [ExtendedConfig ASPM ClockPM MSI]
[    0.459583] acpi PNP0A03:00: _OSC: platform retains control of PCIe features (AE_ERROR)
[    0.459869] acpi PNP0A03:00: fail to add MMCONFIG information, can't access extended configuration space under this bridge
[    0.461643] PCI host bridge to bus 0000:00
[    0.461796] pci_bus 0000:00: root bus resource [io  0x0000-0x0cf7 window]
[    0.461909] pci_bus 0000:00: root bus resource [io  0x0d00-0xffff window]
[    0.461956] pci_bus 0000:00: root bus resource [mem 0x000a0000-0x000bffff window]
[    0.462021] pci_bus 0000:00: root bus resource [mem 0x10000000-0xfebfffff window]
[    0.462070] pci_bus 0000:00: root bus resource [mem 0x100000000-0x17fffffff window]
[    0.462195] pci_bus 0000:00: root bus resource [bus 00-ff]
[    0.463003] pci 0000:00:00.0: [8086:1237] type 00 class 0x060000 conventional PCI endpoint
[    0.465327] pci 0000:00:01.0: [8086:7000] type 00 class 0x060100 conventional PCI endpoint
[    0.465691] pci 0000:00:01.1: [8086:7010] type 00 class 0x010180 conventional PCI endpoint
[    0.466306] pci 0000:00:01.1: BAR 4 [io  0xc040-0xc04f]
[    0.466383] pci 0000:00:01.1: BAR 0 [io  0x01f0-0x01f7]: legacy IDE quirk
[    0.466437] pci 0000:00:01.1: BAR 1 [io  0x03f6]: legacy IDE quirk
[    0.466536] pci 0000:00:01.1: BAR 2 [io  0x0170-0x0177]: legacy IDE quirk
[    0.466590] pci 0000:00:01.1: BAR 3 [io  0x0376]: legacy IDE quirk
[    0.466947] pci 0000:00:01.3: [8086:7113] type 00 class 0x068000 conventional PCI endpoint
[    0.467190] pci 0000:00:01.3: quirk: [io  0x0600-0x063f] claimed by PIIX4 ACPI
[    0.467255] pci 0000:00:01.3: quirk: [io  0x0700-0x070f] claimed by PIIX4 SMB
[    0.467586] pci 0000:00:02.0: [1234:1111] type 00 class 0x030000 conventional PCI endpoint
[    0.467957] pci 0000:00:02.0: BAR 0 [mem 0xfd000000-0xfdffffff pref]
[    0.468036] pci 0000:00:02.0: BAR 2 [mem 0xfebf0000-0xfebf0fff]
[    0.468078] pci 0000:00:02.0: ROM [mem 0xfebe0000-0xfebeffff pref]
[    0.468267] pci 0000:00:02.0: Video device with shadowed ROM at [mem 0x000c0000-0x000dffff]
[    0.468639] pci 0000:00:03.0: [8086:100e] type 00 class 0x020000 conventional PCI endpoint
[    0.469030] pci 0000:00:03.0: BAR 0 [mem 0xfebc0000-0xfebdffff]
[    0.469084] pci 0000:00:03.0: BAR 1 [io  0xc000-0xc03f]
[    0.469138] pci 0000:00:03.0: ROM [mem 0xfeb80000-0xfebbffff pref]
[    0.474607] ACPI: PCI: Interrupt link LNKA configured for IRQ 10
[    0.475048] ACPI: PCI: Interrupt link LNKB configured for IRQ 10
[    0.475345] ACPI: PCI: Interrupt link LNKC configured for IRQ 11
[    0.475670] ACPI: PCI: Interrupt link LNKD configured for IRQ 11
[    0.475824] ACPI: PCI: Interrupt link LNKS configured for IRQ 9
[    0.477893] iommu: Default domain type: Translated
[    0.477952] iommu: DMA domain TLB invalidation policy: lazy mode
[    0.478797] SCSI subsystem initialized
[    0.478892] libata version 3.00 loaded.
[    0.478892] pps_core: LinuxPPS API ver. 1 registered
[    0.478892] pps_core: Software ver. 5.3.6 - Copyright 2005-2007 Rodolfo Giometti <giometti@linux.it>
[    0.480015] PCI: Using ACPI for IRQ routing
[    0.480118] PCI: pci_cache_line_size set to 64 bytes
[    0.480710] e820: register RAM buffer resource [mem 0x0009fc00-0x0009ffff]
[    0.480846] e820: register RAM buffer resource [mem 0x0ffe0000-0x0fffffff]
[    0.482854] pci 0000:00:02.0: vgaarb: setting as boot VGA device
[    0.482929] pci 0000:00:02.0: vgaarb: bridge control possible
[    0.482990] pci 0000:00:02.0: vgaarb: VGA device added: decodes=io+mem,owns=io+mem,locks=none
[    0.483057] vgaarb: loaded
[    0.483982] hpet: 3 channels of 0 reserved for per-cpu timers
[    0.484159] hpet0: at MMIO 0xfed00000, IRQs 2, 8, 0
[    0.484242] hpet0: 3 comparators, 64-bit 100.000000 MHz counter
[    0.489152] clocksource: Switched to clocksource tsc-early
[    0.490437] VFS: Disk quotas dquot_6.6.0
[    0.490529] VFS: Dquot-cache hash table entries: 512 (order 0, 4096 bytes)
[    0.491843] ACPI: Failed to create genetlink family for ACPI event
[    0.491955] pnp: PnP ACPI init
[    0.493192] pnp 00:02: [dma 2]
[    0.494141] pnp: PnP ACPI: found 5 devices
[    0.508304] clocksource: acpi_pm: mask: 0xffffff max_cycles: 0xffffff, max_idle_ns: 2085701024 ns
[    0.508776] pci_bus 0000:00: resource 4 [io  0x0000-0x0cf7 window]
[    0.508826] pci_bus 0000:00: resource 5 [io  0x0d00-0xffff window]
[    0.508869] pci_bus 0000:00: resource 6 [mem 0x000a0000-0x000bffff window]
[    0.508915] pci_bus 0000:00: resource 7 [mem 0x10000000-0xfebfffff window]
[    0.508961] pci_bus 0000:00: resource 8 [mem 0x100000000-0x17fffffff window]
[    0.509277] pci 0000:00:01.0: PIIX3: Enabling Passive Release
[    0.509365] pci 0000:00:00.0: Limiting direct PCI/PCI transfers
[    0.509483] PCI: CLS 0 bytes, default 64
[    0.511879] Unpacking initramfs...
[    0.516483] Initialise system trusted keyrings
[    0.517797] workingset: timestamp_bits=56 (anon: 52) max_order=16 bucket_order=0 (anon: 0)
[    0.519916] Key type asymmetric registered
[    0.519990] Asymmetric key parser 'x509' registered
[    0.520141] Block layer SCSI generic (bsg) driver version 0.4 loaded (major 251)
[    0.520407] io scheduler mq-deadline registered
[    0.520467] io scheduler kyber registered
[    0.522290] input: Power Button as /devices/platform/LNXPWRBN:00/input/input0
[    0.522887] ACPI: button: Power Button [PWRF]
[    0.525656] Serial: 8250/16550 driver, 4 ports, IRQ sharing enabled
[    0.527879] 00:04: ttyS0 at I/O 0x3f8 (irq = 4, base_baud = 115200) is a 16550A
[    0.532825] Non-volatile memory driver v1.3
[    0.542893] loop: module loaded
[    0.548824] scsi host0: ata_piix
[    0.549818] scsi host1: ata_piix
[    0.550100] ata1: PATA max MWDMA2 cmd 0x1f0 ctl 0x3f6 bmdma 0xc040 irq 14 lpm-pol 0
[    0.550168] ata2: PATA max MWDMA2 cmd 0x170 ctl 0x376 bmdma 0xc048 irq 15 lpm-pol 0
[    0.550927] i8042: PNP: PS/2 Controller [PNP0303:KBD,PNP0f13:MOU] at 0x60,0x64 irq 1,12
[    0.554602] serio: i8042 KBD port at 0x60,0x64 irq 1
[    0.554780] serio: i8042 AUX port at 0x60,0x64 irq 12
[    0.556010] rtc_cmos PNP0B00:00: RTC can wake from S4
[    0.558243] rtc_cmos PNP0B00:00: registered as rtc0
[    0.558994] rtc_cmos PNP0B00:00: alarms up to one day, y3k, 242 bytes nvram, hpet irqs
[    0.559897] input: AT Translated Set 2 keyboard as /devices/platform/i8042/serio0/input/input1
[    0.560453] device-mapper: ioctl: 4.50.0-ioctl (2025-04-28) initialised: dm-devel@lists.linux.dev
[    0.560697] amd_pstate: the _CPC object is not present in SBIOS or ACPI disabled
[    0.560865] hid: raw HID events driver (C) Jiri Kosina
[    0.563211] IPI shorthand broadcast: enabled
[    0.572722] sched_clock: Marking stable (561356125, 10676185)->(576259378, -4227068)
[    0.574000] Loading compiled-in X.509 certificates
[    0.579695] Demotion targets for Node 0: null
[    0.583685] PM:   Magic number: 6:173:901
[    0.583805] clocksource clocksource0: hash matches
[    0.584385] clk: Disabling unused clocks
[    0.584591] KTAP version 1
[    0.584617] 1..0
[    0.636585] Freeing initrd memory: 6424K
[    0.708917] ata2: found unknown device (class 0)
[    0.710797] ata2.00: ATAPI: QEMU DVD-ROM, 2.5+, max UDMA/100
[    0.717636] scsi 1:0:0:0: CD-ROM            QEMU     QEMU DVD-ROM     2.5+ PQ: 0 ANSI: 5
[    0.733555] sr 1:0:0:0: [sr0] scsi3-mmc drive: 4x/4x cd/rw xa/form2 tray
[    0.745834] cdrom: Uniform CD-ROM driver Revision: 3.20
[    0.753312] sr 1:0:0:0: Attached scsi CD-ROM sr0
[    0.753913] sr 1:0:0:0: Attached scsi generic sg0 type 5
[    0.790394] Freeing unused kernel image (initmem) memory: 2552K
[    0.790563] Write protecting the kernel read-only data: 18432k
[    0.792010] Freeing unused kernel image (text/rodata gap) memory: 1592K
[    0.793029] Freeing unused kernel image (rodata/data gap) memory: 1764K
[    0.879796] x86/mm: Checked W+X mappings: passed, no W+X pages found.
[    0.879967] Run /init as init process
[    0.879995]   with arguments:
[    0.880020]     /init
[    0.880046]     nokaslr
[    0.880064]   with environment:
[    0.880088]     HOME=/
[    0.880109]     TERM=linux
[    0.940039] mount (50) used greatest stack depth: 13208 bytes left
[    0.948010] mount (51) used greatest stack depth: 13120 bytes left
/init: 5: mkdir: not found
=== insmod device-registrar target=ftgpio010-gpio ===
[    0.969970] device_registrar: loading out-of-tree module taints kernel.
[    0.973457] device-registrar: 注册 'ftgpio010-gpio' (MMIO @ 0xF0000000)
[    0.974460] device-registrar: 'ftgpio010-gpio' 已注册
REHARNESS_REGISTRAR_INSMOD_RC=0
[    0.983931] input: ImExPS/2 Generic Explorer Mouse as /devices/platform/i8042/serio1/input/input3
=== insmod ftgpio010_gpio ===
[    1.287384] [rhfn] ftgpio_gpio_probe
[    1.287761] [rhbase] ffffc90000035000
[    1.288308] [rh] W 0x20 0x0
[    1.288343] [rh] W 0x2c 0x0
[    1.288371] [rh] W 0x30 0xffffffff
[    1.288405] [rh] W 0x40 0x0
REHARNESS_DRIVER_INSMOD_RC=0
[    1.547983] tsc: Refined TSC clocksource calibration: 4299.976 MHz
[    1.548550] clocksource: tsc: mask: 0xffffffffffffffff max_cycles: 0x3dfb4c698bd, max_idle_ns: 440795202126 ns
[    1.549529] clocksource: Switched to clocksource tsc
REHARNESS_DRIVER_PROBE_BOUND=1
=== dmesg ===
[    0.030842] PM: hibernation: Registered nosave memory: [mem 0x00000000-0x00000fff]
[    0.030907] PM: hibernation: Registered nosave memory: [mem 0x0009f000-0x000fffff]
[    0.399766] thermal_sys: Registered thermal governor 'step_wise'
[    0.405664] HugeTLB: registered 2.00 MiB page size, pre-allocated 0 pages
[    0.478892] pps_core: LinuxPPS API ver. 1 registered
[    0.519916] Key type asymmetric registered
[    0.519990] Asymmetric key parser 'x509' registered
[    0.520407] io scheduler mq-deadline registered
[    0.520467] io scheduler kyber registered
[    0.558243] rtc_cmos PNP0B00:00: registered as rtc0
[    0.973457] device-registrar: \xe6\xb3\xa8\xe5\x86\x8c 'ftgpio010-gpio' (MMIO @ 0xF0000000)
[    0.974460] device-registrar: 'ftgpio010-gpio' \xe5\xb7\xb2\xe6\xb3\xa8\xe5\x86\x8c
=== Linux subsystem test 0 ===
ioctl LINEINFO=0
[    1.631450] [rhfn] ftgpio_gpio_set_config
[    1.631592] [rhfn] ftgpio_gpio_set_config
ioctl GET_LINE=0 fd=4
ioctl GET_VALUES=0 bits=0
ioctl SET_VALUES(1)=0
ioctl SET_VALUES(0)=0
ioctl SET_CONFIG(INPUT)=0
GPIO_TRACE_DONE
REHARNESS_SUBSYSTEM_TEST_0_NAME=ftgpio010-gpio-api
REHARNESS_SUBSYSTEM_TEST_0_RC=0
REHARNESS_SUBSYSTEM_TEST_0_STATUS=pass
=== rmmod ftgpio010_gpio ===
[    1.668677] device-registrar: 'ftgpio010-gpio' 已注销
=== QEMU_RUN_DONE ===
[    1.886908] sysrq: Power Off
[    1.887288] Kernel panic - not syncing: Attempted to kill init! exitcode=0x00000000
[    1.887676] CPU: 1 UID: 0 PID: 1 Comm: init Tainted: G           O        7.1.0-rc7-gacb7500801e9 #8 PREEMPT(lazy) 
[    1.887800] Tainted: [O]=OOT_MODULE
[    1.887828] Hardware name: QEMU Standard PC (i440FX + PIIX, 1996), BIOS rel-1.17.0-0-gb52ca86e094d-prebuilt.qemu.org 04/01/2014
[    1.887982] Call Trace:
[    1.888357]  <TASK>
[    1.888514]  vpanic+0x32f/0x4b0
[    1.888688]  panic+0x63/0x70
[    1.888722]  do_exit+0x94a/0xaf0
[    1.888752]  do_group_exit+0x30/0x80
[    1.888780]  __x64_sys_exit_group+0x18/0x20
[    1.888814]  x64_sys_call+0x12e2/0x1880
[    1.888843]  do_syscall_64+0x10e/0x4e0
[    1.888873]  entry_SYSCALL_64_after_hwframe+0x77/0x7f
[    1.888980] RIP: 0033:0x7ff60a05331d
[    1.889127] Code: 02 ba ff ff ff ff 89 d0 c3 0f 1f 40 00 f3 0f 1e fa 48 8b 35 ed 4a 11 00 ba e7 00 00 00 eb 07 66 0f 1f 44 00 00 f4 89 d0 0f 05 <48> 3d 00 f0 ff ff 76 f3 f7 d8 64 89 06 eb ec 0f 1f 40 00 f3 0f 1e
[    1.889256] RSP: 002b:00007fffca747218 EFLAGS: 00000206 ORIG_RAX: 00000000000000e7
[    1.889319] RAX: ffffffffffffffda RBX: 00007fffca7474a0 RCX: 00007ff60a05331d
[    1.889363] RDX: 00000000000000e7 RSI: ffffffffffffff88 RDI: 0000000000000000
[    1.889409] RBP: 00007fffca7472f0 R08: 0000557dffa22010 R09: 0000000000000007
[    1.889452] R10: 0000557dffa24ac0 R11: 0000000000000206 R12: 0000000000000000
[    1.889494] R13: 00007fffca747490 R14: 0000557dcdc4add8 R15: 00007ff60a1b9000
[    1.889561]  </TASK>
[    1.890180] Kernel Offset: disabled
[    1.890367] Rebooting in 1 seconds..
