c[?7l[2J[0mSeaBIOS (version rel-1.17.0-0-gb52ca86e094d-prebuilt.qemu.org)


iPXE (http://ipxe.org) 00:03.0 CA00 PCI2.10 PnP PMM+0EFD1C90+0EF31C90 CA00
Press Ctrl-B to configure iPXE (PCI 00:03.0)...                                                                               


Booting from ROM..c[?7l[2JNo EFI environment detected.
early console in extract_kernel
input_data: 0x00000000024ea2c4
input_len: 0x00000000007bc1a7
output: 0x0000000001000000
output_len: 0x0000000001c69144
kernel_total_size: 0x0000000001a80000
needed_size: 0x0000000001e00000
trampoline_32bit: 0x0000000000000000


KASLR disabled: 'nokaslr' on cmdline.


Decompressing Linux... Parsing ELF... No relocation needed... done.
Booting the kernel (entry_offset: 0x00000000017543b0).
[    0.000000] Linux version 7.1.0-rc7-gacb7500801e9 (yfblock@9950x) (gcc (Ubuntu 13.3.0-6ubuntu2~24.04.1) 13.3.0, GNU ld (GNU Binutils for Ubuntu) 2.42) #8 SMP PREEMPT_DYNAMIC Tue Aug 25 03:37:54 CST 2026
[    0.000000] Command line: console=ttyS0 nokaslr panic=1 ignore_loglevel earlyprintk=serial,ttyS0,115200
[    0.000000] BIOS-provided physical RAM map:
[    0.000000] BIOS-e820: [mem 0x0000000000000000-0x000000000009fbff]  System RAM
[    0.000000] BIOS-e820: [mem 0x000000000009fc00-0x000000000009ffff]  device reserved
[    0.000000] BIOS-e820: [gap 0x00000000000a0000-0x00000000000effff]
[    0.000000] BIOS-e820: [mem 0x00000000000f0000-0x00000000000fffff]  device reserved
[    0.000000] BIOS-e820: [mem 0x0000000000100000-0x000000000ffdffff]  System RAM
[    0.000000] BIOS-e820: [mem 0x000000000ffe0000-0x000000000fffffff]  device reserved
[    0.000000] BIOS-e820: [gap 0x0000000010000000-0x00000000fffbffff]
[    0.000000] BIOS-e820: [mem 0x00000000fffc0000-0x00000000ffffffff]  device reserved
[    0.000000] BIOS-e820: [gap 0x0000000100000000-0x000000fcffffffff]
[    0.000000] BIOS-e820: [mem 0x000000fd00000000-0x000000ffffffffff]  device reserved
[    0.000000] printk: debug: ignoring loglevel setting.
[    0.000000] printk: legacy bootconsole [earlyser0] enabled
[    0.000000] NX (Execute Disable) protection: active
[    0.000000] APIC: Static calls initialized
[    0.000000] DMI: SMBIOS 2.8 present.
[    0.000000] DMI: QEMU Standard PC (i440FX + PIIX, 1996), BIOS rel-1.17.0-0-gb52ca86e094d-prebuilt.qemu.org 04/01/2014
[    0.000000] DMI: Memory slots populated: 1/1
[    0.000000] tsc: Fast TSC calibration using PIT
[    0.000000] tsc: Detected 4299.975 MHz processor
[    0.008359] e820: update [mem 0x00000000-0x00000fff] System RAM ==> device reserved
[    0.008557] e820: remove [mem 0x000a0000-0x000fffff] System RAM
[    0.008708] last_pfn = 0xffe0 max_arch_pfn = 0x400000000
[    0.009155] MTRR map: 4 entries (3 fixed + 1 variable; max 19), built from 8 variable MTRRs
[    0.009317] x86/PAT: Configuration [0-7]: WB  WC  UC- UC  WB  WP  UC- WT  
[    0.021381] found SMP MP-table at [mem 0x000f54c0-0x000f54cf]
[    0.024458] RAMDISK: [mem 0x0f99a000-0x0ffdffff]
[    0.024723] ACPI: Early table checksum verification disabled
[    0.025012] ACPI: RSDP 0x00000000000F52E0 000014 (v00 BOCHS )
[    0.025210] ACPI: RSDT 0x000000000FFE2383 000034 (v01 BOCHS  BXPC     00000001 BXPC 00000001)
[    0.025683] ACPI: FACP 0x000000000FFE222F 000074 (v01 BOCHS  BXPC     00000001 BXPC 00000001)
[    0.026198] ACPI: DSDT 0x000000000FFE0040 0021EF (v01 BOCHS  BXPC     00000001 BXPC 00000001)
[    0.026452] ACPI: FACS 0x000000000FFE0000 000040
[    0.026587] ACPI: APIC 0x000000000FFE22A3 000080 (v03 BOCHS  BXPC     00000001 BXPC 00000001)
[    0.026720] ACPI: HPET 0x000000000FFE2323 000038 (v01 BOCHS  BXPC     00000001 BXPC 00000001)
[    0.026846] ACPI: WAET 0x000000000FFE235B 000028 (v01 BOCHS  BXPC     00000001 BXPC 00000001)
[    0.026957] ACPI: Reserving FACP table memory at [mem 0xffe222f-0xffe22a2]
[    0.027009] ACPI: Reserving DSDT table memory at [mem 0xffe0040-0xffe222e]
[    0.027052] ACPI: Reserving FACS table memory at [mem 0xffe0000-0xffe003f]
[    0.027095] ACPI: Reserving APIC table memory at [mem 0xffe22a3-0xffe2322]
[    0.027150] ACPI: Reserving HPET table memory at [mem 0xffe2323-0xffe235a]
[    0.027193] ACPI: Reserving WAET table memory at [mem 0xffe235b-0xffe2382]
[    0.028475] No NUMA configuration found
[    0.028517] Faking a node at [mem 0x0000000000000000-0x000000000ffdffff]
[    0.028911] NODE_DATA(0) allocated [mem 0x0f996680-0x0f999fff]
[    0.029409] ACPI: PM-Timer IO Port: 0x608
[    0.029687] ACPI: LAPIC_NMI (acpi_id[0xff] dfl dfl lint[0x1])
[    0.029943] IOAPIC[0]: apic_id 0, version 32, address 0xfec00000, GSI 0-23
[    0.030055] ACPI: INT_SRC_OVR (bus 0 bus_irq 0 global_irq 2 dfl dfl)
[    0.030240] ACPI: INT_SRC_OVR (bus 0 bus_irq 5 global_irq 5 high level)
[    0.030306] ACPI: INT_SRC_OVR (bus 0 bus_irq 9 global_irq 9 high level)
[    0.030399] ACPI: INT_SRC_OVR (bus 0 bus_irq 10 global_irq 10 high level)
[    0.030445] ACPI: INT_SRC_OVR (bus 0 bus_irq 11 global_irq 11 high level)
[    0.030593] ACPI: Using ACPI (MADT) for SMP configuration information
[    0.030655] ACPI: HPET id: 0x8086a201 base: 0xfed00000
[    0.030927] CPU topo: Max. logical packages:   1
[    0.030981] CPU topo: Max. logical nodes:      1
[    0.031014] CPU topo: Num. nodes per package:  1
[    0.031075] CPU topo: Max. logical dies:       1
[    0.031110] CPU topo: Max. dies per package:   1
[    0.031172] CPU topo: Max. threads per core:   1
[    0.031279] CPU topo: Num. cores per package:     2
[    0.031318] CPU topo: Num. threads per package:   2
[    0.031352] CPU topo: Allowing 2 present CPUs plus 0 hotplug CPUs
[    0.031857] PM: hibernation: Registered nosave memory: [mem 0x00000000-0x00000fff]
[    0.031922] PM: hibernation: Registered nosave memory: [mem 0x0009f000-0x000fffff]
[    0.032033] [gap 0x10000000-0xfffbffff] available for PCI devices
[    0.032103] Booting paravirtualized kernel on bare hardware
[    0.032319] clocksource: refined-jiffies: mask: 0xffffffff max_cycles: 0xffffffff, max_idle_ns: 1910969940391419 ns
[    0.038882] Zone ranges:
[    0.038925]   DMA      [mem 0x0000000000001000-0x0000000000ffffff]
[    0.039005]   DMA32    [mem 0x0000000001000000-0x000000000ffdffff]
[    0.039050]   Normal   empty
[    0.039084] Movable zone start for each node
[    0.039129] Early memory node ranges
[    0.039170]   node   0: [mem 0x0000000000001000-0x000000000009efff]
[    0.039280]   node   0: [mem 0x0000000000100000-0x000000000ffdffff]
[    0.039393] Initmem setup node 0 [mem 0x0000000000001000-0x000000000ffdffff]
[    0.040013] On node 0, zone DMA: 1 pages in unavailable ranges
[    0.040198] On node 0, zone DMA: 97 pages in unavailable ranges
[    0.040881] On node 0, zone DMA32: 32 pages in unavailable ranges
[    0.041039] setup_percpu: NR_CPUS:64 nr_cpumask_bits:2 nr_cpu_ids:2 nr_node_ids:1
[    0.041826] percpu: Embedded 52 pages/cpu s172184 r8192 d32616 u1048576
[    0.042092] pcpu-alloc: s172184 r8192 d32616 u1048576 alloc=1*2097152
[    0.042179] pcpu-alloc: [0] 0 1 
[    0.043048] Kernel command line: console=ttyS0 nokaslr panic=1 ignore_loglevel earlyprintk=serial,ttyS0,115200
[    0.043735] Unknown kernel command line parameters "nokaslr", will be passed to user space.
[    0.043897] printk: log buffer data + meta data: 262144 + 917504 = 1179648 bytes
[    0.044107] Dentry cache hash table entries: 32768 (order: 6, 262144 bytes, linear)
[    0.044216] Inode-cache hash table entries: 16384 (order: 5, 131072 bytes, linear)
[    0.045665] Fallback order for Node 0: 0 
[    0.045897] Built 1 zonelists, mobility grouping on.  Total pages: 65406
[    0.045978] Policy zone: DMA32
[    0.046142] mem auto-init: stack:all(zero), heap alloc:off, heap free:off
[    0.051268] SLUB: HWalign=64, Order=0-3, MinObjects=0, CPUs=2, Nodes=1
Poking KASLR using RDTSC...
[    0.072518] ftrace: allocating 31866 entries in 126 pages
[    0.072781] ftrace: allocated 126 pages with 6 groups
[    0.077192] Dynamic Preempt: lazy
[    0.078978] rcu: Preemptible hierarchical RCU implementation.
[    0.079024] rcu: 	RCU event tracing is enabled.
[    0.079064] rcu: 	RCU restricting CPUs from NR_CPUS=64 to nr_cpu_ids=2.
[    0.079192] 	Trampoline variant of Tasks RCU enabled.
[    0.079225] 	Rude variant of Tasks RCU enabled.
[    0.079255] 	Tracing variant of Tasks RCU enabled.
[    0.079339] rcu: RCU calculated value of scheduler-enlistment delay is 100 jiffies.
[    0.079396] rcu: Adjusting geometry for rcu_fanout_leaf=16, nr_cpu_ids=2
[    0.080108] RCU Tasks: Setting shift to 1 and lim to 1 rcu_task_cb_adjust=1 rcu_task_cpu_ids=2.
[    0.080170] RCU Tasks Rude: Setting shift to 1 and lim to 1 rcu_task_cb_adjust=1 rcu_task_cpu_ids=2.
[    0.093789] NR_IRQS: 4352, nr_irqs: 440, preallocated irqs: 16
[    0.099070] rcu: srcu_init: Setting srcu_struct sizes based on contention.
[    0.102930] Console: colour VGA+ 80x25
[    0.104035] printk: legacy console [ttyS0] enabled
[    0.104035] printk: legacy console [ttyS0] enabled
[    0.104320] printk: legacy bootconsole [earlyser0] disabled
[    0.104320] printk: legacy bootconsole [earlyser0] disabled
[    0.105156] ACPI: Core revision 20251212
[    0.108263] clocksource: hpet: mask: 0xffffffff max_cycles: 0xffffffff, max_idle_ns: 19112604467 ns
[    0.109390] APIC: Switch to symmetric I/O mode setup
[    0.113681] ..TIMER: vector=0x30 apic1=0 pin1=2 apic2=-1 pin2=-1
[    0.119444] clocksource: tsc-early: mask: 0xffffffffffffffff max_cycles: 0x3dfb4b79704, max_idle_ns: 440795227285 ns
[    0.120078] Calibrating delay loop (skipped), value calculated using timer frequency.. 8599.95 BogoMIPS (lpj=4299975)
[    0.122779] Last level iTLB entries: 4KB 512, 2MB 255, 4MB 127
[    0.122834] Last level dTLB entries: 4KB 512, 2MB 255, 4MB 127, 1GB 0
[    0.122994] mitigations: Enabled attack vectors: user_kernel, user_user, SMT mitigations: auto
[    0.123245] Spectre V2 : Mitigation: Retpolines
[    0.123338] Spectre V1 : Mitigation: usercopy/swapgs barriers and __user pointer sanitization
[    0.123433] Spectre V2 : Spectre v2 / SpectreRSB: Filling RSB on context switch and VMEXIT
[    0.125148] x86/fpu: x87 FPU will use FXSAVE
[    0.175220] pid_max: default: 32768 minimum: 301
[    0.180143] Mount-cache hash table entries: 512 (order: 0, 4096 bytes, linear)
[    0.180272] Mountpoint-cache hash table entries: 512 (order: 0, 4096 bytes, linear)
[    0.186281] VFS: Finished mounting rootfs on nullfs
[    0.299761] smpboot: CPU0: AMD QEMU Virtual CPU version 2.5+ (family: 0xf, model: 0x6b, stepping: 0x1)
[    0.304872] Performance Events: PMU not available due to virtualization, using software events only.
[    0.305448] signal: max sigframe size: 1440
[    0.306524] rcu: Hierarchical SRCU implementation.
[    0.306583] rcu: 	Max phase no-delay instances is 400.
[    0.307250] Timer migration: 1 hierarchy levels; 8 children per group; 1 crossnode level
[    0.309638] smp: Bringing up secondary CPUs ...
[    0.313451] smpboot: x86: Booting SMP configuration:
[    0.313511] .... node  #0, CPUs:      #1
[    0.382085] smp: Brought up 1 node, 2 CPUs
[    0.382910] smpboot: Total of 2 processors activated (17201.55 BogoMIPS)
[    0.387929] Memory: 219356K/261624K available (10693K kernel code, 2191K rwdata, 4380K rodata, 2552K init, 524K bss, 39028K reserved, 0K cma-reserved)
[    0.392592] devtmpfs: initialized
[    0.397971] clocksource: jiffies: mask: 0xffffffff max_cycles: 0xffffffff, max_idle_ns: 1911260446275000 ns
[    0.398299] posixtimers hash table entries: 1024 (order: 2, 16384 bytes, linear)
[    0.398908] futex hash table entries: 512 (32768 bytes on 1 NUMA nodes, total 32 KiB, linear).
[    0.401185] PM: RTC time: 19:55:26, date: 2026-08-24
[    0.403360] thermal_sys: Registered thermal governor 'step_wise'
[    0.403667] cpuidle: using governor menu
[    0.404704] Freeing SMP alternatives memory: 28K
[    0.405969] PCI: Using configuration type 1 for base access
[    0.406234] mtrr: your CPUs had inconsistent fixed MTRR settings
[    0.406283] mtrr: your CPUs had inconsistent variable MTRR settings
[    0.406348] mtrr: your CPUs had inconsistent MTRRdefType settings
[    0.406391] mtrr: probably your BIOS does not setup all CPUs.
[    0.406440] mtrr: corrected configuration.
[    0.407934] kprobes: kprobe jump-optimization is enabled. All kprobes are optimized if possible.
[    0.409357] HugeTLB: registered 2.00 MiB page size, pre-allocated 0 pages
[    0.409432] HugeTLB: 28 KiB vmemmap can be freed for a 2.00 MiB page
[    0.411868] ACPI: Added _OSI(Module Device)
[    0.411917] ACPI: Added _OSI(Processor Device)
[    0.411950] ACPI: Added _OSI(Processor Aggregator Device)
[    0.422679] ACPI: 1 ACPI AML tables successfully acquired and loaded
[    0.438014] ACPI: \_SB_: platform _OSC: OS support mask [002a7eee]
[    0.441120] ACPI: Interpreter enabled
[    0.441796] ACPI: PM: (supports S0 S3 S4 S5)
[    0.441854] ACPI: Using IOAPIC for interrupt routing
[    0.442110] PCI: Using host bridge windows from ACPI; if necessary, use "pci=nocrs" and report a bug
[    0.442188] PCI: Using E820 reservations for host bridge windows
[    0.443033] ACPI: Enabled 2 GPEs in block 00 to 0F
[    0.466443] ACPI: PCI Root Bridge [PCI0] (domain 0000 [bus 00-ff])
[    0.466915] acpi PNP0A03:00: _OSC: OS supports [ASPM ClockPM Segments MSI HPX-Type3]
[    0.467060] acpi PNP0A03:00: _OSC: not requesting OS control; OS requires [ExtendedConfig ASPM ClockPM MSI]
[    0.467308] acpi PNP0A03:00: _OSC: platform retains control of PCIe features (AE_ERROR)
[    0.467609] acpi PNP0A03:00: fail to add MMCONFIG information, can't access extended configuration space under this bridge
[    0.469547] PCI host bridge to bus 0000:00
[    0.469710] pci_bus 0000:00: root bus resource [io  0x0000-0x0cf7 window]
[    0.469825] pci_bus 0000:00: root bus resource [io  0x0d00-0xffff window]
[    0.469877] pci_bus 0000:00: root bus resource [mem 0x000a0000-0x000bffff window]
[    0.469948] pci_bus 0000:00: root bus resource [mem 0x10000000-0xfebfffff window]
[    0.470001] pci_bus 0000:00: root bus resource [mem 0x100000000-0x17fffffff window]
[    0.470142] pci_bus 0000:00: root bus resource [bus 00-ff]
[    0.471170] pci 0000:00:00.0: [8086:1237] type 00 class 0x060000 conventional PCI endpoint
[    0.473636] pci 0000:00:01.0: [8086:7000] type 00 class 0x060100 conventional PCI endpoint
[    0.474059] pci 0000:00:01.1: [8086:7010] type 00 class 0x010180 conventional PCI endpoint
[    0.474477] pci 0000:00:01.1: BAR 4 [io  0xc040-0xc04f]
[    0.474554] pci 0000:00:01.1: BAR 0 [io  0x01f0-0x01f7]: legacy IDE quirk
[    0.474614] pci 0000:00:01.1: BAR 1 [io  0x03f6]: legacy IDE quirk
[    0.474674] pci 0000:00:01.1: BAR 2 [io  0x0170-0x0177]: legacy IDE quirk
[    0.474729] pci 0000:00:01.1: BAR 3 [io  0x0376]: legacy IDE quirk
[    0.475118] pci 0000:00:01.3: [8086:7113] type 00 class 0x068000 conventional PCI endpoint
[    0.475376] pci 0000:00:01.3: quirk: [io  0x0600-0x063f] claimed by PIIX4 ACPI
[    0.475446] pci 0000:00:01.3: quirk: [io  0x0700-0x070f] claimed by PIIX4 SMB
[    0.475832] pci 0000:00:02.0: [1234:1111] type 00 class 0x030000 conventional PCI endpoint
[    0.476300] pci 0000:00:02.0: BAR 0 [mem 0xfd000000-0xfdffffff pref]
[    0.476386] pci 0000:00:02.0: BAR 2 [mem 0xfebf0000-0xfebf0fff]
[    0.476432] pci 0000:00:02.0: ROM [mem 0xfebe0000-0xfebeffff pref]
[    0.476626] pci 0000:00:02.0: Video device with shadowed ROM at [mem 0x000c0000-0x000dffff]
[    0.477025] pci 0000:00:03.0: [8086:100e] type 00 class 0x020000 conventional PCI endpoint
[    0.477519] pci 0000:00:03.0: BAR 0 [mem 0xfebc0000-0xfebdffff]
[    0.477574] pci 0000:00:03.0: BAR 1 [io  0xc000-0xc03f]
[    0.477615] pci 0000:00:03.0: ROM [mem 0xfeb80000-0xfebbffff pref]
[    0.483292] ACPI: PCI: Interrupt link LNKA configured for IRQ 10
[    0.483812] ACPI: PCI: Interrupt link LNKB configured for IRQ 10
[    0.484173] ACPI: PCI: Interrupt link LNKC configured for IRQ 11
[    0.484646] ACPI: PCI: Interrupt link LNKD configured for IRQ 11
[    0.484850] ACPI: PCI: Interrupt link LNKS configured for IRQ 9
[    0.486876] iommu: Default domain type: Translated
[    0.486939] iommu: DMA domain TLB invalidation policy: lazy mode
[    0.487915] SCSI subsystem initialized
[    0.488881] libata version 3.00 loaded.
[    0.489125] pps_core: LinuxPPS API ver. 1 registered
[    0.489167] pps_core: Software ver. 5.3.6 - Copyright 2005-2007 Rodolfo Giometti <giometti@linux.it>
[    0.489325] PCI: Using ACPI for IRQ routing
[    0.489433] PCI: pci_cache_line_size set to 64 bytes
[    0.489903] e820: register RAM buffer resource [mem 0x0009fc00-0x0009ffff]
[    0.490052] e820: register RAM buffer resource [mem 0x0ffe0000-0x0fffffff]
[    0.493117] pci 0000:00:02.0: vgaarb: setting as boot VGA device
[    0.493197] pci 0000:00:02.0: vgaarb: bridge control possible
[    0.493274] pci 0000:00:02.0: vgaarb: VGA device added: decodes=io+mem,owns=io+mem,locks=none
[    0.493345] vgaarb: loaded
[    0.493366] hpet: 3 channels of 0 reserved for per-cpu timers
[    0.493624] hpet0: at MMIO 0xfed00000, IRQs 2, 8, 0
[    0.493717] hpet0: 3 comparators, 64-bit 100.000000 MHz counter
[    0.497762] clocksource: Switched to clocksource tsc-early
[    0.499511] VFS: Disk quotas dquot_6.6.0
[    0.499617] VFS: Dquot-cache hash table entries: 512 (order 0, 4096 bytes)
[    0.501304] ACPI: Failed to create genetlink family for ACPI event
[    0.501428] pnp: PnP ACPI init
[    0.502936] pnp 00:02: [dma 2]
[    0.504104] pnp: PnP ACPI: found 5 devices
[    0.518355] clocksource: acpi_pm: mask: 0xffffff max_cycles: 0xffffff, max_idle_ns: 2085701024 ns
[    0.518846] pci_bus 0000:00: resource 4 [io  0x0000-0x0cf7 window]
[    0.518902] pci_bus 0000:00: resource 5 [io  0x0d00-0xffff window]
[    0.518945] pci_bus 0000:00: resource 6 [mem 0x000a0000-0x000bffff window]
[    0.518992] pci_bus 0000:00: resource 7 [mem 0x10000000-0xfebfffff window]
[    0.519037] pci_bus 0000:00: resource 8 [mem 0x100000000-0x17fffffff window]
[    0.519364] pci 0000:00:01.0: PIIX3: Enabling Passive Release
[    0.519458] pci 0000:00:00.0: Limiting direct PCI/PCI transfers
[    0.519577] PCI: CLS 0 bytes, default 64
[    0.521918] Unpacking initramfs...
[    0.527542] Initialise system trusted keyrings
[    0.528436] workingset: timestamp_bits=56 (anon: 52) max_order=16 bucket_order=0 (anon: 0)
[    0.530878] Key type asymmetric registered
[    0.530954] Asymmetric key parser 'x509' registered
[    0.531088] Block layer SCSI generic (bsg) driver version 0.4 loaded (major 251)
[    0.531396] io scheduler mq-deadline registered
[    0.531461] io scheduler kyber registered
[    0.534206] input: Power Button as /devices/platform/LNXPWRBN:00/input/input0
[    0.534833] ACPI: button: Power Button [PWRF]
[    0.538319] Serial: 8250/16550 driver, 4 ports, IRQ sharing enabled
[    0.540759] 00:04: ttyS0 at I/O 0x3f8 (irq = 4, base_baud = 115200) is a 16550A
[    0.546644] Non-volatile memory driver v1.3
[    0.556899] loop: module loaded
[    0.561666] scsi host0: ata_piix
[    0.562678] scsi host1: ata_piix
[    0.562940] ata1: PATA max MWDMA2 cmd 0x1f0 ctl 0x3f6 bmdma 0xc040 irq 14 lpm-pol 0
[    0.563009] ata2: PATA max MWDMA2 cmd 0x170 ctl 0x376 bmdma 0xc048 irq 15 lpm-pol 0
[    0.565922] i8042: PNP: PS/2 Controller [PNP0303:KBD,PNP0f13:MOU] at 0x60,0x64 irq 1,12
[    0.567802] serio: i8042 KBD port at 0x60,0x64 irq 1
[    0.567957] serio: i8042 AUX port at 0x60,0x64 irq 12
[    0.570416] input: AT Translated Set 2 keyboard as /devices/platform/i8042/serio0/input/input1
[    0.571583] rtc_cmos PNP0B00:00: RTC can wake from S4
[    0.573265] rtc_cmos PNP0B00:00: registered as rtc0
[    0.574031] rtc_cmos PNP0B00:00: alarms up to one day, y3k, 242 bytes nvram, hpet irqs
[    0.575651] device-mapper: ioctl: 4.50.0-ioctl (2025-04-28) initialised: dm-devel@lists.linux.dev
[    0.575880] amd_pstate: the _CPC object is not present in SBIOS or ACPI disabled
[    0.576055] hid: raw HID events driver (C) Jiri Kosina
[    0.578472] IPI shorthand broadcast: enabled
[    0.585412] sched_clock: Marking stable (573886370, 11267148)->(587822427, -2668909)
[    0.586735] Loading compiled-in X.509 certificates
[    0.592588] Demotion targets for Node 0: null
[    0.595308] PM:   Magic number: 6:723:951
[    0.595452] tty tty8: hash matches
[    0.596009] clk: Disabling unused clocks
[    0.596236] KTAP version 1
[    0.596271] 1..0
[    0.648807] Freeing initrd memory: 6424K
[    0.719410] ata2: found unknown device (class 0)
[    0.722556] ata2.00: ATAPI: QEMU DVD-ROM, 2.5+, max UDMA/100
[    0.737922] scsi 1:0:0:0: CD-ROM            QEMU     QEMU DVD-ROM     2.5+ PQ: 0 ANSI: 5
[    0.751134] sr 1:0:0:0: [sr0] scsi3-mmc drive: 4x/4x cd/rw xa/form2 tray
[    0.761371] cdrom: Uniform CD-ROM driver Revision: 3.20
[    0.767894] sr 1:0:0:0: Attached scsi CD-ROM sr0
[    0.768527] sr 1:0:0:0: Attached scsi generic sg0 type 5
[    0.804553] Freeing unused kernel image (initmem) memory: 2552K
[    0.804710] Write protecting the kernel read-only data: 18432k
[    0.806143] Freeing unused kernel image (text/rodata gap) memory: 1592K
[    0.807093] Freeing unused kernel image (rodata/data gap) memory: 1764K
[    0.892806] x86/mm: Checked W+X mappings: passed, no W+X pages found.
[    0.892978] Run /init as init process
[    0.893005]   with arguments:
[    0.893031]     /init
[    0.893052]     nokaslr
[    0.893071]   with environment:
[    0.893096]     HOME=/
[    0.893117]     TERM=linux
[    0.961740] mount (50) used greatest stack depth: 13208 bytes left
[    0.970191] mount (51) used greatest stack depth: 13120 bytes left
/init: 5: mkdir: not found
=== insmod device-registrar target=ftgpio010-gpio ===
[    0.991182] device_registrar: loading out-of-tree module taints kernel.
[    0.994851] device-registrar: 注册 'ftgpio010-gpio' (MMIO @ 0xF0000000)
[    0.995977] device-registrar: 'ftgpio010-gpio' 已注册
REHARNESS_REGISTRAR_INSMOD_RC=0
[    1.009974] input: ImExPS/2 Generic Explorer Mouse as /devices/platform/i8042/serio1/input/input3
=== insmod ftgpio010_gpio ===
[    1.307858] [rhfn] ftgpio_gpio_probe
[    1.308169] [rhbase] ffffc90000035000
[    1.308769] [rh] W 0x20 0x0
[    1.308810] [rh] W 0x2c 0x0
[    1.308839] [rh] W 0x30 0xffffffff
[    1.308869] [rh] W 0x40 0x0
REHARNESS_DRIVER_INSMOD_RC=0
[    1.550593] tsc: Refined TSC clocksource calibration: 4299.976 MHz
[    1.551157] clocksource: tsc: mask: 0xffffffffffffffff max_cycles: 0x3dfb4c698bd, max_idle_ns: 440795202126 ns
[    1.552579] clocksource: Switched to clocksource tsc
REHARNESS_DRIVER_PROBE_BOUND=1
=== dmesg ===
[    0.031857] PM: hibernation: Registered nosave memory: [mem 0x00000000-0x00000fff]
[    0.031922] PM: hibernation: Registered nosave memory: [mem 0x0009f000-0x000fffff]
[    0.403360] thermal_sys: Registered thermal governor 'step_wise'
[    0.409357] HugeTLB: registered 2.00 MiB page size, pre-allocated 0 pages
[    0.489125] pps_core: LinuxPPS API ver. 1 registered
[    0.530878] Key type asymmetric registered
[    0.530954] Asymmetric key parser 'x509' registered
[    0.531396] io scheduler mq-deadline registered
[    0.531461] io scheduler kyber registered
[    0.573265] rtc_cmos PNP0B00:00: registered as rtc0
[    0.994851] device-registrar: \xe6\xb3\xa8\xe5\x86\x8c 'ftgpio010-gpio' (MMIO @ 0xF0000000)
[    0.995977] device-registrar: 'ftgpio010-gpio' \xe5\xb7\xb2\xe6\xb3\xa8\xe5\x86\x8c
=== Linux subsystem test 0 ===
ioctl LINEINFO=0
[    1.655336] [rhfn] ftgpio_gpio_set_config
[    1.656574] [rhfn] ftgpio_gpio_set_config
ioctl GET_LINE=0 fd=4
ioctl GET_VALUES=0 bits=0
ioctl SET_VALUES(1)=0
ioctl SET_VALUES(0)=0
ioctl SET_CONFIG(INPUT)=0
GPIO_TRACE_DONE
REHARNESS_SUBSYSTEM_TEST_0_NAME=ftgpio010-gpio-api
REHARNESS_SUBSYSTEM_TEST_0_RC=0
REHARNESS_SUBSYSTEM_TEST_0_STATUS=pass
=== rmmod ftgpio010_gpio ===
[    1.688464] device-registrar: 'ftgpio010-gpio' 已注销
=== QEMU_RUN_DONE ===
[    1.910746] sysrq: Power Off
[    1.911146] Kernel panic - not syncing: Attempted to kill init! exitcode=0x00000000
[    1.911561] CPU: 1 UID: 0 PID: 1 Comm: init Tainted: G           O        7.1.0-rc7-gacb7500801e9 #8 PREEMPT(lazy) 
[    1.911684] Tainted: [O]=OOT_MODULE
[    1.911714] Hardware name: QEMU Standard PC (i440FX + PIIX, 1996), BIOS rel-1.17.0-0-gb52ca86e094d-prebuilt.qemu.org 04/01/2014
[    1.911863] Call Trace:
[    1.912237]  <TASK>
[    1.912390]  vpanic+0x32f/0x4b0
[    1.912570]  panic+0x63/0x70
[    1.912597]  do_exit+0x94a/0xaf0
[    1.912626]  do_group_exit+0x30/0x80
[    1.912654]  __x64_sys_exit_group+0x18/0x20
[    1.912735]  x64_sys_call+0x12e2/0x1880
[    1.912763]  do_syscall_64+0x10e/0x4e0
[    1.912794]  entry_SYSCALL_64_after_hwframe+0x77/0x7f
[    1.912903] RIP: 0033:0x7f58a625d31d
[    1.913053] Code: 02 ba ff ff ff ff 89 d0 c3 0f 1f 40 00 f3 0f 1e fa 48 8b 35 ed 4a 11 00 ba e7 00 00 00 eb 07 66 0f 1f 44 00 00 f4 89 d0 0f 05 <48> 3d 00 f0 ff ff 76 f3 f7 d8 64 89 06 eb ec 0f 1f 40 00 f3 0f 1e
[    1.913185] RSP: 002b:00007ffec23758c8 EFLAGS: 00000202 ORIG_RAX: 00000000000000e7
[    1.913250] RAX: ffffffffffffffda RBX: 00007ffec2375b50 RCX: 00007f58a625d31d
[    1.913295] RDX: 00000000000000e7 RSI: ffffffffffffff88 RDI: 0000000000000000
[    1.913342] RBP: 00007ffec23759a0 R08: 00005577b016b010 R09: 0000000000000007
[    1.913401] R10: 00005577b016dac0 R11: 0000000000000202 R12: 0000000000000000
[    1.913450] R13: 00007ffec2375b40 R14: 00005577893c1dd8 R15: 00007f58a63c3000
[    1.913524]  </TASK>
[    1.915935] Kernel Offset: disabled
[    1.916122] Rebooting in 1 seconds..
