c[?7l[2J[0mSeaBIOS (version rel-1.17.0-0-gb52ca86e094d-prebuilt.qemu.org)


iPXE (http://ipxe.org) 00:03.0 CA00 PCI2.10 PnP PMM+0EFD1C90+0EF31C90 CA00
Press Ctrl-B to configure iPXE (PCI 00:03.0)...                                                                               


Booting from ROM..c[?7l[2JNo EFI environment detected.
early console in extract_kernel
input_data: 0x00000000024ea2c4
input_len: 0x00000000007bc1a7
output: 0x0000000001000000
output_len: 0x0000000001c69144
kernel_total_size: 0x0000000001a80000
needed_size: 0x0000000001e00000
trampoline_32bit: 0x0000000000000000


KASLR disabled: 'nokaslr' on cmdline.


Decompressing Linux... Parsing ELF... No relocation needed... done.
Booting the kernel (entry_offset: 0x00000000017543b0).
[    0.000000] Linux version 7.1.0-rc7-gacb7500801e9 (yfblock@9950x) (gcc (Ubuntu 13.3.0-6ubuntu2~24.04.1) 13.3.0, GNU ld (GNU Binutils for Ubuntu) 2.42) #8 SMP PREEMPT_DYNAMIC Tue Aug 25 03:37:54 CST 2026
[    0.000000] Command line: console=ttyS0 nokaslr panic=1 ignore_loglevel earlyprintk=serial,ttyS0,115200
[    0.000000] BIOS-provided physical RAM map:
[    0.000000] BIOS-e820: [mem 0x0000000000000000-0x000000000009fbff]  System RAM
[    0.000000] BIOS-e820: [mem 0x000000000009fc00-0x000000000009ffff]  device reserved
[    0.000000] BIOS-e820: [gap 0x00000000000a0000-0x00000000000effff]
[    0.000000] BIOS-e820: [mem 0x00000000000f0000-0x00000000000fffff]  device reserved
[    0.000000] BIOS-e820: [mem 0x0000000000100000-0x000000000ffdffff]  System RAM
[    0.000000] BIOS-e820: [mem 0x000000000ffe0000-0x000000000fffffff]  device reserved
[    0.000000] BIOS-e820: [gap 0x0000000010000000-0x00000000fffbffff]
[    0.000000] BIOS-e820: [mem 0x00000000fffc0000-0x00000000ffffffff]  device reserved
[    0.000000] BIOS-e820: [gap 0x0000000100000000-0x000000fcffffffff]
[    0.000000] BIOS-e820: [mem 0x000000fd00000000-0x000000ffffffffff]  device reserved
[    0.000000] printk: debug: ignoring loglevel setting.
[    0.000000] printk: legacy bootconsole [earlyser0] enabled
[    0.000000] NX (Execute Disable) protection: active
[    0.000000] APIC: Static calls initialized
[    0.000000] DMI: SMBIOS 2.8 present.
[    0.000000] DMI: QEMU Standard PC (i440FX + PIIX, 1996), BIOS rel-1.17.0-0-gb52ca86e094d-prebuilt.qemu.org 04/01/2014
[    0.000000] DMI: Memory slots populated: 1/1
[    0.000000] tsc: Fast TSC calibration using PIT
[    0.000000] tsc: Detected 4299.905 MHz processor
[    0.007911] e820: update [mem 0x00000000-0x00000fff] System RAM ==> device reserved
[    0.008089] e820: remove [mem 0x000a0000-0x000fffff] System RAM
[    0.008240] last_pfn = 0xffe0 max_arch_pfn = 0x400000000
[    0.008676] MTRR map: 4 entries (3 fixed + 1 variable; max 19), built from 8 variable MTRRs
[    0.008835] x86/PAT: Configuration [0-7]: WB  WC  UC- UC  WB  WP  UC- WT  
[    0.020780] found SMP MP-table at [mem 0x000f54c0-0x000f54cf]
[    0.023850] RAMDISK: [mem 0x0f999000-0x0ffdffff]
[    0.024120] ACPI: Early table checksum verification disabled
[    0.024411] ACPI: RSDP 0x00000000000F52E0 000014 (v00 BOCHS )
[    0.024608] ACPI: RSDT 0x000000000FFE2383 000034 (v01 BOCHS  BXPC     00000001 BXPC 00000001)
[    0.025083] ACPI: FACP 0x000000000FFE222F 000074 (v01 BOCHS  BXPC     00000001 BXPC 00000001)
[    0.025521] ACPI: DSDT 0x000000000FFE0040 0021EF (v01 BOCHS  BXPC     00000001 BXPC 00000001)
[    0.025621] ACPI: FACS 0x000000000FFE0000 000040
[    0.025682] ACPI: APIC 0x000000000FFE22A3 000080 (v03 BOCHS  BXPC     00000001 BXPC 00000001)
[    0.025747] ACPI: HPET 0x000000000FFE2323 000038 (v01 BOCHS  BXPC     00000001 BXPC 00000001)
[    0.025811] ACPI: WAET 0x000000000FFE235B 000028 (v01 BOCHS  BXPC     00000001 BXPC 00000001)
[    0.025916] ACPI: Reserving FACP table memory at [mem 0xffe222f-0xffe22a2]
[    0.025967] ACPI: Reserving DSDT table memory at [mem 0xffe0040-0xffe222e]
[    0.026009] ACPI: Reserving FACS table memory at [mem 0xffe0000-0xffe003f]
[    0.026051] ACPI: Reserving APIC table memory at [mem 0xffe22a3-0xffe2322]
[    0.026101] ACPI: Reserving HPET table memory at [mem 0xffe2323-0xffe235a]
[    0.026143] ACPI: Reserving WAET table memory at [mem 0xffe235b-0xffe2382]
[    0.027379] No NUMA configuration found
[    0.027421] Faking a node at [mem 0x0000000000000000-0x000000000ffdffff]
[    0.027828] NODE_DATA(0) allocated [mem 0x0f995680-0x0f998fff]
[    0.028321] ACPI: PM-Timer IO Port: 0x608
[    0.028597] ACPI: LAPIC_NMI (acpi_id[0xff] dfl dfl lint[0x1])
[    0.028851] IOAPIC[0]: apic_id 0, version 32, address 0xfec00000, GSI 0-23
[    0.028964] ACPI: INT_SRC_OVR (bus 0 bus_irq 0 global_irq 2 dfl dfl)
[    0.029140] ACPI: INT_SRC_OVR (bus 0 bus_irq 5 global_irq 5 high level)
[    0.029205] ACPI: INT_SRC_OVR (bus 0 bus_irq 9 global_irq 9 high level)
[    0.029299] ACPI: INT_SRC_OVR (bus 0 bus_irq 10 global_irq 10 high level)
[    0.029344] ACPI: INT_SRC_OVR (bus 0 bus_irq 11 global_irq 11 high level)
[    0.029490] ACPI: Using ACPI (MADT) for SMP configuration information
[    0.029555] ACPI: HPET id: 0x8086a201 base: 0xfed00000
[    0.029825] CPU topo: Max. logical packages:   1
[    0.029879] CPU topo: Max. logical nodes:      1
[    0.029912] CPU topo: Num. nodes per package:  1
[    0.029972] CPU topo: Max. logical dies:       1
[    0.030004] CPU topo: Max. dies per package:   1
[    0.030066] CPU topo: Max. threads per core:   1
[    0.030173] CPU topo: Num. cores per package:     2
[    0.030212] CPU topo: Num. threads per package:   2
[    0.030246] CPU topo: Allowing 2 present CPUs plus 0 hotplug CPUs
[    0.030753] PM: hibernation: Registered nosave memory: [mem 0x00000000-0x00000fff]
[    0.030818] PM: hibernation: Registered nosave memory: [mem 0x0009f000-0x000fffff]
[    0.030929] [gap 0x10000000-0xfffbffff] available for PCI devices
[    0.030998] Booting paravirtualized kernel on bare hardware
[    0.031209] clocksource: refined-jiffies: mask: 0xffffffff max_cycles: 0xffffffff, max_idle_ns: 1910969940391419 ns
[    0.037681] Zone ranges:
[    0.037718]   DMA      [mem 0x0000000000001000-0x0000000000ffffff]
[    0.037796]   DMA32    [mem 0x0000000001000000-0x000000000ffdffff]
[    0.037841]   Normal   empty
[    0.037875] Movable zone start for each node
[    0.037916] Early memory node ranges
[    0.037956]   node   0: [mem 0x0000000000001000-0x000000000009efff]
[    0.038064]   node   0: [mem 0x0000000000100000-0x000000000ffdffff]
[    0.038173] Initmem setup node 0 [mem 0x0000000000001000-0x000000000ffdffff]
[    0.038804] On node 0, zone DMA: 1 pages in unavailable ranges
[    0.038983] On node 0, zone DMA: 97 pages in unavailable ranges
[    0.039669] On node 0, zone DMA32: 32 pages in unavailable ranges
[    0.039828] setup_percpu: NR_CPUS:64 nr_cpumask_bits:2 nr_cpu_ids:2 nr_node_ids:1
[    0.040616] percpu: Embedded 52 pages/cpu s172184 r8192 d32616 u1048576
[    0.040883] pcpu-alloc: s172184 r8192 d32616 u1048576 alloc=1*2097152
[    0.040967] pcpu-alloc: [0] 0 1 
[    0.041843] Kernel command line: console=ttyS0 nokaslr panic=1 ignore_loglevel earlyprintk=serial,ttyS0,115200
[    0.042544] Unknown kernel command line parameters "nokaslr", will be passed to user space.
[    0.042709] printk: log buffer data + meta data: 262144 + 917504 = 1179648 bytes
[    0.042916] Dentry cache hash table entries: 32768 (order: 6, 262144 bytes, linear)
[    0.043024] Inode-cache hash table entries: 16384 (order: 5, 131072 bytes, linear)
[    0.044467] Fallback order for Node 0: 0 
[    0.044703] Built 1 zonelists, mobility grouping on.  Total pages: 65406
[    0.044784] Policy zone: DMA32
[    0.044944] mem auto-init: stack:all(zero), heap alloc:off, heap free:off
[    0.050074] SLUB: HWalign=64, Order=0-3, MinObjects=0, CPUs=2, Nodes=1
Poking KASLR using RDTSC...
[    0.071036] ftrace: allocating 31866 entries in 126 pages
[    0.071293] ftrace: allocated 126 pages with 6 groups
[    0.075649] Dynamic Preempt: lazy
[    0.077435] rcu: Preemptible hierarchical RCU implementation.
[    0.077482] rcu: 	RCU event tracing is enabled.
[    0.077526] rcu: 	RCU restricting CPUs from NR_CPUS=64 to nr_cpu_ids=2.
[    0.077649] 	Trampoline variant of Tasks RCU enabled.
[    0.077682] 	Rude variant of Tasks RCU enabled.
[    0.077712] 	Tracing variant of Tasks RCU enabled.
[    0.077795] rcu: RCU calculated value of scheduler-enlistment delay is 100 jiffies.
[    0.077850] rcu: Adjusting geometry for rcu_fanout_leaf=16, nr_cpu_ids=2
[    0.078568] RCU Tasks: Setting shift to 1 and lim to 1 rcu_task_cb_adjust=1 rcu_task_cpu_ids=2.
[    0.078632] RCU Tasks Rude: Setting shift to 1 and lim to 1 rcu_task_cb_adjust=1 rcu_task_cpu_ids=2.
[    0.092227] NR_IRQS: 4352, nr_irqs: 440, preallocated irqs: 16
[    0.097522] rcu: srcu_init: Setting srcu_struct sizes based on contention.
[    0.101352] Console: colour VGA+ 80x25
[    0.102447] printk: legacy console [ttyS0] enabled
[    0.102447] printk: legacy console [ttyS0] enabled
[    0.102729] printk: legacy bootconsole [earlyser0] disabled
[    0.102729] printk: legacy bootconsole [earlyser0] disabled
[    0.103562] ACPI: Core revision 20251212
[    0.106659] clocksource: hpet: mask: 0xffffffff max_cycles: 0xffffffff, max_idle_ns: 19112604467 ns
[    0.107780] APIC: Switch to symmetric I/O mode setup
[    0.112082] ..TIMER: vector=0x30 apic1=0 pin1=2 apic2=-1 pin2=-1
[    0.117471] clocksource: tsc-early: mask: 0xffffffffffffffff max_cycles: 0x3dfb09d22df, max_idle_ns: 440795211274 ns
[    0.117745] Calibrating delay loop (skipped), value calculated using timer frequency.. 8599.81 BogoMIPS (lpj=4299905)
[    0.119914] Last level iTLB entries: 4KB 512, 2MB 255, 4MB 127
[    0.119970] Last level dTLB entries: 4KB 512, 2MB 255, 4MB 127, 1GB 0
[    0.120129] mitigations: Enabled attack vectors: user_kernel, user_user, SMT mitigations: auto
[    0.120381] Spectre V2 : Mitigation: Retpolines
[    0.120475] Spectre V1 : Mitigation: usercopy/swapgs barriers and __user pointer sanitization
[    0.120637] Spectre V2 : Spectre v2 / SpectreRSB: Filling RSB on context switch and VMEXIT
[    0.121095] x86/fpu: x87 FPU will use FXSAVE
[    0.172938] pid_max: default: 32768 minimum: 301
[    0.177921] Mount-cache hash table entries: 512 (order: 0, 4096 bytes, linear)
[    0.178051] Mountpoint-cache hash table entries: 512 (order: 0, 4096 bytes, linear)
[    0.184120] VFS: Finished mounting rootfs on nullfs
[    0.298121] smpboot: CPU0: AMD QEMU Virtual CPU version 2.5+ (family: 0xf, model: 0x6b, stepping: 0x1)
[    0.304187] Performance Events: PMU not available due to virtualization, using software events only.
[    0.304832] signal: max sigframe size: 1440
[    0.305500] rcu: Hierarchical SRCU implementation.
[    0.305555] rcu: 	Max phase no-delay instances is 400.
[    0.306221] Timer migration: 1 hierarchy levels; 8 children per group; 1 crossnode level
[    0.308659] smp: Bringing up secondary CPUs ...
[    0.312361] smpboot: x86: Booting SMP configuration:
[    0.312421] .... node  #0, CPUs:      #1
[    0.383237] smp: Brought up 1 node, 2 CPUs
[    0.383837] smpboot: Total of 2 processors activated (17204.07 BogoMIPS)
[    0.388860] Memory: 219352K/261624K available (10693K kernel code, 2191K rwdata, 4380K rodata, 2552K init, 524K bss, 39032K reserved, 0K cma-reserved)
[    0.393970] devtmpfs: initialized
[    0.398828] clocksource: jiffies: mask: 0xffffffff max_cycles: 0xffffffff, max_idle_ns: 1911260446275000 ns
[    0.399751] posixtimers hash table entries: 1024 (order: 2, 16384 bytes, linear)
[    0.399947] futex hash table entries: 512 (32768 bytes on 1 NUMA nodes, total 32 KiB, linear).
[    0.402233] PM: RTC time: 19:53:39, date: 2026-08-24
[    0.404389] thermal_sys: Registered thermal governor 'step_wise'
[    0.404782] cpuidle: using governor menu
[    0.405901] Freeing SMP alternatives memory: 28K
[    0.407289] PCI: Using configuration type 1 for base access
[    0.407564] mtrr: your CPUs had inconsistent fixed MTRR settings
[    0.407625] mtrr: your CPUs had inconsistent variable MTRR settings
[    0.407671] mtrr: your CPUs had inconsistent MTRRdefType settings
[    0.407712] mtrr: probably your BIOS does not setup all CPUs.
[    0.407757] mtrr: corrected configuration.
[    0.409019] kprobes: kprobe jump-optimization is enabled. All kprobes are optimized if possible.
[    0.410386] HugeTLB: registered 2.00 MiB page size, pre-allocated 0 pages
[    0.410463] HugeTLB: 28 KiB vmemmap can be freed for a 2.00 MiB page
[    0.412998] ACPI: Added _OSI(Module Device)
[    0.413048] ACPI: Added _OSI(Processor Device)
[    0.413081] ACPI: Added _OSI(Processor Aggregator Device)
[    0.423947] ACPI: 1 ACPI AML tables successfully acquired and loaded
[    0.437853] ACPI: \_SB_: platform _OSC: OS support mask [002a7eee]
[    0.440933] ACPI: Interpreter enabled
[    0.441576] ACPI: PM: (supports S0 S3 S4 S5)
[    0.441642] ACPI: Using IOAPIC for interrupt routing
[    0.441893] PCI: Using host bridge windows from ACPI; if necessary, use "pci=nocrs" and report a bug
[    0.441969] PCI: Using E820 reservations for host bridge windows
[    0.442798] ACPI: Enabled 2 GPEs in block 00 to 0F
[    0.465245] ACPI: PCI Root Bridge [PCI0] (domain 0000 [bus 00-ff])
[    0.465691] acpi PNP0A03:00: _OSC: OS supports [ASPM ClockPM Segments MSI HPX-Type3]
[    0.465825] acpi PNP0A03:00: _OSC: not requesting OS control; OS requires [ExtendedConfig ASPM ClockPM MSI]
[    0.466060] acpi PNP0A03:00: _OSC: platform retains control of PCIe features (AE_ERROR)
[    0.466345] acpi PNP0A03:00: fail to add MMCONFIG information, can't access extended configuration space under this bridge
[    0.468196] PCI host bridge to bus 0000:00
[    0.468356] pci_bus 0000:00: root bus resource [io  0x0000-0x0cf7 window]
[    0.468468] pci_bus 0000:00: root bus resource [io  0x0d00-0xffff window]
[    0.468515] pci_bus 0000:00: root bus resource [mem 0x000a0000-0x000bffff window]
[    0.468591] pci_bus 0000:00: root bus resource [mem 0x10000000-0xfebfffff window]
[    0.468622] pci_bus 0000:00: root bus resource [mem 0x100000000-0x17fffffff window]
[    0.468744] pci_bus 0000:00: root bus resource [bus 00-ff]
[    0.469552] pci 0000:00:00.0: [8086:1237] type 00 class 0x060000 conventional PCI endpoint
[    0.472246] pci 0000:00:01.0: [8086:7000] type 00 class 0x060100 conventional PCI endpoint
[    0.472747] pci 0000:00:01.1: [8086:7010] type 00 class 0x010180 conventional PCI endpoint
[    0.473133] pci 0000:00:01.1: BAR 4 [io  0xc040-0xc04f]
[    0.473210] pci 0000:00:01.1: BAR 0 [io  0x01f0-0x01f7]: legacy IDE quirk
[    0.473266] pci 0000:00:01.1: BAR 1 [io  0x03f6]: legacy IDE quirk
[    0.473324] pci 0000:00:01.1: BAR 2 [io  0x0170-0x0177]: legacy IDE quirk
[    0.473377] pci 0000:00:01.1: BAR 3 [io  0x0376]: legacy IDE quirk
[    0.473778] pci 0000:00:01.3: [8086:7113] type 00 class 0x068000 conventional PCI endpoint
[    0.474029] pci 0000:00:01.3: quirk: [io  0x0600-0x063f] claimed by PIIX4 ACPI
[    0.474097] pci 0000:00:01.3: quirk: [io  0x0700-0x070f] claimed by PIIX4 SMB
[    0.474422] pci 0000:00:02.0: [1234:1111] type 00 class 0x030000 conventional PCI endpoint
[    0.474822] pci 0000:00:02.0: BAR 0 [mem 0xfd000000-0xfdffffff pref]
[    0.474904] pci 0000:00:02.0: BAR 2 [mem 0xfebf0000-0xfebf0fff]
[    0.474960] pci 0000:00:02.0: ROM [mem 0xfebe0000-0xfebeffff pref]
[    0.475144] pci 0000:00:02.0: Video device with shadowed ROM at [mem 0x000c0000-0x000dffff]
[    0.475510] pci 0000:00:03.0: [8086:100e] type 00 class 0x020000 conventional PCI endpoint
[    0.475942] pci 0000:00:03.0: BAR 0 [mem 0xfebc0000-0xfebdffff]
[    0.475997] pci 0000:00:03.0: BAR 1 [io  0xc000-0xc03f]
[    0.476037] pci 0000:00:03.0: ROM [mem 0xfeb80000-0xfebbffff pref]
[    0.481522] ACPI: PCI: Interrupt link LNKA configured for IRQ 10
[    0.482023] ACPI: PCI: Interrupt link LNKB configured for IRQ 10
[    0.482352] ACPI: PCI: Interrupt link LNKC configured for IRQ 11
[    0.482700] ACPI: PCI: Interrupt link LNKD configured for IRQ 11
[    0.482878] ACPI: PCI: Interrupt link LNKS configured for IRQ 9
[    0.485140] iommu: Default domain type: Translated
[    0.485201] iommu: DMA domain TLB invalidation policy: lazy mode
[    0.486069] SCSI subsystem initialized
[    0.486731] libata version 3.00 loaded.
[    0.486756] pps_core: LinuxPPS API ver. 1 registered
[    0.486804] pps_core: Software ver. 5.3.6 - Copyright 2005-2007 Rodolfo Giometti <giometti@linux.it>
[    0.488145] PCI: Using ACPI for IRQ routing
[    0.488145] PCI: pci_cache_line_size set to 64 bytes
[    0.488145] e820: register RAM buffer resource [mem 0x0009fc00-0x0009ffff]
[    0.488145] e820: register RAM buffer resource [mem 0x0ffe0000-0x0fffffff]
[    0.490955] pci 0000:00:02.0: vgaarb: setting as boot VGA device
[    0.491033] pci 0000:00:02.0: vgaarb: bridge control possible
[    0.491097] pci 0000:00:02.0: vgaarb: VGA device added: decodes=io+mem,owns=io+mem,locks=none
[    0.491097] vgaarb: loaded
[    0.491313] hpet: 3 channels of 0 reserved for per-cpu timers
[    0.491495] hpet0: at MMIO 0xfed00000, IRQs 2, 8, 0
[    0.491676] hpet0: 3 comparators, 64-bit 100.000000 MHz counter
[    0.495616] clocksource: Switched to clocksource tsc-early
[    0.497185] VFS: Disk quotas dquot_6.6.0
[    0.497285] VFS: Dquot-cache hash table entries: 512 (order 0, 4096 bytes)
[    0.498541] ACPI: Failed to create genetlink family for ACPI event
[    0.498657] pnp: PnP ACPI init
[    0.499858] pnp 00:02: [dma 2]
[    0.500992] pnp: PnP ACPI: found 5 devices
[    0.514774] clocksource: acpi_pm: mask: 0xffffff max_cycles: 0xffffff, max_idle_ns: 2085701024 ns
[    0.515276] pci_bus 0000:00: resource 4 [io  0x0000-0x0cf7 window]
[    0.515329] pci_bus 0000:00: resource 5 [io  0x0d00-0xffff window]
[    0.515372] pci_bus 0000:00: resource 6 [mem 0x000a0000-0x000bffff window]
[    0.515417] pci_bus 0000:00: resource 7 [mem 0x10000000-0xfebfffff window]
[    0.515462] pci_bus 0000:00: resource 8 [mem 0x100000000-0x17fffffff window]
[    0.515770] pci 0000:00:01.0: PIIX3: Enabling Passive Release
[    0.515858] pci 0000:00:00.0: Limiting direct PCI/PCI transfers
[    0.515995] PCI: CLS 0 bytes, default 64
[    0.518275] Unpacking initramfs...
[    0.524329] Initialise system trusted keyrings
[    0.526116] workingset: timestamp_bits=56 (anon: 52) max_order=16 bucket_order=0 (anon: 0)
[    0.528536] Key type asymmetric registered
[    0.528613] Asymmetric key parser 'x509' registered
[    0.528751] Block layer SCSI generic (bsg) driver version 0.4 loaded (major 251)
[    0.529058] io scheduler mq-deadline registered
[    0.529123] io scheduler kyber registered
[    0.531021] input: Power Button as /devices/platform/LNXPWRBN:00/input/input0
[    0.531611] ACPI: button: Power Button [PWRF]
[    0.535698] Serial: 8250/16550 driver, 4 ports, IRQ sharing enabled
[    0.538114] 00:04: ttyS0 at I/O 0x3f8 (irq = 4, base_baud = 115200) is a 16550A
[    0.543479] Non-volatile memory driver v1.3
[    0.553730] loop: module loaded
[    0.559604] scsi host0: ata_piix
[    0.561034] scsi host1: ata_piix
[    0.561306] ata1: PATA max MWDMA2 cmd 0x1f0 ctl 0x3f6 bmdma 0xc040 irq 14 lpm-pol 0
[    0.561376] ata2: PATA max MWDMA2 cmd 0x170 ctl 0x376 bmdma 0xc048 irq 15 lpm-pol 0
[    0.564046] i8042: PNP: PS/2 Controller [PNP0303:KBD,PNP0f13:MOU] at 0x60,0x64 irq 1,12
[    0.565969] serio: i8042 KBD port at 0x60,0x64 irq 1
[    0.566187] serio: i8042 AUX port at 0x60,0x64 irq 12
[    0.567464] rtc_cmos PNP0B00:00: RTC can wake from S4
[    0.569117] input: AT Translated Set 2 keyboard as /devices/platform/i8042/serio0/input/input1
[    0.572028] rtc_cmos PNP0B00:00: registered as rtc0
[    0.572832] rtc_cmos PNP0B00:00: alarms up to one day, y3k, 242 bytes nvram, hpet irqs
[    0.573796] device-mapper: ioctl: 4.50.0-ioctl (2025-04-28) initialised: dm-devel@lists.linux.dev
[    0.574073] amd_pstate: the _CPC object is not present in SBIOS or ACPI disabled
[    0.574259] hid: raw HID events driver (C) Jiri Kosina
[    0.576448] IPI shorthand broadcast: enabled
[    0.583293] sched_clock: Marking stable (572248934, 10676975)->(585355721, -2429812)
[    0.584667] Loading compiled-in X.509 certificates
[    0.590710] Demotion targets for Node 0: null
[    0.595557] PM:   Magic number: 6:173:901
[    0.595790] clocksource clocksource0: hash matches
[    0.596737] clk: Disabling unused clocks
[    0.596965] KTAP version 1
[    0.596992] 1..0
[    0.644995] Freeing initrd memory: 6428K
[    0.716551] ata2: found unknown device (class 0)
[    0.719539] ata2.00: ATAPI: QEMU DVD-ROM, 2.5+, max UDMA/100
[    0.726167] scsi 1:0:0:0: CD-ROM            QEMU     QEMU DVD-ROM     2.5+ PQ: 0 ANSI: 5
[    0.741876] sr 1:0:0:0: [sr0] scsi3-mmc drive: 4x/4x cd/rw xa/form2 tray
[    0.752149] cdrom: Uniform CD-ROM driver Revision: 3.20
[    0.758739] sr 1:0:0:0: Attached scsi CD-ROM sr0
[    0.759602] sr 1:0:0:0: Attached scsi generic sg0 type 5
[    0.794741] Freeing unused kernel image (initmem) memory: 2552K
[    0.794903] Write protecting the kernel read-only data: 18432k
[    0.796369] Freeing unused kernel image (text/rodata gap) memory: 1592K
[    0.797363] Freeing unused kernel image (rodata/data gap) memory: 1764K
[    0.883229] x86/mm: Checked W+X mappings: passed, no W+X pages found.
[    0.883401] Run /init as init process
[    0.883429]   with arguments:
[    0.883454]     /init
[    0.883474]     nokaslr
[    0.883493]   with environment:
[    0.883517]     HOME=/
[    0.883537]     TERM=linux
[    0.942368] mount (51) used greatest stack depth: 13208 bytes left
[    0.949769] mount (52) used greatest stack depth: 13120 bytes left
/init: 5: mkdir: not found
=== insmod device-registrar target=ftgpio010-gpio ===
[    0.969267] device_registrar: loading out-of-tree module taints kernel.
[    0.972709] device-registrar: 注册 'ftgpio010-gpio' (MMIO @ 0xF0000000)
[    0.973749] device-registrar: 'ftgpio010-gpio' 已注册
REHARNESS_REGISTRAR_INSMOD_RC=0
[    0.990747] input: ImExPS/2 Generic Explorer Mouse as /devices/platform/i8042/serio1/input/input3
=== insmod ftgpio010_gpio ===
[    1.286474] [rhbase] ffffc90000035000
[    1.286913] [rh] R 0x4 0x0
[    1.286948] [rh] R 0x8 0x0
[    1.287173] [rh] W 0x20 0x0
[    1.287207] [rh] W 0x2c 0x0
[    1.287234] [rh] W 0x30 0xffffffff
[    1.287264] [rh] W 0x40 0x0
[    1.287529] [rhfn] ftgpio_from_gc
[    1.287567] [rh] R 0x8 0x0
[    1.287601] [rhfn] ftgpio_from_gc
[    1.287621] [rh] R 0x8 0x0
[    1.287638] [rhfn] ftgpio_from_gc
[    1.287657] [rh] R 0x8 0x0
[    1.287674] [rhfn] ftgpio_from_gc
[    1.287732] [rh] R 0x8 0x0
[    1.287750] [rhfn] ftgpio_from_gc
[    1.287770] [rh] R 0x8 0x0
[    1.287787] [rhfn] ftgpio_from_gc
[    1.287807] [rh] R 0x8 0x0
[    1.287824] [rhfn] ftgpio_from_gc
[    1.287845] [rh] R 0x8 0x0
[    1.287862] [rhfn] ftgpio_from_gc
[    1.287882] [rh] R 0x8 0x0
[    1.287902] [rhfn] ftgpio_from_gc
[    1.287921] [rh] R 0x8 0x0
[    1.287939] [rhfn] ftgpio_from_gc
[    1.287959] [rh] R 0x8 0x0
[    1.287976] [rhfn] ftgpio_from_gc
[    1.287996] [rh] R 0x8 0x0
[    1.288013] [rhfn] ftgpio_from_gc
[    1.288033] [rh] R 0x8 0x0
[    1.288050] [rhfn] ftgpio_from_gc
[    1.288069] [rh] R 0x8 0x0
[    1.288087] [rhfn] ftgpio_from_gc
[    1.288106] [rh] R 0x8 0x0
[    1.288127] [rhfn] ftgpio_from_gc
[    1.288147] [rh] R 0x8 0x0
[    1.288164] [rhfn] ftgpio_from_gc
[    1.288184] [rh] R 0x8 0x0
[    1.288201] [rhfn] ftgpio_from_gc
[    1.288221] [rh] R 0x8 0x0
[    1.288238] [rhfn] ftgpio_from_gc
[    1.288258] [rh] R 0x8 0x0
[    1.288275] [rhfn] ftgpio_from_gc
[    1.288295] [rh] R 0x8 0x0
[    1.288312] [rhfn] ftgpio_from_gc
[    1.288331] [rh] R 0x8 0x0
[    1.288349] [rhfn] ftgpio_from_gc
[    1.288368] [rh] R 0x8 0x0
[    1.288386] [rhfn] ftgpio_from_gc
[    1.288405] [rh] R 0x8 0x0
[    1.288422] [rhfn] ftgpio_from_gc
[    1.288442] [rh] R 0x8 0x0
[    1.288460] [rhfn] ftgpio_from_gc
[    1.288479] [rh] R 0x8 0x0
[    1.288497] [rhfn] ftgpio_from_gc
[    1.288516] [rh] R 0x8 0x0
[    1.288533] [rhfn] ftgpio_from_gc
[    1.288553] [rh] R 0x8 0x0
[    1.288570] [rhfn] ftgpio_from_gc
[    1.288590] [rh] R 0x8 0x0
[    1.288607] [rhfn] ftgpio_from_gc
[    1.288627] [rh] R 0x8 0x0
[    1.288644] [rhfn] ftgpio_from_gc
[    1.288672] [rh] R 0x8 0x0
[    1.288703] [rhfn] ftgpio_from_gc
[    1.288723] [rh] R 0x8 0x0
[    1.288740] [rhfn] ftgpio_from_gc
[    1.288760] [rh] R 0x8 0x0
[    1.288777] [rhfn] ftgpio_from_gc
[    1.288797] [rh] R 0x8 0x0
[    1.289123] gpio gpiochip0: (ftgpio010-gpio): not an immutable chip, please consider fixing it!
REHARNESS_DRIVER_INSMOD_RC=0
[    1.548095] tsc: Refined TSC clocksource calibration: 4299.977 MHz
[    1.548576] clocksource: tsc: mask: 0xffffffffffffffff max_cycles: 0x3dfb4e49c30, max_idle_ns: 440795405685 ns
[    1.549852] clocksource: Switched to clocksource tsc
REHARNESS_DRIVER_PROBE_BOUND=1
=== dmesg ===
[    0.030753] PM: hibernation: Registered nosave memory: [mem 0x00000000-0x00000fff]
[    0.030818] PM: hibernation: Registered nosave memory: [mem 0x0009f000-0x000fffff]
[    0.404389] thermal_sys: Registered thermal governor 'step_wise'
[    0.410386] HugeTLB: registered 2.00 MiB page size, pre-allocated 0 pages
[    0.486756] pps_core: LinuxPPS API ver. 1 registered
[    0.528536] Key type asymmetric registered
[    0.528613] Asymmetric key parser 'x509' registered
[    0.529058] io scheduler mq-deadline registered
[    0.529123] io scheduler kyber registered
[    0.572028] rtc_cmos PNP0B00:00: registered as rtc0
[    0.972709] device-registrar: \xe6\xb3\xa8\xe5\x86\x8c 'ftgpio010-gpio' (MMIO @ 0xF0000000)
[    0.973749] device-registrar: 'ftgpio010-gpio' \xe5\xb7\xb2\xe6\xb3\xa8\xe5\x86\x8c
[    1.289123] gpio gpiochip0: (ftgpio010-gpio): not an immutable chip, please consider fixing it!
=== Linux subsystem test 0 ===
ioctl LINEINFO=0
[    1.627936] [rhfn] ftgpio_from_gc
[    1.628001] [rh] R 0x8 0x0
[    1.628203] [rhfn] ftgpio_from_gc
[    1.628241] [rh] R 0x44 0x0
[    1.628274] [rh] R 0x40 0x0
[    1.628295] [rh] W 0x44 0x116
[    1.628323] [rh] W 0x40 0x1
[    1.628402] [rhfn] ftgpio_from_gc
[    1.628422] [rh] R 0x44 0x0
[    1.628439] [rh] R 0x40 0x0
[    1.628456] [rh] W 0x44 0x8
[    1.628474] [rh] W 0x40 0x1
[    1.628544] [rhfn] ftgpio_from_gc
[    1.628575] [rh] W 0x14 0x1
[    1.628603] [rh] W 0x8 0x1
ioctl GET_LINE=0 fd=4
[    1.629087] [rhfn] ftgpio_from_gc
[    1.629129] [rh] R 0x4 0x0
ioctl GET_VALUES=0 bits=0
[    1.629551] [rhfn] ftgpio_from_gc
[    1.629584] [rh] W 0x10 0x1
ioctl SET_VALUES(1)=0
[    1.629710] [rhfn] ftgpio_from_gc
[    1.629760] [rh] W 0x14 0x1
ioctl SET_VALUES(0)=0
[    1.629930] [rhfn] ftgpio_from_gc
[    1.629967] [rh] W 0x8 0x0
ioctl SET_CONFIG(INPUT)=0
GPIO_TRACE_DONE
REHARNESS_SUBSYSTEM_TEST_0_NAME=ftgpio010-gpio-api
REHARNESS_SUBSYSTEM_TEST_0_RC=0
REHARNESS_SUBSYSTEM_TEST_0_STATUS=pass
=== rmmod ftgpio010_gpio ===
[    1.665517] device-registrar: 'ftgpio010-gpio' 已注销
=== QEMU_RUN_DONE ===
[    1.878600] sysrq: Power Off
[    1.878989] Kernel panic - not syncing: Attempted to kill init! exitcode=0x00000000
[    1.879361] CPU: 1 UID: 0 PID: 1 Comm: init Tainted: G           O        7.1.0-rc7-gacb7500801e9 #8 PREEMPT(lazy) 
[    1.879470] Tainted: [O]=OOT_MODULE
[    1.879496] Hardware name: QEMU Standard PC (i440FX + PIIX, 1996), BIOS rel-1.17.0-0-gb52ca86e094d-prebuilt.qemu.org 04/01/2014
[    1.879621] Call Trace:
[    1.879962]  <TASK>
[    1.880090]  vpanic+0x32f/0x4b0
[    1.880255]  panic+0x63/0x70
[    1.880280]  do_exit+0x94a/0xaf0
[    1.880305]  do_group_exit+0x30/0x80
[    1.880330]  __x64_sys_exit_group+0x18/0x20
[    1.880362]  x64_sys_call+0x12e2/0x1880
[    1.880389]  do_syscall_64+0x10e/0x4e0
[    1.880418]  entry_SYSCALL_64_after_hwframe+0x77/0x7f
[    1.880520] RIP: 0033:0x7fd7ffec631d
[    1.880658] Code: 02 ba ff ff ff ff 89 d0 c3 0f 1f 40 00 f3 0f 1e fa 48 8b 35 ed 4a 11 00 ba e7 00 00 00 eb 07 66 0f 1f 44 00 00 f4 89 d0 0f 05 <48> 3d 00 f0 ff ff 76 f3 f7 d8 64 89 06 eb ec 0f 1f 40 00 f3 0f 1e
[    1.880792] RSP: 002b:00007ffeb63825a8 EFLAGS: 00000206 ORIG_RAX: 00000000000000e7
[    1.880855] RAX: ffffffffffffffda RBX: 00007ffeb6382830 RCX: 00007fd7ffec631d
[    1.880897] RDX: 00000000000000e7 RSI: ffffffffffffff88 RDI: 0000000000000000
[    1.880945] RBP: 00007ffeb6382680 R08: 0000555846f1e010 R09: 0000000000000007
[    1.880986] R10: 0000555846f20ac0 R11: 0000000000000206 R12: 0000000000000000
[    1.881028] R13: 00007ffeb6382820 R14: 0000555822d65dd8 R15: 00007fd80002c000
[    1.881092]  </TASK>
[    1.881667] Kernel Offset: disabled
[    1.881842] Rebooting in 1 seconds..
