c[?7l[2J[0mSeaBIOS (version rel-1.17.0-0-gb52ca86e094d-prebuilt.qemu.org)


iPXE (http://ipxe.org) 00:03.0 CA00 PCI2.10 PnP PMM+0EFD1C90+0EF31C90 CA00
Press Ctrl-B to configure iPXE (PCI 00:03.0)...                                                                               


Booting from ROM..c[?7l[2JNo EFI environment detected.
early console in extract_kernel
input_data: 0x00000000024ea2c4
input_len: 0x00000000007bc1a7
output: 0x0000000001000000
output_len: 0x0000000001c69144
kernel_total_size: 0x0000000001a80000
needed_size: 0x0000000001e00000
trampoline_32bit: 0x0000000000000000


KASLR disabled: 'nokaslr' on cmdline.


Decompressing Linux... Parsing ELF... No relocation needed... done.
Booting the kernel (entry_offset: 0x00000000017543b0).
[    0.000000] Linux version 7.1.0-rc7-gacb7500801e9 (yfblock@9950x) (gcc (Ubuntu 13.3.0-6ubuntu2~24.04.1) 13.3.0, GNU ld (GNU Binutils for Ubuntu) 2.42) #8 SMP PREEMPT_DYNAMIC Tue Aug 25 03:37:54 CST 2026
[    0.000000] Command line: console=ttyS0 nokaslr panic=1 ignore_loglevel earlyprintk=serial,ttyS0,115200
[    0.000000] BIOS-provided physical RAM map:
[    0.000000] BIOS-e820: [mem 0x0000000000000000-0x000000000009fbff]  System RAM
[    0.000000] BIOS-e820: [mem 0x000000000009fc00-0x000000000009ffff]  device reserved
[    0.000000] BIOS-e820: [gap 0x00000000000a0000-0x00000000000effff]
[    0.000000] BIOS-e820: [mem 0x00000000000f0000-0x00000000000fffff]  device reserved
[    0.000000] BIOS-e820: [mem 0x0000000000100000-0x000000000ffdffff]  System RAM
[    0.000000] BIOS-e820: [mem 0x000000000ffe0000-0x000000000fffffff]  device reserved
[    0.000000] BIOS-e820: [gap 0x0000000010000000-0x00000000fffbffff]
[    0.000000] BIOS-e820: [mem 0x00000000fffc0000-0x00000000ffffffff]  device reserved
[    0.000000] BIOS-e820: [gap 0x0000000100000000-0x000000fcffffffff]
[    0.000000] BIOS-e820: [mem 0x000000fd00000000-0x000000ffffffffff]  device reserved
[    0.000000] printk: debug: ignoring loglevel setting.
[    0.000000] printk: legacy bootconsole [earlyser0] enabled
[    0.000000] NX (Execute Disable) protection: active
[    0.000000] APIC: Static calls initialized
[    0.000000] DMI: SMBIOS 2.8 present.
[    0.000000] DMI: QEMU Standard PC (i440FX + PIIX, 1996), BIOS rel-1.17.0-0-gb52ca86e094d-prebuilt.qemu.org 04/01/2014
[    0.000000] DMI: Memory slots populated: 1/1
[    0.000000] tsc: Fast TSC calibration using PIT
[    0.000000] tsc: Detected 4299.908 MHz processor
[    0.007988] e820: update [mem 0x00000000-0x00000fff] System RAM ==> device reserved
[    0.008171] e820: remove [mem 0x000a0000-0x000fffff] System RAM
[    0.008325] last_pfn = 0xffe0 max_arch_pfn = 0x400000000
[    0.008764] MTRR map: 4 entries (3 fixed + 1 variable; max 19), built from 8 variable MTRRs
[    0.008922] x86/PAT: Configuration [0-7]: WB  WC  UC- UC  WB  WP  UC- WT  
[    0.020898] found SMP MP-table at [mem 0x000f54c0-0x000f54cf]
[    0.023979] RAMDISK: [mem 0x0f999000-0x0ffdffff]
[    0.024253] ACPI: Early table checksum verification disabled
[    0.024549] ACPI: RSDP 0x00000000000F52E0 000014 (v00 BOCHS )
[    0.024746] ACPI: RSDT 0x000000000FFE2383 000034 (v01 BOCHS  BXPC     00000001 BXPC 00000001)
[    0.025220] ACPI: FACP 0x000000000FFE222F 000074 (v01 BOCHS  BXPC     00000001 BXPC 00000001)
[    0.025668] ACPI: DSDT 0x000000000FFE0040 0021EF (v01 BOCHS  BXPC     00000001 BXPC 00000001)
[    0.025771] ACPI: FACS 0x000000000FFE0000 000040
[    0.025833] ACPI: APIC 0x000000000FFE22A3 000080 (v03 BOCHS  BXPC     00000001 BXPC 00000001)
[    0.025898] ACPI: HPET 0x000000000FFE2323 000038 (v01 BOCHS  BXPC     00000001 BXPC 00000001)
[    0.025963] ACPI: WAET 0x000000000FFE235B 000028 (v01 BOCHS  BXPC     00000001 BXPC 00000001)
[    0.026069] ACPI: Reserving FACP table memory at [mem 0xffe222f-0xffe22a2]
[    0.026120] ACPI: Reserving DSDT table memory at [mem 0xffe0040-0xffe222e]
[    0.026163] ACPI: Reserving FACS table memory at [mem 0xffe0000-0xffe003f]
[    0.026208] ACPI: Reserving APIC table memory at [mem 0xffe22a3-0xffe2322]
[    0.026259] ACPI: Reserving HPET table memory at [mem 0xffe2323-0xffe235a]
[    0.026301] ACPI: Reserving WAET table memory at [mem 0xffe235b-0xffe2382]
[    0.027554] No NUMA configuration found
[    0.027598] Faking a node at [mem 0x0000000000000000-0x000000000ffdffff]
[    0.027989] NODE_DATA(0) allocated [mem 0x0f995680-0x0f998fff]
[    0.028481] ACPI: PM-Timer IO Port: 0x608
[    0.028760] ACPI: LAPIC_NMI (acpi_id[0xff] dfl dfl lint[0x1])
[    0.029014] IOAPIC[0]: apic_id 0, version 32, address 0xfec00000, GSI 0-23
[    0.029124] ACPI: INT_SRC_OVR (bus 0 bus_irq 0 global_irq 2 dfl dfl)
[    0.029299] ACPI: INT_SRC_OVR (bus 0 bus_irq 5 global_irq 5 high level)
[    0.029364] ACPI: INT_SRC_OVR (bus 0 bus_irq 9 global_irq 9 high level)
[    0.029456] ACPI: INT_SRC_OVR (bus 0 bus_irq 10 global_irq 10 high level)
[    0.029508] ACPI: INT_SRC_OVR (bus 0 bus_irq 11 global_irq 11 high level)
[    0.029659] ACPI: Using ACPI (MADT) for SMP configuration information
[    0.029721] ACPI: HPET id: 0x8086a201 base: 0xfed00000
[    0.029993] CPU topo: Max. logical packages:   1
[    0.030045] CPU topo: Max. logical nodes:      1
[    0.030078] CPU topo: Num. nodes per package:  1
[    0.030138] CPU topo: Max. logical dies:       1
[    0.030171] CPU topo: Max. dies per package:   1
[    0.030231] CPU topo: Max. threads per core:   1
[    0.030339] CPU topo: Num. cores per package:     2
[    0.030378] CPU topo: Num. threads per package:   2
[    0.030412] CPU topo: Allowing 2 present CPUs plus 0 hotplug CPUs
[    0.030920] PM: hibernation: Registered nosave memory: [mem 0x00000000-0x00000fff]
[    0.030985] PM: hibernation: Registered nosave memory: [mem 0x0009f000-0x000fffff]
[    0.031101] [gap 0x10000000-0xfffbffff] available for PCI devices
[    0.031169] Booting paravirtualized kernel on bare hardware
[    0.031381] clocksource: refined-jiffies: mask: 0xffffffff max_cycles: 0xffffffff, max_idle_ns: 1910969940391419 ns
[    0.037813] Zone ranges:
[    0.037850]   DMA      [mem 0x0000000000001000-0x0000000000ffffff]
[    0.037928]   DMA32    [mem 0x0000000001000000-0x000000000ffdffff]
[    0.037973]   Normal   empty
[    0.038007] Movable zone start for each node
[    0.038048] Early memory node ranges
[    0.038088]   node   0: [mem 0x0000000000001000-0x000000000009efff]
[    0.038196]   node   0: [mem 0x0000000000100000-0x000000000ffdffff]
[    0.038305] Initmem setup node 0 [mem 0x0000000000001000-0x000000000ffdffff]
[    0.038928] On node 0, zone DMA: 1 pages in unavailable ranges
[    0.039107] On node 0, zone DMA: 97 pages in unavailable ranges
[    0.039784] On node 0, zone DMA32: 32 pages in unavailable ranges
[    0.039942] setup_percpu: NR_CPUS:64 nr_cpumask_bits:2 nr_cpu_ids:2 nr_node_ids:1
[    0.040741] percpu: Embedded 52 pages/cpu s172184 r8192 d32616 u1048576
[    0.041007] pcpu-alloc: s172184 r8192 d32616 u1048576 alloc=1*2097152
[    0.041091] pcpu-alloc: [0] 0 1 
[    0.042013] Kernel command line: console=ttyS0 nokaslr panic=1 ignore_loglevel earlyprintk=serial,ttyS0,115200
[    0.042711] Unknown kernel command line parameters "nokaslr", will be passed to user space.
[    0.042874] printk: log buffer data + meta data: 262144 + 917504 = 1179648 bytes
[    0.043084] Dentry cache hash table entries: 32768 (order: 6, 262144 bytes, linear)
[    0.043191] Inode-cache hash table entries: 16384 (order: 5, 131072 bytes, linear)
[    0.044653] Fallback order for Node 0: 0 
[    0.044885] Built 1 zonelists, mobility grouping on.  Total pages: 65406
[    0.044966] Policy zone: DMA32
[    0.045128] mem auto-init: stack:all(zero), heap alloc:off, heap free:off
[    0.050239] SLUB: HWalign=64, Order=0-3, MinObjects=0, CPUs=2, Nodes=1
Poking KASLR using RDTSC...
[    0.071043] ftrace: allocating 31866 entries in 126 pages
[    0.071297] ftrace: allocated 126 pages with 6 groups
[    0.075687] Dynamic Preempt: lazy
[    0.077468] rcu: Preemptible hierarchical RCU implementation.
[    0.077516] rcu: 	RCU event tracing is enabled.
[    0.077556] rcu: 	RCU restricting CPUs from NR_CPUS=64 to nr_cpu_ids=2.
[    0.077679] 	Trampoline variant of Tasks RCU enabled.
[    0.077712] 	Rude variant of Tasks RCU enabled.
[    0.077741] 	Tracing variant of Tasks RCU enabled.
[    0.077824] rcu: RCU calculated value of scheduler-enlistment delay is 100 jiffies.
[    0.077879] rcu: Adjusting geometry for rcu_fanout_leaf=16, nr_cpu_ids=2
[    0.078589] RCU Tasks: Setting shift to 1 and lim to 1 rcu_task_cb_adjust=1 rcu_task_cpu_ids=2.
[    0.078651] RCU Tasks Rude: Setting shift to 1 and lim to 1 rcu_task_cb_adjust=1 rcu_task_cpu_ids=2.
[    0.092508] NR_IRQS: 4352, nr_irqs: 440, preallocated irqs: 16
[    0.097809] rcu: srcu_init: Setting srcu_struct sizes based on contention.
[    0.101636] Console: colour VGA+ 80x25
[    0.102741] printk: legacy console [ttyS0] enabled
[    0.102741] printk: legacy console [ttyS0] enabled
[    0.103018] printk: legacy bootconsole [earlyser0] disabled
[    0.103018] printk: legacy bootconsole [earlyser0] disabled
[    0.103850] ACPI: Core revision 20251212
[    0.106946] clocksource: hpet: mask: 0xffffffff max_cycles: 0xffffffff, max_idle_ns: 19112604467 ns
[    0.108085] APIC: Switch to symmetric I/O mode setup
[    0.112364] ..TIMER: vector=0x30 apic1=0 pin1=2 apic2=-1 pin2=-1
[    0.117754] clocksource: tsc-early: mask: 0xffffffffffffffff max_cycles: 0x3dfb0ca27ac, max_idle_ns: 440795389672 ns
[    0.118025] Calibrating delay loop (skipped), value calculated using timer frequency.. 8599.81 BogoMIPS (lpj=4299908)
[    0.120159] Last level iTLB entries: 4KB 512, 2MB 255, 4MB 127
[    0.120214] Last level dTLB entries: 4KB 512, 2MB 255, 4MB 127, 1GB 0
[    0.120374] mitigations: Enabled attack vectors: user_kernel, user_user, SMT mitigations: auto
[    0.120628] Spectre V2 : Mitigation: Retpolines
[    0.120724] Spectre V1 : Mitigation: usercopy/swapgs barriers and __user pointer sanitization
[    0.120825] Spectre V2 : Spectre v2 / SpectreRSB: Filling RSB on context switch and VMEXIT
[    0.121307] x86/fpu: x87 FPU will use FXSAVE
[    0.172627] pid_max: default: 32768 minimum: 301
[    0.177787] Mount-cache hash table entries: 512 (order: 0, 4096 bytes, linear)
[    0.177924] Mountpoint-cache hash table entries: 512 (order: 0, 4096 bytes, linear)
[    0.184792] VFS: Finished mounting rootfs on nullfs
[    0.299647] smpboot: CPU0: AMD QEMU Virtual CPU version 2.5+ (family: 0xf, model: 0x6b, stepping: 0x1)
[    0.304661] Performance Events: PMU not available due to virtualization, using software events only.
[    0.305245] signal: max sigframe size: 1440
[    0.306558] rcu: Hierarchical SRCU implementation.
[    0.306618] rcu: 	Max phase no-delay instances is 400.
[    0.307299] Timer migration: 1 hierarchy levels; 8 children per group; 1 crossnode level
[    0.309683] smp: Bringing up secondary CPUs ...
[    0.313381] smpboot: x86: Booting SMP configuration:
[    0.313440] .... node  #0, CPUs:      #1
[    0.383542] smp: Brought up 1 node, 2 CPUs
[    0.384200] smpboot: Total of 2 processors activated (17203.37 BogoMIPS)
[    0.389505] Memory: 219352K/261624K available (10693K kernel code, 2191K rwdata, 4380K rodata, 2552K init, 524K bss, 39032K reserved, 0K cma-reserved)
[    0.394212] devtmpfs: initialized
[    0.399110] clocksource: jiffies: mask: 0xffffffff max_cycles: 0xffffffff, max_idle_ns: 1911260446275000 ns
[    0.399411] posixtimers hash table entries: 1024 (order: 2, 16384 bytes, linear)
[    0.400041] futex hash table entries: 512 (32768 bytes on 1 NUMA nodes, total 32 KiB, linear).
[    0.402275] PM: RTC time: 19:55:31, date: 2026-08-24
[    0.404410] thermal_sys: Registered thermal governor 'step_wise'
[    0.404715] cpuidle: using governor menu
[    0.405753] Freeing SMP alternatives memory: 28K
[    0.407098] PCI: Using configuration type 1 for base access
[    0.407365] mtrr: your CPUs had inconsistent fixed MTRR settings
[    0.407414] mtrr: your CPUs had inconsistent variable MTRR settings
[    0.407459] mtrr: your CPUs had inconsistent MTRRdefType settings
[    0.407502] mtrr: probably your BIOS does not setup all CPUs.
[    0.407555] mtrr: corrected configuration.
[    0.408871] kprobes: kprobe jump-optimization is enabled. All kprobes are optimized if possible.
[    0.413030] HugeTLB: registered 2.00 MiB page size, pre-allocated 0 pages
[    0.413109] HugeTLB: 28 KiB vmemmap can be freed for a 2.00 MiB page
[    0.419201] ACPI: Added _OSI(Module Device)
[    0.419256] ACPI: Added _OSI(Processor Device)
[    0.419294] ACPI: Added _OSI(Processor Aggregator Device)
[    0.438425] ACPI: 1 ACPI AML tables successfully acquired and loaded
[    0.446163] ACPI: \_SB_: platform _OSC: OS support mask [002a7eee]
[    0.449649] ACPI: Interpreter enabled
[    0.450266] ACPI: PM: (supports S0 S3 S4 S5)
[    0.450321] ACPI: Using IOAPIC for interrupt routing
[    0.450539] PCI: Using host bridge windows from ACPI; if necessary, use "pci=nocrs" and report a bug
[    0.450613] PCI: Using E820 reservations for host bridge windows
[    0.451412] ACPI: Enabled 2 GPEs in block 00 to 0F
[    0.472535] ACPI: PCI Root Bridge [PCI0] (domain 0000 [bus 00-ff])
[    0.472979] acpi PNP0A03:00: _OSC: OS supports [ASPM ClockPM Segments MSI HPX-Type3]
[    0.473111] acpi PNP0A03:00: _OSC: not requesting OS control; OS requires [ExtendedConfig ASPM ClockPM MSI]
[    0.473345] acpi PNP0A03:00: _OSC: platform retains control of PCIe features (AE_ERROR)
[    0.473624] acpi PNP0A03:00: fail to add MMCONFIG information, can't access extended configuration space under this bridge
[    0.475421] PCI host bridge to bus 0000:00
[    0.475572] pci_bus 0000:00: root bus resource [io  0x0000-0x0cf7 window]
[    0.475680] pci_bus 0000:00: root bus resource [io  0x0d00-0xffff window]
[    0.475725] pci_bus 0000:00: root bus resource [mem 0x000a0000-0x000bffff window]
[    0.475790] pci_bus 0000:00: root bus resource [mem 0x10000000-0xfebfffff window]
[    0.475838] pci_bus 0000:00: root bus resource [mem 0x100000000-0x17fffffff window]
[    0.475964] pci_bus 0000:00: root bus resource [bus 00-ff]
[    0.476958] pci 0000:00:00.0: [8086:1237] type 00 class 0x060000 conventional PCI endpoint
[    0.479301] pci 0000:00:01.0: [8086:7000] type 00 class 0x060100 conventional PCI endpoint
[    0.479649] pci 0000:00:01.1: [8086:7010] type 00 class 0x010180 conventional PCI endpoint
[    0.480003] pci 0000:00:01.1: BAR 4 [io  0xc040-0xc04f]
[    0.480082] pci 0000:00:01.1: BAR 0 [io  0x01f0-0x01f7]: legacy IDE quirk
[    0.480139] pci 0000:00:01.1: BAR 1 [io  0x03f6]: legacy IDE quirk
[    0.480196] pci 0000:00:01.1: BAR 2 [io  0x0170-0x0177]: legacy IDE quirk
[    0.480248] pci 0000:00:01.1: BAR 3 [io  0x0376]: legacy IDE quirk
[    0.480608] pci 0000:00:01.3: [8086:7113] type 00 class 0x068000 conventional PCI endpoint
[    0.480989] pci 0000:00:01.3: quirk: [io  0x0600-0x063f] claimed by PIIX4 ACPI
[    0.481056] pci 0000:00:01.3: quirk: [io  0x0700-0x070f] claimed by PIIX4 SMB
[    0.481372] pci 0000:00:02.0: [1234:1111] type 00 class 0x030000 conventional PCI endpoint
[    0.481724] pci 0000:00:02.0: BAR 0 [mem 0xfd000000-0xfdffffff pref]
[    0.481802] pci 0000:00:02.0: BAR 2 [mem 0xfebf0000-0xfebf0fff]
[    0.481843] pci 0000:00:02.0: ROM [mem 0xfebe0000-0xfebeffff pref]
[    0.482042] pci 0000:00:02.0: Video device with shadowed ROM at [mem 0x000c0000-0x000dffff]
[    0.482390] pci 0000:00:03.0: [8086:100e] type 00 class 0x020000 conventional PCI endpoint
[    0.482788] pci 0000:00:03.0: BAR 0 [mem 0xfebc0000-0xfebdffff]
[    0.482840] pci 0000:00:03.0: BAR 1 [io  0xc000-0xc03f]
[    0.482902] pci 0000:00:03.0: ROM [mem 0xfeb80000-0xfebbffff pref]
[    0.488137] ACPI: PCI: Interrupt link LNKA configured for IRQ 10
[    0.488647] ACPI: PCI: Interrupt link LNKB configured for IRQ 10
[    0.488975] ACPI: PCI: Interrupt link LNKC configured for IRQ 11
[    0.489273] ACPI: PCI: Interrupt link LNKD configured for IRQ 11
[    0.489426] ACPI: PCI: Interrupt link LNKS configured for IRQ 9
[    0.491314] iommu: Default domain type: Translated
[    0.491371] iommu: DMA domain TLB invalidation policy: lazy mode
[    0.492244] SCSI subsystem initialized
[    0.492377] libata version 3.00 loaded.
[    0.492377] pps_core: LinuxPPS API ver. 1 registered
[    0.492377] pps_core: Software ver. 5.3.6 - Copyright 2005-2007 Rodolfo Giometti <giometti@linux.it>
[    0.493400] PCI: Using ACPI for IRQ routing
[    0.493498] PCI: pci_cache_line_size set to 64 bytes
[    0.493991] e820: register RAM buffer resource [mem 0x0009fc00-0x0009ffff]
[    0.494124] e820: register RAM buffer resource [mem 0x0ffe0000-0x0fffffff]
[    0.496228] pci 0000:00:02.0: vgaarb: setting as boot VGA device
[    0.496312] pci 0000:00:02.0: vgaarb: bridge control possible
[    0.496374] pci 0000:00:02.0: vgaarb: VGA device added: decodes=io+mem,owns=io+mem,locks=none
[    0.496442] vgaarb: loaded
[    0.497321] hpet: 3 channels of 0 reserved for per-cpu timers
[    0.497501] hpet0: at MMIO 0xfed00000, IRQs 2, 8, 0
[    0.497587] hpet0: 3 comparators, 64-bit 100.000000 MHz counter
[    0.501408] clocksource: Switched to clocksource tsc-early
[    0.502503] VFS: Disk quotas dquot_6.6.0
[    0.502610] VFS: Dquot-cache hash table entries: 512 (order 0, 4096 bytes)
[    0.503808] ACPI: Failed to create genetlink family for ACPI event
[    0.503924] pnp: PnP ACPI init
[    0.505103] pnp 00:02: [dma 2]
[    0.506054] pnp: PnP ACPI: found 5 devices
[    0.519934] clocksource: acpi_pm: mask: 0xffffff max_cycles: 0xffffff, max_idle_ns: 2085701024 ns
[    0.520410] pci_bus 0000:00: resource 4 [io  0x0000-0x0cf7 window]
[    0.520463] pci_bus 0000:00: resource 5 [io  0x0d00-0xffff window]
[    0.520505] pci_bus 0000:00: resource 6 [mem 0x000a0000-0x000bffff window]
[    0.520550] pci_bus 0000:00: resource 7 [mem 0x10000000-0xfebfffff window]
[    0.520604] pci_bus 0000:00: resource 8 [mem 0x100000000-0x17fffffff window]
[    0.520906] pci 0000:00:01.0: PIIX3: Enabling Passive Release
[    0.520996] pci 0000:00:00.0: Limiting direct PCI/PCI transfers
[    0.521109] PCI: CLS 0 bytes, default 64
[    0.523435] Unpacking initramfs...
[    0.529079] Initialise system trusted keyrings
[    0.530721] workingset: timestamp_bits=56 (anon: 52) max_order=16 bucket_order=0 (anon: 0)
[    0.533061] Key type asymmetric registered
[    0.533133] Asymmetric key parser 'x509' registered
[    0.533265] Block layer SCSI generic (bsg) driver version 0.4 loaded (major 251)
[    0.533528] io scheduler mq-deadline registered
[    0.533610] io scheduler kyber registered
[    0.536001] input: Power Button as /devices/platform/LNXPWRBN:00/input/input0
[    0.536615] ACPI: button: Power Button [PWRF]
[    0.541266] Serial: 8250/16550 driver, 4 ports, IRQ sharing enabled
[    0.543482] 00:04: ttyS0 at I/O 0x3f8 (irq = 4, base_baud = 115200) is a 16550A
[    0.548499] Non-volatile memory driver v1.3
[    0.558525] loop: module loaded
[    0.563931] scsi host0: ata_piix
[    0.566293] scsi host1: ata_piix
[    0.566551] ata1: PATA max MWDMA2 cmd 0x1f0 ctl 0x3f6 bmdma 0xc040 irq 14 lpm-pol 0
[    0.566632] ata2: PATA max MWDMA2 cmd 0x170 ctl 0x376 bmdma 0xc048 irq 15 lpm-pol 0
[    0.567434] i8042: PNP: PS/2 Controller [PNP0303:KBD,PNP0f13:MOU] at 0x60,0x64 irq 1,12
[    0.570984] serio: i8042 KBD port at 0x60,0x64 irq 1
[    0.571143] serio: i8042 AUX port at 0x60,0x64 irq 12
[    0.572379] rtc_cmos PNP0B00:00: RTC can wake from S4
[    0.574621] rtc_cmos PNP0B00:00: registered as rtc0
[    0.575403] rtc_cmos PNP0B00:00: alarms up to one day, y3k, 242 bytes nvram, hpet irqs
[    0.576306] input: AT Translated Set 2 keyboard as /devices/platform/i8042/serio0/input/input1
[    0.578815] device-mapper: ioctl: 4.50.0-ioctl (2025-04-28) initialised: dm-devel@lists.linux.dev
[    0.579044] amd_pstate: the _CPC object is not present in SBIOS or ACPI disabled
[    0.579219] hid: raw HID events driver (C) Jiri Kosina
[    0.580748] IPI shorthand broadcast: enabled
[    0.587460] sched_clock: Marking stable (575880263, 10677061)->(588215065, -1657741)
[    0.588805] Loading compiled-in X.509 certificates
[    0.594960] Demotion targets for Node 0: null
[    0.599243] PM:   Magic number: 6:723:951
[    0.599386] tty tty8: hash matches
[    0.599960] clk: Disabling unused clocks
[    0.600169] KTAP version 1
[    0.600200] 1..0
[    0.651152] Freeing initrd memory: 6428K
[    0.725659] ata2: found unknown device (class 0)
[    0.727633] ata2.00: ATAPI: QEMU DVD-ROM, 2.5+, max UDMA/100
[    0.734127] scsi 1:0:0:0: CD-ROM            QEMU     QEMU DVD-ROM     2.5+ PQ: 0 ANSI: 5
[    0.747126] sr 1:0:0:0: [sr0] scsi3-mmc drive: 4x/4x cd/rw xa/form2 tray
[    0.757407] cdrom: Uniform CD-ROM driver Revision: 3.20
[    0.763901] sr 1:0:0:0: Attached scsi CD-ROM sr0
[    0.764523] sr 1:0:0:0: Attached scsi generic sg0 type 5
[    0.798882] Freeing unused kernel image (initmem) memory: 2552K
[    0.799054] Write protecting the kernel read-only data: 18432k
[    0.800568] Freeing unused kernel image (text/rodata gap) memory: 1592K
[    0.801572] Freeing unused kernel image (rodata/data gap) memory: 1764K
[    0.887929] x86/mm: Checked W+X mappings: passed, no W+X pages found.
[    0.888114] Run /init as init process
[    0.888142]   with arguments:
[    0.888167]     /init
[    0.888197]     nokaslr
[    0.888215]   with environment:
[    0.888240]     HOME=/
[    0.888260]     TERM=linux
[    0.944601] mount (50) used greatest stack depth: 13208 bytes left
[    0.952151] mount (51) used greatest stack depth: 13152 bytes left
/init: 5: mkdir: not found
=== insmod device-registrar target=ftgpio010-gpio ===
[    0.971762] device_registrar: loading out-of-tree module taints kernel.
[    0.975286] device-registrar: 注册 'ftgpio010-gpio' (MMIO @ 0xF0000000)
[    0.976321] device-registrar: 'ftgpio010-gpio' 已注册
[    0.977884] insmod (56) used greatest stack depth: 13120 bytes left
REHARNESS_REGISTRAR_INSMOD_RC=0
[    0.989182] input: ImExPS/2 Generic Explorer Mouse as /devices/platform/i8042/serio1/input/input3
=== insmod ftgpio010_gpio ===
[    1.288474] [rhbase] ffffc9000002d000
[    1.289111] [rh] W 0x20 0x0
[    1.289153] [rh] W 0x2c 0x0
[    1.289183] [rh] W 0x30 0xffffffff
[    1.289213] [rh] W 0x40 0x0
[    1.289247] [rh] R 0x4 0x0
[    1.289273] [rh] R 0x8 0x0
[    1.289548] [rh] R 0x8 0x0
[    1.289586] [rh] R 0x8 0x0
[    1.289604] [rh] R 0x8 0x0
[    1.289621] [rh] R 0x8 0x0
[    1.289638] [rh] R 0x8 0x0
[    1.289655] [rh] R 0x8 0x0
[    1.289672] [rh] R 0x8 0x0
[    1.289710] [rh] R 0x8 0x0
[    1.289728] [rh] R 0x8 0x0
[    1.289745] [rh] R 0x8 0x0
[    1.289762] [rh] R 0x8 0x0
[    1.289779] [rh] R 0x8 0x0
[    1.289796] [rh] R 0x8 0x0
[    1.289813] [rh] R 0x8 0x0
[    1.289830] [rh] R 0x8 0x0
[    1.289847] [rh] R 0x8 0x0
[    1.289865] [rh] R 0x8 0x0
[    1.289884] [rh] R 0x8 0x0
[    1.289901] [rh] R 0x8 0x0
[    1.289918] [rh] R 0x8 0x0
[    1.289935] [rh] R 0x8 0x0
[    1.289952] [rh] R 0x8 0x0
[    1.289969] [rh] R 0x8 0x0
[    1.289986] [rh] R 0x8 0x0
[    1.290003] [rh] R 0x8 0x0
[    1.290020] [rh] R 0x8 0x0
[    1.290037] [rh] R 0x8 0x0
[    1.290054] [rh] R 0x8 0x0
[    1.290071] [rh] R 0x8 0x0
[    1.290088] [rh] R 0x8 0x0
[    1.290105] [rh] R 0x8 0x0
[    1.290122] [rh] R 0x8 0x0
[    1.290448] gpio gpiochip0: (ftgpio010-gpio): not an immutable chip, please consider fixing it!
REHARNESS_DRIVER_INSMOD_RC=0
[    1.548952] tsc: Refined TSC clocksource calibration: 4299.976 MHz
[    1.549495] clocksource: tsc: mask: 0xffffffffffffffff max_cycles: 0x3dfb4c698bd, max_idle_ns: 440795202126 ns
[    1.550874] clocksource: Switched to clocksource tsc
REHARNESS_DRIVER_PROBE_BOUND=1
=== dmesg ===
[    0.030920] PM: hibernation: Registered nosave memory: [mem 0x00000000-0x00000fff]
[    0.030985] PM: hibernation: Registered nosave memory: [mem 0x0009f000-0x000fffff]
[    0.404410] thermal_sys: Registered thermal governor 'step_wise'
[    0.413030] HugeTLB: registered 2.00 MiB page size, pre-allocated 0 pages
[    0.492377] pps_core: LinuxPPS API ver. 1 registered
[    0.533061] Key type asymmetric registered
[    0.533133] Asymmetric key parser 'x509' registered
[    0.533528] io scheduler mq-deadline registered
[    0.533610] io scheduler kyber registered
[    0.574621] rtc_cmos PNP0B00:00: registered as rtc0
[    0.975286] device-registrar: \xe6\xb3\xa8\xe5\x86\x8c 'ftgpio010-gpio' (MMIO @ 0xF0000000)
[    0.976321] device-registrar: 'ftgpio010-gpio' \xe5\xb7\xb2\xe6\xb3\xa8\xe5\x86\x8c
[    1.290448] gpio gpiochip0: (ftgpio010-gpio): not an immutable chip, please consider fixing it!
=== Linux subsystem test 0 ===
ioctl LINEINFO=0
[    1.629584] [rh] R 0x8 0x0
[    1.629881] [rh] R 0x44 0x0
[    1.629921] [rh] R 0x40 0x0
[    1.629943] [rh] W 0x44 0x116
[    1.629980] [rh] W 0x40 0x1
[    1.630063] [rh] R 0x44 0x0
[    1.630081] [rh] R 0x40 0x0
[    1.630098] [rh] W 0x44 0x8
[    1.630116] [rh] W 0x40 0x1
[    1.630198] [rh] W 0x14 0x1
[    1.630227] [rh] W 0x8 0x1
ioctl GET_LINE=0 fd=4
[    1.630712] [rh] R 0x4 0x0
ioctl GET_VALUES=0 bits=0
[    1.631190] [rh] W 0x10 0x1
ioctl SET_VALUES(1)=0
[    1.631331] [rh] W 0x14 0x1
ioctl SET_VALUES(0)=0
[    1.631509] [rh] W 0x8 0x0
ioctl SET_CONFIG(INPUT)=0
GPIO_TRACE_DONE
REHARNESS_SUBSYSTEM_TEST_0_NAME=ftgpio010-gpio-api
REHARNESS_SUBSYSTEM_TEST_0_RC=0
REHARNESS_SUBSYSTEM_TEST_0_STATUS=pass
=== rmmod ftgpio010_gpio ===
[    1.666607] device-registrar: 'ftgpio010-gpio' 已注销
=== QEMU_RUN_DONE ===
[    1.880905] sysrq: Power Off
[    1.881302] Kernel panic - not syncing: Attempted to kill init! exitcode=0x00000000
[    1.881682] CPU: 0 UID: 0 PID: 1 Comm: init Tainted: G           O        7.1.0-rc7-gacb7500801e9 #8 PREEMPT(lazy) 
[    1.881815] Tainted: [O]=OOT_MODULE
[    1.881842] Hardware name: QEMU Standard PC (i440FX + PIIX, 1996), BIOS rel-1.17.0-0-gb52ca86e094d-prebuilt.qemu.org 04/01/2014
[    1.881976] Call Trace:
[    1.882323]  <TASK>
[    1.882457]  vpanic+0x32f/0x4b0
[    1.882622]  panic+0x63/0x70
[    1.882647]  do_exit+0x94a/0xaf0
[    1.882673]  do_group_exit+0x30/0x80
[    1.882699]  __x64_sys_exit_group+0x18/0x20
[    1.882732]  x64_sys_call+0x12e2/0x1880
[    1.882775]  do_syscall_64+0x10e/0x4e0
[    1.882805]  entry_SYSCALL_64_after_hwframe+0x77/0x7f
[    1.882915] RIP: 0033:0x7f66a0cfc31d
[    1.883056] Code: 02 ba ff ff ff ff 89 d0 c3 0f 1f 40 00 f3 0f 1e fa 48 8b 35 ed 4a 11 00 ba e7 00 00 00 eb 07 66 0f 1f 44 00 00 f4 89 d0 0f 05 <48> 3d 00 f0 ff ff 76 f3 f7 d8 64 89 06 eb ec 0f 1f 40 00 f3 0f 1e
[    1.883178] RSP: 002b:00007fff4b916828 EFLAGS: 00000202 ORIG_RAX: 00000000000000e7
[    1.883238] RAX: ffffffffffffffda RBX: 00007fff4b916ab0 RCX: 00007f66a0cfc31d
[    1.883280] RDX: 00000000000000e7 RSI: ffffffffffffff88 RDI: 0000000000000000
[    1.883321] RBP: 00007fff4b916900 R08: 00005607bb8f3010 R09: 0000000000000007
[    1.883362] R10: 00005607bb8f5ac0 R11: 0000000000000202 R12: 0000000000000000
[    1.883402] R13: 00007fff4b916aa0 R14: 000056079df9edd8 R15: 00007f66a0e62000
[    1.883467]  </TASK>
[    1.926233] Kernel Offset: disabled
[    1.926492] Rebooting in 1 seconds..
