c[?7l[2J[0mSeaBIOS (version rel-1.17.0-0-gb52ca86e094d-prebuilt.qemu.org)


iPXE (http://ipxe.org) 00:03.0 CA00 PCI2.10 PnP PMM+0EFD1C90+0EF31C90 CA00
Press Ctrl-B to configure iPXE (PCI 00:03.0)...                                                                               


Booting from ROM..c[?7l[2JNo EFI environment detected.
early console in extract_kernel
input_data: 0x00000000024ea2c4
input_len: 0x00000000007bc1a7
output: 0x0000000001000000
output_len: 0x0000000001c69144
kernel_total_size: 0x0000000001a80000
needed_size: 0x0000000001e00000
trampoline_32bit: 0x0000000000000000


KASLR disabled: 'nokaslr' on cmdline.


Decompressing Linux... Parsing ELF... No relocation needed... done.
Booting the kernel (entry_offset: 0x00000000017543b0).
[    0.000000] Linux version 7.1.0-rc7-gacb7500801e9 (yfblock@9950x) (gcc (Ubuntu 13.3.0-6ubuntu2~24.04.1) 13.3.0, GNU ld (GNU Binutils for Ubuntu) 2.42) #8 SMP PREEMPT_DYNAMIC Tue Aug 25 03:37:54 CST 2026
[    0.000000] Command line: console=ttyS0 nokaslr panic=1 ignore_loglevel earlyprintk=serial,ttyS0,115200
[    0.000000] BIOS-provided physical RAM map:
[    0.000000] BIOS-e820: [mem 0x0000000000000000-0x000000000009fbff]  System RAM
[    0.000000] BIOS-e820: [mem 0x000000000009fc00-0x000000000009ffff]  device reserved
[    0.000000] BIOS-e820: [gap 0x00000000000a0000-0x00000000000effff]
[    0.000000] BIOS-e820: [mem 0x00000000000f0000-0x00000000000fffff]  device reserved
[    0.000000] BIOS-e820: [mem 0x0000000000100000-0x000000000ffdffff]  System RAM
[    0.000000] BIOS-e820: [mem 0x000000000ffe0000-0x000000000fffffff]  device reserved
[    0.000000] BIOS-e820: [gap 0x0000000010000000-0x00000000fffbffff]
[    0.000000] BIOS-e820: [mem 0x00000000fffc0000-0x00000000ffffffff]  device reserved
[    0.000000] BIOS-e820: [gap 0x0000000100000000-0x000000fcffffffff]
[    0.000000] BIOS-e820: [mem 0x000000fd00000000-0x000000ffffffffff]  device reserved
[    0.000000] printk: debug: ignoring loglevel setting.
[    0.000000] printk: legacy bootconsole [earlyser0] enabled
[    0.000000] NX (Execute Disable) protection: active
[    0.000000] APIC: Static calls initialized
[    0.000000] DMI: SMBIOS 2.8 present.
[    0.000000] DMI: QEMU Standard PC (i440FX + PIIX, 1996), BIOS rel-1.17.0-0-gb52ca86e094d-prebuilt.qemu.org 04/01/2014
[    0.000000] DMI: Memory slots populated: 1/1
[    0.000000] tsc: Fast TSC calibration using PIT
[    0.000000] tsc: Detected 4299.975 MHz processor
[    0.007960] e820: update [mem 0x00000000-0x00000fff] System RAM ==> device reserved
[    0.008140] e820: remove [mem 0x000a0000-0x000fffff] System RAM
[    0.008296] last_pfn = 0xffe0 max_arch_pfn = 0x400000000
[    0.008727] MTRR map: 4 entries (3 fixed + 1 variable; max 19), built from 8 variable MTRRs
[    0.008884] x86/PAT: Configuration [0-7]: WB  WC  UC- UC  WB  WP  UC- WT  
[    0.020648] found SMP MP-table at [mem 0x000f54c0-0x000f54cf]
[    0.023688] RAMDISK: [mem 0x0f999000-0x0ffdffff]
[    0.023960] ACPI: Early table checksum verification disabled
[    0.024256] ACPI: RSDP 0x00000000000F52E0 000014 (v00 BOCHS )
[    0.024452] ACPI: RSDT 0x000000000FFE2383 000034 (v01 BOCHS  BXPC     00000001 BXPC 00000001)
[    0.024922] ACPI: FACP 0x000000000FFE222F 000074 (v01 BOCHS  BXPC     00000001 BXPC 00000001)
[    0.025361] ACPI: DSDT 0x000000000FFE0040 0021EF (v01 BOCHS  BXPC     00000001 BXPC 00000001)
[    0.025460] ACPI: FACS 0x000000000FFE0000 000040
[    0.025522] ACPI: APIC 0x000000000FFE22A3 000080 (v03 BOCHS  BXPC     00000001 BXPC 00000001)
[    0.025588] ACPI: HPET 0x000000000FFE2323 000038 (v01 BOCHS  BXPC     00000001 BXPC 00000001)
[    0.025653] ACPI: WAET 0x000000000FFE235B 000028 (v01 BOCHS  BXPC     00000001 BXPC 00000001)
[    0.025758] ACPI: Reserving FACP table memory at [mem 0xffe222f-0xffe22a2]
[    0.025809] ACPI: Reserving DSDT table memory at [mem 0xffe0040-0xffe222e]
[    0.025852] ACPI: Reserving FACS table memory at [mem 0xffe0000-0xffe003f]
[    0.025895] ACPI: Reserving APIC table memory at [mem 0xffe22a3-0xffe2322]
[    0.025945] ACPI: Reserving HPET table memory at [mem 0xffe2323-0xffe235a]
[    0.025987] ACPI: Reserving WAET table memory at [mem 0xffe235b-0xffe2382]
[    0.027232] No NUMA configuration found
[    0.027277] Faking a node at [mem 0x0000000000000000-0x000000000ffdffff]
[    0.027666] NODE_DATA(0) allocated [mem 0x0f995680-0x0f998fff]
[    0.028160] ACPI: PM-Timer IO Port: 0x608
[    0.028435] ACPI: LAPIC_NMI (acpi_id[0xff] dfl dfl lint[0x1])
[    0.028687] IOAPIC[0]: apic_id 0, version 32, address 0xfec00000, GSI 0-23
[    0.028795] ACPI: INT_SRC_OVR (bus 0 bus_irq 0 global_irq 2 dfl dfl)
[    0.028970] ACPI: INT_SRC_OVR (bus 0 bus_irq 5 global_irq 5 high level)
[    0.029034] ACPI: INT_SRC_OVR (bus 0 bus_irq 9 global_irq 9 high level)
[    0.029126] ACPI: INT_SRC_OVR (bus 0 bus_irq 10 global_irq 10 high level)
[    0.029173] ACPI: INT_SRC_OVR (bus 0 bus_irq 11 global_irq 11 high level)
[    0.029319] ACPI: Using ACPI (MADT) for SMP configuration information
[    0.029380] ACPI: HPET id: 0x8086a201 base: 0xfed00000
[    0.029650] CPU topo: Max. logical packages:   1
[    0.029702] CPU topo: Max. logical nodes:      1
[    0.029735] CPU topo: Num. nodes per package:  1
[    0.029795] CPU topo: Max. logical dies:       1
[    0.029828] CPU topo: Max. dies per package:   1
[    0.029889] CPU topo: Max. threads per core:   1
[    0.029996] CPU topo: Num. cores per package:     2
[    0.030034] CPU topo: Num. threads per package:   2
[    0.030068] CPU topo: Allowing 2 present CPUs plus 0 hotplug CPUs
[    0.030573] PM: hibernation: Registered nosave memory: [mem 0x00000000-0x00000fff]
[    0.030638] PM: hibernation: Registered nosave memory: [mem 0x0009f000-0x000fffff]
[    0.030750] [gap 0x10000000-0xfffbffff] available for PCI devices
[    0.030818] Booting paravirtualized kernel on bare hardware
[    0.031030] clocksource: refined-jiffies: mask: 0xffffffff max_cycles: 0xffffffff, max_idle_ns: 1910969940391419 ns
[    0.037451] Zone ranges:
[    0.037488]   DMA      [mem 0x0000000000001000-0x0000000000ffffff]
[    0.037565]   DMA32    [mem 0x0000000001000000-0x000000000ffdffff]
[    0.037610]   Normal   empty
[    0.037643] Movable zone start for each node
[    0.037683] Early memory node ranges
[    0.037723]   node   0: [mem 0x0000000000001000-0x000000000009efff]
[    0.037830]   node   0: [mem 0x0000000000100000-0x000000000ffdffff]
[    0.037938] Initmem setup node 0 [mem 0x0000000000001000-0x000000000ffdffff]
[    0.038558] On node 0, zone DMA: 1 pages in unavailable ranges
[    0.038736] On node 0, zone DMA: 97 pages in unavailable ranges
[    0.039417] On node 0, zone DMA32: 32 pages in unavailable ranges
[    0.039574] setup_percpu: NR_CPUS:64 nr_cpumask_bits:2 nr_cpu_ids:2 nr_node_ids:1
[    0.040363] percpu: Embedded 52 pages/cpu s172184 r8192 d32616 u1048576
[    0.040632] pcpu-alloc: s172184 r8192 d32616 u1048576 alloc=1*2097152
[    0.040717] pcpu-alloc: [0] 0 1 
[    0.041587] Kernel command line: console=ttyS0 nokaslr panic=1 ignore_loglevel earlyprintk=serial,ttyS0,115200
[    0.042269] Unknown kernel command line parameters "nokaslr", will be passed to user space.
[    0.042431] printk: log buffer data + meta data: 262144 + 917504 = 1179648 bytes
[    0.042635] Dentry cache hash table entries: 32768 (order: 6, 262144 bytes, linear)
[    0.042740] Inode-cache hash table entries: 16384 (order: 5, 131072 bytes, linear)
[    0.044190] Fallback order for Node 0: 0 
[    0.044422] Built 1 zonelists, mobility grouping on.  Total pages: 65406
[    0.044503] Policy zone: DMA32
[    0.044663] mem auto-init: stack:all(zero), heap alloc:off, heap free:off
[    0.049814] SLUB: HWalign=64, Order=0-3, MinObjects=0, CPUs=2, Nodes=1
Poking KASLR using RDTSC...
[    0.070599] ftrace: allocating 31866 entries in 126 pages
[    0.070854] ftrace: allocated 126 pages with 6 groups
[    0.075239] Dynamic Preempt: lazy
[    0.077033] rcu: Preemptible hierarchical RCU implementation.
[    0.077079] rcu: 	RCU event tracing is enabled.
[    0.077119] rcu: 	RCU restricting CPUs from NR_CPUS=64 to nr_cpu_ids=2.
[    0.077249] 	Trampoline variant of Tasks RCU enabled.
[    0.077282] 	Rude variant of Tasks RCU enabled.
[    0.077312] 	Tracing variant of Tasks RCU enabled.
[    0.077397] rcu: RCU calculated value of scheduler-enlistment delay is 100 jiffies.
[    0.077452] rcu: Adjusting geometry for rcu_fanout_leaf=16, nr_cpu_ids=2
[    0.078164] RCU Tasks: Setting shift to 1 and lim to 1 rcu_task_cb_adjust=1 rcu_task_cpu_ids=2.
[    0.078226] RCU Tasks Rude: Setting shift to 1 and lim to 1 rcu_task_cb_adjust=1 rcu_task_cpu_ids=2.
[    0.091893] NR_IRQS: 4352, nr_irqs: 440, preallocated irqs: 16
[    0.097208] rcu: srcu_init: Setting srcu_struct sizes based on contention.
[    0.101056] Console: colour VGA+ 80x25
[    0.102161] printk: legacy console [ttyS0] enabled
[    0.102161] printk: legacy console [ttyS0] enabled
[    0.102440] printk: legacy bootconsole [earlyser0] disabled
[    0.102440] printk: legacy bootconsole [earlyser0] disabled
[    0.103271] ACPI: Core revision 20251212
[    0.106365] clocksource: hpet: mask: 0xffffffff max_cycles: 0xffffffff, max_idle_ns: 19112604467 ns
[    0.107501] APIC: Switch to symmetric I/O mode setup
[    0.111799] ..TIMER: vector=0x30 apic1=0 pin1=2 apic2=-1 pin2=-1
[    0.117188] clocksource: tsc-early: mask: 0xffffffffffffffff max_cycles: 0x3dfb4b79704, max_idle_ns: 440795227285 ns
[    0.117463] Calibrating delay loop (skipped), value calculated using timer frequency.. 8599.95 BogoMIPS (lpj=4299975)
[    0.119635] Last level iTLB entries: 4KB 512, 2MB 255, 4MB 127
[    0.119691] Last level dTLB entries: 4KB 512, 2MB 255, 4MB 127, 1GB 0
[    0.119850] mitigations: Enabled attack vectors: user_kernel, user_user, SMT mitigations: auto
[    0.120103] Spectre V2 : Mitigation: Retpolines
[    0.120198] Spectre V1 : Mitigation: usercopy/swapgs barriers and __user pointer sanitization
[    0.120359] Spectre V2 : Spectre v2 / SpectreRSB: Filling RSB on context switch and VMEXIT
[    0.120820] x86/fpu: x87 FPU will use FXSAVE
[    0.172874] pid_max: default: 32768 minimum: 301
[    0.178049] Mount-cache hash table entries: 512 (order: 0, 4096 bytes, linear)
[    0.178181] Mountpoint-cache hash table entries: 512 (order: 0, 4096 bytes, linear)
[    0.185055] VFS: Finished mounting rootfs on nullfs
[    0.300108] smpboot: CPU0: AMD QEMU Virtual CPU version 2.5+ (family: 0xf, model: 0x6b, stepping: 0x1)
[    0.305202] Performance Events: PMU not available due to virtualization, using software events only.
[    0.305788] signal: max sigframe size: 1440
[    0.307090] rcu: Hierarchical SRCU implementation.
[    0.307151] rcu: 	Max phase no-delay instances is 400.
[    0.307873] Timer migration: 1 hierarchy levels; 8 children per group; 1 crossnode level
[    0.310273] smp: Bringing up secondary CPUs ...
[    0.314084] smpboot: x86: Booting SMP configuration:
[    0.314144] .... node  #0, CPUs:      #1
[    0.382937] smp: Brought up 1 node, 2 CPUs
[    0.383516] smpboot: Total of 2 processors activated (17203.97 BogoMIPS)
[    0.388275] Memory: 219352K/261624K available (10693K kernel code, 2191K rwdata, 4380K rodata, 2552K init, 524K bss, 39032K reserved, 0K cma-reserved)
[    0.392771] devtmpfs: initialized
[    0.397542] clocksource: jiffies: mask: 0xffffffff max_cycles: 0xffffffff, max_idle_ns: 1911260446275000 ns
[    0.398523] posixtimers hash table entries: 1024 (order: 2, 16384 bytes, linear)
[    0.398717] futex hash table entries: 512 (32768 bytes on 1 NUMA nodes, total 32 KiB, linear).
[    0.401315] PM: RTC time: 19:58:32, date: 2026-08-24
[    0.403602] thermal_sys: Registered thermal governor 'step_wise'
[    0.403912] cpuidle: using governor menu
[    0.404936] Freeing SMP alternatives memory: 28K
[    0.406310] PCI: Using configuration type 1 for base access
[    0.406597] mtrr: your CPUs had inconsistent fixed MTRR settings
[    0.406646] mtrr: your CPUs had inconsistent variable MTRR settings
[    0.406699] mtrr: your CPUs had inconsistent MTRRdefType settings
[    0.406742] mtrr: probably your BIOS does not setup all CPUs.
[    0.406790] mtrr: corrected configuration.
[    0.408048] kprobes: kprobe jump-optimization is enabled. All kprobes are optimized if possible.
[    0.409525] HugeTLB: registered 2.00 MiB page size, pre-allocated 0 pages
[    0.409597] HugeTLB: 28 KiB vmemmap can be freed for a 2.00 MiB page
[    0.411960] ACPI: Added _OSI(Module Device)
[    0.412020] ACPI: Added _OSI(Processor Device)
[    0.412053] ACPI: Added _OSI(Processor Aggregator Device)
[    0.422917] ACPI: 1 ACPI AML tables successfully acquired and loaded
[    0.432712] ACPI: \_SB_: platform _OSC: OS support mask [002a7eee]
[    0.437633] ACPI: Interpreter enabled
[    0.438270] ACPI: PM: (supports S0 S3 S4 S5)
[    0.438348] ACPI: Using IOAPIC for interrupt routing
[    0.438568] PCI: Using host bridge windows from ACPI; if necessary, use "pci=nocrs" and report a bug
[    0.438640] PCI: Using E820 reservations for host bridge windows
[    0.439437] ACPI: Enabled 2 GPEs in block 00 to 0F
[    0.464536] ACPI: PCI Root Bridge [PCI0] (domain 0000 [bus 00-ff])
[    0.464966] acpi PNP0A03:00: _OSC: OS supports [ASPM ClockPM Segments MSI HPX-Type3]
[    0.465095] acpi PNP0A03:00: _OSC: not requesting OS control; OS requires [ExtendedConfig ASPM ClockPM MSI]
[    0.465320] acpi PNP0A03:00: _OSC: platform retains control of PCIe features (AE_ERROR)
[    0.465613] acpi PNP0A03:00: fail to add MMCONFIG information, can't access extended configuration space under this bridge
[    0.467404] PCI host bridge to bus 0000:00
[    0.467555] pci_bus 0000:00: root bus resource [io  0x0000-0x0cf7 window]
[    0.467663] pci_bus 0000:00: root bus resource [io  0x0d00-0xffff window]
[    0.467710] pci_bus 0000:00: root bus resource [mem 0x000a0000-0x000bffff window]
[    0.467777] pci_bus 0000:00: root bus resource [mem 0x10000000-0xfebfffff window]
[    0.467830] pci_bus 0000:00: root bus resource [mem 0x100000000-0x17fffffff window]
[    0.467948] pci_bus 0000:00: root bus resource [bus 00-ff]
[    0.469394] pci 0000:00:00.0: [8086:1237] type 00 class 0x060000 conventional PCI endpoint
[    0.471763] pci 0000:00:01.0: [8086:7000] type 00 class 0x060100 conventional PCI endpoint
[    0.472114] pci 0000:00:01.1: [8086:7010] type 00 class 0x010180 conventional PCI endpoint
[    0.472569] pci 0000:00:01.1: BAR 4 [io  0xc040-0xc04f]
[    0.472643] pci 0000:00:01.1: BAR 0 [io  0x01f0-0x01f7]: legacy IDE quirk
[    0.472702] pci 0000:00:01.1: BAR 1 [io  0x03f6]: legacy IDE quirk
[    0.472759] pci 0000:00:01.1: BAR 2 [io  0x0170-0x0177]: legacy IDE quirk
[    0.472818] pci 0000:00:01.1: BAR 3 [io  0x0376]: legacy IDE quirk
[    0.473168] pci 0000:00:01.3: [8086:7113] type 00 class 0x068000 conventional PCI endpoint
[    0.473432] pci 0000:00:01.3: quirk: [io  0x0600-0x063f] claimed by PIIX4 ACPI
[    0.473498] pci 0000:00:01.3: quirk: [io  0x0700-0x070f] claimed by PIIX4 SMB
[    0.473802] pci 0000:00:02.0: [1234:1111] type 00 class 0x030000 conventional PCI endpoint
[    0.474260] pci 0000:00:02.0: BAR 0 [mem 0xfd000000-0xfdffffff pref]
[    0.474344] pci 0000:00:02.0: BAR 2 [mem 0xfebf0000-0xfebf0fff]
[    0.474387] pci 0000:00:02.0: ROM [mem 0xfebe0000-0xfebeffff pref]
[    0.474571] pci 0000:00:02.0: Video device with shadowed ROM at [mem 0x000c0000-0x000dffff]
[    0.474934] pci 0000:00:03.0: [8086:100e] type 00 class 0x020000 conventional PCI endpoint
[    0.475345] pci 0000:00:03.0: BAR 0 [mem 0xfebc0000-0xfebdffff]
[    0.475397] pci 0000:00:03.0: BAR 1 [io  0xc000-0xc03f]
[    0.475436] pci 0000:00:03.0: ROM [mem 0xfeb80000-0xfebbffff pref]
[    0.480980] ACPI: PCI: Interrupt link LNKA configured for IRQ 10
[    0.481442] ACPI: PCI: Interrupt link LNKB configured for IRQ 10
[    0.481742] ACPI: PCI: Interrupt link LNKC configured for IRQ 11
[    0.482033] ACPI: PCI: Interrupt link LNKD configured for IRQ 11
[    0.482183] ACPI: PCI: Interrupt link LNKS configured for IRQ 9
[    0.484417] iommu: Default domain type: Translated
[    0.484475] iommu: DMA domain TLB invalidation policy: lazy mode
[    0.485492] SCSI subsystem initialized
[    0.485590] libata version 3.00 loaded.
[    0.485682] pps_core: LinuxPPS API ver. 1 registered
[    0.485722] pps_core: Software ver. 5.3.6 - Copyright 2005-2007 Rodolfo Giometti <giometti@linux.it>
[    0.486844] PCI: Using ACPI for IRQ routing
[    0.486944] PCI: pci_cache_line_size set to 64 bytes
[    0.487427] e820: register RAM buffer resource [mem 0x0009fc00-0x0009ffff]
[    0.487562] e820: register RAM buffer resource [mem 0x0ffe0000-0x0fffffff]
[    0.489670] pci 0000:00:02.0: vgaarb: setting as boot VGA device
[    0.489755] pci 0000:00:02.0: vgaarb: bridge control possible
[    0.489817] pci 0000:00:02.0: vgaarb: VGA device added: decodes=io+mem,owns=io+mem,locks=none
[    0.489885] vgaarb: loaded
[    0.490807] hpet: 3 channels of 0 reserved for per-cpu timers
[    0.490989] hpet0: at MMIO 0xfed00000, IRQs 2, 8, 0
[    0.491075] hpet0: 3 comparators, 64-bit 100.000000 MHz counter
[    0.494918] clocksource: Switched to clocksource tsc-early
[    0.495623] VFS: Disk quotas dquot_6.6.0
[    0.495715] VFS: Dquot-cache hash table entries: 512 (order 0, 4096 bytes)
[    0.496895] ACPI: Failed to create genetlink family for ACPI event
[    0.497029] pnp: PnP ACPI init
[    0.498198] pnp 00:02: [dma 2]
[    0.499155] pnp: PnP ACPI: found 5 devices
[    0.513012] clocksource: acpi_pm: mask: 0xffffff max_cycles: 0xffffff, max_idle_ns: 2085701024 ns
[    0.513482] pci_bus 0000:00: resource 4 [io  0x0000-0x0cf7 window]
[    0.513535] pci_bus 0000:00: resource 5 [io  0x0d00-0xffff window]
[    0.513585] pci_bus 0000:00: resource 6 [mem 0x000a0000-0x000bffff window]
[    0.513632] pci_bus 0000:00: resource 7 [mem 0x10000000-0xfebfffff window]
[    0.513679] pci_bus 0000:00: resource 8 [mem 0x100000000-0x17fffffff window]
[    0.513991] pci 0000:00:01.0: PIIX3: Enabling Passive Release
[    0.514083] pci 0000:00:00.0: Limiting direct PCI/PCI transfers
[    0.514199] PCI: CLS 0 bytes, default 64
[    0.516558] Unpacking initramfs...
[    0.521382] Initialise system trusted keyrings
[    0.522213] workingset: timestamp_bits=56 (anon: 52) max_order=16 bucket_order=0 (anon: 0)
[    0.524603] Key type asymmetric registered
[    0.524678] Asymmetric key parser 'x509' registered
[    0.524811] Block layer SCSI generic (bsg) driver version 0.4 loaded (major 251)
[    0.525101] io scheduler mq-deadline registered
[    0.525161] io scheduler kyber registered
[    0.527233] input: Power Button as /devices/platform/LNXPWRBN:00/input/input0
[    0.527833] ACPI: button: Power Button [PWRF]
[    0.531319] Serial: 8250/16550 driver, 4 ports, IRQ sharing enabled
[    0.533598] 00:04: ttyS0 at I/O 0x3f8 (irq = 4, base_baud = 115200) is a 16550A
[    0.541152] Non-volatile memory driver v1.3
[    0.550936] loop: module loaded
[    0.555774] scsi host0: ata_piix
[    0.556756] scsi host1: ata_piix
[    0.557032] ata1: PATA max MWDMA2 cmd 0x1f0 ctl 0x3f6 bmdma 0xc040 irq 14 lpm-pol 0
[    0.557100] ata2: PATA max MWDMA2 cmd 0x170 ctl 0x376 bmdma 0xc048 irq 15 lpm-pol 0
[    0.557846] i8042: PNP: PS/2 Controller [PNP0303:KBD,PNP0f13:MOU] at 0x60,0x64 irq 1,12
[    0.561506] serio: i8042 KBD port at 0x60,0x64 irq 1
[    0.561667] serio: i8042 AUX port at 0x60,0x64 irq 12
[    0.563628] rtc_cmos PNP0B00:00: RTC can wake from S4
[    0.565747] rtc_cmos PNP0B00:00: registered as rtc0
[    0.566088] input: AT Translated Set 2 keyboard as /devices/platform/i8042/serio0/input/input1
[    0.569068] rtc_cmos PNP0B00:00: alarms up to one day, y3k, 242 bytes nvram, hpet irqs
[    0.569620] device-mapper: ioctl: 4.50.0-ioctl (2025-04-28) initialised: dm-devel@lists.linux.dev
[    0.569839] amd_pstate: the _CPC object is not present in SBIOS or ACPI disabled
[    0.570047] hid: raw HID events driver (C) Jiri Kosina
[    0.572184] IPI shorthand broadcast: enabled
[    0.579131] sched_clock: Marking stable (568219213, 10706314)->(582675938, -3750411)
[    0.580452] Loading compiled-in X.509 certificates
[    0.586496] Demotion targets for Node 0: null
[    0.590644] PM:   Magic number: 6:276:1002
[    0.590783] serial 00:04: hash matches
[    0.591377] clk: Disabling unused clocks
[    0.591584] KTAP version 1
[    0.591610] 1..0
[    0.642172] Freeing initrd memory: 6428K
[    0.716864] ata2: found unknown device (class 0)
[    0.718731] ata2.00: ATAPI: QEMU DVD-ROM, 2.5+, max UDMA/100
[    0.724610] scsi 1:0:0:0: CD-ROM            QEMU     QEMU DVD-ROM     2.5+ PQ: 0 ANSI: 5
[    0.740552] sr 1:0:0:0: [sr0] scsi3-mmc drive: 4x/4x cd/rw xa/form2 tray
[    0.752786] cdrom: Uniform CD-ROM driver Revision: 3.20
[    0.760292] sr 1:0:0:0: Attached scsi CD-ROM sr0
[    0.760908] sr 1:0:0:0: Attached scsi generic sg0 type 5
[    0.794869] Freeing unused kernel image (initmem) memory: 2552K
[    0.795039] Write protecting the kernel read-only data: 18432k
[    0.796476] Freeing unused kernel image (text/rodata gap) memory: 1592K
[    0.797447] Freeing unused kernel image (rodata/data gap) memory: 1764K
[    0.883174] x86/mm: Checked W+X mappings: passed, no W+X pages found.
[    0.883361] Run /init as init process
[    0.883389]   with arguments:
[    0.883417]     /init
[    0.883439]     nokaslr
[    0.883457]   with environment:
[    0.883481]     HOME=/
[    0.883502]     TERM=linux
[    0.941781] mount (50) used greatest stack depth: 13208 bytes left
[    0.949461] mount (51) used greatest stack depth: 13152 bytes left
/init: 5: mkdir: not found
=== insmod device-registrar target=ftgpio010-gpio ===
[    0.969815] device_registrar: loading out-of-tree module taints kernel.
[    0.973269] device-registrar: 注册 'ftgpio010-gpio' (MMIO @ 0xF0000000)
[    0.974413] device-registrar: 'ftgpio010-gpio' 已注册
[    0.975947] insmod (55) used greatest stack depth: 13120 bytes left
REHARNESS_REGISTRAR_INSMOD_RC=0
[    0.980581] input: ImExPS/2 Generic Explorer Mouse as /devices/platform/i8042/serio1/input/input3
=== insmod ftgpio010_gpio ===
[    1.287050] [rhbase] ffffc9000002d000
[    1.287618] [rh] R 0x4 0x0
[    1.287656] [rh] R 0x8 0x0
[    1.287746] [rh] W 0x20 0x0
[    1.287778] [rh] W 0x2c 0x0
[    1.287807] [rh] W 0x30 0xffffffff
[    1.287838] [rh] W 0x40 0x0
[    1.288129] [rh] R 0x8 0x0
[    1.288169] [rh] R 0x8 0x0
[    1.288186] [rh] R 0x8 0x0
[    1.288204] [rh] R 0x8 0x0
[    1.288221] [rh] R 0x8 0x0
[    1.288238] [rh] R 0x8 0x0
[    1.288255] [rh] R 0x8 0x0
[    1.288272] [rh] R 0x8 0x0
[    1.288308] [rh] R 0x8 0x0
[    1.288325] [rh] R 0x8 0x0
[    1.288342] [rh] R 0x8 0x0
[    1.288360] [rh] R 0x8 0x0
[    1.288377] [rh] R 0x8 0x0
[    1.288394] [rh] R 0x8 0x0
[    1.288415] [rh] R 0x8 0x0
[    1.288432] [rh] R 0x8 0x0
[    1.288449] [rh] R 0x8 0x0
[    1.288466] [rh] R 0x8 0x0
[    1.288483] [rh] R 0x8 0x0
[    1.288500] [rh] R 0x8 0x0
[    1.288517] [rh] R 0x8 0x0
[    1.288534] [rh] R 0x8 0x0
[    1.288551] [rh] R 0x8 0x0
[    1.288568] [rh] R 0x8 0x0
[    1.288585] [rh] R 0x8 0x0
[    1.288602] [rh] R 0x8 0x0
[    1.288619] [rh] R 0x8 0x0
[    1.288636] [rh] R 0x8 0x0
[    1.288653] [rh] R 0x8 0x0
[    1.288670] [rh] R 0x8 0x0
[    1.288687] [rh] R 0x8 0x0
[    1.288704] [rh] R 0x8 0x0
[    1.289068] gpio gpiochip0: (ftgpio010-gpio): not an immutable chip, please consider fixing it!
[    1.290825] insmod (58) used greatest stack depth: 13080 bytes left
REHARNESS_DRIVER_INSMOD_RC=0
[    1.548011] tsc: Refined TSC clocksource calibration: 4299.977 MHz
[    1.548637] clocksource: tsc: mask: 0xffffffffffffffff max_cycles: 0x3dfb4e49c30, max_idle_ns: 440795405685 ns
[    1.550403] clocksource: Switched to clocksource tsc
REHARNESS_DRIVER_PROBE_BOUND=1
=== dmesg ===
[    0.030573] PM: hibernation: Registered nosave memory: [mem 0x00000000-0x00000fff]
[    0.030638] PM: hibernation: Registered nosave memory: [mem 0x0009f000-0x000fffff]
[    0.403602] thermal_sys: Registered thermal governor 'step_wise'
[    0.409525] HugeTLB: registered 2.00 MiB page size, pre-allocated 0 pages
[    0.485682] pps_core: LinuxPPS API ver. 1 registered
[    0.524603] Key type asymmetric registered
[    0.524678] Asymmetric key parser 'x509' registered
[    0.525101] io scheduler mq-deadline registered
[    0.525161] io scheduler kyber registered
[    0.565747] rtc_cmos PNP0B00:00: registered as rtc0
[    0.973269] device-registrar: \xe6\xb3\xa8\xe5\x86\x8c 'ftgpio010-gpio' (MMIO @ 0xF0000000)
[    0.974413] device-registrar: 'ftgpio010-gpio' \xe5\xb7\xb2\xe6\xb3\xa8\xe5\x86\x8c
[    1.289068] gpio gpiochip0: (ftgpio010-gpio): not an immutable chip, please consider fixing it!
=== Linux subsystem test 0 ===
ioctl LINEINFO=0
[    1.627381] [rh] R 0x8 0x0
[    1.627637] [rh] R 0x44 0x0
[    1.627674] [rh] R 0x40 0x0
[    1.627697] [rh] W 0x44 0x116
[    1.627726] [rh] W 0x40 0x1
[    1.627846] [rh] R 0x44 0x0
[    1.627867] [rh] R 0x40 0x0
[    1.627885] [rh] W 0x44 0x8
[    1.627904] [rh] W 0x40 0x1
[    1.627986] [rh] W 0x14 0x1
[    1.628016] [rh] W 0x8 0x1
ioctl GET_LINE=0 fd=4
[    1.629078] [rh] R 0x4 0x0
ioctl GET_VALUES=0 bits=0
[    1.629532] [rh] W 0x10 0x1
ioctl SET_VALUES(1)=0
[    1.629676] [rh] W 0x14 0x1
ioctl SET_VALUES(0)=0
[    1.629899] [rh] W 0x8 0x0
ioctl SET_CONFIG(INPUT)=0
GPIO_TRACE_DONE
REHARNESS_SUBSYSTEM_TEST_0_NAME=ftgpio010-gpio-api
REHARNESS_SUBSYSTEM_TEST_0_RC=0
REHARNESS_SUBSYSTEM_TEST_0_STATUS=pass
=== rmmod ftgpio010_gpio ===
[    1.664142] device-registrar: 'ftgpio010-gpio' 已注销
=== QEMU_RUN_DONE ===
[    1.880206] sysrq: Power Off
[    1.880642] Kernel panic - not syncing: Attempted to kill init! exitcode=0x00000000
[    1.881022] CPU: 1 UID: 0 PID: 1 Comm: init Tainted: G           O        7.1.0-rc7-gacb7500801e9 #8 PREEMPT(lazy) 
[    1.881132] Tainted: [O]=OOT_MODULE
[    1.881158] Hardware name: QEMU Standard PC (i440FX + PIIX, 1996), BIOS rel-1.17.0-0-gb52ca86e094d-prebuilt.qemu.org 04/01/2014
[    1.881284] Call Trace:
[    1.881636]  <TASK>
[    1.881771]  vpanic+0x32f/0x4b0
[    1.881933]  panic+0x63/0x70
[    1.881957]  do_exit+0x94a/0xaf0
[    1.881982]  do_group_exit+0x30/0x80
[    1.882007]  __x64_sys_exit_group+0x18/0x20
[    1.882038]  x64_sys_call+0x12e2/0x1880
[    1.882064]  do_syscall_64+0x10e/0x4e0
[    1.882093]  entry_SYSCALL_64_after_hwframe+0x77/0x7f
[    1.882194] RIP: 0033:0x7f15a089231d
[    1.882333] Code: 02 ba ff ff ff ff 89 d0 c3 0f 1f 40 00 f3 0f 1e fa 48 8b 35 ed 4a 11 00 ba e7 00 00 00 eb 07 66 0f 1f 44 00 00 f4 89 d0 0f 05 <48> 3d 00 f0 ff ff 76 f3 f7 d8 64 89 06 eb ec 0f 1f 40 00 f3 0f 1e
[    1.882459] RSP: 002b:00007ffc7944e468 EFLAGS: 00000202 ORIG_RAX: 00000000000000e7
[    1.882522] RAX: ffffffffffffffda RBX: 00007ffc7944e6f0 RCX: 00007f15a089231d
[    1.882564] RDX: 00000000000000e7 RSI: ffffffffffffff88 RDI: 0000000000000000
[    1.882605] RBP: 00007ffc7944e540 R08: 000055785840f010 R09: 0000000000000007
[    1.882645] R10: 0000557858411ac0 R11: 0000000000000202 R12: 0000000000000000
[    1.882685] R13: 00007ffc7944e6e0 R14: 00005578334eddd8 R15: 00007f15a09f8000
[    1.882749]  </TASK>
[    1.883113] Kernel Offset: disabled
[    1.883288] Rebooting in 1 seconds..
