c[?7l[2J[0mSeaBIOS (version rel-1.17.0-0-gb52ca86e094d-prebuilt.qemu.org)


iPXE (http://ipxe.org) 00:03.0 CA00 PCI2.10 PnP PMM+0EFD1C90+0EF31C90 CA00
Press Ctrl-B to configure iPXE (PCI 00:03.0)...                                                                               


Booting from ROM..c[?7l[2JNo EFI environment detected.
early console in extract_kernel
input_data: 0x00000000024b32c4
input_len: 0x000000000089d74b
output: 0x0000000001000000
output_len: 0x0000000001d12950
kernel_total_size: 0x0000000001b1c000
needed_size: 0x0000000001e00000
trampoline_32bit: 0x0000000000000000


KASLR disabled: 'nokaslr' on cmdline.


Decompressing Linux... Parsing ELF... No relocation needed... done.
Booting the kernel (entry_offset: 0x00000000017c93b0).
[    0.000000] Linux version 7.1.0-rc7-gacb7500801e9 (yfblock@9950x) (gcc (Ubuntu 13.3.0-6ubuntu2~24.04.1) 13.3.0, GNU ld (GNU Binutils for Ubuntu) 2.42) #14 SMP PREEMPT_DYNAMIC Tue Aug 25 13:55:19 CST 2026
[    0.000000] Command line: console=ttyS0 nokaslr panic=1 ignore_loglevel earlyprintk=serial,ttyS0,115200
[    0.000000] BIOS-provided physical RAM map:
[    0.000000] BIOS-e820: [mem 0x0000000000000000-0x000000000009fbff]  System RAM
[    0.000000] BIOS-e820: [mem 0x000000000009fc00-0x000000000009ffff]  device reserved
[    0.000000] BIOS-e820: [gap 0x00000000000a0000-0x00000000000effff]
[    0.000000] BIOS-e820: [mem 0x00000000000f0000-0x00000000000fffff]  device reserved
[    0.000000] BIOS-e820: [mem 0x0000000000100000-0x000000000ffdffff]  System RAM
[    0.000000] BIOS-e820: [mem 0x000000000ffe0000-0x000000000fffffff]  device reserved
[    0.000000] BIOS-e820: [gap 0x0000000010000000-0x00000000fffbffff]
[    0.000000] BIOS-e820: [mem 0x00000000fffc0000-0x00000000ffffffff]  device reserved
[    0.000000] BIOS-e820: [gap 0x0000000100000000-0x000000fcffffffff]
[    0.000000] BIOS-e820: [mem 0x000000fd00000000-0x000000ffffffffff]  device reserved
[    0.000000] printk: debug: ignoring loglevel setting.
[    0.000000] printk: legacy bootconsole [earlyser0] enabled
[    0.000000] NX (Execute Disable) protection: active
[    0.000000] APIC: Static calls initialized
[    0.000000] DMI: SMBIOS 2.8 present.
[    0.000000] DMI: QEMU Standard PC (i440FX + PIIX, 1996), BIOS rel-1.17.0-0-gb52ca86e094d-prebuilt.qemu.org 04/01/2014
[    0.000000] DMI: Memory slots populated: 1/1
[    0.000000] tsc: Fast TSC calibration using PIT
[    0.000000] tsc: Detected 4299.972 MHz processor
[    0.007908] e820: update [mem 0x00000000-0x00000fff] System RAM ==> device reserved
[    0.008087] e820: remove [mem 0x000a0000-0x000fffff] System RAM
[    0.008239] last_pfn = 0xffe0 max_arch_pfn = 0x400000000
[    0.008677] MTRR map: 4 entries (3 fixed + 1 variable; max 19), built from 8 variable MTRRs
[    0.008835] x86/PAT: Configuration [0-7]: WB  WC  UC- UC  WB  WP  UC- WT  
[    0.020833] found SMP MP-table at [mem 0x000f54c0-0x000f54cf]
[    0.023869] RAMDISK: [mem 0x0f940000-0x0ffdffff]
[    0.024143] ACPI: Early table checksum verification disabled
[    0.024441] ACPI: RSDP 0x00000000000F52E0 000014 (v00 BOCHS )
[    0.024639] ACPI: RSDT 0x000000000FFE2383 000034 (v01 BOCHS  BXPC     00000001 BXPC 00000001)
[    0.025121] ACPI: FACP 0x000000000FFE222F 000074 (v01 BOCHS  BXPC     00000001 BXPC 00000001)
[    0.025544] ACPI: DSDT 0x000000000FFE0040 0021EF (v01 BOCHS  BXPC     00000001 BXPC 00000001)
[    0.025651] ACPI: FACS 0x000000000FFE0000 000040
[    0.025714] ACPI: APIC 0x000000000FFE22A3 000080 (v03 BOCHS  BXPC     00000001 BXPC 00000001)
[    0.025779] ACPI: HPET 0x000000000FFE2323 000038 (v01 BOCHS  BXPC     00000001 BXPC 00000001)
[    0.025843] ACPI: WAET 0x000000000FFE235B 000028 (v01 BOCHS  BXPC     00000001 BXPC 00000001)
[    0.025947] ACPI: Reserving FACP table memory at [mem 0xffe222f-0xffe22a2]
[    0.025998] ACPI: Reserving DSDT table memory at [mem 0xffe0040-0xffe222e]
[    0.026041] ACPI: Reserving FACS table memory at [mem 0xffe0000-0xffe003f]
[    0.026083] ACPI: Reserving APIC table memory at [mem 0xffe22a3-0xffe2322]
[    0.026133] ACPI: Reserving HPET table memory at [mem 0xffe2323-0xffe235a]
[    0.026175] ACPI: Reserving WAET table memory at [mem 0xffe235b-0xffe2382]
[    0.027414] No NUMA configuration found
[    0.027457] Faking a node at [mem 0x0000000000000000-0x000000000ffdffff]
[    0.027850] NODE_DATA(0) allocated [mem 0x0f93c680-0x0f93ffff]
[    0.028343] ACPI: PM-Timer IO Port: 0x608
[    0.028614] ACPI: LAPIC_NMI (acpi_id[0xff] dfl dfl lint[0x1])
[    0.028872] IOAPIC[0]: apic_id 0, version 32, address 0xfec00000, GSI 0-23
[    0.028982] ACPI: INT_SRC_OVR (bus 0 bus_irq 0 global_irq 2 dfl dfl)
[    0.029157] ACPI: INT_SRC_OVR (bus 0 bus_irq 5 global_irq 5 high level)
[    0.029220] ACPI: INT_SRC_OVR (bus 0 bus_irq 9 global_irq 9 high level)
[    0.029312] ACPI: INT_SRC_OVR (bus 0 bus_irq 10 global_irq 10 high level)
[    0.029355] ACPI: INT_SRC_OVR (bus 0 bus_irq 11 global_irq 11 high level)
[    0.029500] ACPI: Using ACPI (MADT) for SMP configuration information
[    0.029561] ACPI: HPET id: 0x8086a201 base: 0xfed00000
[    0.029823] CPU topo: Max. logical packages:   1
[    0.029874] CPU topo: Max. logical nodes:      1
[    0.029907] CPU topo: Num. nodes per package:  1
[    0.029966] CPU topo: Max. logical dies:       1
[    0.029998] CPU topo: Max. dies per package:   1
[    0.030058] CPU topo: Max. threads per core:   1
[    0.030164] CPU topo: Num. cores per package:     2
[    0.030201] CPU topo: Num. threads per package:   2
[    0.030234] CPU topo: Allowing 2 present CPUs plus 0 hotplug CPUs
[    0.030734] PM: hibernation: Registered nosave memory: [mem 0x00000000-0x00000fff]
[    0.030798] PM: hibernation: Registered nosave memory: [mem 0x0009f000-0x000fffff]
[    0.030907] [gap 0x10000000-0xfffbffff] available for PCI devices
[    0.030975] Booting paravirtualized kernel on bare hardware
[    0.031186] clocksource: refined-jiffies: mask: 0xffffffff max_cycles: 0xffffffff, max_idle_ns: 1910969940391419 ns
[    0.037948] Zone ranges:
[    0.037986]   DMA      [mem 0x0000000000001000-0x0000000000ffffff]
[    0.038063]   DMA32    [mem 0x0000000001000000-0x000000000ffdffff]
[    0.038106]   Normal   empty
[    0.038139] Movable zone start for each node
[    0.038179] Early memory node ranges
[    0.038218]   node   0: [mem 0x0000000000001000-0x000000000009efff]
[    0.038333]   node   0: [mem 0x0000000000100000-0x000000000ffdffff]
[    0.038442] Initmem setup node 0 [mem 0x0000000000001000-0x000000000ffdffff]
[    0.039069] On node 0, zone DMA: 1 pages in unavailable ranges
[    0.039248] On node 0, zone DMA: 97 pages in unavailable ranges
[    0.039933] On node 0, zone DMA32: 32 pages in unavailable ranges
[    0.040092] setup_percpu: NR_CPUS:64 nr_cpumask_bits:2 nr_cpu_ids:2 nr_node_ids:1
[    0.040889] percpu: Embedded 52 pages/cpu s174720 r8192 d30080 u1048576
[    0.041161] pcpu-alloc: s174720 r8192 d30080 u1048576 alloc=1*2097152
[    0.041245] pcpu-alloc: [0] 0 1 
[    0.042104] Kernel command line: console=ttyS0 nokaslr panic=1 ignore_loglevel earlyprintk=serial,ttyS0,115200
[    0.042817] Unknown kernel command line parameters "nokaslr", will be passed to user space.
[    0.042976] printk: log buffer data + meta data: 262144 + 917504 = 1179648 bytes
[    0.043181] Dentry cache hash table entries: 32768 (order: 6, 262144 bytes, linear)
[    0.043286] Inode-cache hash table entries: 16384 (order: 5, 131072 bytes, linear)
[    0.044776] Fallback order for Node 0: 0 
[    0.045028] Built 1 zonelists, mobility grouping on.  Total pages: 65406
[    0.045109] Policy zone: DMA32
[    0.045272] mem auto-init: stack:all(zero), heap alloc:off, heap free:off
[    0.050472] SLUB: HWalign=64, Order=0-3, MinObjects=0, CPUs=2, Nodes=1
Poking KASLR using RDTSC...
[    0.070961] ftrace: allocating 35717 entries in 140 pages
[    0.071216] ftrace: allocated 140 pages with 3 groups
[    0.075621] Dynamic Preempt: lazy
[    0.077394] rcu: Preemptible hierarchical RCU implementation.
[    0.077437] rcu: 	RCU event tracing is enabled.
[    0.077476] rcu: 	RCU restricting CPUs from NR_CPUS=64 to nr_cpu_ids=2.
[    0.077599] 	Trampoline variant of Tasks RCU enabled.
[    0.077633] 	Rude variant of Tasks RCU enabled.
[    0.077665] 	Tracing variant of Tasks RCU enabled.
[    0.077749] rcu: RCU calculated value of scheduler-enlistment delay is 100 jiffies.
[    0.077805] rcu: Adjusting geometry for rcu_fanout_leaf=16, nr_cpu_ids=2
[    0.078519] RCU Tasks: Setting shift to 1 and lim to 1 rcu_task_cb_adjust=1 rcu_task_cpu_ids=2.
[    0.078579] RCU Tasks Rude: Setting shift to 1 and lim to 1 rcu_task_cb_adjust=1 rcu_task_cpu_ids=2.
[    0.093521] NR_IRQS: 4352, nr_irqs: 440, preallocated irqs: 16
[    0.098884] rcu: srcu_init: Setting srcu_struct sizes based on contention.
[    0.103013] Console: colour VGA+ 80x25
[    0.104176] printk: legacy console [ttyS0] enabled
[    0.104176] printk: legacy console [ttyS0] enabled
[    0.104443] printk: legacy bootconsole [earlyser0] disabled
[    0.104443] printk: legacy bootconsole [earlyser0] disabled
[    0.105284] ACPI: Core revision 20251212
[    0.108384] clocksource: hpet: mask: 0xffffffff max_cycles: 0xffffffff, max_idle_ns: 19112604467 ns
[    0.109550] APIC: Switch to symmetric I/O mode setup
[    0.113929] ..TIMER: vector=0x30 apic1=0 pin1=2 apic2=-1 pin2=-1
[    0.119220] clocksource: tsc-early: mask: 0xffffffffffffffff max_cycles: 0x3dfb48a91dc, max_idle_ns: 440795302762 ns
[    0.119495] Calibrating delay loop (skipped), value calculated using timer frequency.. 8599.94 BogoMIPS (lpj=4299972)
[    0.121689] Last level iTLB entries: 4KB 512, 2MB 255, 4MB 127
[    0.121749] Last level dTLB entries: 4KB 512, 2MB 255, 4MB 127, 1GB 0
[    0.121918] mitigations: Enabled attack vectors: user_kernel, user_user, SMT mitigations: auto
[    0.122183] Spectre V2 : Mitigation: Retpolines
[    0.122281] Spectre V1 : Mitigation: usercopy/swapgs barriers and __user pointer sanitization
[    0.122422] Spectre V2 : Spectre v2 / SpectreRSB: Filling RSB on context switch and VMEXIT
[    0.122886] x86/fpu: x87 FPU will use FXSAVE
[    0.185227] pid_max: default: 32768 minimum: 301
[    0.193774] Mount-cache hash table entries: 512 (order: 0, 4096 bytes, linear)
[    0.193895] Mountpoint-cache hash table entries: 512 (order: 0, 4096 bytes, linear)
[    0.198644] VFS: Finished mounting rootfs on nullfs
[    0.312367] smpboot: CPU0: AMD QEMU Virtual CPU version 2.5+ (family: 0xf, model: 0x6b, stepping: 0x1)
[    0.317610] Performance Events: PMU not available due to virtualization, using software events only.
[    0.318193] signal: max sigframe size: 1440
[    0.318935] rcu: Hierarchical SRCU implementation.
[    0.318987] rcu: 	Max phase no-delay instances is 400.
[    0.319640] Timer migration: 1 hierarchy levels; 8 children per group; 1 crossnode level
[    0.322008] smp: Bringing up secondary CPUs ...
[    0.325865] smpboot: x86: Booting SMP configuration:
[    0.325923] .... node  #0, CPUs:      #1
[    0.395673] smp: Brought up 1 node, 2 CPUs
[    0.395813] smpboot: Total of 2 processors activated (17202.21 BogoMIPS)
[    0.400850] Memory: 218216K/261624K available (11767K kernel code, 2294K rwdata, 4896K rodata, 2696K init, 532K bss, 40012K reserved, 0K cma-reserved)
[    0.405652] devtmpfs: initialized
[    0.411468] clocksource: jiffies: mask: 0xffffffff max_cycles: 0xffffffff, max_idle_ns: 1911260446275000 ns
[    0.411779] posixtimers hash table entries: 1024 (order: 2, 16384 bytes, linear)
[    0.411975] futex hash table entries: 512 (32768 bytes on 1 NUMA nodes, total 32 KiB, linear).
[    0.414629] PM: RTC time: 06:00:26, date: 2026-08-25
[    0.417122] NET: Registered PF_NETLINK/PF_ROUTE protocol family
[    0.421174] thermal_sys: Registered thermal governor 'step_wise'
[    0.421512] cpuidle: using governor menu
[    0.422548] Freeing SMP alternatives memory: 32K
[    0.423925] PCI: Using configuration type 1 for base access
[    0.424169] mtrr: your CPUs had inconsistent fixed MTRR settings
[    0.424216] mtrr: your CPUs had inconsistent variable MTRR settings
[    0.424260] mtrr: your CPUs had inconsistent MTRRdefType settings
[    0.424318] mtrr: probably your BIOS does not setup all CPUs.
[    0.424357] mtrr: corrected configuration.
[    0.425665] kprobes: kprobe jump-optimization is enabled. All kprobes are optimized if possible.
[    0.432027] HugeTLB: registered 2.00 MiB page size, pre-allocated 0 pages
[    0.432104] HugeTLB: 28 KiB vmemmap can be freed for a 2.00 MiB page
[    0.436904] ACPI: Added _OSI(Module Device)
[    0.436957] ACPI: Added _OSI(Processor Device)
[    0.436991] ACPI: Added _OSI(Processor Aggregator Device)
[    0.455412] ACPI: 1 ACPI AML tables successfully acquired and loaded
[    0.464605] ACPI: \_SB_: platform _OSC: OS support mask [002a7eee]
[    0.466945] ACPI: Interpreter enabled
[    0.467573] ACPI: PM: (supports S0 S3 S4 S5)
[    0.467628] ACPI: Using IOAPIC for interrupt routing
[    0.467869] PCI: Using host bridge windows from ACPI; if necessary, use "pci=nocrs" and report a bug
[    0.467941] PCI: Using E820 reservations for host bridge windows
[    0.468791] ACPI: Enabled 2 GPEs in block 00 to 0F
[    0.491215] ACPI: PCI Root Bridge [PCI0] (domain 0000 [bus 00-ff])
[    0.491658] acpi PNP0A03:00: _OSC: OS supports [ASPM ClockPM Segments MSI HPX-Type3]
[    0.491795] acpi PNP0A03:00: _OSC: not requesting OS control; OS requires [ExtendedConfig ASPM ClockPM MSI]
[    0.492031] acpi PNP0A03:00: _OSC: platform retains control of PCIe features (AE_ERROR)
[    0.492321] acpi PNP0A03:00: fail to add MMCONFIG information, can't access extended configuration space under this bridge
[    0.494146] PCI host bridge to bus 0000:00
[    0.494302] pci_bus 0000:00: root bus resource [io  0x0000-0x0cf7 window]
[    0.494438] pci_bus 0000:00: root bus resource [io  0x0d00-0xffff window]
[    0.494484] pci_bus 0000:00: root bus resource [mem 0x000a0000-0x000bffff window]
[    0.494549] pci_bus 0000:00: root bus resource [mem 0x10000000-0xfebfffff window]
[    0.494598] pci_bus 0000:00: root bus resource [mem 0x100000000-0x17fffffff window]
[    0.494720] pci_bus 0000:00: root bus resource [bus 00-ff]
[    0.495522] pci 0000:00:00.0: [8086:1237] type 00 class 0x060000 conventional PCI endpoint
[    0.497897] pci 0000:00:01.0: [8086:7000] type 00 class 0x060100 conventional PCI endpoint
[    0.498336] pci 0000:00:01.1: [8086:7010] type 00 class 0x010180 conventional PCI endpoint
[    0.498699] pci 0000:00:01.1: BAR 4 [io  0xc040-0xc04f]
[    0.498773] pci 0000:00:01.1: BAR 0 [io  0x01f0-0x01f7]: legacy IDE quirk
[    0.498827] pci 0000:00:01.1: BAR 1 [io  0x03f6]: legacy IDE quirk
[    0.498883] pci 0000:00:01.1: BAR 2 [io  0x0170-0x0177]: legacy IDE quirk
[    0.498933] pci 0000:00:01.1: BAR 3 [io  0x0376]: legacy IDE quirk
[    0.499680] pci 0000:00:01.3: [8086:7113] type 00 class 0x068000 conventional PCI endpoint
[    0.499955] pci 0000:00:01.3: quirk: [io  0x0600-0x063f] claimed by PIIX4 ACPI
[    0.500021] pci 0000:00:01.3: quirk: [io  0x0700-0x070f] claimed by PIIX4 SMB
[    0.500383] pci 0000:00:02.0: [1234:1111] type 00 class 0x030000 conventional PCI endpoint
[    0.500758] pci 0000:00:02.0: BAR 0 [mem 0xfd000000-0xfdffffff pref]
[    0.500835] pci 0000:00:02.0: BAR 2 [mem 0xfebf0000-0xfebf0fff]
[    0.500877] pci 0000:00:02.0: ROM [mem 0xfebe0000-0xfebeffff pref]
[    0.501040] pci 0000:00:02.0: Video device with shadowed ROM at [mem 0x000c0000-0x000dffff]
[    0.501449] pci 0000:00:03.0: [8086:100e] type 00 class 0x020000 conventional PCI endpoint
[    0.501910] pci 0000:00:03.0: BAR 0 [mem 0xfebc0000-0xfebdffff]
[    0.501962] pci 0000:00:03.0: BAR 1 [io  0xc000-0xc03f]
[    0.502000] pci 0000:00:03.0: ROM [mem 0xfeb80000-0xfebbffff pref]
[    0.507244] ACPI: PCI: Interrupt link LNKA configured for IRQ 10
[    0.507721] ACPI: PCI: Interrupt link LNKB configured for IRQ 10
[    0.508030] ACPI: PCI: Interrupt link LNKC configured for IRQ 11
[    0.508330] ACPI: PCI: Interrupt link LNKD configured for IRQ 11
[    0.508495] ACPI: PCI: Interrupt link LNKS configured for IRQ 9
[    0.510672] iommu: Default domain type: Translated
[    0.510745] iommu: DMA domain TLB invalidation policy: lazy mode
[    0.511640] SCSI subsystem initialized
[    0.512486] libata version 3.00 loaded.
[    0.512507] ACPI: bus type USB registered
[    0.512796] usbcore: registered new interface driver usbfs
[    0.512991] usbcore: registered new interface driver hub
[    0.513090] usbcore: registered new device driver usb
[    0.513277] pps_core: LinuxPPS API ver. 1 registered
[    0.513317] pps_core: Software ver. 5.3.6 - Copyright 2005-2007 Rodolfo Giometti <giometti@linux.it>
[    0.513400] PTP clock support registered
[    0.517834] PCI: Using ACPI for IRQ routing
[    0.517937] PCI: pci_cache_line_size set to 64 bytes
[    0.518164] e820: register RAM buffer resource [mem 0x0009fc00-0x0009ffff]
[    0.518299] e820: register RAM buffer resource [mem 0x0ffe0000-0x0fffffff]
[    0.520944] pci 0000:00:02.0: vgaarb: setting as boot VGA device
[    0.520944] pci 0000:00:02.0: vgaarb: bridge control possible
[    0.520944] pci 0000:00:02.0: vgaarb: VGA device added: decodes=io+mem,owns=io+mem,locks=none
[    0.520944] vgaarb: loaded
[    0.521468] hpet: 3 channels of 0 reserved for per-cpu timers
[    0.521637] hpet0: at MMIO 0xfed00000, IRQs 2, 8, 0
[    0.521716] hpet0: 3 comparators, 64-bit 100.000000 MHz counter
[    0.525717] clocksource: Switched to clocksource tsc-early
[    0.526687] VFS: Disk quotas dquot_6.6.0
[    0.526777] VFS: Dquot-cache hash table entries: 512 (order 0, 4096 bytes)
[    0.528057] pnp: PnP ACPI init
[    0.529250] pnp 00:02: [dma 2]
[    0.530250] pnp: PnP ACPI: found 5 devices
[    0.543647] clocksource: acpi_pm: mask: 0xffffff max_cycles: 0xffffff, max_idle_ns: 2085701024 ns
[    0.544232] pci_bus 0000:00: resource 4 [io  0x0000-0x0cf7 window]
[    0.544286] pci_bus 0000:00: resource 5 [io  0x0d00-0xffff window]
[    0.544329] pci_bus 0000:00: resource 6 [mem 0x000a0000-0x000bffff window]
[    0.544374] pci_bus 0000:00: resource 7 [mem 0x10000000-0xfebfffff window]
[    0.544435] pci_bus 0000:00: resource 8 [mem 0x100000000-0x17fffffff window]
[    0.544756] pci 0000:00:01.0: PIIX3: Enabling Passive Release
[    0.544841] pci 0000:00:00.0: Limiting direct PCI/PCI transfers
[    0.544960] PCI: CLS 0 bytes, default 64
[    0.547283] Unpacking initramfs...
[    0.552713] Initialise system trusted keyrings
[    0.553597] workingset: timestamp_bits=56 (anon: 52) max_order=16 bucket_order=0 (anon: 0)
[    0.555887] Key type asymmetric registered
[    0.555962] Asymmetric key parser 'x509' registered
[    0.556094] Block layer SCSI generic (bsg) driver version 0.4 loaded (major 250)
[    0.556371] io scheduler mq-deadline registered
[    0.556474] io scheduler kyber registered
[    0.558676] input: Power Button as /devices/platform/LNXPWRBN:00/input/input0
[    0.559240] ACPI: button: Power Button [PWRF]
[    0.563100] Serial: 8250/16550 driver, 4 ports, IRQ sharing enabled
[    0.565272] 00:04: ttyS0 at I/O 0x3f8 (irq = 4, base_baud = 115200) is a 16550A
[    0.570925] Non-volatile memory driver v1.3
[    0.581055] loop: module loaded
[    0.585952] scsi host0: ata_piix
[    0.587506] scsi host1: ata_piix
[    0.587741] ata1: PATA max MWDMA2 cmd 0x1f0 ctl 0x3f6 bmdma 0xc040 irq 14 lpm-pol 0
[    0.587815] ata2: PATA max MWDMA2 cmd 0x170 ctl 0x376 bmdma 0xc048 irq 15 lpm-pol 0
[    0.590668] i8042: PNP: PS/2 Controller [PNP0303:KBD,PNP0f13:MOU] at 0x60,0x64 irq 1,12
[    0.592433] serio: i8042 KBD port at 0x60,0x64 irq 1
[    0.592578] serio: i8042 AUX port at 0x60,0x64 irq 12
[    0.594633] input: AT Translated Set 2 keyboard as /devices/platform/i8042/serio0/input/input1
[    0.595670] rtc_cmos PNP0B00:00: RTC can wake from S4
[    0.597673] rtc_cmos PNP0B00:00: registered as rtc0
[    0.598453] rtc_cmos PNP0B00:00: alarms up to one day, y3k, 242 bytes nvram, hpet irqs
[    0.599713] device-mapper: ioctl: 4.50.0-ioctl (2025-04-28) initialised: dm-devel@lists.linux.dev
[    0.599944] amd_pstate: the _CPC object is not present in SBIOS or ACPI disabled
[    0.600121] hid: raw HID events driver (C) Jiri Kosina
[    0.600612] usbcore: registered new interface driver usbhid
[    0.600662] usbhid: USB HID core driver
[    0.602922] IPI shorthand broadcast: enabled
[    0.609937] sched_clock: Marking stable (598335433, 11066261)->(611777394, -2375700)
[    0.611324] Loading compiled-in X.509 certificates
[    0.616907] Demotion targets for Node 0: null
[    0.622818] PM:   Magic number: 6:487:14
[    0.623507] clk: Disabling unused clocks
[    0.623699] KTAP version 1
[    0.623725] 1..0
[    0.708951] Freeing initrd memory: 6784K
[    0.742012] ata2: found unknown device (class 0)
[    0.744709] ata2.00: ATAPI: QEMU DVD-ROM, 2.5+, max UDMA/100
[    0.760589] scsi 1:0:0:0: CD-ROM            QEMU     QEMU DVD-ROM     2.5+ PQ: 0 ANSI: 5
[    0.776620] sr 1:0:0:0: [sr0] scsi3-mmc drive: 4x/4x cd/rw xa/form2 tray
[    0.788623] cdrom: Uniform CD-ROM driver Revision: 3.20
[    0.796245] sr 1:0:0:0: Attached scsi CD-ROM sr0
[    0.797138] sr 1:0:0:0: Attached scsi generic sg0 type 5
[    0.832255] Freeing unused kernel image (initmem) memory: 2696K
[    0.832420] Write protecting the kernel read-only data: 18432k
[    0.833514] Freeing unused kernel image (text/rodata gap) memory: 520K
[    0.834075] Freeing unused kernel image (rodata/data gap) memory: 1248K
[    0.944814] x86/mm: Checked W+X mappings: passed, no W+X pages found.
[    0.945001] Run /init as init process
[    0.945029]   with arguments:
[    0.945054]     /init
[    0.945075]     nokaslr
[    0.945094]   with environment:
[    0.945118]     HOME=/
[    0.945139]     TERM=linux
[    0.999541] mount (52) used greatest stack depth: 13208 bytes left
[    1.006985] mount (53) used greatest stack depth: 13120 bytes left
/init: 5: mkdir: not found
=== insmod runtime fixture mdio-registrar ===
[    1.027828] mdio_registrar: loading out-of-tree module taints kernel.
[    1.030719] input: ImExPS/2 Generic Explorer Mouse as /devices/platform/i8042/serio1/input/input3
[    1.032192] REHARNESS_MDIO_DEVICE_READY address=1
REHARNESS_RUNTIME_FIXTURE_MODULE_0_INSMOD_RC=0
=== insmod reharness_mdio_sensor ===
[    1.039085] reharness_mdio_sensor reharness-mdio-bus:01: REHARNESS_MDIO_DRIVER_PROBE register=0x10 value=0x5a5a
REHARNESS_DRIVER_INSMOD_RC=0
REHARNESS_DRIVER_PROBE_BOUND=1
=== dmesg ===
[    1.039085] reharness_mdio_sensor reharness-mdio-bus:01: REHARNESS_MDIO_DRIVER_PROBE register=0x10 value=0x5a5a
=== Linux subsystem test 0 ===
MDIO_TRANSACTION_PASS
REHARNESS_SUBSYSTEM_TEST_0_NAME=mdio-transaction
REHARNESS_SUBSYSTEM_TEST_0_KIND=native
REHARNESS_SUBSYSTEM_TEST_0_PROVIDER=
REHARNESS_SUBSYSTEM_TEST_0_REQUIRED=1
REHARNESS_SUBSYSTEM_TEST_0_RC=0
REHARNESS_SUBSYSTEM_TEST_0_STATUS=pass
=== Linux subsystem test 1 ===
MDIO_INVALID_ADDRESS_PASS
REHARNESS_SUBSYSTEM_TEST_1_NAME=mdio-invalid-address
REHARNESS_SUBSYSTEM_TEST_1_KIND=native
REHARNESS_SUBSYSTEM_TEST_1_PROVIDER=
REHARNESS_SUBSYSTEM_TEST_1_REQUIRED=1
REHARNESS_SUBSYSTEM_TEST_1_RC=0
REHARNESS_SUBSYSTEM_TEST_1_STATUS=pass
=== rmmod reharness_mdio_sensor ===
[    1.093906] reharness_mdio_sensor reharness-mdio-bus:01: REHARNESS_MDIO_DRIVER_REMOVE
REHARNESS_DRIVER_RMMOD_RC=0
[    1.112269] REHARNESS_MDIO_REGISTRAR_UNLOADED
REHARNESS_RUNTIME_FIXTURE_MODULE_0_RMMOD_RC=0
=== QEMU_RUN_DONE ===
[    1.328785] sysrq: Power Off
[    1.329733] Kernel panic - not syncing: Attempted to kill init! exitcode=0x00000000
[    1.330079] CPU: 0 UID: 0 PID: 1 Comm: init Tainted: G           O        7.1.0-rc7-gacb7500801e9 #14 PREEMPT(lazy) 
[    1.330184] Tainted: [O]=OOT_MODULE
[    1.330210] Hardware name: QEMU Standard PC (i440FX + PIIX, 1996), BIOS rel-1.17.0-0-gb52ca86e094d-prebuilt.qemu.org 04/01/2014
[    1.330350] Call Trace:
[    1.330691]  <TASK>
[    1.330819]  vpanic+0x32f/0x4b0
[    1.330975]  panic+0x63/0x70
[    1.331000]  do_exit+0x952/0xaf0
[    1.331025]  do_group_exit+0x30/0x80
[    1.331049]  __x64_sys_exit_group+0x18/0x20
[    1.331087]  x64_sys_call+0x12e2/0x1880
[    1.331119]  do_syscall_64+0x10e/0x4e0
[    1.331154]  entry_SYSCALL_64_after_hwframe+0x77/0x7f
[    1.331253] RIP: 0033:0x7f862b16c31d
[    1.331399] Code: 02 ba ff ff ff ff 89 d0 c3 0f 1f 40 00 f3 0f 1e fa 48 8b 35 ed 4a 11 00 ba e7 00 00 00 eb 07 66 0f 1f 44 00 00 f4 89 d0 0f 05 <48> 3d 00 f0 ff ff 76 f3 f7 d8 64 89 06 eb ec 0f 1f 40 00 f3 0f 1e
[    1.331519] RSP: 002b:00007ffe40c0ecf8 EFLAGS: 00000202 ORIG_RAX: 00000000000000e7
[    1.331578] RAX: ffffffffffffffda RBX: 00007ffe40c0ef80 RCX: 00007f862b16c31d
[    1.331619] RDX: 00000000000000e7 RSI: ffffffffffffff88 RDI: 0000000000000000
[    1.331659] RBP: 00007ffe40c0edd0 R08: 000055e380c51010 R09: 0000000000000007
[    1.331703] R10: 000055e380c54a90 R11: 0000000000000202 R12: 0000000000000000
[    1.331743] R13: 00007ffe40c0ef70 R14: 000055e357753dd8 R15: 00007f862b2d2000
[    1.331807]  </TASK>
[    1.332182] Kernel Offset: disabled
[    1.332355] Rebooting in 1 seconds..
