c[?7l[2J[0mSeaBIOS (version rel-1.17.0-0-gb52ca86e094d-prebuilt.qemu.org)


iPXE (http://ipxe.org) 00:03.0 CA00 PCI2.10 PnP PMM+0EFD1C90+0EF31C90 CA00
Press Ctrl-B to configure iPXE (PCI 00:03.0)...                                                                               


Booting from ROM..c[?7l[2JNo EFI environment detected.
early console in extract_kernel
input_data: 0x000000000266e2c4
input_len: 0x0000000000941f16
output: 0x0000000001000000
output_len: 0x0000000001f706d0
kernel_total_size: 0x0000000001d76000
needed_size: 0x0000000002000000
trampoline_32bit: 0x0000000000000000


KASLR disabled: 'nokaslr' on cmdline.


Decompressing Linux... Parsing ELF... No relocation needed... done.
Booting the kernel (entry_offset: 0x0000000001a083b0).
[    0.000000] Linux version 7.1.0-rc7-gacb7500801e9 (yfblock@9950x) (gcc (Ubuntu 13.3.0-6ubuntu2~24.04.1) 13.3.0, GNU ld (GNU Binutils for Ubuntu) 2.42) #15 SMP PREEMPT_DYNAMIC Tue Aug 25 15:37:57 CST 2026
[    0.000000] Command line: console=ttyS0 nokaslr panic=1 ignore_loglevel earlyprintk=serial,ttyS0,115200
[    0.000000] BIOS-provided physical RAM map:
[    0.000000] BIOS-e820: [mem 0x0000000000000000-0x000000000009fbff]  System RAM
[    0.000000] BIOS-e820: [mem 0x000000000009fc00-0x000000000009ffff]  device reserved
[    0.000000] BIOS-e820: [gap 0x00000000000a0000-0x00000000000effff]
[    0.000000] BIOS-e820: [mem 0x00000000000f0000-0x00000000000fffff]  device reserved
[    0.000000] BIOS-e820: [mem 0x0000000000100000-0x000000000ffdffff]  System RAM
[    0.000000] BIOS-e820: [mem 0x000000000ffe0000-0x000000000fffffff]  device reserved
[    0.000000] BIOS-e820: [gap 0x0000000010000000-0x00000000fffbffff]
[    0.000000] BIOS-e820: [mem 0x00000000fffc0000-0x00000000ffffffff]  device reserved
[    0.000000] BIOS-e820: [gap 0x0000000100000000-0x000000fcffffffff]
[    0.000000] BIOS-e820: [mem 0x000000fd00000000-0x000000ffffffffff]  device reserved
[    0.000000] printk: debug: ignoring loglevel setting.
[    0.000000] printk: legacy bootconsole [earlyser0] enabled
[    0.000000] NX (Execute Disable) protection: active
[    0.000000] APIC: Static calls initialized
[    0.000000] DMI: SMBIOS 2.8 present.
[    0.000000] DMI: QEMU Standard PC (i440FX + PIIX, 1996), BIOS rel-1.17.0-0-gb52ca86e094d-prebuilt.qemu.org 04/01/2014
[    0.000000] DMI: Memory slots populated: 1/1
[    0.000000] tsc: Fast TSC calibration using PIT
[    0.000000] tsc: Detected 4299.986 MHz processor
[    0.007896] e820: update [mem 0x00000000-0x00000fff] System RAM ==> device reserved
[    0.008071] e820: remove [mem 0x000a0000-0x000fffff] System RAM
[    0.008222] last_pfn = 0xffe0 max_arch_pfn = 0x400000000
[    0.008655] MTRR map: 4 entries (3 fixed + 1 variable; max 19), built from 8 variable MTRRs
[    0.008813] x86/PAT: Configuration [0-7]: WB  WC  UC- UC  WB  WP  UC- WT  
[    0.020639] found SMP MP-table at [mem 0x000f54c0-0x000f54cf]
[    0.023658] RAMDISK: [mem 0x0f82d000-0x0ffdffff]
[    0.023929] ACPI: Early table checksum verification disabled
[    0.024233] ACPI: RSDP 0x00000000000F52E0 000014 (v00 BOCHS )
[    0.024428] ACPI: RSDT 0x000000000FFE2383 000034 (v01 BOCHS  BXPC     00000001 BXPC 00000001)
[    0.024903] ACPI: FACP 0x000000000FFE222F 000074 (v01 BOCHS  BXPC     00000001 BXPC 00000001)
[    0.025336] ACPI: DSDT 0x000000000FFE0040 0021EF (v01 BOCHS  BXPC     00000001 BXPC 00000001)
[    0.025434] ACPI: FACS 0x000000000FFE0000 000040
[    0.025497] ACPI: APIC 0x000000000FFE22A3 000080 (v03 BOCHS  BXPC     00000001 BXPC 00000001)
[    0.025562] ACPI: HPET 0x000000000FFE2323 000038 (v01 BOCHS  BXPC     00000001 BXPC 00000001)
[    0.025625] ACPI: WAET 0x000000000FFE235B 000028 (v01 BOCHS  BXPC     00000001 BXPC 00000001)
[    0.025729] ACPI: Reserving FACP table memory at [mem 0xffe222f-0xffe22a2]
[    0.025780] ACPI: Reserving DSDT table memory at [mem 0xffe0040-0xffe222e]
[    0.025822] ACPI: Reserving FACS table memory at [mem 0xffe0000-0xffe003f]
[    0.025864] ACPI: Reserving APIC table memory at [mem 0xffe22a3-0xffe2322]
[    0.025913] ACPI: Reserving HPET table memory at [mem 0xffe2323-0xffe235a]
[    0.025954] ACPI: Reserving WAET table memory at [mem 0xffe235b-0xffe2382]
[    0.027170] No NUMA configuration found
[    0.027212] Faking a node at [mem 0x0000000000000000-0x000000000ffdffff]
[    0.027602] NODE_DATA(0) allocated [mem 0x0f829680-0x0f82cfff]
[    0.028091] ACPI: PM-Timer IO Port: 0x608
[    0.028359] ACPI: LAPIC_NMI (acpi_id[0xff] dfl dfl lint[0x1])
[    0.028615] IOAPIC[0]: apic_id 0, version 32, address 0xfec00000, GSI 0-23
[    0.028724] ACPI: INT_SRC_OVR (bus 0 bus_irq 0 global_irq 2 dfl dfl)
[    0.028898] ACPI: INT_SRC_OVR (bus 0 bus_irq 5 global_irq 5 high level)
[    0.028960] ACPI: INT_SRC_OVR (bus 0 bus_irq 9 global_irq 9 high level)
[    0.029051] ACPI: INT_SRC_OVR (bus 0 bus_irq 10 global_irq 10 high level)
[    0.029094] ACPI: INT_SRC_OVR (bus 0 bus_irq 11 global_irq 11 high level)
[    0.029237] ACPI: Using ACPI (MADT) for SMP configuration information
[    0.029297] ACPI: HPET id: 0x8086a201 base: 0xfed00000
[    0.029562] CPU topo: Max. logical packages:   1
[    0.029614] CPU topo: Max. logical nodes:      1
[    0.029647] CPU topo: Num. nodes per package:  1
[    0.029706] CPU topo: Max. logical dies:       1
[    0.029737] CPU topo: Max. dies per package:   1
[    0.029797] CPU topo: Max. threads per core:   1
[    0.029904] CPU topo: Num. cores per package:     2
[    0.029941] CPU topo: Num. threads per package:   2
[    0.029974] CPU topo: Allowing 2 present CPUs plus 0 hotplug CPUs
[    0.030469] PM: hibernation: Registered nosave memory: [mem 0x00000000-0x00000fff]
[    0.030535] PM: hibernation: Registered nosave memory: [mem 0x0009f000-0x000fffff]
[    0.030645] [gap 0x10000000-0xfffbffff] available for PCI devices
[    0.030712] Booting paravirtualized kernel on bare hardware
[    0.030922] clocksource: refined-jiffies: mask: 0xffffffff max_cycles: 0xffffffff, max_idle_ns: 1910969940391419 ns
[    0.038305] Zone ranges:
[    0.038341]   DMA      [mem 0x0000000000001000-0x0000000000ffffff]
[    0.038417]   DMA32    [mem 0x0000000001000000-0x000000000ffdffff]
[    0.038460]   Normal   empty
[    0.038495] Movable zone start for each node
[    0.038535] Early memory node ranges
[    0.038574]   node   0: [mem 0x0000000000001000-0x000000000009efff]
[    0.038688]   node   0: [mem 0x0000000000100000-0x000000000ffdffff]
[    0.038796] Initmem setup node 0 [mem 0x0000000000001000-0x000000000ffdffff]
[    0.039411] On node 0, zone DMA: 1 pages in unavailable ranges
[    0.039591] On node 0, zone DMA: 97 pages in unavailable ranges
[    0.040280] On node 0, zone DMA32: 32 pages in unavailable ranges
[    0.040435] setup_percpu: NR_CPUS:64 nr_cpumask_bits:2 nr_cpu_ids:2 nr_node_ids:1
[    0.041259] percpu: Embedded 52 pages/cpu s175064 r8192 d29736 u1048576
[    0.041535] pcpu-alloc: s175064 r8192 d29736 u1048576 alloc=1*2097152
[    0.041620] pcpu-alloc: [0] 0 1 
[    0.042476] Kernel command line: console=ttyS0 nokaslr panic=1 ignore_loglevel earlyprintk=serial,ttyS0,115200
[    0.043179] Unknown kernel command line parameters "nokaslr", will be passed to user space.
[    0.043345] printk: log buffer data + meta data: 262144 + 917504 = 1179648 bytes
[    0.043549] Dentry cache hash table entries: 32768 (order: 6, 262144 bytes, linear)
[    0.043656] Inode-cache hash table entries: 16384 (order: 5, 131072 bytes, linear)
[    0.045136] Fallback order for Node 0: 0 
[    0.045386] Built 1 zonelists, mobility grouping on.  Total pages: 65406
[    0.045465] Policy zone: DMA32
[    0.045629] mem auto-init: stack:all(zero), heap alloc:off, heap free:off
[    0.050902] SLUB: HWalign=64, Order=0-3, MinObjects=0, CPUs=2, Nodes=1
Poking KASLR using RDTSC...
[    0.071895] ftrace: allocating 37804 entries in 148 pages
[    0.072148] ftrace: allocated 148 pages with 3 groups
[    0.076555] Dynamic Preempt: lazy
[    0.078323] rcu: Preemptible hierarchical RCU implementation.
[    0.078366] rcu: 	RCU event tracing is enabled.
[    0.078405] rcu: 	RCU restricting CPUs from NR_CPUS=64 to nr_cpu_ids=2.
[    0.078530] 	Trampoline variant of Tasks RCU enabled.
[    0.078562] 	Rude variant of Tasks RCU enabled.
[    0.078591] 	Tracing variant of Tasks RCU enabled.
[    0.078675] rcu: RCU calculated value of scheduler-enlistment delay is 100 jiffies.
[    0.078730] rcu: Adjusting geometry for rcu_fanout_leaf=16, nr_cpu_ids=2
[    0.079447] RCU Tasks: Setting shift to 1 and lim to 1 rcu_task_cb_adjust=1 rcu_task_cpu_ids=2.
[    0.079511] RCU Tasks Rude: Setting shift to 1 and lim to 1 rcu_task_cb_adjust=1 rcu_task_cpu_ids=2.
[    0.094232] NR_IRQS: 4352, nr_irqs: 440, preallocated irqs: 16
[    0.099595] rcu: srcu_init: Setting srcu_struct sizes based on contention.
[    0.103393] Console: colour VGA+ 80x25
[    0.104518] printk: legacy console [ttyS0] enabled
[    0.104518] printk: legacy console [ttyS0] enabled
[    0.104793] printk: legacy bootconsole [earlyser0] disabled
[    0.104793] printk: legacy bootconsole [earlyser0] disabled
[    0.105639] ACPI: Core revision 20251212
[    0.108759] clocksource: hpet: mask: 0xffffffff max_cycles: 0xffffffff, max_idle_ns: 19112604467 ns
[    0.109918] APIC: Switch to symmetric I/O mode setup
[    0.114263] ..TIMER: vector=0x30 apic1=0 pin1=2 apic2=-1 pin2=-1
[    0.119585] clocksource: tsc-early: mask: 0xffffffffffffffff max_cycles: 0x3dfb55caa0e, max_idle_ns: 440795204413 ns
[    0.119858] Calibrating delay loop (skipped), value calculated using timer frequency.. 8599.97 BogoMIPS (lpj=4299986)
[    0.122035] Last level iTLB entries: 4KB 512, 2MB 255, 4MB 127
[    0.122096] Last level dTLB entries: 4KB 512, 2MB 255, 4MB 127, 1GB 0
[    0.122262] mitigations: Enabled attack vectors: user_kernel, user_user, SMT mitigations: auto
[    0.122525] Spectre V2 : Mitigation: Retpolines
[    0.122623] Spectre V1 : Mitigation: usercopy/swapgs barriers and __user pointer sanitization
[    0.122786] Spectre V2 : Spectre v2 / SpectreRSB: Filling RSB on context switch and VMEXIT
[    0.123256] x86/fpu: x87 FPU will use FXSAVE
[    0.184295] pid_max: default: 32768 minimum: 301
[    0.192943] Mount-cache hash table entries: 512 (order: 0, 4096 bytes, linear)
[    0.193063] Mountpoint-cache hash table entries: 512 (order: 0, 4096 bytes, linear)
[    0.197817] VFS: Finished mounting rootfs on nullfs
[    0.311733] smpboot: CPU0: AMD QEMU Virtual CPU version 2.5+ (family: 0xf, model: 0x6b, stepping: 0x1)
[    0.316529] Performance Events: PMU not available due to virtualization, using software events only.
[    0.317117] signal: max sigframe size: 1440
[    0.318483] rcu: Hierarchical SRCU implementation.
[    0.318545] rcu: 	Max phase no-delay instances is 400.
[    0.319265] Timer migration: 1 hierarchy levels; 8 children per group; 1 crossnode level
[    0.321629] smp: Bringing up secondary CPUs ...
[    0.325493] smpboot: x86: Booting SMP configuration:
[    0.325552] .... node  #0, CPUs:      #1
[    0.394054] smp: Brought up 1 node, 2 CPUs
[    0.394210] smpboot: Total of 2 processors activated (17200.84 BogoMIPS)
[    0.398762] Memory: 214676K/261624K available (12627K kernel code, 2331K rwdata, 5080K rodata, 2788K init, 544K bss, 43520K reserved, 0K cma-reserved)
[    0.403574] devtmpfs: initialized
[    0.408962] clocksource: jiffies: mask: 0xffffffff max_cycles: 0xffffffff, max_idle_ns: 1911260446275000 ns
[    0.409081] posixtimers hash table entries: 1024 (order: 2, 16384 bytes, linear)
[    0.409133] futex hash table entries: 512 (32768 bytes on 1 NUMA nodes, total 32 KiB, linear).
[    0.411482] PM: RTC time: 08:27:22, date: 2026-08-25
[    0.414034] NET: Registered PF_NETLINK/PF_ROUTE protocol family
[    0.418431] thermal_sys: Registered thermal governor 'step_wise'
[    0.418828] cpuidle: using governor menu
[    0.419867] Freeing SMP alternatives memory: 36K
[    0.421231] PCI: Using configuration type 1 for base access
[    0.421485] mtrr: your CPUs had inconsistent fixed MTRR settings
[    0.421535] mtrr: your CPUs had inconsistent variable MTRR settings
[    0.421582] mtrr: your CPUs had inconsistent MTRRdefType settings
[    0.421631] mtrr: probably your BIOS does not setup all CPUs.
[    0.421671] mtrr: corrected configuration.
[    0.422979] kprobes: kprobe jump-optimization is enabled. All kprobes are optimized if possible.
[    0.424511] HugeTLB: registered 2.00 MiB page size, pre-allocated 0 pages
[    0.424588] HugeTLB: 28 KiB vmemmap can be freed for a 2.00 MiB page
[    0.427174] ACPI: Added _OSI(Module Device)
[    0.427228] ACPI: Added _OSI(Processor Device)
[    0.427261] ACPI: Added _OSI(Processor Aggregator Device)
[    0.438694] ACPI: 1 ACPI AML tables successfully acquired and loaded
[    0.448020] ACPI: \_SB_: platform _OSC: OS support mask [002a7eee]
[    0.452893] ACPI: Interpreter enabled
[    0.453517] ACPI: PM: (supports S0 S3 S4 S5)
[    0.453573] ACPI: Using IOAPIC for interrupt routing
[    0.455832] PCI: Using host bridge windows from ACPI; if necessary, use "pci=nocrs" and report a bug
[    0.455910] PCI: Using E820 reservations for host bridge windows
[    0.456722] ACPI: Enabled 2 GPEs in block 00 to 0F
[    0.486312] ACPI: PCI Root Bridge [PCI0] (domain 0000 [bus 00-ff])
[    0.486762] acpi PNP0A03:00: _OSC: OS supports [ASPM ClockPM Segments MSI HPX-Type3]
[    0.486900] acpi PNP0A03:00: _OSC: not requesting OS control; OS requires [ExtendedConfig ASPM ClockPM MSI]
[    0.487131] acpi PNP0A03:00: _OSC: platform retains control of PCIe features (AE_ERROR)
[    0.487411] acpi PNP0A03:00: fail to add MMCONFIG information, can't access extended configuration space under this bridge
[    0.489197] PCI host bridge to bus 0000:00
[    0.489350] pci_bus 0000:00: root bus resource [io  0x0000-0x0cf7 window]
[    0.489461] pci_bus 0000:00: root bus resource [io  0x0d00-0xffff window]
[    0.489509] pci_bus 0000:00: root bus resource [mem 0x000a0000-0x000bffff window]
[    0.489577] pci_bus 0000:00: root bus resource [mem 0x10000000-0xfebfffff window]
[    0.489628] pci_bus 0000:00: root bus resource [mem 0x100000000-0x17fffffff window]
[    0.489770] pci_bus 0000:00: root bus resource [bus 00-ff]
[    0.490563] pci 0000:00:00.0: [8086:1237] type 00 class 0x060000 conventional PCI endpoint
[    0.492964] pci 0000:00:01.0: [8086:7000] type 00 class 0x060100 conventional PCI endpoint
[    0.493312] pci 0000:00:01.1: [8086:7010] type 00 class 0x010180 conventional PCI endpoint
[    0.493697] pci 0000:00:01.1: BAR 4 [io  0xc040-0xc04f]
[    0.493772] pci 0000:00:01.1: BAR 0 [io  0x01f0-0x01f7]: legacy IDE quirk
[    0.493833] pci 0000:00:01.1: BAR 1 [io  0x03f6]: legacy IDE quirk
[    0.493891] pci 0000:00:01.1: BAR 2 [io  0x0170-0x0177]: legacy IDE quirk
[    0.493943] pci 0000:00:01.1: BAR 3 [io  0x0376]: legacy IDE quirk
[    0.494296] pci 0000:00:01.3: [8086:7113] type 00 class 0x068000 conventional PCI endpoint
[    0.494566] pci 0000:00:01.3: quirk: [io  0x0600-0x063f] claimed by PIIX4 ACPI
[    0.494631] pci 0000:00:01.3: quirk: [io  0x0700-0x070f] claimed by PIIX4 SMB
[    0.495021] pci 0000:00:02.0: [1234:1111] type 00 class 0x030000 conventional PCI endpoint
[    0.495503] pci 0000:00:02.0: BAR 0 [mem 0xfd000000-0xfdffffff pref]
[    0.495583] pci 0000:00:02.0: BAR 2 [mem 0xfebf0000-0xfebf0fff]
[    0.495626] pci 0000:00:02.0: ROM [mem 0xfebe0000-0xfebeffff pref]
[    0.495834] pci 0000:00:02.0: Video device with shadowed ROM at [mem 0x000c0000-0x000dffff]
[    0.496177] pci 0000:00:03.0: [8086:100e] type 00 class 0x020000 conventional PCI endpoint
[    0.496570] pci 0000:00:03.0: BAR 0 [mem 0xfebc0000-0xfebdffff]
[    0.496623] pci 0000:00:03.0: BAR 1 [io  0xc000-0xc03f]
[    0.496663] pci 0000:00:03.0: ROM [mem 0xfeb80000-0xfebbffff pref]
[    0.501904] ACPI: PCI: Interrupt link LNKA configured for IRQ 10
[    0.502338] ACPI: PCI: Interrupt link LNKB configured for IRQ 10
[    0.502648] ACPI: PCI: Interrupt link LNKC configured for IRQ 11
[    0.502972] ACPI: PCI: Interrupt link LNKD configured for IRQ 11
[    0.503126] ACPI: PCI: Interrupt link LNKS configured for IRQ 9
[    0.505244] iommu: Default domain type: Translated
[    0.505309] iommu: DMA domain TLB invalidation policy: lazy mode
[    0.506102] SCSI subsystem initialized
[    0.506198] libata version 3.00 loaded.
[    0.506435] ACPI: bus type USB registered
[    0.506744] usbcore: registered new interface driver usbfs
[    0.506943] usbcore: registered new interface driver hub
[    0.507056] usbcore: registered new device driver usb
[    0.507231] pps_core: LinuxPPS API ver. 1 registered
[    0.507271] pps_core: Software ver. 5.3.6 - Copyright 2005-2007 Rodolfo Giometti <giometti@linux.it>
[    0.507353] PTP clock support registered
[    0.511798] PCI: Using ACPI for IRQ routing
[    0.511902] PCI: pci_cache_line_size set to 64 bytes
[    0.512132] e820: register RAM buffer resource [mem 0x0009fc00-0x0009ffff]
[    0.512272] e820: register RAM buffer resource [mem 0x0ffe0000-0x0fffffff]
[    0.515076] pci 0000:00:02.0: vgaarb: setting as boot VGA device
[    0.515153] pci 0000:00:02.0: vgaarb: bridge control possible
[    0.515216] pci 0000:00:02.0: vgaarb: VGA device added: decodes=io+mem,owns=io+mem,locks=none
[    0.515216] vgaarb: loaded
[    0.515339] hpet: 3 channels of 0 reserved for per-cpu timers
[    0.515513] hpet0: at MMIO 0xfed00000, IRQs 2, 8, 0
[    0.515596] hpet0: 3 comparators, 64-bit 100.000000 MHz counter
[    0.519736] clocksource: Switched to clocksource tsc-early
[    0.521647] VFS: Disk quotas dquot_6.6.0
[    0.521746] VFS: Dquot-cache hash table entries: 512 (order 0, 4096 bytes)
[    0.523016] pnp: PnP ACPI init
[    0.524180] pnp 00:02: [dma 2]
[    0.525205] pnp: PnP ACPI: found 5 devices
[    0.538492] clocksource: acpi_pm: mask: 0xffffff max_cycles: 0xffffff, max_idle_ns: 2085701024 ns
[    0.538922] NET: Registered PF_INET protocol family
[    0.539469] IP idents hash table entries: 4096 (order: 3, 32768 bytes, linear)
[    0.540985] tcp_listen_portaddr_hash hash table entries: 256 (order: 0, 4096 bytes, linear)
[    0.541209] Table-perturb hash table entries: 65536 (order: 6, 262144 bytes, linear)
[    0.541320] TCP established hash table entries: 2048 (order: 2, 16384 bytes, linear)
[    0.541458] TCP bind hash table entries: 2048 (order: 4, 65536 bytes, linear)
[    0.541579] TCP: Hash tables configured (established 2048 bind 2048)
[    0.542293] UDP hash table entries: 256 (order: 2, 16384 bytes, linear)
[    0.543411] pci_bus 0000:00: resource 4 [io  0x0000-0x0cf7 window]
[    0.543484] pci_bus 0000:00: resource 5 [io  0x0d00-0xffff window]
[    0.543546] pci_bus 0000:00: resource 6 [mem 0x000a0000-0x000bffff window]
[    0.543619] pci_bus 0000:00: resource 7 [mem 0x10000000-0xfebfffff window]
[    0.543690] pci_bus 0000:00: resource 8 [mem 0x100000000-0x17fffffff window]
[    0.544371] pci 0000:00:01.0: PIIX3: Enabling Passive Release
[    0.544472] pci 0000:00:00.0: Limiting direct PCI/PCI transfers
[    0.544592] PCI: CLS 0 bytes, default 64
[    0.546945] Unpacking initramfs...
[    0.550776] Initialise system trusted keyrings
[    0.552428] workingset: timestamp_bits=56 (anon: 52) max_order=16 bucket_order=0 (anon: 0)
[    0.554764] Key type asymmetric registered
[    0.554840] Asymmetric key parser 'x509' registered
[    0.554976] Block layer SCSI generic (bsg) driver version 0.4 loaded (major 250)
[    0.555290] io scheduler mq-deadline registered
[    0.555351] io scheduler kyber registered
[    0.557546] input: Power Button as /devices/platform/LNXPWRBN:00/input/input0
[    0.558118] ACPI: button: Power Button [PWRF]
[    0.561121] Serial: 8250/16550 driver, 4 ports, IRQ sharing enabled
[    0.563355] 00:04: ttyS0 at I/O 0x3f8 (irq = 4, base_baud = 115200) is a 16550A
[    0.568781] Non-volatile memory driver v1.3
[    0.578462] loop: module loaded
[    0.583192] scsi host0: ata_piix
[    0.584791] scsi host1: ata_piix
[    0.585135] ata1: PATA max MWDMA2 cmd 0x1f0 ctl 0x3f6 bmdma 0xc040 irq 14 lpm-pol 0
[    0.585209] ata2: PATA max MWDMA2 cmd 0x170 ctl 0x376 bmdma 0xc048 irq 15 lpm-pol 0
[    0.587827] i8042: PNP: PS/2 Controller [PNP0303:KBD,PNP0f13:MOU] at 0x60,0x64 irq 1,12
[    0.589598] serio: i8042 KBD port at 0x60,0x64 irq 1
[    0.589764] serio: i8042 AUX port at 0x60,0x64 irq 12
[    0.590985] rtc_cmos PNP0B00:00: RTC can wake from S4
[    0.592579] input: AT Translated Set 2 keyboard as /devices/platform/i8042/serio0/input/input1
[    0.595904] rtc_cmos PNP0B00:00: registered as rtc0
[    0.597007] rtc_cmos PNP0B00:00: alarms up to one day, y3k, 242 bytes nvram, hpet irqs
[    0.597634] device-mapper: ioctl: 4.50.0-ioctl (2025-04-28) initialised: dm-devel@lists.linux.dev
[    0.597860] amd_pstate: the _CPC object is not present in SBIOS or ACPI disabled
[    0.598041] hid: raw HID events driver (C) Jiri Kosina
[    0.598502] usbcore: registered new interface driver usbhid
[    0.598551] usbhid: USB HID core driver
[    0.599494] NET: Registered PF_INET6 protocol family
[    0.603361] Segment Routing with IPv6
[    0.603500] In-situ OAM (IOAM) with IPv6
[    0.605901] IPI shorthand broadcast: enabled
[    0.613636] sched_clock: Marking stable (602518584, 10721324)->(615027742, -1787834)
[    0.614964] Loading compiled-in X.509 certificates
[    0.621001] Demotion targets for Node 0: null
[    0.623673] PM:   Magic number: 6:664:473
[    0.624435] clk: Disabling unused clocks
[    0.624645] KTAP version 1
[    0.624671] 1..0
[    0.697159] Freeing initrd memory: 7884K
[    0.743605] ata2: found unknown device (class 0)
[    0.746218] ata2.00: ATAPI: QEMU DVD-ROM, 2.5+, max UDMA/100
[    0.752177] scsi 1:0:0:0: CD-ROM            QEMU     QEMU DVD-ROM     2.5+ PQ: 0 ANSI: 5
[    0.768167] sr 1:0:0:0: [sr0] scsi3-mmc drive: 4x/4x cd/rw xa/form2 tray
[    0.780449] cdrom: Uniform CD-ROM driver Revision: 3.20
[    0.787913] sr 1:0:0:0: Attached scsi CD-ROM sr0
[    0.788527] sr 1:0:0:0: Attached scsi generic sg0 type 5
[    0.825241] Freeing unused kernel image (initmem) memory: 2788K
[    0.825403] Write protecting the kernel read-only data: 20480k
[    0.826859] Freeing unused kernel image (text/rodata gap) memory: 1708K
[    0.827573] Freeing unused kernel image (rodata/data gap) memory: 1064K
[    0.940342] x86/mm: Checked W+X mappings: passed, no W+X pages found.
[    0.940526] Run /init as init process
[    0.940554]   with arguments:
[    0.940578]     /init
[    0.940599]     nokaslr
[    0.940627]   with environment:
[    0.940654]     HOME=/
[    0.940674]     TERM=linux
[    1.002103] mount (54) used greatest stack depth: 13208 bytes left
[    1.009489] mount (55) used greatest stack depth: 13120 bytes left
=== insmod reharness_network ===
[    1.029414] input: ImExPS/2 Generic Explorer Mouse as /devices/platform/i8042/serio1/input/input3
[    1.033177] reharness_network: loading out-of-tree module taints kernel.
[    1.037670] REHARNESS_NETWORK_REGISTERED name=eth0
REHARNESS_DRIVER_INSMOD_RC=0
=== dmesg ===
[    1.033177] reharness_network: loading out-of-tree module taints kernel.
[    1.037670] REHARNESS_NETWORK_REGISTERED name=eth0
=== Linux subsystem test 0 ===
[    1.075801] REHARNESS_NETWORK_OPEN name=eth0
NETWORK_INTERFACE_PASS name=eth0
REHARNESS_SUBSYSTEM_TEST_0_NAME=network-interface
REHARNESS_SUBSYSTEM_TEST_0_KIND=native
REHARNESS_SUBSYSTEM_TEST_0_PROVIDER=
REHARNESS_SUBSYSTEM_TEST_0_REQUIRED=1
REHARNESS_SUBSYSTEM_TEST_0_RC=0
REHARNESS_SUBSYSTEM_TEST_0_STATUS=pass
=== Linux subsystem test 1 ===
[    1.130700] REHARNESS_NETWORK_OPEN name=eth0
[    1.131334] ip (83) used greatest stack depth: 12816 bytes left
PASS: eth0: set interface up
RTNETLINK answers: Device or resource busy
[    1.137899] ip (84) used greatest stack depth: 12792 bytes left
FAIL: eth0: Cannot set MAC address
    inet6 fe80::8097:4aff:fe78:9867/64 scope link tentative 
SKIP: eth0: already have an IP
PASS: eth0: ethtool list features
PASS: eth0: Turned off feature: tx-checksumming
Actual changes:
tx-checksum-ipv4: off [requested on]
tx-checksum-ip-generic: off [requested on]
tx-checksum-ipv6: off [requested on]
tx-checksum-fcoe-crc: off [requested on]
tx-checksum-sctp: off [requested on]
Could not change any device features
FAIL: eth0: Failed to turn on feature: tx-checksumming
PASS: eth0: Restore feature tx-checksumming to initial state off
PASS: eth0: Turned off feature: scatter-gather
Actual changes:
tx-scatter-gather: off [requested on]
tx-scatter-gather-fraglist: off [requested on]
Could not change any device features
FAIL: eth0: Failed to turn on feature: scatter-gather
PASS: eth0: Restore feature scatter-gather to initial state off
PASS: eth0: Turned off feature: tcp-segmentation-offload
Actual changes:
tx-tcp-segmentation: off [requested on]
tx-tcp-ecn-segmentation: off [requested on]
tx-tcp-mangleid-segmentation: off [requested on]
tx-tcp6-segmentation: off [requested on]
tx-tcp-accecn-segmentation: off [requested on]
Could not change any device features
FAIL: eth0: Failed to turn on feature: tcp-segmentation-offload
PASS: eth0: Restore feature tcp-segmentation-offload to initial state off
PASS: eth0: Turned off feature: generic-segmentation-offload
Actual changes:
tx-generic-segmentation: off [requested on]
Could not change any device features
FAIL: eth0: Failed to turn on feature: generic-segmentation-offload
PASS: eth0: Restore feature generic-segmentation-offload to initial state off
PASS: eth0: Turned off feature: generic-receive-offload
PASS: eth0: Turned on feature: generic-receive-offload
PASS: eth0: Restore feature generic-receive-offload to initial state on
PASS: eth0: Turned off feature: tx-nocache-copy
PASS: eth0: Turned on feature: tx-nocache-copy
PASS: eth0: Restore feature tx-nocache-copy to initial state off
PASS: eth0: Turned off feature: rx-gro-list
PASS: eth0: Turned on feature: rx-gro-list
PASS: eth0: Restore feature rx-gro-list to initial state off
PASS: eth0: Turned off feature: rx-udp-gro-forwarding
PASS: eth0: Turned on feature: rx-udp-gro-forwarding
PASS: eth0: Restore feature rx-udp-gro-forwarding to initial state off
Cannot get driver information: Operation not supported
FAIL: eth0: ethtool dump
no stats available
XFAIL: eth0: ethtool stats not supported
PASS: eth0: stop interface
REHARNESS_SUBSYSTEM_TEST_1_NAME=linux-netdevice-selftest
REHARNESS_SUBSYSTEM_TEST_1_KIND=kselftest
REHARNESS_SUBSYSTEM_TEST_1_PROVIDER=linux-netdevice-selftest
REHARNESS_SUBSYSTEM_TEST_1_REQUIRED=0
REHARNESS_SUBSYSTEM_TEST_1_RC=0
REHARNESS_SUBSYSTEM_TEST_1_STATUS=pass
=== rmmod reharness_network ===
REHARNESS_DRIVER_RMMOD_RC=0
=== QEMU_RUN_DONE ===
[    1.479928] sysrq: Power Off
[    1.480232] Kernel panic - not syncing: Attempted to kill init! exitcode=0x00000000
[    1.480581] CPU: 1 UID: 0 PID: 1 Comm: init Tainted: G           O        7.1.0-rc7-gacb7500801e9 #15 PREEMPT(lazy) 
[    1.480692] Tainted: [O]=OOT_MODULE
[    1.480722] Hardware name: QEMU Standard PC (i440FX + PIIX, 1996), BIOS rel-1.17.0-0-gb52ca86e094d-prebuilt.qemu.org 04/01/2014
[    1.480861] Call Trace:
[    1.481206]  <TASK>
[    1.481335]  vpanic+0x32f/0x4b0
[    1.481494]  panic+0x63/0x70
[    1.481517]  do_exit+0x952/0xaf0
[    1.481542]  do_group_exit+0x30/0x80
[    1.481566]  __x64_sys_exit_group+0x18/0x20
[    1.481598]  x64_sys_call+0x12e2/0x1880
[    1.481623]  do_syscall_64+0x10e/0x4e0
[    1.481654]  entry_SYSCALL_64_after_hwframe+0x77/0x7f
[    1.481755] RIP: 0033:0x7f1d374af31d
[    1.481894] Code: 02 ba ff ff ff ff 89 d0 c3 0f 1f 40 00 f3 0f 1e fa 48 8b 35 ed 4a 11 00 ba e7 00 00 00 eb 07 66 0f 1f 44 00 00 f4 89 d0 0f 05 <48> 3d 00 f0 ff ff 76 f3 f7 d8 64 89 06 eb ec 0f 1f 40 00 f3 0f 1e
[    1.482015] RSP: 002b:00007ffcf14cab38 EFLAGS: 00000202 ORIG_RAX: 00000000000000e7
[    1.482075] RAX: ffffffffffffffda RBX: 00007ffcf14cadc0 RCX: 00007f1d374af31d
[    1.482117] RDX: 00000000000000e7 RSI: ffffffffffffff88 RDI: 0000000000000000
[    1.482157] RBP: 00007ffcf14cac10 R08: 000055f96d655010 R09: 0000000000000007
[    1.482196] R10: 000055f96d657b80 R11: 0000000000000202 R12: 0000000000000000
[    1.482236] R13: 00007ffcf14cadb0 R14: 000055f95464cdd8 R15: 00007f1d37615000
[    1.482298]  </TASK>
[    1.482860] Kernel Offset: disabled
[    1.483026] Rebooting in 1 seconds..
