c[?7l[2J[0mSeaBIOS (version rel-1.17.0-0-gb52ca86e094d-prebuilt.qemu.org)


iPXE (http://ipxe.org) 00:03.0 CA00 PCI2.10 PnP PMM+0EFD1C90+0EF31C90 CA00
Press Ctrl-B to configure iPXE (PCI 00:03.0)...                                                                               


Booting from ROM..c[?7l[2JNo EFI environment detected.
early console in extract_kernel
input_data: 0x000000000266e2c4
input_len: 0x0000000000941f16
output: 0x0000000001000000
output_len: 0x0000000001f706d0
kernel_total_size: 0x0000000001d76000
needed_size: 0x0000000002000000
trampoline_32bit: 0x0000000000000000


KASLR disabled: 'nokaslr' on cmdline.


Decompressing Linux... Parsing ELF... No relocation needed... done.
Booting the kernel (entry_offset: 0x0000000001a083b0).
[    0.000000] Linux version 7.1.0-rc7-gacb7500801e9 (yfblock@9950x) (gcc (Ubuntu 13.3.0-6ubuntu2~24.04.1) 13.3.0, GNU ld (GNU Binutils for Ubuntu) 2.42) #15 SMP PREEMPT_DYNAMIC Tue Aug 25 15:37:57 CST 2026
[    0.000000] Command line: console=ttyS0 nokaslr panic=1 ignore_loglevel earlyprintk=serial,ttyS0,115200
[    0.000000] BIOS-provided physical RAM map:
[    0.000000] BIOS-e820: [mem 0x0000000000000000-0x000000000009fbff]  System RAM
[    0.000000] BIOS-e820: [mem 0x000000000009fc00-0x000000000009ffff]  device reserved
[    0.000000] BIOS-e820: [gap 0x00000000000a0000-0x00000000000effff]
[    0.000000] BIOS-e820: [mem 0x00000000000f0000-0x00000000000fffff]  device reserved
[    0.000000] BIOS-e820: [mem 0x0000000000100000-0x000000000ffdffff]  System RAM
[    0.000000] BIOS-e820: [mem 0x000000000ffe0000-0x000000000fffffff]  device reserved
[    0.000000] BIOS-e820: [gap 0x0000000010000000-0x00000000fffbffff]
[    0.000000] BIOS-e820: [mem 0x00000000fffc0000-0x00000000ffffffff]  device reserved
[    0.000000] BIOS-e820: [gap 0x0000000100000000-0x000000fcffffffff]
[    0.000000] BIOS-e820: [mem 0x000000fd00000000-0x000000ffffffffff]  device reserved
[    0.000000] printk: debug: ignoring loglevel setting.
[    0.000000] printk: legacy bootconsole [earlyser0] enabled
[    0.000000] NX (Execute Disable) protection: active
[    0.000000] APIC: Static calls initialized
[    0.000000] DMI: SMBIOS 2.8 present.
[    0.000000] DMI: QEMU Standard PC (i440FX + PIIX, 1996), BIOS rel-1.17.0-0-gb52ca86e094d-prebuilt.qemu.org 04/01/2014
[    0.000000] DMI: Memory slots populated: 1/1
[    0.000000] tsc: Fast TSC calibration using PIT
[    0.000000] tsc: Detected 4299.941 MHz processor
[    0.007922] e820: update [mem 0x00000000-0x00000fff] System RAM ==> device reserved
[    0.008101] e820: remove [mem 0x000a0000-0x000fffff] System RAM
[    0.008252] last_pfn = 0xffe0 max_arch_pfn = 0x400000000
[    0.008684] MTRR map: 4 entries (3 fixed + 1 variable; max 19), built from 8 variable MTRRs
[    0.008840] x86/PAT: Configuration [0-7]: WB  WC  UC- UC  WB  WP  UC- WT  
[    0.020754] found SMP MP-table at [mem 0x000f54c0-0x000f54cf]
[    0.023768] RAMDISK: [mem 0x0f495000-0x0ffdffff]
[    0.024037] ACPI: Early table checksum verification disabled
[    0.024323] ACPI: RSDP 0x00000000000F52E0 000014 (v00 BOCHS )
[    0.024521] ACPI: RSDT 0x000000000FFE2383 000034 (v01 BOCHS  BXPC     00000001 BXPC 00000001)
[    0.024991] ACPI: FACP 0x000000000FFE222F 000074 (v01 BOCHS  BXPC     00000001 BXPC 00000001)
[    0.025422] ACPI: DSDT 0x000000000FFE0040 0021EF (v01 BOCHS  BXPC     00000001 BXPC 00000001)
[    0.025520] ACPI: FACS 0x000000000FFE0000 000040
[    0.025580] ACPI: APIC 0x000000000FFE22A3 000080 (v03 BOCHS  BXPC     00000001 BXPC 00000001)
[    0.025644] ACPI: HPET 0x000000000FFE2323 000038 (v01 BOCHS  BXPC     00000001 BXPC 00000001)
[    0.025708] ACPI: WAET 0x000000000FFE235B 000028 (v01 BOCHS  BXPC     00000001 BXPC 00000001)
[    0.025810] ACPI: Reserving FACP table memory at [mem 0xffe222f-0xffe22a2]
[    0.025861] ACPI: Reserving DSDT table memory at [mem 0xffe0040-0xffe222e]
[    0.025904] ACPI: Reserving FACS table memory at [mem 0xffe0000-0xffe003f]
[    0.025945] ACPI: Reserving APIC table memory at [mem 0xffe22a3-0xffe2322]
[    0.025995] ACPI: Reserving HPET table memory at [mem 0xffe2323-0xffe235a]
[    0.026036] ACPI: Reserving WAET table memory at [mem 0xffe235b-0xffe2382]
[    0.027249] No NUMA configuration found
[    0.027291] Faking a node at [mem 0x0000000000000000-0x000000000ffdffff]
[    0.027679] NODE_DATA(0) allocated [mem 0x0f491680-0x0f494fff]
[    0.028161] ACPI: PM-Timer IO Port: 0x608
[    0.028436] ACPI: LAPIC_NMI (acpi_id[0xff] dfl dfl lint[0x1])
[    0.028687] IOAPIC[0]: apic_id 0, version 32, address 0xfec00000, GSI 0-23
[    0.028794] ACPI: INT_SRC_OVR (bus 0 bus_irq 0 global_irq 2 dfl dfl)
[    0.028967] ACPI: INT_SRC_OVR (bus 0 bus_irq 5 global_irq 5 high level)
[    0.029030] ACPI: INT_SRC_OVR (bus 0 bus_irq 9 global_irq 9 high level)
[    0.029122] ACPI: INT_SRC_OVR (bus 0 bus_irq 10 global_irq 10 high level)
[    0.029165] ACPI: INT_SRC_OVR (bus 0 bus_irq 11 global_irq 11 high level)
[    0.029307] ACPI: Using ACPI (MADT) for SMP configuration information
[    0.029368] ACPI: HPET id: 0x8086a201 base: 0xfed00000
[    0.029633] CPU topo: Max. logical packages:   1
[    0.029684] CPU topo: Max. logical nodes:      1
[    0.029717] CPU topo: Num. nodes per package:  1
[    0.029776] CPU topo: Max. logical dies:       1
[    0.029808] CPU topo: Max. dies per package:   1
[    0.029868] CPU topo: Max. threads per core:   1
[    0.029974] CPU topo: Num. cores per package:     2
[    0.030011] CPU topo: Num. threads per package:   2
[    0.030045] CPU topo: Allowing 2 present CPUs plus 0 hotplug CPUs
[    0.030538] PM: hibernation: Registered nosave memory: [mem 0x00000000-0x00000fff]
[    0.030602] PM: hibernation: Registered nosave memory: [mem 0x0009f000-0x000fffff]
[    0.030711] [gap 0x10000000-0xfffbffff] available for PCI devices
[    0.030778] Booting paravirtualized kernel on bare hardware
[    0.030988] clocksource: refined-jiffies: mask: 0xffffffff max_cycles: 0xffffffff, max_idle_ns: 1910969940391419 ns
[    0.038335] Zone ranges:
[    0.038371]   DMA      [mem 0x0000000000001000-0x0000000000ffffff]
[    0.038451]   DMA32    [mem 0x0000000001000000-0x000000000ffdffff]
[    0.038494]   Normal   empty
[    0.038527] Movable zone start for each node
[    0.038567] Early memory node ranges
[    0.038607]   node   0: [mem 0x0000000000001000-0x000000000009efff]
[    0.038722]   node   0: [mem 0x0000000000100000-0x000000000ffdffff]
[    0.038830] Initmem setup node 0 [mem 0x0000000000001000-0x000000000ffdffff]
[    0.039455] On node 0, zone DMA: 1 pages in unavailable ranges
[    0.039631] On node 0, zone DMA: 97 pages in unavailable ranges
[    0.040318] On node 0, zone DMA32: 32 pages in unavailable ranges
[    0.040478] setup_percpu: NR_CPUS:64 nr_cpumask_bits:2 nr_cpu_ids:2 nr_node_ids:1
[    0.046312] percpu: Embedded 52 pages/cpu s175064 r8192 d29736 u1048576
[    0.046596] pcpu-alloc: s175064 r8192 d29736 u1048576 alloc=1*2097152
[    0.046685] pcpu-alloc: [0] 0 1 
[    0.047540] Kernel command line: console=ttyS0 nokaslr panic=1 ignore_loglevel earlyprintk=serial,ttyS0,115200
[    0.048243] Unknown kernel command line parameters "nokaslr", will be passed to user space.
[    0.048413] printk: log buffer data + meta data: 262144 + 917504 = 1179648 bytes
[    0.048618] Dentry cache hash table entries: 32768 (order: 6, 262144 bytes, linear)
[    0.048723] Inode-cache hash table entries: 16384 (order: 5, 131072 bytes, linear)
[    0.050221] Fallback order for Node 0: 0 
[    0.050474] Built 1 zonelists, mobility grouping on.  Total pages: 65406
[    0.050554] Policy zone: DMA32
[    0.050715] mem auto-init: stack:all(zero), heap alloc:off, heap free:off
[    0.055987] SLUB: HWalign=64, Order=0-3, MinObjects=0, CPUs=2, Nodes=1
Poking KASLR using RDTSC...
[    0.077019] ftrace: allocating 37804 entries in 148 pages
[    0.077271] ftrace: allocated 148 pages with 3 groups
[    0.081658] Dynamic Preempt: lazy
[    0.083420] rcu: Preemptible hierarchical RCU implementation.
[    0.083464] rcu: 	RCU event tracing is enabled.
[    0.083502] rcu: 	RCU restricting CPUs from NR_CPUS=64 to nr_cpu_ids=2.
[    0.083625] 	Trampoline variant of Tasks RCU enabled.
[    0.083658] 	Rude variant of Tasks RCU enabled.
[    0.083687] 	Tracing variant of Tasks RCU enabled.
[    0.083770] rcu: RCU calculated value of scheduler-enlistment delay is 100 jiffies.
[    0.083826] rcu: Adjusting geometry for rcu_fanout_leaf=16, nr_cpu_ids=2
[    0.084533] RCU Tasks: Setting shift to 1 and lim to 1 rcu_task_cb_adjust=1 rcu_task_cpu_ids=2.
[    0.084594] RCU Tasks Rude: Setting shift to 1 and lim to 1 rcu_task_cb_adjust=1 rcu_task_cpu_ids=2.
[    0.099119] NR_IRQS: 4352, nr_irqs: 440, preallocated irqs: 16
[    0.104458] rcu: srcu_init: Setting srcu_struct sizes based on contention.
[    0.108220] Console: colour VGA+ 80x25
[    0.109330] printk: legacy console [ttyS0] enabled
[    0.109330] printk: legacy console [ttyS0] enabled
[    0.109603] printk: legacy bootconsole [earlyser0] disabled
[    0.109603] printk: legacy bootconsole [earlyser0] disabled
[    0.110440] ACPI: Core revision 20251212
[    0.113510] clocksource: hpet: mask: 0xffffffff max_cycles: 0xffffffff, max_idle_ns: 19112604467 ns
[    0.114649] APIC: Switch to symmetric I/O mode setup
[    0.118944] ..TIMER: vector=0x30 apic1=0 pin1=2 apic2=-1 pin2=-1
[    0.124325] clocksource: tsc-early: mask: 0xffffffffffffffff max_cycles: 0x3dfb2b95d84, max_idle_ns: 440795321058 ns
[    0.124598] Calibrating delay loop (skipped), value calculated using timer frequency.. 8599.88 BogoMIPS (lpj=4299941)
[    0.126777] Last level iTLB entries: 4KB 512, 2MB 255, 4MB 127
[    0.126838] Last level dTLB entries: 4KB 512, 2MB 255, 4MB 127, 1GB 0
[    0.127005] mitigations: Enabled attack vectors: user_kernel, user_user, SMT mitigations: auto
[    0.127267] Spectre V2 : Mitigation: Retpolines
[    0.127366] Spectre V1 : Mitigation: usercopy/swapgs barriers and __user pointer sanitization
[    0.127519] Spectre V2 : Spectre v2 / SpectreRSB: Filling RSB on context switch and VMEXIT
[    0.127983] x86/fpu: x87 FPU will use FXSAVE
[    0.189744] pid_max: default: 32768 minimum: 301
[    0.197915] Mount-cache hash table entries: 512 (order: 0, 4096 bytes, linear)
[    0.198034] Mountpoint-cache hash table entries: 512 (order: 0, 4096 bytes, linear)
[    0.202764] VFS: Finished mounting rootfs on nullfs
[    0.316475] smpboot: CPU0: AMD QEMU Virtual CPU version 2.5+ (family: 0xf, model: 0x6b, stepping: 0x1)
[    0.321599] Performance Events: PMU not available due to virtualization, using software events only.
[    0.322165] signal: max sigframe size: 1440
[    0.322931] rcu: Hierarchical SRCU implementation.
[    0.322984] rcu: 	Max phase no-delay instances is 400.
[    0.323647] Timer migration: 1 hierarchy levels; 8 children per group; 1 crossnode level
[    0.325967] smp: Bringing up secondary CPUs ...
[    0.329773] smpboot: x86: Booting SMP configuration:
[    0.329831] .... node  #0, CPUs:      #1
[    0.399767] smp: Brought up 1 node, 2 CPUs
[    0.399905] smpboot: Total of 2 processors activated (17201.51 BogoMIPS)
[    0.404816] Memory: 210996K/261624K available (12627K kernel code, 2331K rwdata, 5080K rodata, 2788K init, 544K bss, 47200K reserved, 0K cma-reserved)
[    0.409488] devtmpfs: initialized
[    0.414655] clocksource: jiffies: mask: 0xffffffff max_cycles: 0xffffffff, max_idle_ns: 1911260446275000 ns
[    0.414958] posixtimers hash table entries: 1024 (order: 2, 16384 bytes, linear)
[    0.415616] futex hash table entries: 512 (32768 bytes on 1 NUMA nodes, total 32 KiB, linear).
[    0.417889] PM: RTC time: 08:28:42, date: 2026-08-25
[    0.420376] NET: Registered PF_NETLINK/PF_ROUTE protocol family
[    0.424416] thermal_sys: Registered thermal governor 'step_wise'
[    0.424773] cpuidle: using governor menu
[    0.425795] Freeing SMP alternatives memory: 36K
[    0.427120] PCI: Using configuration type 1 for base access
[    0.427358] mtrr: your CPUs had inconsistent fixed MTRR settings
[    0.427405] mtrr: your CPUs had inconsistent variable MTRR settings
[    0.427450] mtrr: your CPUs had inconsistent MTRRdefType settings
[    0.427489] mtrr: probably your BIOS does not setup all CPUs.
[    0.427529] mtrr: corrected configuration.
[    0.428899] kprobes: kprobe jump-optimization is enabled. All kprobes are optimized if possible.
[    0.432278] HugeTLB: registered 2.00 MiB page size, pre-allocated 0 pages
[    0.432353] HugeTLB: 28 KiB vmemmap can be freed for a 2.00 MiB page
[    0.438896] ACPI: Added _OSI(Module Device)
[    0.438946] ACPI: Added _OSI(Processor Device)
[    0.438980] ACPI: Added _OSI(Processor Aggregator Device)
[    0.460280] ACPI: 1 ACPI AML tables successfully acquired and loaded
[    0.469695] ACPI: \_SB_: platform _OSC: OS support mask [002a7eee]
[    0.471918] ACPI: Interpreter enabled
[    0.472540] ACPI: PM: (supports S0 S3 S4 S5)
[    0.472595] ACPI: Using IOAPIC for interrupt routing
[    0.472825] PCI: Using host bridge windows from ACPI; if necessary, use "pci=nocrs" and report a bug
[    0.472903] PCI: Using E820 reservations for host bridge windows
[    0.473702] ACPI: Enabled 2 GPEs in block 00 to 0F
[    0.495404] ACPI: PCI Root Bridge [PCI0] (domain 0000 [bus 00-ff])
[    0.495765] acpi PNP0A03:00: _OSC: OS supports [ASPM ClockPM Segments MSI HPX-Type3]
[    0.495897] acpi PNP0A03:00: _OSC: not requesting OS control; OS requires [ExtendedConfig ASPM ClockPM MSI]
[    0.496123] acpi PNP0A03:00: _OSC: platform retains control of PCIe features (AE_ERROR)
[    0.496505] acpi PNP0A03:00: fail to add MMCONFIG information, can't access extended configuration space under this bridge
[    0.498277] PCI host bridge to bus 0000:00
[    0.498433] pci_bus 0000:00: root bus resource [io  0x0000-0x0cf7 window]
[    0.498535] pci_bus 0000:00: root bus resource [io  0x0d00-0xffff window]
[    0.498582] pci_bus 0000:00: root bus resource [mem 0x000a0000-0x000bffff window]
[    0.498648] pci_bus 0000:00: root bus resource [mem 0x10000000-0xfebfffff window]
[    0.498868] pci_bus 0000:00: root bus resource [mem 0x100000000-0x17fffffff window]
[    0.499005] pci_bus 0000:00: root bus resource [bus 00-ff]
[    0.499834] pci 0000:00:00.0: [8086:1237] type 00 class 0x060000 conventional PCI endpoint
[    0.502136] pci 0000:00:01.0: [8086:7000] type 00 class 0x060100 conventional PCI endpoint
[    0.502513] pci 0000:00:01.1: [8086:7010] type 00 class 0x010180 conventional PCI endpoint
[    0.502899] pci 0000:00:01.1: BAR 4 [io  0xc040-0xc04f]
[    0.502975] pci 0000:00:01.1: BAR 0 [io  0x01f0-0x01f7]: legacy IDE quirk
[    0.503030] pci 0000:00:01.1: BAR 1 [io  0x03f6]: legacy IDE quirk
[    0.503086] pci 0000:00:01.1: BAR 2 [io  0x0170-0x0177]: legacy IDE quirk
[    0.503138] pci 0000:00:01.1: BAR 3 [io  0x0376]: legacy IDE quirk
[    0.503512] pci 0000:00:01.3: [8086:7113] type 00 class 0x068000 conventional PCI endpoint
[    0.503763] pci 0000:00:01.3: quirk: [io  0x0600-0x063f] claimed by PIIX4 ACPI
[    0.503837] pci 0000:00:01.3: quirk: [io  0x0700-0x070f] claimed by PIIX4 SMB
[    0.504156] pci 0000:00:02.0: [1234:1111] type 00 class 0x030000 conventional PCI endpoint
[    0.504497] pci 0000:00:02.0: BAR 0 [mem 0xfd000000-0xfdffffff pref]
[    0.504574] pci 0000:00:02.0: BAR 2 [mem 0xfebf0000-0xfebf0fff]
[    0.504617] pci 0000:00:02.0: ROM [mem 0xfebe0000-0xfebeffff pref]
[    0.504790] pci 0000:00:02.0: Video device with shadowed ROM at [mem 0x000c0000-0x000dffff]
[    0.505130] pci 0000:00:03.0: [8086:100e] type 00 class 0x020000 conventional PCI endpoint
[    0.505493] pci 0000:00:03.0: BAR 0 [mem 0xfebc0000-0xfebdffff]
[    0.505546] pci 0000:00:03.0: BAR 1 [io  0xc000-0xc03f]
[    0.505585] pci 0000:00:03.0: ROM [mem 0xfeb80000-0xfebbffff pref]
[    0.510977] ACPI: PCI: Interrupt link LNKA configured for IRQ 10
[    0.511424] ACPI: PCI: Interrupt link LNKB configured for IRQ 10
[    0.511754] ACPI: PCI: Interrupt link LNKC configured for IRQ 11
[    0.512063] ACPI: PCI: Interrupt link LNKD configured for IRQ 11
[    0.512217] ACPI: PCI: Interrupt link LNKS configured for IRQ 9
[    0.514331] iommu: Default domain type: Translated
[    0.514398] iommu: DMA domain TLB invalidation policy: lazy mode
[    0.515104] SCSI subsystem initialized
[    0.515567] libata version 3.00 loaded.
[    0.516054] ACPI: bus type USB registered
[    0.516333] usbcore: registered new interface driver usbfs
[    0.516534] usbcore: registered new interface driver hub
[    0.516640] usbcore: registered new device driver usb
[    0.516805] pps_core: LinuxPPS API ver. 1 registered
[    0.516857] pps_core: Software ver. 5.3.6 - Copyright 2005-2007 Rodolfo Giometti <giometti@linux.it>
[    0.516942] PTP clock support registered
[    0.521339] PCI: Using ACPI for IRQ routing
[    0.521443] PCI: pci_cache_line_size set to 64 bytes
[    0.521675] e820: register RAM buffer resource [mem 0x0009fc00-0x0009ffff]
[    0.521808] e820: register RAM buffer resource [mem 0x0ffe0000-0x0fffffff]
[    0.524409] pci 0000:00:02.0: vgaarb: setting as boot VGA device
[    0.524409] pci 0000:00:02.0: vgaarb: bridge control possible
[    0.524409] pci 0000:00:02.0: vgaarb: VGA device added: decodes=io+mem,owns=io+mem,locks=none
[    0.524409] vgaarb: loaded
[    0.524916] hpet: 3 channels of 0 reserved for per-cpu timers
[    0.525083] hpet0: at MMIO 0xfed00000, IRQs 2, 8, 0
[    0.525162] hpet0: 3 comparators, 64-bit 100.000000 MHz counter
[    0.529949] clocksource: Switched to clocksource tsc-early
[    0.530826] VFS: Disk quotas dquot_6.6.0
[    0.530918] VFS: Dquot-cache hash table entries: 512 (order 0, 4096 bytes)
[    0.533625] pnp: PnP ACPI init
[    0.534771] pnp 00:02: [dma 2]
[    0.535718] pnp: PnP ACPI: found 5 devices
[    0.549575] clocksource: acpi_pm: mask: 0xffffff max_cycles: 0xffffff, max_idle_ns: 2085701024 ns
[    0.549978] NET: Registered PF_INET protocol family
[    0.550530] IP idents hash table entries: 4096 (order: 3, 32768 bytes, linear)
[    0.551945] tcp_listen_portaddr_hash hash table entries: 256 (order: 0, 4096 bytes, linear)
[    0.552138] Table-perturb hash table entries: 65536 (order: 6, 262144 bytes, linear)
[    0.552303] TCP established hash table entries: 2048 (order: 2, 16384 bytes, linear)
[    0.552484] TCP bind hash table entries: 2048 (order: 4, 65536 bytes, linear)
[    0.552614] TCP: Hash tables configured (established 2048 bind 2048)
[    0.553330] UDP hash table entries: 256 (order: 2, 16384 bytes, linear)
[    0.554382] pci_bus 0000:00: resource 4 [io  0x0000-0x0cf7 window]
[    0.554436] pci_bus 0000:00: resource 5 [io  0x0d00-0xffff window]
[    0.554479] pci_bus 0000:00: resource 6 [mem 0x000a0000-0x000bffff window]
[    0.554531] pci_bus 0000:00: resource 7 [mem 0x10000000-0xfebfffff window]
[    0.554580] pci_bus 0000:00: resource 8 [mem 0x100000000-0x17fffffff window]
[    0.554895] pci 0000:00:01.0: PIIX3: Enabling Passive Release
[    0.554981] pci 0000:00:00.0: Limiting direct PCI/PCI transfers
[    0.555091] PCI: CLS 0 bytes, default 64
[    0.557332] Unpacking initramfs...
[    0.563310] Initialise system trusted keyrings
[    0.564342] workingset: timestamp_bits=56 (anon: 52) max_order=16 bucket_order=0 (anon: 0)
[    0.566548] Key type asymmetric registered
[    0.566627] Asymmetric key parser 'x509' registered
[    0.566754] Block layer SCSI generic (bsg) driver version 0.4 loaded (major 250)
[    0.567022] io scheduler mq-deadline registered
[    0.567081] io scheduler kyber registered
[    0.569198] input: Power Button as /devices/platform/LNXPWRBN:00/input/input0
[    0.569762] ACPI: button: Power Button [PWRF]
[    0.573276] Serial: 8250/16550 driver, 4 ports, IRQ sharing enabled
[    0.575537] 00:04: ttyS0 at I/O 0x3f8 (irq = 4, base_baud = 115200) is a 16550A
[    0.580687] Non-volatile memory driver v1.3
[    0.590429] loop: module loaded
[    0.595535] scsi host0: ata_piix
[    0.596744] scsi host1: ata_piix
[    0.596989] ata1: PATA max MWDMA2 cmd 0x1f0 ctl 0x3f6 bmdma 0xc040 irq 14 lpm-pol 0
[    0.597055] ata2: PATA max MWDMA2 cmd 0x170 ctl 0x376 bmdma 0xc048 irq 15 lpm-pol 0
[    0.599802] i8042: PNP: PS/2 Controller [PNP0303:KBD,PNP0f13:MOU] at 0x60,0x64 irq 1,12
[    0.601640] serio: i8042 KBD port at 0x60,0x64 irq 1
[    0.601797] serio: i8042 AUX port at 0x60,0x64 irq 12
[    0.603073] rtc_cmos PNP0B00:00: RTC can wake from S4
[    0.605307] input: AT Translated Set 2 keyboard as /devices/platform/i8042/serio0/input/input1
[    0.607973] rtc_cmos PNP0B00:00: registered as rtc0
[    0.609042] rtc_cmos PNP0B00:00: alarms up to one day, y3k, 242 bytes nvram, hpet irqs
[    0.609678] device-mapper: ioctl: 4.50.0-ioctl (2025-04-28) initialised: dm-devel@lists.linux.dev
[    0.609906] amd_pstate: the _CPC object is not present in SBIOS or ACPI disabled
[    0.610086] hid: raw HID events driver (C) Jiri Kosina
[    0.610517] usbcore: registered new interface driver usbhid
[    0.610570] usbhid: USB HID core driver
[    0.611125] NET: Registered PF_INET6 protocol family
[    0.615190] Segment Routing with IPv6
[    0.615329] In-situ OAM (IOAM) with IPv6
[    0.618756] IPI shorthand broadcast: enabled
[    0.626709] sched_clock: Marking stable (615919258, 10606109)->(629356505, -2831138)
[    0.628040] Loading compiled-in X.509 certificates
[    0.633984] Demotion targets for Node 0: null
[    0.635802] PM:   Magic number: 6:664:473
[    0.636716] clk: Disabling unused clocks
[    0.636916] KTAP version 1
[    0.636942] 1..0
[    0.754811] ata2: found unknown device (class 0)
[    0.757107] ata2.00: ATAPI: QEMU DVD-ROM, 2.5+, max UDMA/100
[    0.763327] scsi 1:0:0:0: CD-ROM            QEMU     QEMU DVD-ROM     2.5+ PQ: 0 ANSI: 5
[    0.776243] Freeing initrd memory: 11564K
[    0.780161] sr 1:0:0:0: [sr0] scsi3-mmc drive: 4x/4x cd/rw xa/form2 tray
[    0.792407] cdrom: Uniform CD-ROM driver Revision: 3.20
[    0.799955] sr 1:0:0:0: Attached scsi CD-ROM sr0
[    0.800905] sr 1:0:0:0: Attached scsi generic sg0 type 5
[    0.837180] Freeing unused kernel image (initmem) memory: 2788K
[    0.837339] Write protecting the kernel read-only data: 20480k
[    0.838799] Freeing unused kernel image (text/rodata gap) memory: 1708K
[    0.839254] Freeing unused kernel image (rodata/data gap) memory: 1064K
[    0.950107] x86/mm: Checked W+X mappings: passed, no W+X pages found.
[    0.950292] Run /init as init process
[    0.950320]   with arguments:
[    0.950346]     /init
[    0.950367]     nokaslr
[    0.950385]   with environment:
[    0.950409]     HOME=/
[    0.950429]     TERM=linux
[    1.004695] mount (55) used greatest stack depth: 13208 bytes left
[    1.015575] mount (57) used greatest stack depth: 13120 bytes left
=== insmod runtime fixture device-registrar ===
[    1.034325] device_registrar: loading out-of-tree module taints kernel.
[    1.037735] device-registrar: 注册 'ftgpio010-gpio' (MMIO @ 0xF0000000)
[    1.038721] device-registrar: 'ftgpio010-gpio' 已注册
REHARNESS_RUNTIME_FIXTURE_MODULE_0_INSMOD_RC=0
=== insmod ftgpio010_gpio ===
[    1.048607] input: ImExPS/2 Generic Explorer Mouse as /devices/platform/i8042/serio1/input/input3
REHARNESS_DRIVER_INSMOD_RC=0
REHARNESS_DRIVER_PROBE_BOUND=1
=== dmesg ===
[    0.030538] PM: hibernation: Registered nosave memory: [mem 0x00000000-0x00000fff]
[    0.030602] PM: hibernation: Registered nosave memory: [mem 0x0009f000-0x000fffff]
[    0.420376] NET: Registered PF_NETLINK/PF_ROUTE protocol family
[    0.424416] thermal_sys: Registered thermal governor 'step_wise'
[    0.432278] HugeTLB: registered 2.00 MiB page size, pre-allocated 0 pages
[    0.516054] ACPI: bus type USB registered
[    0.516333] usbcore: registered new interface driver usbfs
[    0.516534] usbcore: registered new interface driver hub
[    0.516640] usbcore: registered new device driver usb
[    0.516805] pps_core: LinuxPPS API ver. 1 registered
[    0.516942] PTP clock support registered
[    0.549978] NET: Registered PF_INET protocol family
[    0.566548] Key type asymmetric registered
[    0.566627] Asymmetric key parser 'x509' registered
[    0.567022] io scheduler mq-deadline registered
[    0.567081] io scheduler kyber registered
[    0.607973] rtc_cmos PNP0B00:00: registered as rtc0
[    0.610517] usbcore: registered new interface driver usbhid
[    0.611125] NET: Registered PF_INET6 protocol family
[    1.037735] device-registrar: \xe6\xb3\xa8\xe5\x86\x8c 'ftgpio010-gpio' (MMIO @ 0xF0000000)
[    1.038721] device-registrar: 'ftgpio010-gpio' \xe5\xb7\xb2\xe6\xb3\xa8\xe5\x86\x8c
=== exerciser ===
ioctl LINEINFO=0
ioctl GET_LINE=0 fd=4
ioctl GET_VALUES=0 bits=0
ioctl SET_VALUES(1)=0
ioctl SET_VALUES(0)=0
ioctl SET_CONFIG(INPUT)=0
GPIO_TRACE_DONE
EXERCISER_RC=0
=== Linux subsystem test 0 ===
REHARNESS_COVERAGE_chip_info=pass
GPIO_SUBSYSTEM_PASS=gpio-chip-info
REHARNESS_SUBSYSTEM_TEST_0_NAME=gpio-chip-info
REHARNESS_SUBSYSTEM_TEST_0_KIND=native
REHARNESS_SUBSYSTEM_TEST_0_PROVIDER=
REHARNESS_SUBSYSTEM_TEST_0_REQUIRED=1
REHARNESS_SUBSYSTEM_TEST_0_RC=0
REHARNESS_SUBSYSTEM_TEST_0_STATUS=pass
=== Linux subsystem test 1 ===
REHARNESS_COVERAGE_line_info=pass
GPIO_SUBSYSTEM_PASS=gpio-line-info
REHARNESS_SUBSYSTEM_TEST_1_NAME=gpio-line-info
REHARNESS_SUBSYSTEM_TEST_1_KIND=native
REHARNESS_SUBSYSTEM_TEST_1_PROVIDER=
REHARNESS_SUBSYSTEM_TEST_1_REQUIRED=1
REHARNESS_SUBSYSTEM_TEST_1_RC=0
REHARNESS_SUBSYSTEM_TEST_1_STATUS=pass
=== Linux subsystem test 2 ===
REHARNESS_COVERAGE_v2_single_line=pass
REHARNESS_COVERAGE_v2_values=pass
GPIO_SUBSYSTEM_PASS=gpio-v2-basic
REHARNESS_SUBSYSTEM_TEST_2_NAME=gpio-v2-basic
REHARNESS_SUBSYSTEM_TEST_2_KIND=native
REHARNESS_SUBSYSTEM_TEST_2_PROVIDER=
REHARNESS_SUBSYSTEM_TEST_2_REQUIRED=1
REHARNESS_SUBSYSTEM_TEST_2_RC=0
REHARNESS_SUBSYSTEM_TEST_2_STATUS=pass
=== Linux subsystem test 3 ===
REHARNESS_COVERAGE_v2_multi_line=pass
GPIO_SUBSYSTEM_PASS=gpio-v2-multi-line
REHARNESS_SUBSYSTEM_TEST_3_NAME=gpio-v2-multi-line
REHARNESS_SUBSYSTEM_TEST_3_KIND=native
REHARNESS_SUBSYSTEM_TEST_3_PROVIDER=
REHARNESS_SUBSYSTEM_TEST_3_REQUIRED=1
REHARNESS_SUBSYSTEM_TEST_3_RC=0
REHARNESS_SUBSYSTEM_TEST_3_STATUS=pass
=== Linux subsystem test 4 ===
REHARNESS_COVERAGE_v1_single_line=pass
GPIO_SUBSYSTEM_PASS=gpio-v1-compat
REHARNESS_SUBSYSTEM_TEST_4_NAME=gpio-v1-compat
REHARNESS_SUBSYSTEM_TEST_4_KIND=native
REHARNESS_SUBSYSTEM_TEST_4_PROVIDER=
REHARNESS_SUBSYSTEM_TEST_4_REQUIRED=1
REHARNESS_SUBSYSTEM_TEST_4_RC=0
REHARNESS_SUBSYSTEM_TEST_4_STATUS=pass
=== Linux subsystem test 5 ===
REHARNESS_COVERAGE_config_flags=pass
REHARNESS_COVERAGE_config_debounce=pass
GPIO_SUBSYSTEM_PASS=gpio-config
REHARNESS_SUBSYSTEM_TEST_5_NAME=gpio-config
REHARNESS_SUBSYSTEM_TEST_5_KIND=native
REHARNESS_SUBSYSTEM_TEST_5_PROVIDER=
REHARNESS_SUBSYSTEM_TEST_5_REQUIRED=1
REHARNESS_SUBSYSTEM_TEST_5_RC=0
REHARNESS_SUBSYSTEM_TEST_5_STATUS=pass
=== Linux subsystem test 6 ===
REHARNESS_COVERAGE_error_paths=pass
GPIO_SUBSYSTEM_PASS=gpio-errors
REHARNESS_SUBSYSTEM_TEST_6_NAME=gpio-errors
REHARNESS_SUBSYSTEM_TEST_6_KIND=native
REHARNESS_SUBSYSTEM_TEST_6_PROVIDER=
REHARNESS_SUBSYSTEM_TEST_6_REQUIRED=1
REHARNESS_SUBSYSTEM_TEST_6_RC=0
REHARNESS_SUBSYSTEM_TEST_6_STATUS=pass
=== Linux subsystem test 7 ===
REHARNESS_COVERAGE_line_event=pass
GPIO_SUBSYSTEM_PASS=gpio-events
REHARNESS_SUBSYSTEM_TEST_7_NAME=gpio-events
REHARNESS_SUBSYSTEM_TEST_7_KIND=native
REHARNESS_SUBSYSTEM_TEST_7_PROVIDER=
REHARNESS_SUBSYSTEM_TEST_7_REQUIRED=1
REHARNESS_SUBSYSTEM_TEST_7_RC=0
REHARNESS_SUBSYSTEM_TEST_7_STATUS=pass
=== Linux subsystem test 8 ===
REHARNESS_COVERAGE_lifecycle=pass
GPIO_SUBSYSTEM_PASS=gpio-lifecycle
REHARNESS_SUBSYSTEM_TEST_8_NAME=gpio-lifecycle
REHARNESS_SUBSYSTEM_TEST_8_KIND=native
REHARNESS_SUBSYSTEM_TEST_8_PROVIDER=
REHARNESS_SUBSYSTEM_TEST_8_REQUIRED=1
REHARNESS_SUBSYSTEM_TEST_8_RC=0
REHARNESS_SUBSYSTEM_TEST_8_STATUS=pass
=== Linux subsystem test 9 ===
32
REHARNESS_SUBSYSTEM_TEST_9_NAME=linux-gpio-chip-info
REHARNESS_SUBSYSTEM_TEST_9_KIND=kselftest
REHARNESS_SUBSYSTEM_TEST_9_PROVIDER=linux-gpio-chip-info
REHARNESS_SUBSYSTEM_TEST_9_REQUIRED=1
REHARNESS_SUBSYSTEM_TEST_9_RC=0
REHARNESS_SUBSYSTEM_TEST_9_STATUS=pass
=== Linux subsystem test 10 ===

REHARNESS_SUBSYSTEM_TEST_10_NAME=linux-gpio-line-name
REHARNESS_SUBSYSTEM_TEST_10_KIND=kselftest
REHARNESS_SUBSYSTEM_TEST_10_PROVIDER=linux-gpio-line-name
REHARNESS_SUBSYSTEM_TEST_10_REQUIRED=1
REHARNESS_SUBSYSTEM_TEST_10_RC=0
REHARNESS_SUBSYSTEM_TEST_10_STATUS=pass
=== rmmod ftgpio010_gpio ===
REHARNESS_DRIVER_RMMOD_RC=0
[    1.212370] device-registrar: 'ftgpio010-gpio' 已注销
REHARNESS_RUNTIME_FIXTURE_MODULE_0_RMMOD_RC=0
=== QEMU_RUN_DONE ===
[    1.439985] sysrq: Power Off
[    1.440307] Kernel panic - not syncing: Attempted to kill init! exitcode=0x00000000
[    1.440651] CPU: 1 UID: 0 PID: 1 Comm: init Tainted: G           O        7.1.0-rc7-gacb7500801e9 #15 PREEMPT(lazy) 
[    1.440756] Tainted: [O]=OOT_MODULE
[    1.440781] Hardware name: QEMU Standard PC (i440FX + PIIX, 1996), BIOS rel-1.17.0-0-gb52ca86e094d-prebuilt.qemu.org 04/01/2014
[    1.440903] Call Trace:
[    1.441252]  <TASK>
[    1.441380]  vpanic+0x32f/0x4b0
[    1.441534]  panic+0x63/0x70
[    1.441557]  do_exit+0x952/0xaf0
[    1.441586]  do_group_exit+0x30/0x80
[    1.441610]  __x64_sys_exit_group+0x18/0x20
[    1.441656]  x64_sys_call+0x12e2/0x1880
[    1.441685]  do_syscall_64+0x10e/0x4e0
[    1.441712]  entry_SYSCALL_64_after_hwframe+0x77/0x7f
[    1.441810] RIP: 0033:0x7f6b33c8431d
[    1.441956] Code: 02 ba ff ff ff ff 89 d0 c3 0f 1f 40 00 f3 0f 1e fa 48 8b 35 ed 4a 11 00 ba e7 00 00 00 eb 07 66 0f 1f 44 00 00 f4 89 d0 0f 05 <48> 3d 00 f0 ff ff 76 f3 f7 d8 64 89 06 eb ec 0f 1f 40 00 f3 0f 1e
[    1.442074] RSP: 002b:00007ffd7af2fc48 EFLAGS: 00000206 ORIG_RAX: 00000000000000e7
[    1.442133] RAX: ffffffffffffffda RBX: 00007ffd7af2fed0 RCX: 00007f6b33c8431d
[    1.442175] RDX: 00000000000000e7 RSI: ffffffffffffff88 RDI: 0000000000000000
[    1.442217] RBP: 00007ffd7af2fd20 R08: 00005575b6d8d010 R09: 0000000000000007
[    1.442257] R10: 00005575b6d90a60 R11: 0000000000000206 R12: 0000000000000000
[    1.442298] R13: 00007ffd7af2fec0 R14: 0000557595354dd8 R15: 00007f6b33dea000
[    1.442360]  </TASK>
[    1.442712] Kernel Offset: disabled
[    1.442879] Rebooting in 1 seconds..
