=== QEMU run: module=e1000e bus=pci timeout=90s ===
=== QEMU 退出码: 0 ===
[    0.030938] PM: hibernation: Registered nosave memory: [mem 0x00000000-0x00000fff]
[    0.031002] PM: hibernation: Registered nosave memory: [mem 0x0009f000-0x000fffff]
[    0.073991] ftrace: allocating 38351 entries in 152 pages
[    0.074280] ftrace: allocated 152 pages with 3 groups
[    0.427546] NET: Registered PF_NETLINK/PF_ROUTE protocol family
[    0.432123] thermal_sys: Registered thermal governor 'step_wise'
[    0.437232] kprobes: kprobe jump-optimization is enabled. All kprobes are optimized if possible.
[    0.438872] HugeTLB: registered 2.00 MiB page size, pre-allocated 0 pages
[    0.538306] ACPI: bus type USB registered
[    0.538605] usbcore: registered new interface driver usbfs
[    0.538808] usbcore: registered new interface driver hub
[    0.538932] usbcore: registered new device driver usb
[    0.539108] pps_core: LinuxPPS API ver. 1 registered
[    0.539235] PTP clock support registered
[    0.571305] NET: Registered PF_INET protocol family
[    0.587495] Key type asymmetric registered
[    0.587570] Asymmetric key parser 'x509' registered
[    0.588039] io scheduler mq-deadline registered
[    0.588101] io scheduler kyber registered
[    0.628620] rtc_cmos PNP0B00:00: registered as rtc0
[    0.634367] usbcore: registered new interface driver usbhid
[    0.635057] NET: Registered PF_INET6 protocol family
=== insmod e1000e ===
[    1.065080] e1000e: [rhcov] e1000_probe
[    1.116133] e1000e 0000:00:04.0 0000:00:04.0 (uninitialized): registered PHC clock
[    1.169299] insmod (61) used greatest stack depth: 12616 bytes left
REHARNESS_DRIVER_INSMOD_RC=0
                               drv probe link
                               drv probe link
EXERCISER_RC=0
=== rmmod e1000e ===
REHARNESS_DRIVER_RMMOD_RC=0
=== QEMU_RUN_DONE ===
[    1.588735] Call Trace:

=== 成功判定 ===
  done=1 probe=18 driver_probe_bound=0 driver_probe_unbound=0 real_oops=0 real_warning=0
  => 成功: e1000e probe 成功
QEMU runtime artifacts: /tmp/reharness-qemu-v2-e1000e-qemu.alA3EM
