=== QEMU run: module=e1000e bus=pci timeout=90s ===
=== QEMU 退出码: 0 ===
[    0.030936] PM: hibernation: Registered nosave memory: [mem 0x00000000-0x00000fff]
[    0.031001] PM: hibernation: Registered nosave memory: [mem 0x0009f000-0x000fffff]
[    0.074375] ftrace: allocating 38351 entries in 152 pages
[    0.074689] ftrace: allocated 152 pages with 3 groups
[    0.427543] NET: Registered PF_NETLINK/PF_ROUTE protocol family
[    0.432009] thermal_sys: Registered thermal governor 'step_wise'
[    0.437043] kprobes: kprobe jump-optimization is enabled. All kprobes are optimized if possible.
[    0.438624] HugeTLB: registered 2.00 MiB page size, pre-allocated 0 pages
[    0.517300] ACPI: bus type USB registered
[    0.517608] usbcore: registered new interface driver usbfs
[    0.517819] usbcore: registered new interface driver hub
[    0.517924] usbcore: registered new device driver usb
[    0.518166] pps_core: LinuxPPS API ver. 1 registered
[    0.518292] PTP clock support registered
[    0.553499] NET: Registered PF_INET protocol family
[    0.568603] Key type asymmetric registered
[    0.568679] Asymmetric key parser 'x509' registered
[    0.569164] io scheduler mq-deadline registered
[    0.569226] io scheduler kyber registered
[    0.613292] rtc_cmos PNP0B00:00: registered as rtc0
[    0.615688] usbcore: registered new interface driver usbhid
[    0.616414] NET: Registered PF_INET6 protocol family
=== insmod e1000e ===
[    1.063146] e1000e: [rhcov] e1000_probe
[    1.063184] e1000e: [rhcov] e1000_probe
[    1.063210] e1000e: [rhcov] e1000_probe
[    1.063236] e1000e: [rhcov] e1000_probe
[    1.063263] e1000e: [rhcov] e1000_probe
[    1.063290] e1000e: [rhcov] e1000_probe
[    1.117995] e1000e 0000:00:04.0 0000:00:04.0 (uninitialized): registered PHC clock
[    1.169211] insmod (62) used greatest stack depth: 13040 bytes left
REHARNESS_DRIVER_INSMOD_RC=0
                               drv probe link
                               drv probe link
EXERCISER_RC=0
=== rmmod e1000e ===
REHARNESS_DRIVER_RMMOD_RC=0
=== QEMU_RUN_DONE ===
[    1.599390] Call Trace:

=== 成功判定 ===
  done=1 probe=23 driver_probe_bound=0 driver_probe_unbound=0 real_oops=0 real_warning=0
  => 成功: e1000e probe 成功
QEMU runtime artifacts: /tmp/reharness-qemu-v2-e1000e-qemu.fQQNNX
