c[?7l[2J[0mSeaBIOS (version rel-1.17.0-0-gb52ca86e094d-prebuilt.qemu.org)


iPXE (http://ipxe.org) 00:03.0 CA00 PCI2.10 PnP PMM+0EFD1C40+0EF31C40 CA00
Press Ctrl-B to configure iPXE (PCI 00:03.0)...                                                                               


Booting from ROM..c[?7l[2JNo EFI environment detected.
early console in extract_kernel
input_data: 0x000000000266c2c4
input_len: 0x000000000095c97d
output: 0x0000000001000000
output_len: 0x0000000001f8870c
kernel_total_size: 0x0000000001d8c000
needed_size: 0x0000000002000000
trampoline_32bit: 0x0000000000000000


KASLR disabled: 'nokaslr' on cmdline.


Decompressing Linux... Parsing ELF... No relocation needed... done.
Booting the kernel (entry_offset: 0x0000000001a193b0).
[    0.000000] Linux version 7.1.0-rc7+ (yfblock@9950x) (gcc (Ubuntu 13.3.0-6ubuntu2~24.04.1) 13.3.0, GNU ld (GNU Binutils for Ubuntu) 2.42) #18 SMP PREEMPT_DYNAMIC Mon Aug 31 01:09:14 CST 2026
[    0.000000] Command line: console=ttyS0 nokaslr panic=1 ignore_loglevel earlyprintk=serial,ttyS0,115200
[    0.000000] BIOS-provided physical RAM map:
[    0.000000] BIOS-e820: [mem 0x0000000000000000-0x000000000009fbff]  System RAM
[    0.000000] BIOS-e820: [mem 0x000000000009fc00-0x000000000009ffff]  device reserved
[    0.000000] BIOS-e820: [gap 0x00000000000a0000-0x00000000000effff]
[    0.000000] BIOS-e820: [mem 0x00000000000f0000-0x00000000000fffff]  device reserved
[    0.000000] BIOS-e820: [mem 0x0000000000100000-0x000000000ffdffff]  System RAM
[    0.000000] BIOS-e820: [mem 0x000000000ffe0000-0x000000000fffffff]  device reserved
[    0.000000] BIOS-e820: [gap 0x0000000010000000-0x00000000fffbffff]
[    0.000000] BIOS-e820: [mem 0x00000000fffc0000-0x00000000ffffffff]  device reserved
[    0.000000] BIOS-e820: [gap 0x0000000100000000-0x000000fcffffffff]
[    0.000000] BIOS-e820: [mem 0x000000fd00000000-0x000000ffffffffff]  device reserved
[    0.000000] printk: debug: ignoring loglevel setting.
[    0.000000] printk: legacy bootconsole [earlyser0] enabled
[    0.000000] NX (Execute Disable) protection: active
[    0.000000] APIC: Static calls initialized
[    0.000000] DMI: SMBIOS 2.8 present.
[    0.000000] DMI: QEMU Standard PC (i440FX + PIIX, 1996), BIOS rel-1.17.0-0-gb52ca86e094d-prebuilt.qemu.org 04/01/2014
[    0.000000] DMI: Memory slots populated: 1/1
[    0.000000] tsc: Fast TSC calibration using PIT
[    0.000000] tsc: Detected 4300.047 MHz processor
[    0.007914] e820: update [mem 0x00000000-0x00000fff] System RAM ==> device reserved
[    0.008083] e820: remove [mem 0x000a0000-0x000fffff] System RAM
[    0.008228] last_pfn = 0xffe0 max_arch_pfn = 0x400000000
[    0.008651] MTRR map: 4 entries (3 fixed + 1 variable; max 19), built from 8 variable MTRRs
[    0.008809] x86/PAT: Configuration [0-7]: WB  WC  UC- UC  WB  WP  UC- WT  
[    0.020266] found SMP MP-table at [mem 0x000f54b0-0x000f54bf]
[    0.023339] RAMDISK: [mem 0x0f82f000-0x0ffdffff]
[    0.023612] ACPI: Early table checksum verification disabled
[    0.023917] ACPI: RSDP 0x00000000000F52D0 000014 (v00 BOCHS )
[    0.024109] ACPI: RSDT 0x000000000FFE2389 000034 (v01 BOCHS  BXPC     00000001 BXPC 00000001)
[    0.024590] ACPI: FACP 0x000000000FFE2235 000074 (v01 BOCHS  BXPC     00000001 BXPC 00000001)
[    0.025010] ACPI: DSDT 0x000000000FFE0040 0021F5 (v01 BOCHS  BXPC     00000001 BXPC 00000001)
[    0.025106] ACPI: FACS 0x000000000FFE0000 000040
[    0.025166] ACPI: APIC 0x000000000FFE22A9 000080 (v03 BOCHS  BXPC     00000001 BXPC 00000001)
[    0.025224] ACPI: HPET 0x000000000FFE2329 000038 (v01 BOCHS  BXPC     00000001 BXPC 00000001)
[    0.025278] ACPI: WAET 0x000000000FFE2361 000028 (v01 BOCHS  BXPC     00000001 BXPC 00000001)
[    0.025372] ACPI: Reserving FACP table memory at [mem 0xffe2235-0xffe22a8]
[    0.025416] ACPI: Reserving DSDT table memory at [mem 0xffe0040-0xffe2234]
[    0.025452] ACPI: Reserving FACS table memory at [mem 0xffe0000-0xffe003f]
[    0.025486] ACPI: Reserving APIC table memory at [mem 0xffe22a9-0xffe2328]
[    0.025521] ACPI: Reserving HPET table memory at [mem 0xffe2329-0xffe2360]
[    0.025555] ACPI: Reserving WAET table memory at [mem 0xffe2361-0xffe2388]
[    0.026797] No NUMA configuration found
[    0.026835] Faking a node at [mem 0x0000000000000000-0x000000000ffdffff]
[    0.027218] NODE_DATA(0) allocated [mem 0x0f82b680-0x0f82efff]
[    0.027718] ACPI: PM-Timer IO Port: 0x608
[    0.027985] ACPI: LAPIC_NMI (acpi_id[0xff] dfl dfl lint[0x1])
[    0.028231] IOAPIC[0]: apic_id 0, version 32, address 0xfec00000, GSI 0-23
[    0.028333] ACPI: INT_SRC_OVR (bus 0 bus_irq 0 global_irq 2 dfl dfl)
[    0.028502] ACPI: INT_SRC_OVR (bus 0 bus_irq 5 global_irq 5 high level)
[    0.028560] ACPI: INT_SRC_OVR (bus 0 bus_irq 9 global_irq 9 high level)
[    0.028646] ACPI: INT_SRC_OVR (bus 0 bus_irq 10 global_irq 10 high level)
[    0.028684] ACPI: INT_SRC_OVR (bus 0 bus_irq 11 global_irq 11 high level)
[    0.028842] ACPI: Using ACPI (MADT) for SMP configuration information
[    0.028899] ACPI: HPET id: 0x8086a201 base: 0xfed00000
[    0.029157] CPU topo: Max. logical packages:   1
[    0.029205] CPU topo: Max. logical nodes:      1
[    0.029234] CPU topo: Num. nodes per package:  1
[    0.029290] CPU topo: Max. logical dies:       1
[    0.029319] CPU topo: Max. dies per package:   1
[    0.029376] CPU topo: Max. threads per core:   1
[    0.029479] CPU topo: Num. cores per package:     2
[    0.029514] CPU topo: Num. threads per package:   2
[    0.029544] CPU topo: Allowing 2 present CPUs plus 0 hotplug CPUs
[    0.030040] PM: hibernation: Registered nosave memory: [mem 0x00000000-0x00000fff]
[    0.030097] PM: hibernation: Registered nosave memory: [mem 0x0009f000-0x000fffff]
[    0.030205] [gap 0x10000000-0xfffbffff] available for PCI devices
[    0.030267] Booting paravirtualized kernel on bare hardware
[    0.030477] clocksource: refined-jiffies: mask: 0xffffffff max_cycles: 0xffffffff, max_idle_ns: 1910969940391419 ns
[    0.037998] Zone ranges:
[    0.038031]   DMA      [mem 0x0000000000001000-0x0000000000ffffff]
[    0.038101]   DMA32    [mem 0x0000000001000000-0x000000000ffdffff]
[    0.038137]   Normal   empty
[    0.038167] Movable zone start for each node
[    0.038203] Early memory node ranges
[    0.038238]   node   0: [mem 0x0000000000001000-0x000000000009efff]
[    0.038341]   node   0: [mem 0x0000000000100000-0x000000000ffdffff]
[    0.038443] Initmem setup node 0 [mem 0x0000000000001000-0x000000000ffdffff]
[    0.039058] On node 0, zone DMA: 1 pages in unavailable ranges
[    0.039233] On node 0, zone DMA: 97 pages in unavailable ranges
[    0.039921] On node 0, zone DMA32: 32 pages in unavailable ranges
[    0.040072] setup_percpu: NR_CPUS:64 nr_cpumask_bits:2 nr_cpu_ids:2 nr_node_ids:1
[    0.040863] percpu: Embedded 52 pages/cpu s175064 r8192 d29736 u1048576
[    0.041129] pcpu-alloc: s175064 r8192 d29736 u1048576 alloc=1*2097152
[    0.041209] pcpu-alloc: [0] 0 1 
[    0.042067] Kernel command line: console=ttyS0 nokaslr panic=1 ignore_loglevel earlyprintk=serial,ttyS0,115200
[    0.042778] Unknown kernel command line parameters "nokaslr", will be passed to user space.
[    0.042942] printk: log buffer data + meta data: 262144 + 917504 = 1179648 bytes
[    0.043136] Dentry cache hash table entries: 32768 (order: 6, 262144 bytes, linear)
[    0.043236] Inode-cache hash table entries: 16384 (order: 5, 131072 bytes, linear)
[    0.044748] Fallback order for Node 0: 0 
[    0.045003] Built 1 zonelists, mobility grouping on.  Total pages: 65406
[    0.045074] Policy zone: DMA32
[    0.045232] mem auto-init: stack:all(zero), heap alloc:off, heap free:off
[    0.050455] SLUB: HWalign=64, Order=0-3, MinObjects=0, CPUs=2, Nodes=1
Poking KASLR using RDTSC...
[    0.071467] ftrace: allocating 38351 entries in 152 pages
[    0.071750] ftrace: allocated 152 pages with 3 groups
[    0.076231] Dynamic Preempt: lazy
[    0.078086] rcu: Preemptible hierarchical RCU implementation.
[    0.078124] rcu: 	RCU event tracing is enabled.
[    0.078159] rcu: 	RCU restricting CPUs from NR_CPUS=64 to nr_cpu_ids=2.
[    0.078269] 	Trampoline variant of Tasks RCU enabled.
[    0.078298] 	Rude variant of Tasks RCU enabled.
[    0.078323] 	Tracing variant of Tasks RCU enabled.
[    0.078403] rcu: RCU calculated value of scheduler-enlistment delay is 100 jiffies.
[    0.078452] rcu: Adjusting geometry for rcu_fanout_leaf=16, nr_cpu_ids=2
[    0.079149] RCU Tasks: Setting shift to 1 and lim to 1 rcu_task_cb_adjust=1 rcu_task_cpu_ids=2.
[    0.079202] RCU Tasks Rude: Setting shift to 1 and lim to 1 rcu_task_cb_adjust=1 rcu_task_cpu_ids=2.
[    0.093829] NR_IRQS: 4352, nr_irqs: 440, preallocated irqs: 16
[    0.099257] rcu: srcu_init: Setting srcu_struct sizes based on contention.
[    0.103614] Console: colour VGA+ 80x25
[    0.104759] printk: legacy console [ttyS0] enabled
[    0.104759] printk: legacy console [ttyS0] enabled
[    0.105019] printk: legacy bootconsole [earlyser0] disabled
[    0.105019] printk: legacy bootconsole [earlyser0] disabled
[    0.105864] ACPI: Core revision 20251212
[    0.108990] clocksource: hpet: mask: 0xffffffff max_cycles: 0xffffffff, max_idle_ns: 19112604467 ns
[    0.110142] APIC: Switch to symmetric I/O mode setup
[    0.114501] ..TIMER: vector=0x30 apic1=0 pin1=2 apic2=-1 pin2=-1
[    0.119826] clocksource: tsc-early: mask: 0xffffffffffffffff max_cycles: 0x3dfb90e1b3f, max_idle_ns: 440795396539 ns
[    0.120099] Calibrating delay loop (skipped), value calculated using timer frequency.. 8600.09 BogoMIPS (lpj=4300047)
[    0.122282] Last level iTLB entries: 4KB 512, 2MB 255, 4MB 127
[    0.122335] Last level dTLB entries: 4KB 512, 2MB 255, 4MB 127, 1GB 0
[    0.122500] mitigations: Enabled attack vectors: user_kernel, user_user, SMT mitigations: auto
[    0.122758] Spectre V2 : Mitigation: Retpolines
[    0.122852] Spectre V1 : Mitigation: usercopy/swapgs barriers and __user pointer sanitization
[    0.122998] Spectre V2 : Spectre v2 / SpectreRSB: Filling RSB on context switch and VMEXIT
[    0.123464] x86/fpu: x87 FPU will use FXSAVE
[    0.189003] pid_max: default: 32768 minimum: 301
[    0.197575] Mount-cache hash table entries: 512 (order: 0, 4096 bytes, linear)
[    0.197689] Mountpoint-cache hash table entries: 512 (order: 0, 4096 bytes, linear)
[    0.202345] VFS: Finished mounting rootfs on nullfs
[    0.315967] smpboot: CPU0: AMD QEMU Virtual CPU version 2.5+ (family: 0xf, model: 0x6b, stepping: 0x1)
[    0.321238] Performance Events: PMU not available due to virtualization, using software events only.
[    0.321808] signal: max sigframe size: 1440
[    0.322476] rcu: Hierarchical SRCU implementation.
[    0.322522] rcu: 	Max phase no-delay instances is 400.
[    0.323214] Timer migration: 1 hierarchy levels; 8 children per group; 1 crossnode level
[    0.325583] smp: Bringing up secondary CPUs ...
[    0.329368] smpboot: x86: Booting SMP configuration:
[    0.329419] .... node  #0, CPUs:      #1
[    0.399273] smp: Brought up 1 node, 2 CPUs
[    0.399403] smpboot: Total of 2 processors activated (17198.49 BogoMIPS)
[    0.404415] Memory: 214572K/261624K available (12748K kernel code, 2347K rwdata, 5156K rodata, 2808K init, 544K bss, 43600K reserved, 0K cma-reserved)
[    0.408755] devtmpfs: initialized
[    0.414169] clocksource: jiffies: mask: 0xffffffff max_cycles: 0xffffffff, max_idle_ns: 1911260446275000 ns
[    0.414169] posixtimers hash table entries: 1024 (order: 2, 16384 bytes, linear)
[    0.414322] futex hash table entries: 512 (32768 bytes on 1 NUMA nodes, total 32 KiB, linear).
[    0.416615] PM: RTC time: 11:57:44, date: 2026-08-31
[    0.419154] NET: Registered PF_NETLINK/PF_ROUTE protocol family
[    0.423422] thermal_sys: Registered thermal governor 'step_wise'
[    0.424062] cpuidle: using governor menu
[    0.424757] Freeing SMP alternatives memory: 36K
[    0.426121] PCI: Using configuration type 1 for base access
[    0.426371] mtrr: your CPUs had inconsistent fixed MTRR settings
[    0.426414] mtrr: your CPUs had inconsistent variable MTRR settings
[    0.426454] mtrr: your CPUs had inconsistent MTRRdefType settings
[    0.426490] mtrr: probably your BIOS does not setup all CPUs.
[    0.426525] mtrr: corrected configuration.
[    0.427695] kprobes: kprobe jump-optimization is enabled. All kprobes are optimized if possible.
[    0.429304] HugeTLB: registered 2.00 MiB page size, pre-allocated 0 pages
[    0.429392] HugeTLB: 28 KiB vmemmap can be freed for a 2.00 MiB page
[    0.434532] ACPI: Added _OSI(Module Device)
[    0.434583] ACPI: Added _OSI(Processor Device)
[    0.434613] ACPI: Added _OSI(Processor Aggregator Device)
[    0.455889] ACPI: 1 ACPI AML tables successfully acquired and loaded
[    0.473197] ACPI: \_SB_: platform _OSC: OS support mask [002a7eee]
[    0.476054] ACPI: Interpreter enabled
[    0.476730] ACPI: PM: (supports S0 S3 S4 S5)
[    0.476782] ACPI: Using IOAPIC for interrupt routing
[    0.477016] PCI: Using host bridge windows from ACPI; if necessary, use "pci=nocrs" and report a bug
[    0.477083] PCI: Using E820 reservations for host bridge windows
[    0.477882] ACPI: Enabled 2 GPEs in block 00 to 0F
[    0.499558] ACPI: PCI Root Bridge [PCI0] (domain 0000 [bus 00-ff])
[    0.500054] acpi PNP0A03:00: _OSC: OS supports [ASPM ClockPM Segments MSI HPX-Type3]
[    0.500194] acpi PNP0A03:00: _OSC: not requesting OS control; OS requires [ExtendedConfig ASPM ClockPM MSI]
[    0.500426] acpi PNP0A03:00: _OSC: platform retains control of PCIe features (AE_ERROR)
[    0.500707] acpi PNP0A03:00: fail to add MMCONFIG information, can't access extended configuration space under this bridge
[    0.502552] PCI host bridge to bus 0000:00
[    0.502700] pci_bus 0000:00: root bus resource [io  0x0000-0x0cf7 window]
[    0.502807] pci_bus 0000:00: root bus resource [io  0x0d00-0xffff window]
[    0.502849] pci_bus 0000:00: root bus resource [mem 0x000a0000-0x000bffff window]
[    0.502910] pci_bus 0000:00: root bus resource [mem 0x10000000-0xfebfffff window]
[    0.502955] pci_bus 0000:00: root bus resource [mem 0x100000000-0x17fffffff window]
[    0.503044] pci_bus 0000:00: root bus resource [bus 00-ff]
[    0.503840] pci 0000:00:00.0: [8086:1237] type 00 class 0x060000 conventional PCI endpoint
[    0.506277] pci 0000:00:01.0: [8086:7000] type 00 class 0x060100 conventional PCI endpoint
[    0.506627] pci 0000:00:01.1: [8086:7010] type 00 class 0x010180 conventional PCI endpoint
[    0.507045] pci 0000:00:01.1: BAR 4 [io  0xc040-0xc04f]
[    0.507116] pci 0000:00:01.1: BAR 0 [io  0x01f0-0x01f7]: legacy IDE quirk
[    0.507166] pci 0000:00:01.1: BAR 1 [io  0x03f6]: legacy IDE quirk
[    0.507222] pci 0000:00:01.1: BAR 2 [io  0x0170-0x0177]: legacy IDE quirk
[    0.507269] pci 0000:00:01.1: BAR 3 [io  0x0376]: legacy IDE quirk
[    0.507632] pci 0000:00:01.3: [8086:7113] type 00 class 0x068000 conventional PCI endpoint
[    0.507880] pci 0000:00:01.3: quirk: [io  0x0600-0x063f] claimed by PIIX4 ACPI
[    0.507939] pci 0000:00:01.3: quirk: [io  0x0700-0x070f] claimed by PIIX4 SMB
[    0.508245] pci 0000:00:02.0: [1234:1111] type 00 class 0x030000 conventional PCI endpoint
[    0.508617] pci 0000:00:02.0: BAR 0 [mem 0xfd000000-0xfdffffff pref]
[    0.508691] pci 0000:00:02.0: BAR 2 [mem 0xfeb70000-0xfeb70fff]
[    0.508731] pci 0000:00:02.0: ROM [mem 0xfeb60000-0xfeb6ffff pref]
[    0.508901] pci 0000:00:02.0: Video device with shadowed ROM at [mem 0x000c0000-0x000dffff]
[    0.509300] pci 0000:00:03.0: [8086:100e] type 00 class 0x020000 conventional PCI endpoint
[    0.509685] pci 0000:00:03.0: BAR 0 [mem 0xfeb40000-0xfeb5ffff]
[    0.509732] pci 0000:00:03.0: BAR 1 [io  0xc000-0xc03f]
[    0.509766] pci 0000:00:03.0: ROM [mem 0xfeb00000-0xfeb3ffff pref]
[    0.513017] pci 0000:00:04.0: [1234:11e8] type 00 class 0x00ff00 conventional PCI endpoint
[    0.513278] pci 0000:00:04.0: BAR 0 [mem 0xfea00000-0xfeafffff]
[    0.518201] ACPI: PCI: Interrupt link LNKA configured for IRQ 10
[    0.518647] ACPI: PCI: Interrupt link LNKB configured for IRQ 10
[    0.518943] ACPI: PCI: Interrupt link LNKC configured for IRQ 11
[    0.519237] ACPI: PCI: Interrupt link LNKD configured for IRQ 11
[    0.519383] ACPI: PCI: Interrupt link LNKS configured for IRQ 9
[    0.521219] iommu: Default domain type: Translated
[    0.521270] iommu: DMA domain TLB invalidation policy: lazy mode
[    0.522123] SCSI subsystem initialized
[    0.523093] libata version 3.00 loaded.
[    0.523093] ACPI: bus type USB registered
[    0.523288] usbcore: registered new interface driver usbfs
[    0.523473] usbcore: registered new interface driver hub
[    0.523562] usbcore: registered new device driver usb
[    0.523722] pps_core: LinuxPPS API ver. 1 registered
[    0.523756] pps_core: Software ver. 5.3.6 - Copyright 2005-2007 Rodolfo Giometti <giometti@linux.it>
[    0.523827] PTP clock support registered
[    0.528655] PCI: Using ACPI for IRQ routing
[    0.528753] PCI: pci_cache_line_size set to 64 bytes
[    0.529052] e820: register RAM buffer resource [mem 0x0009fc00-0x0009ffff]
[    0.529180] e820: register RAM buffer resource [mem 0x0ffe0000-0x0fffffff]
[    0.532468] pci 0000:00:02.0: vgaarb: setting as boot VGA device
[    0.532468] pci 0000:00:02.0: vgaarb: bridge control possible
[    0.532468] pci 0000:00:02.0: vgaarb: VGA device added: decodes=io+mem,owns=io+mem,locks=none
[    0.532468] vgaarb: loaded
[    0.533022] hpet: 3 channels of 0 reserved for per-cpu timers
[    0.533189] hpet0: at MMIO 0xfed00000, IRQs 2, 8, 0
[    0.533265] hpet0: 3 comparators, 64-bit 100.000000 MHz counter
[    0.537334] clocksource: Switched to clocksource tsc-early
[    0.538185] VFS: Disk quotas dquot_6.6.0
[    0.538273] VFS: Dquot-cache hash table entries: 512 (order 0, 4096 bytes)
[    0.540150] pnp: PnP ACPI init
[    0.541316] pnp 00:02: [dma 2]
[    0.542267] pnp: PnP ACPI: found 5 devices
[    0.555445] clocksource: acpi_pm: mask: 0xffffff max_cycles: 0xffffff, max_idle_ns: 2085701024 ns
[    0.555828] NET: Registered PF_INET protocol family
[    0.556362] IP idents hash table entries: 4096 (order: 3, 32768 bytes, linear)
[    0.557768] tcp_listen_portaddr_hash hash table entries: 256 (order: 0, 4096 bytes, linear)
[    0.557995] Table-perturb hash table entries: 65536 (order: 6, 262144 bytes, linear)
[    0.558088] TCP established hash table entries: 2048 (order: 2, 16384 bytes, linear)
[    0.558216] TCP bind hash table entries: 2048 (order: 4, 65536 bytes, linear)
[    0.558398] TCP: Hash tables configured (established 2048 bind 2048)
[    0.559166] UDP hash table entries: 256 (order: 2, 16384 bytes, linear)
[    0.560175] pci_bus 0000:00: resource 4 [io  0x0000-0x0cf7 window]
[    0.560223] pci_bus 0000:00: resource 5 [io  0x0d00-0xffff window]
[    0.560280] pci_bus 0000:00: resource 6 [mem 0x000a0000-0x000bffff window]
[    0.560320] pci_bus 0000:00: resource 7 [mem 0x10000000-0xfebfffff window]
[    0.560360] pci_bus 0000:00: resource 8 [mem 0x100000000-0x17fffffff window]
[    0.560660] pci 0000:00:01.0: PIIX3: Enabling Passive Release
[    0.560739] pci 0000:00:00.0: Limiting direct PCI/PCI transfers
[    0.560846] PCI: CLS 0 bytes, default 64
[    0.563138] Unpacking initramfs...
[    0.568244] Initialise system trusted keyrings
[    0.568995] workingset: timestamp_bits=56 (anon: 52) max_order=16 bucket_order=0 (anon: 0)
[    0.571213] Key type asymmetric registered
[    0.571285] Asymmetric key parser 'x509' registered
[    0.571410] Block layer SCSI generic (bsg) driver version 0.4 loaded (major 250)
[    0.571680] io scheduler mq-deadline registered
[    0.571732] io scheduler kyber registered
[    0.574781] input: Power Button as /devices/platform/LNXPWRBN:00/input/input0
[    0.575339] ACPI: button: Power Button [PWRF]
[    0.580168] Serial: 8250/16550 driver, 4 ports, IRQ sharing enabled
[    0.582333] 00:04: ttyS0 at I/O 0x3f8 (irq = 4, base_baud = 115200) is a 16550A
[    0.587630] Non-volatile memory driver v1.3
[    0.597571] loop: module loaded
[    0.603271] scsi host0: ata_piix
[    0.605130] scsi host1: ata_piix
[    0.605376] ata1: PATA max MWDMA2 cmd 0x1f0 ctl 0x3f6 bmdma 0xc040 irq 14 lpm-pol 0
[    0.605454] ata2: PATA max MWDMA2 cmd 0x170 ctl 0x376 bmdma 0xc048 irq 15 lpm-pol 0
[    0.608301] i8042: PNP: PS/2 Controller [PNP0303:KBD,PNP0f13:MOU] at 0x60,0x64 irq 1,12
[    0.610073] serio: i8042 KBD port at 0x60,0x64 irq 1
[    0.610223] serio: i8042 AUX port at 0x60,0x64 irq 12
[    0.611879] rtc_cmos PNP0B00:00: RTC can wake from S4
[    0.613867] rtc_cmos PNP0B00:00: registered as rtc0
[    0.614564] input: AT Translated Set 2 keyboard as /devices/platform/i8042/serio0/input/input1
[    0.615301] rtc_cmos PNP0B00:00: alarms up to one day, y3k, 242 bytes nvram, hpet irqs
[    0.615902] device-mapper: ioctl: 4.50.0-ioctl (2025-04-28) initialised: dm-devel@lists.linux.dev
[    0.616122] amd_pstate: the _CPC object is not present in SBIOS or ACPI disabled
[    0.616283] hid: raw HID events driver (C) Jiri Kosina
[    0.617268] usbcore: registered new interface driver usbhid
[    0.617312] usbhid: USB HID core driver
[    0.618098] NET: Registered PF_INET6 protocol family
[    0.622770] Segment Routing with IPv6
[    0.622908] In-situ OAM (IOAM) with IPv6
[    0.624629] IPI shorthand broadcast: enabled
[    0.632060] sched_clock: Marking stable (620133905, 11271699)->(633872132, -2466528)
[    0.633505] Loading compiled-in X.509 certificates
[    0.639778] Demotion targets for Node 0: null
[    0.643089] PM:   Magic number: 6:950:985
[    0.643868] clk: Disabling unused clocks
[    0.644073] KTAP version 1
[    0.644096] 1..0
[    0.710449] Freeing initrd memory: 7876K
[    0.759309] ata2: found unknown device (class 0)
[    0.761166] ata2.00: ATAPI: QEMU DVD-ROM, 2.5+, max UDMA/100
[    0.767048] scsi 1:0:0:0: CD-ROM            QEMU     QEMU DVD-ROM     2.5+ PQ: 0 ANSI: 5
[    0.784000] sr 1:0:0:0: [sr0] scsi3-mmc drive: 4x/4x cd/rw xa/form2 tray
[    0.796487] cdrom: Uniform CD-ROM driver Revision: 3.20
[    0.803820] sr 1:0:0:0: Attached scsi CD-ROM sr0
[    0.804485] sr 1:0:0:0: Attached scsi generic sg0 type 5
[    0.841279] Freeing unused kernel image (initmem) memory: 2808K
[    0.841436] Write protecting the kernel read-only data: 20480k
[    0.842824] Freeing unused kernel image (text/rodata gap) memory: 1584K
[    0.843529] Freeing unused kernel image (rodata/data gap) memory: 988K
[    0.929474] x86/mm: Checked W+X mappings: passed, no W+X pages found.
[    0.929641] Run /init as init process
[    0.929663]   with arguments:
[    0.929685]     /init
[    0.929704]     nokaslr
[    0.929720]   with environment:
[    0.929741]     HOME=/
[    0.929759]     TERM=linux
[    0.987415] mount (54) used greatest stack depth: 13208 bytes left
[    0.999956] mount (56) used greatest stack depth: 13152 bytes left
[    1.003268] mkdir (57) used greatest stack depth: 13120 bytes left
=== insmod edu_drv ===
[    1.021375] edu_drv: loading out-of-tree module taints kernel.
[    1.024737] [rhcov] edu_pci_probe
[    1.029934] ACPI: \_SB_.LNKD: Enabled at IRQ 11
[    1.031237] input: ImExPS/2 Generic Explorer Mouse as /devices/platform/i8042/serio1/input/input3
[    1.032213] insmod (61) used greatest stack depth: 13096 bytes left
REHARNESS_DRIVER_INSMOD_RC=0
REHARNESS_DRIVER_PROBE_BOUND=1
=== dmesg ===
[    0.030040] PM: hibernation: Registered nosave memory: [mem 0x00000000-0x00000fff]
[    0.030097] PM: hibernation: Registered nosave memory: [mem 0x0009f000-0x000fffff]
[    0.419154] NET: Registered PF_NETLINK/PF_ROUTE protocol family
[    0.423422] thermal_sys: Registered thermal governor 'step_wise'
[    0.427695] kprobes: kprobe jump-optimization is enabled. All kprobes are optimized if possible.
[    0.429304] HugeTLB: registered 2.00 MiB page size, pre-allocated 0 pages
[    0.523093] ACPI: bus type USB registered
[    0.523288] usbcore: registered new interface driver usbfs
[    0.523473] usbcore: registered new interface driver hub
[    0.523562] usbcore: registered new device driver usb
[    0.523722] pps_core: LinuxPPS API ver. 1 registered
[    0.523827] PTP clock support registered
[    0.555828] NET: Registered PF_INET protocol family
[    0.571213] Key type asymmetric registered
[    0.571285] Asymmetric key parser 'x509' registered
[    0.571680] io scheduler mq-deadline registered
[    0.571732] io scheduler kyber registered
[    0.613867] rtc_cmos PNP0B00:00: registered as rtc0
[    0.617268] usbcore: registered new interface driver usbhid
[    0.618098] NET: Registered PF_INET6 protocol family
[    1.021375] edu_drv: loading out-of-tree module taints kernel.
[    1.024737] [rhcov] edu_pci_probe
=== exerciser ===
[    1.075475] [rhcov] edu_open
[    1.075586] [rhcov] edu_read
TRACE id@0x00 = 0x010000ed OK
[    1.076713] [rhcov] edu_write
TRACE live_check@0x04 write0xa5a5a5a5 read0x5a5a5a5a OK (~X)
TRACE factorial@0x08(5)=120 OK
EDU_TRACE_OK
EXERCISER_RC=0
=== rmmod edu_drv ===
[    1.083140] [rhcov] edu_pci_remove
REHARNESS_DRIVER_RMMOD_RC=0
=== QEMU_RUN_DONE ===
[    1.304133] sysrq: Power Off
[    1.305217] Kernel panic - not syncing: Attempted to kill init! exitcode=0x00000000
[    1.305580] CPU: 0 UID: 0 PID: 1 Comm: init Tainted: G           O        7.1.0-rc7+ #18 PREEMPT(lazy) 
[    1.305672] Tainted: [O]=OOT_MODULE
[    1.305694] Hardware name: QEMU Standard PC (i440FX + PIIX, 1996), BIOS rel-1.17.0-0-gb52ca86e094d-prebuilt.qemu.org 04/01/2014
[    1.305811] Call Trace:
[    1.306141]  <TASK>
[    1.306278]  vpanic+0x32f/0x4b0
[    1.306433]  panic+0x63/0x70
[    1.306453]  do_exit+0x952/0xaf0
[    1.306475]  do_group_exit+0x30/0x80
[    1.306495]  __x64_sys_exit_group+0x18/0x20
[    1.306522]  x64_sys_call+0x12e2/0x1880
[    1.306543]  do_syscall_64+0x10e/0x4e0
[    1.306568]  entry_SYSCALL_64_after_hwframe+0x77/0x7f
[    1.306661] RIP: 0033:0x7f33d985a31d
[    1.306797] Code: 02 ba ff ff ff ff 89 d0 c3 0f 1f 40 00 f3 0f 1e fa 48 8b 35 ed 4a 11 00 ba e7 00 00 00 eb 07 66 0f 1f 44 00 00 f4 89 d0 0f 05 <48> 3d 00 f0 ff ff 76 f3 f7 d8 64 89 06 eb ec 0f 1f 40 00 f3 0f 1e
[    1.306898] RSP: 002b:00007fffd8ed1608 EFLAGS: 00000206 ORIG_RAX: 00000000000000e7
[    1.306951] RAX: ffffffffffffffda RBX: 00007fffd8ed1890 RCX: 00007f33d985a31d
[    1.306986] RDX: 00000000000000e7 RSI: ffffffffffffff88 RDI: 0000000000000000
[    1.307019] RBP: 00007fffd8ed16e0 R08: 00005597cebbc010 R09: 0000000000000007
[    1.307053] R10: 00005597cebbc4b0 R11: 0000000000000206 R12: 0000000000000000
[    1.307086] R13: 00007fffd8ed1880 R14: 00005597cd05fdd8 R15: 00007f33d99c0000
[    1.307142]  </TASK>
[    1.307523] Kernel Offset: disabled
[    1.307692] Rebooting in 1 seconds..
