c[?7l[2J[0mSeaBIOS (version rel-1.17.0-0-gb52ca86e094d-prebuilt.qemu.org)


iPXE (http://ipxe.org) 00:03.0 CA00 PCI2.10 PnP PMM+0EFD1C90+0EF31C90 CA00
Press Ctrl-B to configure iPXE (PCI 00:03.0)...                                                                               


Booting from ROM..c[?7l[2JNo EFI environment detected.
early console in extract_kernel
input_data: 0x000000000266d2c4
input_len: 0x000000000094b4db
output: 0x0000000001000000
output_len: 0x0000000001f78348
kernel_total_size: 0x0000000001d7d000
needed_size: 0x0000000002000000
trampoline_32bit: 0x0000000000000000


KASLR disabled: 'nokaslr' on cmdline.


Decompressing Linux... Parsing ELF... No relocation needed... done.
Booting the kernel (entry_offset: 0x0000000001a0e3b0).
[    0.000000] Linux version 7.1.0-rc7+ (yfblock@9950x) (gcc (Ubuntu 13.3.0-6ubuntu2~24.04.1) 13.3.0, GNU ld (GNU Binutils for Ubuntu) 2.42) #17 SMP PREEMPT_DYNAMIC Tue Aug 25 17:24:02 CST 2026
[    0.000000] Command line: console=ttyS0 nokaslr panic=1 ignore_loglevel earlyprintk=serial,ttyS0,115200
[    0.000000] BIOS-provided physical RAM map:
[    0.000000] BIOS-e820: [mem 0x0000000000000000-0x000000000009fbff]  System RAM
[    0.000000] BIOS-e820: [mem 0x000000000009fc00-0x000000000009ffff]  device reserved
[    0.000000] BIOS-e820: [gap 0x00000000000a0000-0x00000000000effff]
[    0.000000] BIOS-e820: [mem 0x00000000000f0000-0x00000000000fffff]  device reserved
[    0.000000] BIOS-e820: [mem 0x0000000000100000-0x000000000ffdffff]  System RAM
[    0.000000] BIOS-e820: [mem 0x000000000ffe0000-0x000000000fffffff]  device reserved
[    0.000000] BIOS-e820: [gap 0x0000000010000000-0x00000000fffbffff]
[    0.000000] BIOS-e820: [mem 0x00000000fffc0000-0x00000000ffffffff]  device reserved
[    0.000000] BIOS-e820: [gap 0x0000000100000000-0x000000fcffffffff]
[    0.000000] BIOS-e820: [mem 0x000000fd00000000-0x000000ffffffffff]  device reserved
[    0.000000] printk: debug: ignoring loglevel setting.
[    0.000000] printk: legacy bootconsole [earlyser0] enabled
[    0.000000] NX (Execute Disable) protection: active
[    0.000000] APIC: Static calls initialized
[    0.000000] DMI: SMBIOS 2.8 present.
[    0.000000] DMI: QEMU Standard PC (i440FX + PIIX, 1996), BIOS rel-1.17.0-0-gb52ca86e094d-prebuilt.qemu.org 04/01/2014
[    0.000000] DMI: Memory slots populated: 1/1
[    0.000000] tsc: Fast TSC calibration using PIT
[    0.000000] tsc: Detected 4299.908 MHz processor
[    0.007868] e820: update [mem 0x00000000-0x00000fff] System RAM ==> device reserved
[    0.008043] e820: remove [mem 0x000a0000-0x000fffff] System RAM
[    0.008192] last_pfn = 0xffe0 max_arch_pfn = 0x400000000
[    0.008623] MTRR map: 4 entries (3 fixed + 1 variable; max 19), built from 8 variable MTRRs
[    0.008779] x86/PAT: Configuration [0-7]: WB  WC  UC- UC  WB  WP  UC- WT  
[    0.020432] found SMP MP-table at [mem 0x000f54c0-0x000f54cf]
[    0.023433] RAMDISK: [mem 0x0f780000-0x0ffdffff]
[    0.023701] ACPI: Early table checksum verification disabled
[    0.024010] ACPI: RSDP 0x00000000000F52E0 000014 (v00 BOCHS )
[    0.024202] ACPI: RSDT 0x000000000FFE2383 000034 (v01 BOCHS  BXPC     00000001 BXPC 00000001)
[    0.024671] ACPI: FACP 0x000000000FFE222F 000074 (v01 BOCHS  BXPC     00000001 BXPC 00000001)
[    0.025107] ACPI: DSDT 0x000000000FFE0040 0021EF (v01 BOCHS  BXPC     00000001 BXPC 00000001)
[    0.025202] ACPI: FACS 0x000000000FFE0000 000040
[    0.025263] ACPI: APIC 0x000000000FFE22A3 000080 (v03 BOCHS  BXPC     00000001 BXPC 00000001)
[    0.025327] ACPI: HPET 0x000000000FFE2323 000038 (v01 BOCHS  BXPC     00000001 BXPC 00000001)
[    0.025390] ACPI: WAET 0x000000000FFE235B 000028 (v01 BOCHS  BXPC     00000001 BXPC 00000001)
[    0.025496] ACPI: Reserving FACP table memory at [mem 0xffe222f-0xffe22a2]
[    0.025546] ACPI: Reserving DSDT table memory at [mem 0xffe0040-0xffe222e]
[    0.025589] ACPI: Reserving FACS table memory at [mem 0xffe0000-0xffe003f]
[    0.025631] ACPI: Reserving APIC table memory at [mem 0xffe22a3-0xffe2322]
[    0.025672] ACPI: Reserving HPET table memory at [mem 0xffe2323-0xffe235a]
[    0.025723] ACPI: Reserving WAET table memory at [mem 0xffe235b-0xffe2382]
[    0.026940] No NUMA configuration found
[    0.026982] Faking a node at [mem 0x0000000000000000-0x000000000ffdffff]
[    0.027362] NODE_DATA(0) allocated [mem 0x0f77c680-0x0f77ffff]
[    0.027852] ACPI: PM-Timer IO Port: 0x608
[    0.028119] ACPI: LAPIC_NMI (acpi_id[0xff] dfl dfl lint[0x1])
[    0.028368] IOAPIC[0]: apic_id 0, version 32, address 0xfec00000, GSI 0-23
[    0.028478] ACPI: INT_SRC_OVR (bus 0 bus_irq 0 global_irq 2 dfl dfl)
[    0.028652] ACPI: INT_SRC_OVR (bus 0 bus_irq 5 global_irq 5 high level)
[    0.028714] ACPI: INT_SRC_OVR (bus 0 bus_irq 9 global_irq 9 high level)
[    0.028805] ACPI: INT_SRC_OVR (bus 0 bus_irq 10 global_irq 10 high level)
[    0.028848] ACPI: INT_SRC_OVR (bus 0 bus_irq 11 global_irq 11 high level)
[    0.028991] ACPI: Using ACPI (MADT) for SMP configuration information
[    0.029051] ACPI: HPET id: 0x8086a201 base: 0xfed00000
[    0.029308] CPU topo: Max. logical packages:   1
[    0.029359] CPU topo: Max. logical nodes:      1
[    0.029392] CPU topo: Num. nodes per package:  1
[    0.029454] CPU topo: Max. logical dies:       1
[    0.029487] CPU topo: Max. dies per package:   1
[    0.029546] CPU topo: Max. threads per core:   1
[    0.029652] CPU topo: Num. cores per package:     2
[    0.029689] CPU topo: Num. threads per package:   2
[    0.029722] CPU topo: Allowing 2 present CPUs plus 0 hotplug CPUs
[    0.030210] PM: hibernation: Registered nosave memory: [mem 0x00000000-0x00000fff]
[    0.030274] PM: hibernation: Registered nosave memory: [mem 0x0009f000-0x000fffff]
[    0.030382] [gap 0x10000000-0xfffbffff] available for PCI devices
[    0.030454] Booting paravirtualized kernel on bare hardware
[    0.030668] clocksource: refined-jiffies: mask: 0xffffffff max_cycles: 0xffffffff, max_idle_ns: 1910969940391419 ns
[    0.038034] Zone ranges:
[    0.038070]   DMA      [mem 0x0000000000001000-0x0000000000ffffff]
[    0.038146]   DMA32    [mem 0x0000000001000000-0x000000000ffdffff]
[    0.038190]   Normal   empty
[    0.038222] Movable zone start for each node
[    0.038262] Early memory node ranges
[    0.038302]   node   0: [mem 0x0000000000001000-0x000000000009efff]
[    0.038411]   node   0: [mem 0x0000000000100000-0x000000000ffdffff]
[    0.038520] Initmem setup node 0 [mem 0x0000000000001000-0x000000000ffdffff]
[    0.039138] On node 0, zone DMA: 1 pages in unavailable ranges
[    0.039311] On node 0, zone DMA: 97 pages in unavailable ranges
[    0.039995] On node 0, zone DMA32: 32 pages in unavailable ranges
[    0.040149] setup_percpu: NR_CPUS:64 nr_cpumask_bits:2 nr_cpu_ids:2 nr_node_ids:1
[    0.040927] percpu: Embedded 52 pages/cpu s175064 r8192 d29736 u1048576
[    0.041191] pcpu-alloc: s175064 r8192 d29736 u1048576 alloc=1*2097152
[    0.041275] pcpu-alloc: [0] 0 1 
[    0.042116] Kernel command line: console=ttyS0 nokaslr panic=1 ignore_loglevel earlyprintk=serial,ttyS0,115200
[    0.042822] Unknown kernel command line parameters "nokaslr", will be passed to user space.
[    0.042989] printk: log buffer data + meta data: 262144 + 917504 = 1179648 bytes
[    0.043191] Dentry cache hash table entries: 32768 (order: 6, 262144 bytes, linear)
[    0.043294] Inode-cache hash table entries: 16384 (order: 5, 131072 bytes, linear)
[    0.044777] Fallback order for Node 0: 0 
[    0.045024] Built 1 zonelists, mobility grouping on.  Total pages: 65406
[    0.045104] Policy zone: DMA32
[    0.045263] mem auto-init: stack:all(zero), heap alloc:off, heap free:off
[    0.050441] SLUB: HWalign=64, Order=0-3, MinObjects=0, CPUs=2, Nodes=1
Poking KASLR using RDTSC...
[    0.071494] ftrace: allocating 38031 entries in 150 pages
[    0.071744] ftrace: allocated 150 pages with 4 groups
[    0.076072] Dynamic Preempt: lazy
[    0.077829] rcu: Preemptible hierarchical RCU implementation.
[    0.077872] rcu: 	RCU event tracing is enabled.
[    0.077911] rcu: 	RCU restricting CPUs from NR_CPUS=64 to nr_cpu_ids=2.
[    0.078033] 	Trampoline variant of Tasks RCU enabled.
[    0.078065] 	Rude variant of Tasks RCU enabled.
[    0.078095] 	Tracing variant of Tasks RCU enabled.
[    0.078177] rcu: RCU calculated value of scheduler-enlistment delay is 100 jiffies.
[    0.078233] rcu: Adjusting geometry for rcu_fanout_leaf=16, nr_cpu_ids=2
[    0.078924] RCU Tasks: Setting shift to 1 and lim to 1 rcu_task_cb_adjust=1 rcu_task_cpu_ids=2.
[    0.078985] RCU Tasks Rude: Setting shift to 1 and lim to 1 rcu_task_cb_adjust=1 rcu_task_cpu_ids=2.
[    0.093350] NR_IRQS: 4352, nr_irqs: 440, preallocated irqs: 16
[    0.098653] rcu: srcu_init: Setting srcu_struct sizes based on contention.
[    0.103034] Console: colour VGA+ 80x25
[    0.104139] printk: legacy console [ttyS0] enabled
[    0.104139] printk: legacy console [ttyS0] enabled
[    0.104420] printk: legacy bootconsole [earlyser0] disabled
[    0.104420] printk: legacy bootconsole [earlyser0] disabled
[    0.105263] ACPI: Core revision 20251212
[    0.108302] clocksource: hpet: mask: 0xffffffff max_cycles: 0xffffffff, max_idle_ns: 19112604467 ns
[    0.109454] APIC: Switch to symmetric I/O mode setup
[    0.113733] ..TIMER: vector=0x30 apic1=0 pin1=2 apic2=-1 pin2=-1
[    0.119118] clocksource: tsc-early: mask: 0xffffffffffffffff max_cycles: 0x3dfb0ca27ac, max_idle_ns: 440795389672 ns
[    0.119383] Calibrating delay loop (skipped), value calculated using timer frequency.. 8599.81 BogoMIPS (lpj=4299908)
[    0.121526] Last level iTLB entries: 4KB 512, 2MB 255, 4MB 127
[    0.121585] Last level dTLB entries: 4KB 512, 2MB 255, 4MB 127, 1GB 0
[    0.121750] mitigations: Enabled attack vectors: user_kernel, user_user, SMT mitigations: auto
[    0.122008] Spectre V2 : Mitigation: Retpolines
[    0.122106] Spectre V1 : Mitigation: usercopy/swapgs barriers and __user pointer sanitization
[    0.122209] Spectre V2 : Spectre v2 / SpectreRSB: Filling RSB on context switch and VMEXIT
[    0.122681] x86/fpu: x87 FPU will use FXSAVE
[    0.184493] pid_max: default: 32768 minimum: 301
[    0.192962] Mount-cache hash table entries: 512 (order: 0, 4096 bytes, linear)
[    0.193076] Mountpoint-cache hash table entries: 512 (order: 0, 4096 bytes, linear)
[    0.197568] VFS: Finished mounting rootfs on nullfs
[    0.311263] smpboot: CPU0: AMD QEMU Virtual CPU version 2.5+ (family: 0xf, model: 0x6b, stepping: 0x1)
[    0.315754] Performance Events: PMU not available due to virtualization, using software events only.
[    0.316319] signal: max sigframe size: 1440
[    0.317641] rcu: Hierarchical SRCU implementation.
[    0.317700] rcu: 	Max phase no-delay instances is 400.
[    0.318372] Timer migration: 1 hierarchy levels; 8 children per group; 1 crossnode level
[    0.320697] smp: Bringing up secondary CPUs ...
[    0.324569] smpboot: x86: Booting SMP configuration:
[    0.324627] .... node  #0, CPUs:      #1
[    0.394584] smp: Brought up 1 node, 2 CPUs
[    0.395319] smpboot: Total of 2 processors activated (17201.92 BogoMIPS)
[    0.400080] Memory: 213948K/261624K available (12659K kernel code, 2337K rwdata, 5116K rodata, 2792K init, 544K bss, 44240K reserved, 0K cma-reserved)
[    0.404274] devtmpfs: initialized
[    0.410335] clocksource: jiffies: mask: 0xffffffff max_cycles: 0xffffffff, max_idle_ns: 1911260446275000 ns
[    0.410637] posixtimers hash table entries: 1024 (order: 2, 16384 bytes, linear)
[    0.410822] futex hash table entries: 512 (32768 bytes on 1 NUMA nodes, total 32 KiB, linear).
[    0.413074] PM: RTC time: 09:34:50, date: 2026-08-25
[    0.415484] NET: Registered PF_NETLINK/PF_ROUTE protocol family
[    0.419649] thermal_sys: Registered thermal governor 'step_wise'
[    0.419964] cpuidle: using governor menu
[    0.421005] Freeing SMP alternatives memory: 36K
[    0.422366] PCI: Using configuration type 1 for base access
[    0.422613] mtrr: your CPUs had inconsistent fixed MTRR settings
[    0.422659] mtrr: your CPUs had inconsistent variable MTRR settings
[    0.422704] mtrr: your CPUs had inconsistent MTRRdefType settings
[    0.422751] mtrr: probably your BIOS does not setup all CPUs.
[    0.422789] mtrr: corrected configuration.
[    0.424007] kprobes: kprobe jump-optimization is enabled. All kprobes are optimized if possible.
[    0.425498] HugeTLB: registered 2.00 MiB page size, pre-allocated 0 pages
[    0.425568] HugeTLB: 28 KiB vmemmap can be freed for a 2.00 MiB page
[    0.427883] ACPI: Added _OSI(Module Device)
[    0.427929] ACPI: Added _OSI(Processor Device)
[    0.427970] ACPI: Added _OSI(Processor Aggregator Device)
[    0.439007] ACPI: 1 ACPI AML tables successfully acquired and loaded
[    0.450615] ACPI: \_SB_: platform _OSC: OS support mask [002a7eee]
[    0.455497] ACPI: Interpreter enabled
[    0.456119] ACPI: PM: (supports S0 S3 S4 S5)
[    0.456172] ACPI: Using IOAPIC for interrupt routing
[    0.456400] PCI: Using host bridge windows from ACPI; if necessary, use "pci=nocrs" and report a bug
[    0.456471] PCI: Using E820 reservations for host bridge windows
[    0.457287] ACPI: Enabled 2 GPEs in block 00 to 0F
[    0.489801] ACPI: PCI Root Bridge [PCI0] (domain 0000 [bus 00-ff])
[    0.490244] acpi PNP0A03:00: _OSC: OS supports [ASPM ClockPM Segments MSI HPX-Type3]
[    0.490375] acpi PNP0A03:00: _OSC: not requesting OS control; OS requires [ExtendedConfig ASPM ClockPM MSI]
[    0.490601] acpi PNP0A03:00: _OSC: platform retains control of PCIe features (AE_ERROR)
[    0.490895] acpi PNP0A03:00: fail to add MMCONFIG information, can't access extended configuration space under this bridge
[    0.492781] PCI host bridge to bus 0000:00
[    0.492934] pci_bus 0000:00: root bus resource [io  0x0000-0x0cf7 window]
[    0.493045] pci_bus 0000:00: root bus resource [io  0x0d00-0xffff window]
[    0.493091] pci_bus 0000:00: root bus resource [mem 0x000a0000-0x000bffff window]
[    0.493157] pci_bus 0000:00: root bus resource [mem 0x10000000-0xfebfffff window]
[    0.493206] pci_bus 0000:00: root bus resource [mem 0x100000000-0x17fffffff window]
[    0.493342] pci_bus 0000:00: root bus resource [bus 00-ff]
[    0.494137] pci 0000:00:00.0: [8086:1237] type 00 class 0x060000 conventional PCI endpoint
[    0.496557] pci 0000:00:01.0: [8086:7000] type 00 class 0x060100 conventional PCI endpoint
[    0.496909] pci 0000:00:01.1: [8086:7010] type 00 class 0x010180 conventional PCI endpoint
[    0.497321] pci 0000:00:01.1: BAR 4 [io  0xc040-0xc04f]
[    0.497400] pci 0000:00:01.1: BAR 0 [io  0x01f0-0x01f7]: legacy IDE quirk
[    0.497453] pci 0000:00:01.1: BAR 1 [io  0x03f6]: legacy IDE quirk
[    0.497509] pci 0000:00:01.1: BAR 2 [io  0x0170-0x0177]: legacy IDE quirk
[    0.497560] pci 0000:00:01.1: BAR 3 [io  0x0376]: legacy IDE quirk
[    0.497921] pci 0000:00:01.3: [8086:7113] type 00 class 0x068000 conventional PCI endpoint
[    0.498181] pci 0000:00:01.3: quirk: [io  0x0600-0x063f] claimed by PIIX4 ACPI
[    0.498275] pci 0000:00:01.3: quirk: [io  0x0700-0x070f] claimed by PIIX4 SMB
[    0.498582] pci 0000:00:02.0: [1234:1111] type 00 class 0x030000 conventional PCI endpoint
[    0.498954] pci 0000:00:02.0: BAR 0 [mem 0xfd000000-0xfdffffff pref]
[    0.499033] pci 0000:00:02.0: BAR 2 [mem 0xfebf0000-0xfebf0fff]
[    0.499075] pci 0000:00:02.0: ROM [mem 0xfebe0000-0xfebeffff pref]
[    0.499245] pci 0000:00:02.0: Video device with shadowed ROM at [mem 0x000c0000-0x000dffff]
[    0.499630] pci 0000:00:03.0: [8086:100e] type 00 class 0x020000 conventional PCI endpoint
[    0.500031] pci 0000:00:03.0: BAR 0 [mem 0xfebc0000-0xfebdffff]
[    0.500085] pci 0000:00:03.0: BAR 1 [io  0xc000-0xc03f]
[    0.500123] pci 0000:00:03.0: ROM [mem 0xfeb80000-0xfebbffff pref]
[    0.505575] ACPI: PCI: Interrupt link LNKA configured for IRQ 10
[    0.506031] ACPI: PCI: Interrupt link LNKB configured for IRQ 10
[    0.506351] ACPI: PCI: Interrupt link LNKC configured for IRQ 11
[    0.506655] ACPI: PCI: Interrupt link LNKD configured for IRQ 11
[    0.506804] ACPI: PCI: Interrupt link LNKS configured for IRQ 9
[    0.508702] iommu: Default domain type: Translated
[    0.508768] iommu: DMA domain TLB invalidation policy: lazy mode
[    0.509631] SCSI subsystem initialized
[    0.509728] libata version 3.00 loaded.
[    0.510502] ACPI: bus type USB registered
[    0.510784] usbcore: registered new interface driver usbfs
[    0.510981] usbcore: registered new interface driver hub
[    0.511072] usbcore: registered new device driver usb
[    0.511233] pps_core: LinuxPPS API ver. 1 registered
[    0.511314] pps_core: Software ver. 5.3.6 - Copyright 2005-2007 Rodolfo Giometti <giometti@linux.it>
[    0.511399] PTP clock support registered
[    0.515682] PCI: Using ACPI for IRQ routing
[    0.515784] PCI: pci_cache_line_size set to 64 bytes
[    0.516012] e820: register RAM buffer resource [mem 0x0009fc00-0x0009ffff]
[    0.516143] e820: register RAM buffer resource [mem 0x0ffe0000-0x0fffffff]
[    0.518527] pci 0000:00:02.0: vgaarb: setting as boot VGA device
[    0.518600] pci 0000:00:02.0: vgaarb: bridge control possible
[    0.518660] pci 0000:00:02.0: vgaarb: VGA device added: decodes=io+mem,owns=io+mem,locks=none
[    0.518727] vgaarb: loaded
[    0.519396] hpet: 3 channels of 0 reserved for per-cpu timers
[    0.519563] hpet0: at MMIO 0xfed00000, IRQs 2, 8, 0
[    0.519643] hpet0: 3 comparators, 64-bit 100.000000 MHz counter
[    0.522614] clocksource: Switched to clocksource tsc-early
[    0.523580] VFS: Disk quotas dquot_6.6.0
[    0.523668] VFS: Dquot-cache hash table entries: 512 (order 0, 4096 bytes)
[    0.524931] pnp: PnP ACPI init
[    0.526066] pnp 00:02: [dma 2]
[    0.527005] pnp: PnP ACPI: found 5 devices
[    0.540638] clocksource: acpi_pm: mask: 0xffffff max_cycles: 0xffffff, max_idle_ns: 2085701024 ns
[    0.541029] NET: Registered PF_INET protocol family
[    0.541581] IP idents hash table entries: 4096 (order: 3, 32768 bytes, linear)
[    0.543041] tcp_listen_portaddr_hash hash table entries: 256 (order: 0, 4096 bytes, linear)
[    0.543233] Table-perturb hash table entries: 65536 (order: 6, 262144 bytes, linear)
[    0.543335] TCP established hash table entries: 2048 (order: 2, 16384 bytes, linear)
[    0.543473] TCP bind hash table entries: 2048 (order: 4, 65536 bytes, linear)
[    0.543592] TCP: Hash tables configured (established 2048 bind 2048)
[    0.544416] UDP hash table entries: 256 (order: 2, 16384 bytes, linear)
[    0.545428] pci_bus 0000:00: resource 4 [io  0x0000-0x0cf7 window]
[    0.545480] pci_bus 0000:00: resource 5 [io  0x0d00-0xffff window]
[    0.545522] pci_bus 0000:00: resource 6 [mem 0x000a0000-0x000bffff window]
[    0.545567] pci_bus 0000:00: resource 7 [mem 0x10000000-0xfebfffff window]
[    0.545611] pci_bus 0000:00: resource 8 [mem 0x100000000-0x17fffffff window]
[    0.545918] pci 0000:00:01.0: PIIX3: Enabling Passive Release
[    0.546008] pci 0000:00:00.0: Limiting direct PCI/PCI transfers
[    0.546118] PCI: CLS 0 bytes, default 64
[    0.548360] Unpacking initramfs...
[    0.553712] Initialise system trusted keyrings
[    0.554587] workingset: timestamp_bits=56 (anon: 52) max_order=16 bucket_order=0 (anon: 0)
[    0.556860] Key type asymmetric registered
[    0.556936] Asymmetric key parser 'x509' registered
[    0.557102] Block layer SCSI generic (bsg) driver version 0.4 loaded (major 250)
[    0.557369] io scheduler mq-deadline registered
[    0.557429] io scheduler kyber registered
[    0.560018] input: Power Button as /devices/platform/LNXPWRBN:00/input/input0
[    0.560674] ACPI: button: Power Button [PWRF]
[    0.563844] Serial: 8250/16550 driver, 4 ports, IRQ sharing enabled
[    0.566194] 00:04: ttyS0 at I/O 0x3f8 (irq = 4, base_baud = 115200) is a 16550A
[    0.571485] Non-volatile memory driver v1.3
[    0.581686] loop: module loaded
[    0.586614] scsi host0: ata_piix
[    0.588072] scsi host1: ata_piix
[    0.588338] ata1: PATA max MWDMA2 cmd 0x1f0 ctl 0x3f6 bmdma 0xc040 irq 14 lpm-pol 0
[    0.588416] ata2: PATA max MWDMA2 cmd 0x170 ctl 0x376 bmdma 0xc048 irq 15 lpm-pol 0
[    0.589920] i8042: PNP: PS/2 Controller [PNP0303:KBD,PNP0f13:MOU] at 0x60,0x64 irq 1,12
[    0.591813] serio: i8042 KBD port at 0x60,0x64 irq 1
[    0.592257] serio: i8042 AUX port at 0x60,0x64 irq 12
[    0.594143] input: AT Translated Set 2 keyboard as /devices/platform/i8042/serio0/input/input1
[    0.595204] rtc_cmos PNP0B00:00: RTC can wake from S4
[    0.597096] rtc_cmos PNP0B00:00: registered as rtc0
[    0.597874] rtc_cmos PNP0B00:00: alarms up to one day, y3k, 242 bytes nvram, hpet irqs
[    0.599198] device-mapper: ioctl: 4.50.0-ioctl (2025-04-28) initialised: dm-devel@lists.linux.dev
[    0.599434] amd_pstate: the _CPC object is not present in SBIOS or ACPI disabled
[    0.599609] hid: raw HID events driver (C) Jiri Kosina
[    0.600240] usbcore: registered new interface driver usbhid
[    0.600304] usbhid: USB HID core driver
[    0.601468] NET: Registered PF_INET6 protocol family
[    0.605227] Segment Routing with IPv6
[    0.605381] In-situ OAM (IOAM) with IPv6
[    0.607373] IPI shorthand broadcast: enabled
[    0.615167] sched_clock: Marking stable (603767541, 11191452)->(617548142, -2589149)
[    0.616566] Loading compiled-in X.509 certificates
[    0.623094] Demotion targets for Node 0: null
[    0.625078] PM:   Magic number: 6:873:576
[    0.625836] clk: Disabling unused clocks
[    0.626076] KTAP version 1
[    0.626103] 1..0
[    0.720476] Freeing initrd memory: 8576K
[    0.742202] ata2: found unknown device (class 0)
[    0.744080] ata2.00: ATAPI: QEMU DVD-ROM, 2.5+, max UDMA/100
[    0.750206] scsi 1:0:0:0: CD-ROM            QEMU     QEMU DVD-ROM     2.5+ PQ: 0 ANSI: 5
[    0.765880] sr 1:0:0:0: [sr0] scsi3-mmc drive: 4x/4x cd/rw xa/form2 tray
[    0.778174] cdrom: Uniform CD-ROM driver Revision: 3.20
[    0.785626] sr 1:0:0:0: Attached scsi CD-ROM sr0
[    0.786279] sr 1:0:0:0: Attached scsi generic sg0 type 5
[    0.823445] Freeing unused kernel image (initmem) memory: 2792K
[    0.823585] Write protecting the kernel read-only data: 20480k
[    0.825111] Freeing unused kernel image (text/rodata gap) memory: 1676K
[    0.825580] Freeing unused kernel image (rodata/data gap) memory: 1028K
[    0.910880] x86/mm: Checked W+X mappings: passed, no W+X pages found.
[    0.911045] Run /init as init process
[    0.911072]   with arguments:
[    0.911096]     /init
[    0.911116]     nokaslr
[    0.911134]   with environment:
[    0.911157]     HOME=/
[    0.911176]     TERM=linux
[    0.965445] mount (54) used greatest stack depth: 13208 bytes left
[    0.973457] mount (55) used greatest stack depth: 13120 bytes left
=== insmod required kernel module i2c-dev ===
[    1.000675] i2c_dev: i2c /dev entries driver
REHARNESS_KERNEL_MODULE_0_NAME=i2c-dev
REHARNESS_KERNEL_MODULE_0_INSMOD_RC=0
=== insmod runtime fixture i2c-registrar ===
[    1.007556] i2c_registrar: loading out-of-tree module taints kernel.
[    1.009146] REHARNESS_I2C_CLIENT_READY name=reharness_i2c_sens bus=i2c-0
[    1.009353] REHARNESS_I2C_REGISTRAR_READY address=0x50
REHARNESS_RUNTIME_FIXTURE_MODULE_0_INSMOD_RC=0
=== insmod reharness_i2c_sensor ===
[    1.013863] reharness_i2c_sens 0-0050: REHARNESS_I2C_DRIVER_PROBE register=0x10 value=0x5a
REHARNESS_DRIVER_INSMOD_RC=0
REHARNESS_DRIVER_PROBE_BOUND=1
=== dmesg ===
[    1.032063] input: ImExPS/2 Generic Explorer Mouse as /devices/platform/i8042/serio1/input/input3
[    1.013863] reharness_i2c_sens 0-0050: REHARNESS_I2C_DRIVER_PROBE register=0x10 value=0x5a
=== Linux subsystem test 0 ===
I2C_TRANSACTION_PASS
I2C_INVALID_ADDRESS_PASS
REHARNESS_SUBSYSTEM_TEST_0_NAME=i2c-transaction
REHARNESS_SUBSYSTEM_TEST_0_KIND=native
REHARNESS_SUBSYSTEM_TEST_0_PROVIDER=
REHARNESS_SUBSYSTEM_TEST_0_REQUIRED=1
REHARNESS_SUBSYSTEM_TEST_0_RC=0
REHARNESS_SUBSYSTEM_TEST_0_STATUS=pass
=== Linux subsystem test 1 ===
I2C_TRANSACTION_PASS
I2C_INVALID_ADDRESS_PASS
REHARNESS_SUBSYSTEM_TEST_1_NAME=i2c-invalid-address
REHARNESS_SUBSYSTEM_TEST_1_KIND=native
REHARNESS_SUBSYSTEM_TEST_1_PROVIDER=
REHARNESS_SUBSYSTEM_TEST_1_REQUIRED=1
REHARNESS_SUBSYSTEM_TEST_1_RC=0
REHARNESS_SUBSYSTEM_TEST_1_STATUS=pass
=== Linux subsystem test 2 ===
I2CDEV_TRANSACTION_PASS
I2CDEV_INVALID_ADDRESS_PASS
REHARNESS_SUBSYSTEM_TEST_2_NAME=linux-i2c-dev-tool
REHARNESS_SUBSYSTEM_TEST_2_KIND=tool
REHARNESS_SUBSYSTEM_TEST_2_PROVIDER=linux-i2c-dev
REHARNESS_SUBSYSTEM_TEST_2_REQUIRED=1
REHARNESS_SUBSYSTEM_TEST_2_RC=0
REHARNESS_SUBSYSTEM_TEST_2_STATUS=pass
=== rmmod reharness_i2c_sensor ===
[    1.072596] reharness_i2c_sens 0-0050: REHARNESS_I2C_DRIVER_REMOVE
REHARNESS_DRIVER_RMMOD_RC=0
[    1.094537] REHARNESS_I2C_REGISTRAR_UNLOADED
REHARNESS_RUNTIME_FIXTURE_MODULE_0_RMMOD_RC=0
=== QEMU_RUN_DONE ===
[    1.310666] sysrq: Power Off
[    1.311610] Kernel panic - not syncing: Attempted to kill init! exitcode=0x00000000
[    1.311959] CPU: 0 UID: 0 PID: 1 Comm: init Tainted: G           O        7.1.0-rc7+ #17 PREEMPT(lazy) 
[    1.312062] Tainted: [O]=OOT_MODULE
[    1.312088] Hardware name: QEMU Standard PC (i440FX + PIIX, 1996), BIOS rel-1.17.0-0-gb52ca86e094d-prebuilt.qemu.org 04/01/2014
[    1.312213] Call Trace:
[    1.312548]  <TASK>
[    1.312674]  vpanic+0x32f/0x4b0
[    1.312828]  panic+0x63/0x70
[    1.312854]  do_exit+0x952/0xaf0
[    1.312880]  do_group_exit+0x30/0x80
[    1.312904]  __x64_sys_exit_group+0x18/0x20
[    1.312934]  x64_sys_call+0x12e2/0x1880
[    1.312960]  do_syscall_64+0x10e/0x4e0
[    1.312988]  entry_SYSCALL_64_after_hwframe+0x77/0x7f
[    1.313086] RIP: 0033:0x7f952823131d
[    1.313221] Code: 02 ba ff ff ff ff 89 d0 c3 0f 1f 40 00 f3 0f 1e fa 48 8b 35 ed 4a 11 00 ba e7 00 00 00 eb 07 66 0f 1f 44 00 00 f4 89 d0 0f 05 <48> 3d 00 f0 ff ff 76 f3 f7 d8 64 89 06 eb ec 0f 1f 40 00 f3 0f 1e
[    1.313340] RSP: 002b:00007ffd0693b848 EFLAGS: 00000206 ORIG_RAX: 00000000000000e7
[    1.313407] RAX: ffffffffffffffda RBX: 00007ffd0693bad0 RCX: 00007f952823131d
[    1.313448] RDX: 00000000000000e7 RSI: ffffffffffffff88 RDI: 0000000000000000
[    1.313488] RBP: 00007ffd0693b920 R08: 0000557f7302b010 R09: 0000000000000007
[    1.313528] R10: 0000557f7302eaa0 R11: 0000000000000206 R12: 0000000000000000
[    1.313567] R13: 00007ffd0693bac0 R14: 0000557f63d68dd8 R15: 00007f9528397000
[    1.313629]  </TASK>
[    1.313990] Kernel Offset: disabled
[    1.314159] Rebooting in 1 seconds..
