c[?7l[2J[0mSeaBIOS (version rel-1.17.0-0-gb52ca86e094d-prebuilt.qemu.org)


iPXE (http://ipxe.org) 00:03.0 CA00 PCI2.10 PnP PMM+0EFD1C90+0EF31C90 CA00
Press Ctrl-B to configure iPXE (PCI 00:03.0)...                                                                               


Booting from ROM..c[?7l[2JNo EFI environment detected.
early console in extract_kernel
input_data: 0x00000000024ea2c4
input_len: 0x00000000007bc1a7
output: 0x0000000001000000
output_len: 0x0000000001c69144
kernel_total_size: 0x0000000001a80000
needed_size: 0x0000000001e00000
trampoline_32bit: 0x0000000000000000


KASLR disabled: 'nokaslr' on cmdline.


Decompressing Linux... Parsing ELF... No relocation needed... done.
Booting the kernel (entry_offset: 0x00000000017543b0).
[    0.000000] Linux version 7.1.0-rc7-gacb7500801e9 (yfblock@9950x) (gcc (Ubuntu 13.3.0-6ubuntu2~24.04.1) 13.3.0, GNU ld (GNU Binutils for Ubuntu) 2.42) #8 SMP PREEMPT_DYNAMIC Tue Aug 25 03:37:54 CST 2026
[    0.000000] Command line: console=ttyS0 nokaslr panic=1 ignore_loglevel earlyprintk=serial,ttyS0,115200
[    0.000000] BIOS-provided physical RAM map:
[    0.000000] BIOS-e820: [mem 0x0000000000000000-0x000000000009fbff]  System RAM
[    0.000000] BIOS-e820: [mem 0x000000000009fc00-0x000000000009ffff]  device reserved
[    0.000000] BIOS-e820: [gap 0x00000000000a0000-0x00000000000effff]
[    0.000000] BIOS-e820: [mem 0x00000000000f0000-0x00000000000fffff]  device reserved
[    0.000000] BIOS-e820: [mem 0x0000000000100000-0x000000000ffdffff]  System RAM
[    0.000000] BIOS-e820: [mem 0x000000000ffe0000-0x000000000fffffff]  device reserved
[    0.000000] BIOS-e820: [gap 0x0000000010000000-0x00000000fffbffff]
[    0.000000] BIOS-e820: [mem 0x00000000fffc0000-0x00000000ffffffff]  device reserved
[    0.000000] BIOS-e820: [gap 0x0000000100000000-0x000000fcffffffff]
[    0.000000] BIOS-e820: [mem 0x000000fd00000000-0x000000ffffffffff]  device reserved
[    0.000000] printk: debug: ignoring loglevel setting.
[    0.000000] printk: legacy bootconsole [earlyser0] enabled
[    0.000000] NX (Execute Disable) protection: active
[    0.000000] APIC: Static calls initialized
[    0.000000] DMI: SMBIOS 2.8 present.
[    0.000000] DMI: QEMU Standard PC (i440FX + PIIX, 1996), BIOS rel-1.17.0-0-gb52ca86e094d-prebuilt.qemu.org 04/01/2014
[    0.000000] DMI: Memory slots populated: 1/1
[    0.000000] tsc: Fast TSC calibration using PIT
[    0.000000] tsc: Detected 4300.059 MHz processor
[    0.007932] e820: update [mem 0x00000000-0x00000fff] System RAM ==> device reserved
[    0.008111] e820: remove [mem 0x000a0000-0x000fffff] System RAM
[    0.008262] last_pfn = 0xffe0 max_arch_pfn = 0x400000000
[    0.008704] MTRR map: 4 entries (3 fixed + 1 variable; max 19), built from 8 variable MTRRs
[    0.008863] x86/PAT: Configuration [0-7]: WB  WC  UC- UC  WB  WP  UC- WT  
[    0.020559] found SMP MP-table at [mem 0x000f54c0-0x000f54cf]
[    0.023639] RAMDISK: [mem 0x0f6ae000-0x0ffdffff]
[    0.023905] ACPI: Early table checksum verification disabled
[    0.024196] ACPI: RSDP 0x00000000000F52E0 000014 (v00 BOCHS )
[    0.024391] ACPI: RSDT 0x000000000FFE2383 000034 (v01 BOCHS  BXPC     00000001 BXPC 00000001)
[    0.024872] ACPI: FACP 0x000000000FFE222F 000074 (v01 BOCHS  BXPC     00000001 BXPC 00000001)
[    0.025309] ACPI: DSDT 0x000000000FFE0040 0021EF (v01 BOCHS  BXPC     00000001 BXPC 00000001)
[    0.025409] ACPI: FACS 0x000000000FFE0000 000040
[    0.025475] ACPI: APIC 0x000000000FFE22A3 000080 (v03 BOCHS  BXPC     00000001 BXPC 00000001)
[    0.025542] ACPI: HPET 0x000000000FFE2323 000038 (v01 BOCHS  BXPC     00000001 BXPC 00000001)
[    0.025609] ACPI: WAET 0x000000000FFE235B 000028 (v01 BOCHS  BXPC     00000001 BXPC 00000001)
[    0.025716] ACPI: Reserving FACP table memory at [mem 0xffe222f-0xffe22a2]
[    0.025769] ACPI: Reserving DSDT table memory at [mem 0xffe0040-0xffe222e]
[    0.025814] ACPI: Reserving FACS table memory at [mem 0xffe0000-0xffe003f]
[    0.025857] ACPI: Reserving APIC table memory at [mem 0xffe22a3-0xffe2322]
[    0.025909] ACPI: Reserving HPET table memory at [mem 0xffe2323-0xffe235a]
[    0.025952] ACPI: Reserving WAET table memory at [mem 0xffe235b-0xffe2382]
[    0.027197] No NUMA configuration found
[    0.027239] Faking a node at [mem 0x0000000000000000-0x000000000ffdffff]
[    0.027632] NODE_DATA(0) allocated [mem 0x0f6aa680-0x0f6adfff]
[    0.028125] ACPI: PM-Timer IO Port: 0x608
[    0.028400] ACPI: LAPIC_NMI (acpi_id[0xff] dfl dfl lint[0x1])
[    0.028656] IOAPIC[0]: apic_id 0, version 32, address 0xfec00000, GSI 0-23
[    0.028765] ACPI: INT_SRC_OVR (bus 0 bus_irq 0 global_irq 2 dfl dfl)
[    0.028940] ACPI: INT_SRC_OVR (bus 0 bus_irq 5 global_irq 5 high level)
[    0.029004] ACPI: INT_SRC_OVR (bus 0 bus_irq 9 global_irq 9 high level)
[    0.029096] ACPI: INT_SRC_OVR (bus 0 bus_irq 10 global_irq 10 high level)
[    0.029141] ACPI: INT_SRC_OVR (bus 0 bus_irq 11 global_irq 11 high level)
[    0.029286] ACPI: Using ACPI (MADT) for SMP configuration information
[    0.029347] ACPI: HPET id: 0x8086a201 base: 0xfed00000
[    0.029622] CPU topo: Max. logical packages:   1
[    0.029675] CPU topo: Max. logical nodes:      1
[    0.029708] CPU topo: Num. nodes per package:  1
[    0.029769] CPU topo: Max. logical dies:       1
[    0.029802] CPU topo: Max. dies per package:   1
[    0.029862] CPU topo: Max. threads per core:   1
[    0.029969] CPU topo: Num. cores per package:     2
[    0.030008] CPU topo: Num. threads per package:   2
[    0.030043] CPU topo: Allowing 2 present CPUs plus 0 hotplug CPUs
[    0.030549] PM: hibernation: Registered nosave memory: [mem 0x00000000-0x00000fff]
[    0.030615] PM: hibernation: Registered nosave memory: [mem 0x0009f000-0x000fffff]
[    0.030727] [gap 0x10000000-0xfffbffff] available for PCI devices
[    0.030796] Booting paravirtualized kernel on bare hardware
[    0.031010] clocksource: refined-jiffies: mask: 0xffffffff max_cycles: 0xffffffff, max_idle_ns: 1910969940391419 ns
[    0.037477] Zone ranges:
[    0.037514]   DMA      [mem 0x0000000000001000-0x0000000000ffffff]
[    0.037594]   DMA32    [mem 0x0000000001000000-0x000000000ffdffff]
[    0.037639]   Normal   empty
[    0.037673] Movable zone start for each node
[    0.037714] Early memory node ranges
[    0.037754]   node   0: [mem 0x0000000000001000-0x000000000009efff]
[    0.037864]   node   0: [mem 0x0000000000100000-0x000000000ffdffff]
[    0.037973] Initmem setup node 0 [mem 0x0000000000001000-0x000000000ffdffff]
[    0.038598] On node 0, zone DMA: 1 pages in unavailable ranges
[    0.038775] On node 0, zone DMA: 97 pages in unavailable ranges
[    0.039463] On node 0, zone DMA32: 32 pages in unavailable ranges
[    0.039620] setup_percpu: NR_CPUS:64 nr_cpumask_bits:2 nr_cpu_ids:2 nr_node_ids:1
[    0.040413] percpu: Embedded 52 pages/cpu s172184 r8192 d32616 u1048576
[    0.040674] pcpu-alloc: s172184 r8192 d32616 u1048576 alloc=1*2097152
[    0.040758] pcpu-alloc: [0] 0 1 
[    0.041624] Kernel command line: console=ttyS0 nokaslr panic=1 ignore_loglevel earlyprintk=serial,ttyS0,115200
[    0.042305] Unknown kernel command line parameters "nokaslr", will be passed to user space.
[    0.042472] printk: log buffer data + meta data: 262144 + 917504 = 1179648 bytes
[    0.042679] Dentry cache hash table entries: 32768 (order: 6, 262144 bytes, linear)
[    0.042785] Inode-cache hash table entries: 16384 (order: 5, 131072 bytes, linear)
[    0.044285] Fallback order for Node 0: 0 
[    0.044527] Built 1 zonelists, mobility grouping on.  Total pages: 65406
[    0.044607] Policy zone: DMA32
[    0.044769] mem auto-init: stack:all(zero), heap alloc:off, heap free:off
[    0.049943] SLUB: HWalign=64, Order=0-3, MinObjects=0, CPUs=2, Nodes=1
Poking KASLR using RDTSC...
[    0.070685] ftrace: allocating 31866 entries in 126 pages
[    0.070942] ftrace: allocated 126 pages with 6 groups
[    0.075359] Dynamic Preempt: lazy
[    0.077157] rcu: Preemptible hierarchical RCU implementation.
[    0.077201] rcu: 	RCU event tracing is enabled.
[    0.077240] rcu: 	RCU restricting CPUs from NR_CPUS=64 to nr_cpu_ids=2.
[    0.077364] 	Trampoline variant of Tasks RCU enabled.
[    0.077396] 	Rude variant of Tasks RCU enabled.
[    0.077426] 	Tracing variant of Tasks RCU enabled.
[    0.077514] rcu: RCU calculated value of scheduler-enlistment delay is 100 jiffies.
[    0.077569] rcu: Adjusting geometry for rcu_fanout_leaf=16, nr_cpu_ids=2
[    0.078281] RCU Tasks: Setting shift to 1 and lim to 1 rcu_task_cb_adjust=1 rcu_task_cpu_ids=2.
[    0.078341] RCU Tasks Rude: Setting shift to 1 and lim to 1 rcu_task_cb_adjust=1 rcu_task_cpu_ids=2.
[    0.091985] NR_IRQS: 4352, nr_irqs: 440, preallocated irqs: 16
[    0.097360] rcu: srcu_init: Setting srcu_struct sizes based on contention.
[    0.101278] Console: colour VGA+ 80x25
[    0.102410] printk: legacy console [ttyS0] enabled
[    0.102410] printk: legacy console [ttyS0] enabled
[    0.102698] printk: legacy bootconsole [earlyser0] disabled
[    0.102698] printk: legacy bootconsole [earlyser0] disabled
[    0.103552] ACPI: Core revision 20251212
[    0.106688] clocksource: hpet: mask: 0xffffffff max_cycles: 0xffffffff, max_idle_ns: 19112604467 ns
[    0.107839] APIC: Switch to symmetric I/O mode setup
[    0.112167] ..TIMER: vector=0x30 apic1=0 pin1=2 apic2=-1 pin2=-1
[    0.117509] clocksource: tsc-early: mask: 0xffffffffffffffff max_cycles: 0x3dfb9b32fbb, max_idle_ns: 440795373668 ns
[    0.117787] Calibrating delay loop (skipped), value calculated using timer frequency.. 8600.11 BogoMIPS (lpj=4300059)
[    0.119956] Last level iTLB entries: 4KB 512, 2MB 255, 4MB 127
[    0.120011] Last level dTLB entries: 4KB 512, 2MB 255, 4MB 127, 1GB 0
[    0.120174] mitigations: Enabled attack vectors: user_kernel, user_user, SMT mitigations: auto
[    0.120432] Spectre V2 : Mitigation: Retpolines
[    0.120527] Spectre V1 : Mitigation: usercopy/swapgs barriers and __user pointer sanitization
[    0.120685] Spectre V2 : Spectre v2 / SpectreRSB: Filling RSB on context switch and VMEXIT
[    0.121152] x86/fpu: x87 FPU will use FXSAVE
[    0.172213] pid_max: default: 32768 minimum: 301
[    0.177518] Mount-cache hash table entries: 512 (order: 0, 4096 bytes, linear)
[    0.177674] Mountpoint-cache hash table entries: 512 (order: 0, 4096 bytes, linear)
[    0.184599] VFS: Finished mounting rootfs on nullfs
[    0.298649] smpboot: CPU0: AMD QEMU Virtual CPU version 2.5+ (family: 0xf, model: 0x6b, stepping: 0x1)
[    0.303920] Performance Events: PMU not available due to virtualization, using software events only.
[    0.304506] signal: max sigframe size: 1440
[    0.305193] rcu: Hierarchical SRCU implementation.
[    0.305247] rcu: 	Max phase no-delay instances is 400.
[    0.305903] Timer migration: 1 hierarchy levels; 8 children per group; 1 crossnode level
[    0.308316] smp: Bringing up secondary CPUs ...
[    0.312056] smpboot: x86: Booting SMP configuration:
[    0.312114] .... node  #0, CPUs:      #1
[    0.382052] smp: Brought up 1 node, 2 CPUs
[    0.382243] smpboot: Total of 2 processors activated (17200.99 BogoMIPS)
[    0.388075] Memory: 216364K/261624K available (10693K kernel code, 2191K rwdata, 4380K rodata, 2552K init, 524K bss, 42020K reserved, 0K cma-reserved)
[    0.392662] devtmpfs: initialized
[    0.398976] clocksource: jiffies: mask: 0xffffffff max_cycles: 0xffffffff, max_idle_ns: 1911260446275000 ns
[    0.399004] posixtimers hash table entries: 1024 (order: 2, 16384 bytes, linear)
[    0.399203] futex hash table entries: 512 (32768 bytes on 1 NUMA nodes, total 32 KiB, linear).
[    0.401402] PM: RTC time: 20:01:59, date: 2026-08-24
[    0.403728] thermal_sys: Registered thermal governor 'step_wise'
[    0.403898] cpuidle: using governor menu
[    0.405140] Freeing SMP alternatives memory: 28K
[    0.406522] PCI: Using configuration type 1 for base access
[    0.406808] mtrr: your CPUs had inconsistent fixed MTRR settings
[    0.406857] mtrr: your CPUs had inconsistent variable MTRR settings
[    0.406903] mtrr: your CPUs had inconsistent MTRRdefType settings
[    0.406944] mtrr: probably your BIOS does not setup all CPUs.
[    0.406989] mtrr: corrected configuration.
[    0.408304] kprobes: kprobe jump-optimization is enabled. All kprobes are optimized if possible.
[    0.412774] HugeTLB: registered 2.00 MiB page size, pre-allocated 0 pages
[    0.412848] HugeTLB: 28 KiB vmemmap can be freed for a 2.00 MiB page
[    0.417965] ACPI: Added _OSI(Module Device)
[    0.418025] ACPI: Added _OSI(Processor Device)
[    0.418058] ACPI: Added _OSI(Processor Aggregator Device)
[    0.437244] ACPI: 1 ACPI AML tables successfully acquired and loaded
[    0.446934] ACPI: \_SB_: platform _OSC: OS support mask [002a7eee]
[    0.450460] ACPI: Interpreter enabled
[    0.451089] ACPI: PM: (supports S0 S3 S4 S5)
[    0.451144] ACPI: Using IOAPIC for interrupt routing
[    0.451362] PCI: Using host bridge windows from ACPI; if necessary, use "pci=nocrs" and report a bug
[    0.451434] PCI: Using E820 reservations for host bridge windows
[    0.452217] ACPI: Enabled 2 GPEs in block 00 to 0F
[    0.474319] ACPI: PCI Root Bridge [PCI0] (domain 0000 [bus 00-ff])
[    0.474761] acpi PNP0A03:00: _OSC: OS supports [ASPM ClockPM Segments MSI HPX-Type3]
[    0.474895] acpi PNP0A03:00: _OSC: not requesting OS control; OS requires [ExtendedConfig ASPM ClockPM MSI]
[    0.475122] acpi PNP0A03:00: _OSC: platform retains control of PCIe features (AE_ERROR)
[    0.475406] acpi PNP0A03:00: fail to add MMCONFIG information, can't access extended configuration space under this bridge
[    0.477199] PCI host bridge to bus 0000:00
[    0.477350] pci_bus 0000:00: root bus resource [io  0x0000-0x0cf7 window]
[    0.477460] pci_bus 0000:00: root bus resource [io  0x0d00-0xffff window]
[    0.477506] pci_bus 0000:00: root bus resource [mem 0x000a0000-0x000bffff window]
[    0.477572] pci_bus 0000:00: root bus resource [mem 0x10000000-0xfebfffff window]
[    0.477620] pci_bus 0000:00: root bus resource [mem 0x100000000-0x17fffffff window]
[    0.477736] pci_bus 0000:00: root bus resource [bus 00-ff]
[    0.478961] pci 0000:00:00.0: [8086:1237] type 00 class 0x060000 conventional PCI endpoint
[    0.481388] pci 0000:00:01.0: [8086:7000] type 00 class 0x060100 conventional PCI endpoint
[    0.481764] pci 0000:00:01.1: [8086:7010] type 00 class 0x010180 conventional PCI endpoint
[    0.482193] pci 0000:00:01.1: BAR 4 [io  0xc040-0xc04f]
[    0.482269] pci 0000:00:01.1: BAR 0 [io  0x01f0-0x01f7]: legacy IDE quirk
[    0.482343] pci 0000:00:01.1: BAR 1 [io  0x03f6]: legacy IDE quirk
[    0.482400] pci 0000:00:01.1: BAR 2 [io  0x0170-0x0177]: legacy IDE quirk
[    0.482452] pci 0000:00:01.1: BAR 3 [io  0x0376]: legacy IDE quirk
[    0.482833] pci 0000:00:01.3: [8086:7113] type 00 class 0x068000 conventional PCI endpoint
[    0.483084] pci 0000:00:01.3: quirk: [io  0x0600-0x063f] claimed by PIIX4 ACPI
[    0.483152] pci 0000:00:01.3: quirk: [io  0x0700-0x070f] claimed by PIIX4 SMB
[    0.483459] pci 0000:00:02.0: [1234:1111] type 00 class 0x030000 conventional PCI endpoint
[    0.483821] pci 0000:00:02.0: BAR 0 [mem 0xfd000000-0xfdffffff pref]
[    0.483900] pci 0000:00:02.0: BAR 2 [mem 0xfebf0000-0xfebf0fff]
[    0.483943] pci 0000:00:02.0: ROM [mem 0xfebe0000-0xfebeffff pref]
[    0.484123] pci 0000:00:02.0: Video device with shadowed ROM at [mem 0x000c0000-0x000dffff]
[    0.484460] pci 0000:00:03.0: [8086:100e] type 00 class 0x020000 conventional PCI endpoint
[    0.484846] pci 0000:00:03.0: BAR 0 [mem 0xfebc0000-0xfebdffff]
[    0.484902] pci 0000:00:03.0: BAR 1 [io  0xc000-0xc03f]
[    0.484942] pci 0000:00:03.0: ROM [mem 0xfeb80000-0xfebbffff pref]
[    0.490330] ACPI: PCI: Interrupt link LNKA configured for IRQ 10
[    0.490802] ACPI: PCI: Interrupt link LNKB configured for IRQ 10
[    0.491119] ACPI: PCI: Interrupt link LNKC configured for IRQ 11
[    0.491409] ACPI: PCI: Interrupt link LNKD configured for IRQ 11
[    0.491559] ACPI: PCI: Interrupt link LNKS configured for IRQ 9
[    0.493911] iommu: Default domain type: Translated
[    0.493973] iommu: DMA domain TLB invalidation policy: lazy mode
[    0.494918] SCSI subsystem initialized
[    0.495013] libata version 3.00 loaded.
[    0.495732] pps_core: LinuxPPS API ver. 1 registered
[    0.495773] pps_core: Software ver. 5.3.6 - Copyright 2005-2007 Rodolfo Giometti <giometti@linux.it>
[    0.496149] PCI: Using ACPI for IRQ routing
[    0.496723] PCI: pci_cache_line_size set to 64 bytes
[    0.496963] e820: register RAM buffer resource [mem 0x0009fc00-0x0009ffff]
[    0.497095] e820: register RAM buffer resource [mem 0x0ffe0000-0x0fffffff]
[    0.498984] pci 0000:00:02.0: vgaarb: setting as boot VGA device
[    0.499059] pci 0000:00:02.0: vgaarb: bridge control possible
[    0.499120] pci 0000:00:02.0: vgaarb: VGA device added: decodes=io+mem,owns=io+mem,locks=none
[    0.499666] vgaarb: loaded
[    0.500269] hpet: 3 channels of 0 reserved for per-cpu timers
[    0.500449] hpet0: at MMIO 0xfed00000, IRQs 2, 8, 0
[    0.500667] hpet0: 3 comparators, 64-bit 100.000000 MHz counter
[    0.504263] clocksource: Switched to clocksource tsc-early
[    0.505096] VFS: Disk quotas dquot_6.6.0
[    0.505190] VFS: Dquot-cache hash table entries: 512 (order 0, 4096 bytes)
[    0.506474] ACPI: Failed to create genetlink family for ACPI event
[    0.506596] pnp: PnP ACPI init
[    0.507820] pnp 00:02: [dma 2]
[    0.508766] pnp: PnP ACPI: found 5 devices
[    0.523699] clocksource: acpi_pm: mask: 0xffffff max_cycles: 0xffffff, max_idle_ns: 2085701024 ns
[    0.524182] pci_bus 0000:00: resource 4 [io  0x0000-0x0cf7 window]
[    0.524236] pci_bus 0000:00: resource 5 [io  0x0d00-0xffff window]
[    0.524278] pci_bus 0000:00: resource 6 [mem 0x000a0000-0x000bffff window]
[    0.524323] pci_bus 0000:00: resource 7 [mem 0x10000000-0xfebfffff window]
[    0.524368] pci_bus 0000:00: resource 8 [mem 0x100000000-0x17fffffff window]
[    0.524661] pci 0000:00:01.0: PIIX3: Enabling Passive Release
[    0.524747] pci 0000:00:00.0: Limiting direct PCI/PCI transfers
[    0.524860] PCI: CLS 0 bytes, default 64
[    0.528034] Unpacking initramfs...
[    0.533439] Initialise system trusted keyrings
[    0.534213] workingset: timestamp_bits=56 (anon: 52) max_order=16 bucket_order=0 (anon: 0)
[    0.536516] Key type asymmetric registered
[    0.536589] Asymmetric key parser 'x509' registered
[    0.536729] Block layer SCSI generic (bsg) driver version 0.4 loaded (major 251)
[    0.537024] io scheduler mq-deadline registered
[    0.537085] io scheduler kyber registered
[    0.539341] input: Power Button as /devices/platform/LNXPWRBN:00/input/input0
[    0.539913] ACPI: button: Power Button [PWRF]
[    0.542707] Serial: 8250/16550 driver, 4 ports, IRQ sharing enabled
[    0.544968] 00:04: ttyS0 at I/O 0x3f8 (irq = 4, base_baud = 115200) is a 16550A
[    0.549795] Non-volatile memory driver v1.3
[    0.559893] loop: module loaded
[    0.565819] scsi host0: ata_piix
[    0.567090] scsi host1: ata_piix
[    0.567354] ata1: PATA max MWDMA2 cmd 0x1f0 ctl 0x3f6 bmdma 0xc040 irq 14 lpm-pol 0
[    0.567421] ata2: PATA max MWDMA2 cmd 0x170 ctl 0x376 bmdma 0xc048 irq 15 lpm-pol 0
[    0.568239] i8042: PNP: PS/2 Controller [PNP0303:KBD,PNP0f13:MOU] at 0x60,0x64 irq 1,12
[    0.569948] serio: i8042 KBD port at 0x60,0x64 irq 1
[    0.570145] serio: i8042 AUX port at 0x60,0x64 irq 12
[    0.571853] rtc_cmos PNP0B00:00: RTC can wake from S4
[    0.574141] input: AT Translated Set 2 keyboard as /devices/platform/i8042/serio0/input/input1
[    0.576624] rtc_cmos PNP0B00:00: registered as rtc0
[    0.577406] rtc_cmos PNP0B00:00: alarms up to one day, y3k, 242 bytes nvram, hpet irqs
[    0.577944] device-mapper: ioctl: 4.50.0-ioctl (2025-04-28) initialised: dm-devel@lists.linux.dev
[    0.578192] amd_pstate: the _CPC object is not present in SBIOS or ACPI disabled
[    0.578365] hid: raw HID events driver (C) Jiri Kosina
[    0.580202] IPI shorthand broadcast: enabled
[    0.586863] sched_clock: Marking stable (575119376, 10869727)->(588242068, -2252965)
[    0.588394] Loading compiled-in X.509 certificates
[    0.594311] Demotion targets for Node 0: null
[    0.598679] PM:   Magic number: 6:899:43
[    0.599357] clk: Disabling unused clocks
[    0.599561] KTAP version 1
[    0.599588] 1..0
[    0.707217] Freeing initrd memory: 9416K
[    0.724890] ata2: found unknown device (class 0)
[    0.728140] ata2.00: ATAPI: QEMU DVD-ROM, 2.5+, max UDMA/100
[    0.737743] scsi 1:0:0:0: CD-ROM            QEMU     QEMU DVD-ROM     2.5+ PQ: 0 ANSI: 5
[    0.753570] sr 1:0:0:0: [sr0] scsi3-mmc drive: 4x/4x cd/rw xa/form2 tray
[    0.765840] cdrom: Uniform CD-ROM driver Revision: 3.20
[    0.773397] sr 1:0:0:0: Attached scsi CD-ROM sr0
[    0.774033] sr 1:0:0:0: Attached scsi generic sg0 type 5
[    0.808818] Freeing unused kernel image (initmem) memory: 2552K
[    0.808978] Write protecting the kernel read-only data: 18432k
[    0.810454] Freeing unused kernel image (text/rodata gap) memory: 1592K
[    0.811416] Freeing unused kernel image (rodata/data gap) memory: 1764K
[    0.897256] x86/mm: Checked W+X mappings: passed, no W+X pages found.
[    0.897429] Run /init as init process
[    0.897457]   with arguments:
[    0.897483]     /init
[    0.897504]     nokaslr
[    0.897523]   with environment:
[    0.897548]     HOME=/
[    0.897569]     TERM=linux
[    0.952711] mount (50) used greatest stack depth: 13208 bytes left
[    0.968646] mount (52) used greatest stack depth: 13152 bytes left
/init: 5: mkdir: not found
=== insmod device-registrar target=ftgpio010-gpio ===
[    1.006539] device_registrar: loading out-of-tree module taints kernel.
[    1.010315] device-registrar: 注册 'ftgpio010-gpio' (MMIO @ 0xF0000000)
[    1.013641] input: ImExPS/2 Generic Explorer Mouse as /devices/platform/i8042/serio1/input/input3
[    1.014238] device-registrar: 'ftgpio010-gpio' 已注册
REHARNESS_REGISTRAR_INSMOD_RC=0
=== insmod ftgpio010_gpio ===
[    1.328227] [rhfn] ftgpio_gpio_probe
[    1.328602] [rhbase] ffffc9000002d000
[    1.329208] [rh] W 0x20 0x0
[    1.329248] [rh] W 0x2c 0x0
[    1.329278] [rh] W 0x30 0xffffffff
[    1.329308] [rh] W 0x40 0x0
REHARNESS_DRIVER_INSMOD_RC=0
[    1.549085] tsc: Refined TSC clocksource calibration: 4299.977 MHz
[    1.549503] clocksource: tsc: mask: 0xffffffffffffffff max_cycles: 0x3dfb4e49c30, max_idle_ns: 440795405685 ns
[    1.550422] clocksource: Switched to clocksource tsc
REHARNESS_DRIVER_PROBE_BOUND=1
=== dmesg ===
[    0.030549] PM: hibernation: Registered nosave memory: [mem 0x00000000-0x00000fff]
[    0.030615] PM: hibernation: Registered nosave memory: [mem 0x0009f000-0x000fffff]
[    0.403728] thermal_sys: Registered thermal governor 'step_wise'
[    0.412774] HugeTLB: registered 2.00 MiB page size, pre-allocated 0 pages
[    0.495732] pps_core: LinuxPPS API ver. 1 registered
[    0.536516] Key type asymmetric registered
[    0.536589] Asymmetric key parser 'x509' registered
[    0.537024] io scheduler mq-deadline registered
[    0.537085] io scheduler kyber registered
[    0.576624] rtc_cmos PNP0B00:00: registered as rtc0
[    1.010315] device-registrar: \xe6\xb3\xa8\xe5\x86\x8c 'ftgpio010-gpio' (MMIO @ 0xF0000000)
[    1.014238] device-registrar: 'ftgpio010-gpio' \xe5\xb7\xb2\xe6\xb3\xa8\xe5\x86\x8c
=== exerciser ===
ioctl LINEINFO=0
[    1.682152] [rhfn] ftgpio_gpio_set_config
[    1.682305] [rhfn] ftgpio_gpio_set_config
ioctl GET_LINE=0 fd=4
ioctl GET_VALUES=0 bits=0
ioctl SET_VALUES(1)=0
ioctl SET_VALUES(0)=0
ioctl SET_CONFIG(INPUT)=0
GPIO_TRACE_DONE
EXERCISER_RC=0
=== Linux subsystem test 0 ===
REHARNESS_COVERAGE_chip_info=pass
GPIO_SUBSYSTEM_PASS=gpio-chip-info
REHARNESS_SUBSYSTEM_TEST_0_NAME=gpio-chip-info
REHARNESS_SUBSYSTEM_TEST_0_RC=0
REHARNESS_SUBSYSTEM_TEST_0_STATUS=pass
=== Linux subsystem test 1 ===
REHARNESS_COVERAGE_line_info=pass
GPIO_SUBSYSTEM_PASS=gpio-line-info
REHARNESS_SUBSYSTEM_TEST_1_NAME=gpio-line-info
REHARNESS_SUBSYSTEM_TEST_1_RC=0
REHARNESS_SUBSYSTEM_TEST_1_STATUS=pass
=== Linux subsystem test 2 ===
[    1.721808] [rhfn] ftgpio_gpio_set_config
[    1.721975] [rhfn] ftgpio_gpio_set_config
REHARNESS_COVERAGE_v2_single_line=pass
REHARNESS_COVERAGE_v2_values=pass
GPIO_SUBSYSTEM_PASS=gpio-v2-basic
REHARNESS_SUBSYSTEM_TEST_2_NAME=gpio-v2-basic
REHARNESS_SUBSYSTEM_TEST_2_RC=0
REHARNESS_SUBSYSTEM_TEST_2_STATUS=pass
=== Linux subsystem test 3 ===
[    1.731036] [rhfn] ftgpio_gpio_set_config
[    1.731101] [rhfn] ftgpio_gpio_set_config
[    1.731148] [rhfn] ftgpio_gpio_set_config
[    1.731176] [rhfn] ftgpio_gpio_set_config
REHARNESS_COVERAGE_v2_multi_line=pass
GPIO_SUBSYSTEM_PASS=gpio-v2-multi-line
REHARNESS_SUBSYSTEM_TEST_3_NAME=gpio-v2-multi-line
REHARNESS_SUBSYSTEM_TEST_3_RC=0
REHARNESS_SUBSYSTEM_TEST_3_STATUS=pass
=== Linux subsystem test 4 ===
[    1.740636] [rhfn] ftgpio_gpio_set_config
[    1.740709] [rhfn] ftgpio_gpio_set_config
REHARNESS_COVERAGE_v1_single_line=pass
GPIO_SUBSYSTEM_PASS=gpio-v1-compat
REHARNESS_SUBSYSTEM_TEST_4_NAME=gpio-v1-compat
REHARNESS_SUBSYSTEM_TEST_4_RC=0
REHARNESS_SUBSYSTEM_TEST_4_STATUS=pass
=== Linux subsystem test 5 ===
[    1.749148] [rhfn] ftgpio_gpio_set_config
[    1.749215] [rhfn] ftgpio_gpio_set_config
[    1.749324] [rhfn] ftgpio_gpio_set_config
[    1.749433] [rhfn] ftgpio_gpio_set_config
[    1.749514] [rhfn] ftgpio_gpio_set_config
[    1.749581] [rh] R 0x44 0x0
[    1.749612] [rh] R 0x40 0x0
[    1.749636] [rh] W 0x44 0x101d0
[    1.749671] [rh] W 0x40 0x1
REHARNESS_COVERAGE_config_flags=pass
REHARNESS_COVERAGE_config_debounce=pass
GPIO_SUBSYSTEM_PASS=gpio-config
REHARNESS_SUBSYSTEM_TEST_5_NAME=gpio-config
REHARNESS_SUBSYSTEM_TEST_5_RC=0
REHARNESS_SUBSYSTEM_TEST_5_STATUS=pass
=== Linux subsystem test 6 ===
[    1.769492] [rhfn] ftgpio_gpio_set_config
REHARNESS_COVERAGE_error_paths=pass
GPIO_SUBSYSTEM_PASS=gpio-errors
REHARNESS_SUBSYSTEM_TEST_6_NAME=gpio-errors
REHARNESS_SUBSYSTEM_TEST_6_RC=0
REHARNESS_SUBSYSTEM_TEST_6_STATUS=pass
=== Linux subsystem test 7 ===
[    1.779022] [rhfn] ftgpio_gpio_set_config
[    1.779742] [rhfn] ftgpio_gpio_ack_irq
[    1.779789] [rh] W 0x30 0x1
[    1.780413] [rhfn] ftgpio_gpio_set_irq_type
[    1.780483] [rh] R 0x34 0x0
[    1.780514] [rh] R 0x3c 0x0
[    1.780541] [rh] R 0x38 0x0
[    1.780580] [rh] W 0x34 0x0
[    1.780608] [rh] W 0x3c 0x0
[    1.780635] [rh] W 0x38 0x0
[    1.780659] [rhfn] ftgpio_gpio_ack_irq
[    1.780680] [rh] W 0x30 0x1
[    1.780746] [rhfn] ftgpio_gpio_unmask_irq
[    1.780817] [rh] R 0x20 0x0
[    1.780842] [rh] W 0x20 0x1
[    1.781286] [rhfn] ftgpio_gpio_irq_handler
[    1.781348] [rh] R 0x24 0x0
[    1.781505] [rhfn] ftgpio_gpio_ack_irq
[    1.781528] [rh] W 0x30 0x1
[    1.781741] ------------[ cut here ]------------
[    1.781811] irq 24 handler edge_irq_handler+0x0/0x60 enabled interrupts
[    1.782065] WARNING: kernel/irq/handle.c:214 at __handle_irq_event_percpu+0x20d/0x250, CPU#0: reharness-subsy/72
[    1.782139] Modules linked in: ftgpio010_gpio(O) device_registrar(O)
[    1.782503] CPU: 0 UID: 0 PID: 72 Comm: reharness-subsy Tainted: G           O        7.1.0-rc7-gacb7500801e9 #8 PREEMPT(lazy) 
[    1.782614] Tainted: [O]=OOT_MODULE
[    1.782640] Hardware name: QEMU Standard PC (i440FX + PIIX, 1996), BIOS rel-1.17.0-0-gb52ca86e094d-prebuilt.qemu.org 04/01/2014
[    1.782747] RIP: 0010:__handle_irq_event_percpu+0x213/0x250
[    1.782815] Code: 34 f7 ff 48 c7 c0 20 3c 36 82 48 85 c0 0f 84 45 fe ff ff 65 48 ff 45 08 e9 3b fe ff ff 48 8d 3d 13 bc 0f 01 48 8b 13 44 89 ee <67> 48 0f b9 3a fa e9 46 fe ff ff f0 48 0f ba 6b 40 01 0f 82 05 fe
[    1.782958] RSP: 0018:ffffc9000023be30 EFLAGS: 00010202
[    1.783003] RAX: 0000000000000246 RBX: ffff888002e32700 RCX: 0000000000000018
[    1.783044] RDX: ffffffff817629d0 RSI: 0000000000000018 RDI: ffffffff82429a50
[    1.783090] RBP: 0000000000000002 R08: 3fffffffffffdfff R09: ffffffffffffffff
[    1.783130] R10: 3fffffffffffdfff R11: ffffffff82264fe0 R12: 0000000000000000
[    1.783174] R13: 0000000000000018 R14: ffff8880034a0a00 R15: 0000000000000000
[    1.783237] FS:  0000000018938380(0000) GS:ffff88808c666000(0000) knlGS:0000000000000000
[    1.783285] CS:  0010 DS: 0000 ES: 0000 CR0: 0000000080050033
[    1.783326] CR2: 0000562d5b7d6ac8 CR3: 0000000003dc4000 CR4: 00000000000006f0
[    1.783408] Call Trace:
[    1.783731]  <TASK>
[    1.783863]  handle_irq_event+0x38/0x80
[    1.783940]  handle_edge_irq+0xbe/0x1a0
[    1.783969]  handle_irq_desc+0x3f/0x50
[    1.784012]  gpio_control_ioctl+0xf7/0x190 [device_registrar]
[    1.784095]  __x64_sys_ioctl+0x96/0xe0
[    1.784123]  do_syscall_64+0x10e/0x4e0
[    1.784156]  entry_SYSCALL_64_after_hwframe+0x77/0x7f
[    1.784249] RIP: 0033:0x4122ad
[    1.784336] Code: 04 25 28 00 00 00 48 89 45 c8 31 c0 48 8d 45 10 c7 45 b0 10 00 00 00 48 89 45 b8 48 8d 45 d0 48 89 45 c0 b8 10 00 00 00 0f 05 <89> c2 3d 00 f0 ff ff 77 1a 48 8b 45 c8 64 48 2b 04 25 28 00 00 00
[    1.784425] RSP: 002b:00007fff8a46d310 EFLAGS: 00000246 ORIG_RAX: 0000000000000010
[    1.784471] RAX: ffffffffffffffda RBX: 0000000000000003 RCX: 00000000004122ad
[    1.784509] RDX: 00007fff8a46d374 RSI: 0000000040045201 RDI: 0000000000000005
[    1.784547] RBP: 00007fff8a46d360 R08: 00000000004aa260 R09: 0000000000000110
[    1.784585] R10: 0000000000000000 R11: 0000000000000246 R12: 00007fff8a46d380
[    1.784623] R13: 0000000000000004 R14: 00000000004a5f68 R15: 0000000000000001
[    1.784680]  </TASK>
[    1.784722] ---[ end trace 0000000000000000 ]---
[    1.785784] [rhfn] ftgpio_gpio_mask_irq
[    1.785828] [rh] R 0x20 0x0
[    1.785855] [rh] W 0x20 0x0
REHARNESS_COVERAGE_line_event=pass
GPIO_SUBSYSTEM_PASS=gpio-events
REHARNESS_SUBSYSTEM_TEST_7_NAME=gpio-events
REHARNESS_SUBSYSTEM_TEST_7_RC=0
REHARNESS_SUBSYSTEM_TEST_7_STATUS=pass
=== Linux subsystem test 8 ===
[    1.795099] [rhfn] ftgpio_gpio_set_config
[    1.795254] [rhfn] ftgpio_gpio_set_config
[    1.795300] [rhfn] ftgpio_gpio_set_config
[    1.795342] [rhfn] ftgpio_gpio_set_config
[    1.795375] [rhfn] ftgpio_gpio_set_config
[    1.795406] [rhfn] ftgpio_gpio_set_config
[    1.795437] [rhfn] ftgpio_gpio_set_config
[    1.795468] [rhfn] ftgpio_gpio_set_config
REHARNESS_COVERAGE_lifecycle=pass
GPIO_SUBSYSTEM_PASS=gpio-lifecycle
REHARNESS_SUBSYSTEM_TEST_8_NAME=gpio-lifecycle
REHARNESS_SUBSYSTEM_TEST_8_RC=0
REHARNESS_SUBSYSTEM_TEST_8_STATUS=pass
=== rmmod ftgpio010_gpio ===
[    1.822033] device-registrar: 'ftgpio010-gpio' 已注销
=== QEMU_RUN_DONE ===
[    2.040357] sysrq: Power Off
[    2.040740] Kernel panic - not syncing: Attempted to kill init! exitcode=0x00000000
[    2.040883] CPU: 1 UID: 0 PID: 1 Comm: init Tainted: G        W  O        7.1.0-rc7-gacb7500801e9 #8 PREEMPT(lazy) 
[    2.040964] Tainted: [W]=WARN, [O]=OOT_MODULE
[    2.040988] Hardware name: QEMU Standard PC (i440FX + PIIX, 1996), BIOS rel-1.17.0-0-gb52ca86e094d-prebuilt.qemu.org 04/01/2014
[    2.041071] Call Trace:
[    2.041154]  <TASK>
[    2.041182]  vpanic+0x32f/0x4b0
[    2.041220]  panic+0x63/0x70
[    2.041243]  do_exit+0x94a/0xaf0
[    2.041268]  do_group_exit+0x30/0x80
[    2.041292]  __x64_sys_exit_group+0x18/0x20
[    2.041317]  x64_sys_call+0x12e2/0x1880
[    2.041343]  do_syscall_64+0x10e/0x4e0
[    2.041371]  entry_SYSCALL_64_after_hwframe+0x77/0x7f
[    2.041404] RIP: 0033:0x7f41a4b6531d
[    2.041435] Code: 02 ba ff ff ff ff 89 d0 c3 0f 1f 40 00 f3 0f 1e fa 48 8b 35 ed 4a 11 00 ba e7 00 00 00 eb 07 66 0f 1f 44 00 00 f4 89 d0 0f 05 <48> 3d 00 f0 ff ff 76 f3 f7 d8 64 89 06 eb ec 0f 1f 40 00 f3 0f 1e
[    2.041525] RSP: 002b:00007fffecc806a8 EFLAGS: 00000206 ORIG_RAX: 00000000000000e7
[    2.041574] RAX: ffffffffffffffda RBX: 00007fffecc80930 RCX: 00007f41a4b6531d
[    2.041610] RDX: 00000000000000e7 RSI: ffffffffffffff88 RDI: 0000000000000000
[    2.041647] RBP: 00007fffecc80780 R08: 0000562d5b7d3010 R09: 0000000000000007
[    2.041683] R10: 0000562d5b7d5ac0 R11: 0000000000000206 R12: 0000000000000000
[    2.041718] R13: 00007fffecc80920 R14: 0000562d5295ddd8 R15: 00007f41a4ccb000
[    2.041759]  </TASK>
[    2.042144] Kernel Offset: disabled
[    2.042322] Rebooting in 1 seconds..
