c[?7l[2J[0mSeaBIOS (version rel-1.17.0-0-gb52ca86e094d-prebuilt.qemu.org)


iPXE (http://ipxe.org) 00:03.0 CA00 PCI2.10 PnP PMM+0EFD1C90+0EF31C90 CA00
Press Ctrl-B to configure iPXE (PCI 00:03.0)...                                                                               


Booting from ROM..c[?7l[2JNo EFI environment detected.
early console in extract_kernel
input_data: 0x00000000024ea2c4
input_len: 0x00000000007bc1a7
output: 0x0000000001000000
output_len: 0x0000000001c69144
kernel_total_size: 0x0000000001a80000
needed_size: 0x0000000001e00000
trampoline_32bit: 0x0000000000000000


KASLR disabled: 'nokaslr' on cmdline.


Decompressing Linux... Parsing ELF... No relocation needed... done.
Booting the kernel (entry_offset: 0x00000000017543b0).
[    0.000000] Linux version 7.1.0-rc7-gacb7500801e9 (yfblock@9950x) (gcc (Ubuntu 13.3.0-6ubuntu2~24.04.1) 13.3.0, GNU ld (GNU Binutils for Ubuntu) 2.42) #8 SMP PREEMPT_DYNAMIC Tue Aug 25 03:37:54 CST 2026
[    0.000000] Command line: console=ttyS0 nokaslr panic=1 ignore_loglevel earlyprintk=serial,ttyS0,115200
[    0.000000] BIOS-provided physical RAM map:
[    0.000000] BIOS-e820: [mem 0x0000000000000000-0x000000000009fbff]  System RAM
[    0.000000] BIOS-e820: [mem 0x000000000009fc00-0x000000000009ffff]  device reserved
[    0.000000] BIOS-e820: [gap 0x00000000000a0000-0x00000000000effff]
[    0.000000] BIOS-e820: [mem 0x00000000000f0000-0x00000000000fffff]  device reserved
[    0.000000] BIOS-e820: [mem 0x0000000000100000-0x000000000ffdffff]  System RAM
[    0.000000] BIOS-e820: [mem 0x000000000ffe0000-0x000000000fffffff]  device reserved
[    0.000000] BIOS-e820: [gap 0x0000000010000000-0x00000000fffbffff]
[    0.000000] BIOS-e820: [mem 0x00000000fffc0000-0x00000000ffffffff]  device reserved
[    0.000000] BIOS-e820: [gap 0x0000000100000000-0x000000fcffffffff]
[    0.000000] BIOS-e820: [mem 0x000000fd00000000-0x000000ffffffffff]  device reserved
[    0.000000] printk: debug: ignoring loglevel setting.
[    0.000000] printk: legacy bootconsole [earlyser0] enabled
[    0.000000] NX (Execute Disable) protection: active
[    0.000000] APIC: Static calls initialized
[    0.000000] DMI: SMBIOS 2.8 present.
[    0.000000] DMI: QEMU Standard PC (i440FX + PIIX, 1996), BIOS rel-1.17.0-0-gb52ca86e094d-prebuilt.qemu.org 04/01/2014
[    0.000000] DMI: Memory slots populated: 1/1
[    0.000000] tsc: Fast TSC calibration using PIT
[    0.000000] tsc: Detected 4299.964 MHz processor
[    0.007902] e820: update [mem 0x00000000-0x00000fff] System RAM ==> device reserved
[    0.008083] e820: remove [mem 0x000a0000-0x000fffff] System RAM
[    0.008235] last_pfn = 0xffe0 max_arch_pfn = 0x400000000
[    0.008669] MTRR map: 4 entries (3 fixed + 1 variable; max 19), built from 8 variable MTRRs
[    0.008826] x86/PAT: Configuration [0-7]: WB  WC  UC- UC  WB  WP  UC- WT  
[    0.020906] found SMP MP-table at [mem 0x000f54c0-0x000f54cf]
[    0.023953] RAMDISK: [mem 0x0f6ad000-0x0ffdffff]
[    0.024220] ACPI: Early table checksum verification disabled
[    0.024508] ACPI: RSDP 0x00000000000F52E0 000014 (v00 BOCHS )
[    0.024705] ACPI: RSDT 0x000000000FFE2383 000034 (v01 BOCHS  BXPC     00000001 BXPC 00000001)
[    0.025192] ACPI: FACP 0x000000000FFE222F 000074 (v01 BOCHS  BXPC     00000001 BXPC 00000001)
[    0.025628] ACPI: DSDT 0x000000000FFE0040 0021EF (v01 BOCHS  BXPC     00000001 BXPC 00000001)
[    0.025726] ACPI: FACS 0x000000000FFE0000 000040
[    0.025789] ACPI: APIC 0x000000000FFE22A3 000080 (v03 BOCHS  BXPC     00000001 BXPC 00000001)
[    0.025859] ACPI: HPET 0x000000000FFE2323 000038 (v01 BOCHS  BXPC     00000001 BXPC 00000001)
[    0.025924] ACPI: WAET 0x000000000FFE235B 000028 (v01 BOCHS  BXPC     00000001 BXPC 00000001)
[    0.026030] ACPI: Reserving FACP table memory at [mem 0xffe222f-0xffe22a2]
[    0.026083] ACPI: Reserving DSDT table memory at [mem 0xffe0040-0xffe222e]
[    0.026126] ACPI: Reserving FACS table memory at [mem 0xffe0000-0xffe003f]
[    0.026170] ACPI: Reserving APIC table memory at [mem 0xffe22a3-0xffe2322]
[    0.026220] ACPI: Reserving HPET table memory at [mem 0xffe2323-0xffe235a]
[    0.026263] ACPI: Reserving WAET table memory at [mem 0xffe235b-0xffe2382]
[    0.027493] No NUMA configuration found
[    0.027535] Faking a node at [mem 0x0000000000000000-0x000000000ffdffff]
[    0.027927] NODE_DATA(0) allocated [mem 0x0f6a9680-0x0f6acfff]
[    0.028417] ACPI: PM-Timer IO Port: 0x608
[    0.028697] ACPI: LAPIC_NMI (acpi_id[0xff] dfl dfl lint[0x1])
[    0.028954] IOAPIC[0]: apic_id 0, version 32, address 0xfec00000, GSI 0-23
[    0.029065] ACPI: INT_SRC_OVR (bus 0 bus_irq 0 global_irq 2 dfl dfl)
[    0.029241] ACPI: INT_SRC_OVR (bus 0 bus_irq 5 global_irq 5 high level)
[    0.029306] ACPI: INT_SRC_OVR (bus 0 bus_irq 9 global_irq 9 high level)
[    0.029398] ACPI: INT_SRC_OVR (bus 0 bus_irq 10 global_irq 10 high level)
[    0.029442] ACPI: INT_SRC_OVR (bus 0 bus_irq 11 global_irq 11 high level)
[    0.029589] ACPI: Using ACPI (MADT) for SMP configuration information
[    0.029651] ACPI: HPET id: 0x8086a201 base: 0xfed00000
[    0.029925] CPU topo: Max. logical packages:   1
[    0.029979] CPU topo: Max. logical nodes:      1
[    0.030012] CPU topo: Num. nodes per package:  1
[    0.030073] CPU topo: Max. logical dies:       1
[    0.030106] CPU topo: Max. dies per package:   1
[    0.030167] CPU topo: Max. threads per core:   1
[    0.030275] CPU topo: Num. cores per package:     2
[    0.030313] CPU topo: Num. threads per package:   2
[    0.030348] CPU topo: Allowing 2 present CPUs plus 0 hotplug CPUs
[    0.030853] PM: hibernation: Registered nosave memory: [mem 0x00000000-0x00000fff]
[    0.030919] PM: hibernation: Registered nosave memory: [mem 0x0009f000-0x000fffff]
[    0.031031] [gap 0x10000000-0xfffbffff] available for PCI devices
[    0.031099] Booting paravirtualized kernel on bare hardware
[    0.031311] clocksource: refined-jiffies: mask: 0xffffffff max_cycles: 0xffffffff, max_idle_ns: 1910969940391419 ns
[    0.037729] Zone ranges:
[    0.037766]   DMA      [mem 0x0000000000001000-0x0000000000ffffff]
[    0.037844]   DMA32    [mem 0x0000000001000000-0x000000000ffdffff]
[    0.037890]   Normal   empty
[    0.037924] Movable zone start for each node
[    0.037964] Early memory node ranges
[    0.038004]   node   0: [mem 0x0000000000001000-0x000000000009efff]
[    0.038111]   node   0: [mem 0x0000000000100000-0x000000000ffdffff]
[    0.038221] Initmem setup node 0 [mem 0x0000000000001000-0x000000000ffdffff]
[    0.038843] On node 0, zone DMA: 1 pages in unavailable ranges
[    0.039026] On node 0, zone DMA: 97 pages in unavailable ranges
[    0.039703] On node 0, zone DMA32: 32 pages in unavailable ranges
[    0.039867] setup_percpu: NR_CPUS:64 nr_cpumask_bits:2 nr_cpu_ids:2 nr_node_ids:1
[    0.040661] percpu: Embedded 52 pages/cpu s172184 r8192 d32616 u1048576
[    0.040928] pcpu-alloc: s172184 r8192 d32616 u1048576 alloc=1*2097152
[    0.041013] pcpu-alloc: [0] 0 1 
[    0.041892] Kernel command line: console=ttyS0 nokaslr panic=1 ignore_loglevel earlyprintk=serial,ttyS0,115200
[    0.042580] Unknown kernel command line parameters "nokaslr", will be passed to user space.
[    0.042742] printk: log buffer data + meta data: 262144 + 917504 = 1179648 bytes
[    0.042953] Dentry cache hash table entries: 32768 (order: 6, 262144 bytes, linear)
[    0.043061] Inode-cache hash table entries: 16384 (order: 5, 131072 bytes, linear)
[    0.044577] Fallback order for Node 0: 0 
[    0.044814] Built 1 zonelists, mobility grouping on.  Total pages: 65406
[    0.044900] Policy zone: DMA32
[    0.045064] mem auto-init: stack:all(zero), heap alloc:off, heap free:off
[    0.050204] SLUB: HWalign=64, Order=0-3, MinObjects=0, CPUs=2, Nodes=1
Poking KASLR using RDTSC...
[    0.070949] ftrace: allocating 31866 entries in 126 pages
[    0.071208] ftrace: allocated 126 pages with 6 groups
[    0.075635] Dynamic Preempt: lazy
[    0.077471] rcu: Preemptible hierarchical RCU implementation.
[    0.077517] rcu: 	RCU event tracing is enabled.
[    0.077559] rcu: 	RCU restricting CPUs from NR_CPUS=64 to nr_cpu_ids=2.
[    0.077687] 	Trampoline variant of Tasks RCU enabled.
[    0.077721] 	Rude variant of Tasks RCU enabled.
[    0.077752] 	Tracing variant of Tasks RCU enabled.
[    0.077839] rcu: RCU calculated value of scheduler-enlistment delay is 100 jiffies.
[    0.077899] rcu: Adjusting geometry for rcu_fanout_leaf=16, nr_cpu_ids=2
[    0.078624] RCU Tasks: Setting shift to 1 and lim to 1 rcu_task_cb_adjust=1 rcu_task_cpu_ids=2.
[    0.078685] RCU Tasks Rude: Setting shift to 1 and lim to 1 rcu_task_cb_adjust=1 rcu_task_cpu_ids=2.
[    0.092331] NR_IRQS: 4352, nr_irqs: 440, preallocated irqs: 16
[    0.097768] rcu: srcu_init: Setting srcu_struct sizes based on contention.
[    0.101726] Console: colour VGA+ 80x25
[    0.102874] printk: legacy console [ttyS0] enabled
[    0.102874] printk: legacy console [ttyS0] enabled
[    0.103158] printk: legacy bootconsole [earlyser0] disabled
[    0.103158] printk: legacy bootconsole [earlyser0] disabled
[    0.104002] ACPI: Core revision 20251212
[    0.107157] clocksource: hpet: mask: 0xffffffff max_cycles: 0xffffffff, max_idle_ns: 19112604467 ns
[    0.108318] APIC: Switch to symmetric I/O mode setup
[    0.112687] ..TIMER: vector=0x30 apic1=0 pin1=2 apic2=-1 pin2=-1
[    0.117982] clocksource: tsc-early: mask: 0xffffffffffffffff max_cycles: 0x3dfb4128430, max_idle_ns: 440795250156 ns
[    0.118266] Calibrating delay loop (skipped), value calculated using timer frequency.. 8599.92 BogoMIPS (lpj=4299964)
[    0.120455] Last level iTLB entries: 4KB 512, 2MB 255, 4MB 127
[    0.120513] Last level dTLB entries: 4KB 512, 2MB 255, 4MB 127, 1GB 0
[    0.120680] mitigations: Enabled attack vectors: user_kernel, user_user, SMT mitigations: auto
[    0.120951] Spectre V2 : Mitigation: Retpolines
[    0.121048] Spectre V1 : Mitigation: usercopy/swapgs barriers and __user pointer sanitization
[    0.121181] Spectre V2 : Spectre v2 / SpectreRSB: Filling RSB on context switch and VMEXIT
[    0.121657] x86/fpu: x87 FPU will use FXSAVE
[    0.174252] pid_max: default: 32768 minimum: 301
[    0.179298] Mount-cache hash table entries: 512 (order: 0, 4096 bytes, linear)
[    0.179431] Mountpoint-cache hash table entries: 512 (order: 0, 4096 bytes, linear)
[    0.185579] VFS: Finished mounting rootfs on nullfs
[    0.299612] smpboot: CPU0: AMD QEMU Virtual CPU version 2.5+ (family: 0xf, model: 0x6b, stepping: 0x1)
[    0.305580] Performance Events: PMU not available due to virtualization, using software events only.
[    0.306201] signal: max sigframe size: 1440
[    0.306852] rcu: Hierarchical SRCU implementation.
[    0.306908] rcu: 	Max phase no-delay instances is 400.
[    0.307562] Timer migration: 1 hierarchy levels; 8 children per group; 1 crossnode level
[    0.309976] smp: Bringing up secondary CPUs ...
[    0.313780] smpboot: x86: Booting SMP configuration:
[    0.313840] .... node  #0, CPUs:      #1
[    0.382454] smp: Brought up 1 node, 2 CPUs
[    0.382606] smpboot: Total of 2 processors activated (17198.80 BogoMIPS)
[    0.387937] Memory: 216360K/261624K available (10693K kernel code, 2191K rwdata, 4380K rodata, 2552K init, 524K bss, 42024K reserved, 0K cma-reserved)
[    0.392747] devtmpfs: initialized
[    0.398206] clocksource: jiffies: mask: 0xffffffff max_cycles: 0xffffffff, max_idle_ns: 1911260446275000 ns
[    0.398516] posixtimers hash table entries: 1024 (order: 2, 16384 bytes, linear)
[    0.398710] futex hash table entries: 512 (32768 bytes on 1 NUMA nodes, total 32 KiB, linear).
[    0.400964] PM: RTC time: 20:04:43, date: 2026-08-24
[    0.403134] thermal_sys: Registered thermal governor 'step_wise'
[    0.403436] cpuidle: using governor menu
[    0.404467] Freeing SMP alternatives memory: 28K
[    0.405890] PCI: Using configuration type 1 for base access
[    0.406172] mtrr: your CPUs had inconsistent fixed MTRR settings
[    0.406222] mtrr: your CPUs had inconsistent variable MTRR settings
[    0.406270] mtrr: your CPUs had inconsistent MTRRdefType settings
[    0.406314] mtrr: probably your BIOS does not setup all CPUs.
[    0.406360] mtrr: corrected configuration.
[    0.407640] kprobes: kprobe jump-optimization is enabled. All kprobes are optimized if possible.
[    0.408915] HugeTLB: registered 2.00 MiB page size, pre-allocated 0 pages
[    0.408989] HugeTLB: 28 KiB vmemmap can be freed for a 2.00 MiB page
[    0.411519] ACPI: Added _OSI(Module Device)
[    0.411569] ACPI: Added _OSI(Processor Device)
[    0.411603] ACPI: Added _OSI(Processor Aggregator Device)
[    0.422533] ACPI: 1 ACPI AML tables successfully acquired and loaded
[    0.434426] ACPI: \_SB_: platform _OSC: OS support mask [002a7eee]
[    0.439339] ACPI: Interpreter enabled
[    0.439977] ACPI: PM: (supports S0 S3 S4 S5)
[    0.440033] ACPI: Using IOAPIC for interrupt routing
[    0.440493] PCI: Using host bridge windows from ACPI; if necessary, use "pci=nocrs" and report a bug
[    0.440570] PCI: Using E820 reservations for host bridge windows
[    0.443367] ACPI: Enabled 2 GPEs in block 00 to 0F
[    0.466217] ACPI: PCI Root Bridge [PCI0] (domain 0000 [bus 00-ff])
[    0.466639] acpi PNP0A03:00: _OSC: OS supports [ASPM ClockPM Segments MSI HPX-Type3]
[    0.466767] acpi PNP0A03:00: _OSC: not requesting OS control; OS requires [ExtendedConfig ASPM ClockPM MSI]
[    0.467001] acpi PNP0A03:00: _OSC: platform retains control of PCIe features (AE_ERROR)
[    0.467296] acpi PNP0A03:00: fail to add MMCONFIG information, can't access extended configuration space under this bridge
[    0.469052] PCI host bridge to bus 0000:00
[    0.469218] pci_bus 0000:00: root bus resource [io  0x0000-0x0cf7 window]
[    0.469330] pci_bus 0000:00: root bus resource [io  0x0d00-0xffff window]
[    0.469377] pci_bus 0000:00: root bus resource [mem 0x000a0000-0x000bffff window]
[    0.469444] pci_bus 0000:00: root bus resource [mem 0x10000000-0xfebfffff window]
[    0.469495] pci_bus 0000:00: root bus resource [mem 0x100000000-0x17fffffff window]
[    0.469611] pci_bus 0000:00: root bus resource [bus 00-ff]
[    0.470413] pci 0000:00:00.0: [8086:1237] type 00 class 0x060000 conventional PCI endpoint
[    0.472714] pci 0000:00:01.0: [8086:7000] type 00 class 0x060100 conventional PCI endpoint
[    0.473085] pci 0000:00:01.1: [8086:7010] type 00 class 0x010180 conventional PCI endpoint
[    0.473656] pci 0000:00:01.1: BAR 4 [io  0xc040-0xc04f]
[    0.473733] pci 0000:00:01.1: BAR 0 [io  0x01f0-0x01f7]: legacy IDE quirk
[    0.473793] pci 0000:00:01.1: BAR 1 [io  0x03f6]: legacy IDE quirk
[    0.473850] pci 0000:00:01.1: BAR 2 [io  0x0170-0x0177]: legacy IDE quirk
[    0.473903] pci 0000:00:01.1: BAR 3 [io  0x0376]: legacy IDE quirk
[    0.474310] pci 0000:00:01.3: [8086:7113] type 00 class 0x068000 conventional PCI endpoint
[    0.474558] pci 0000:00:01.3: quirk: [io  0x0600-0x063f] claimed by PIIX4 ACPI
[    0.474625] pci 0000:00:01.3: quirk: [io  0x0700-0x070f] claimed by PIIX4 SMB
[    0.474956] pci 0000:00:02.0: [1234:1111] type 00 class 0x030000 conventional PCI endpoint
[    0.475323] pci 0000:00:02.0: BAR 0 [mem 0xfd000000-0xfdffffff pref]
[    0.475401] pci 0000:00:02.0: BAR 2 [mem 0xfebf0000-0xfebf0fff]
[    0.475445] pci 0000:00:02.0: ROM [mem 0xfebe0000-0xfebeffff pref]
[    0.475622] pci 0000:00:02.0: Video device with shadowed ROM at [mem 0x000c0000-0x000dffff]
[    0.475990] pci 0000:00:03.0: [8086:100e] type 00 class 0x020000 conventional PCI endpoint
[    0.476442] pci 0000:00:03.0: BAR 0 [mem 0xfebc0000-0xfebdffff]
[    0.476496] pci 0000:00:03.0: BAR 1 [io  0xc000-0xc03f]
[    0.476536] pci 0000:00:03.0: ROM [mem 0xfeb80000-0xfebbffff pref]
[    0.481768] ACPI: PCI: Interrupt link LNKA configured for IRQ 10
[    0.482227] ACPI: PCI: Interrupt link LNKB configured for IRQ 10
[    0.482526] ACPI: PCI: Interrupt link LNKC configured for IRQ 11
[    0.482815] ACPI: PCI: Interrupt link LNKD configured for IRQ 11
[    0.482966] ACPI: PCI: Interrupt link LNKS configured for IRQ 9
[    0.485063] iommu: Default domain type: Translated
[    0.485143] iommu: DMA domain TLB invalidation policy: lazy mode
[    0.486178] SCSI subsystem initialized
[    0.486314] libata version 3.00 loaded.
[    0.486468] pps_core: LinuxPPS API ver. 1 registered
[    0.486509] pps_core: Software ver. 5.3.6 - Copyright 2005-2007 Rodolfo Giometti <giometti@linux.it>
[    0.487633] PCI: Using ACPI for IRQ routing
[    0.487730] PCI: pci_cache_line_size set to 64 bytes
[    0.487976] e820: register RAM buffer resource [mem 0x0009fc00-0x0009ffff]
[    0.488111] e820: register RAM buffer resource [mem 0x0ffe0000-0x0fffffff]
[    0.490368] pci 0000:00:02.0: vgaarb: setting as boot VGA device
[    0.490445] pci 0000:00:02.0: vgaarb: bridge control possible
[    0.490508] pci 0000:00:02.0: vgaarb: VGA device added: decodes=io+mem,owns=io+mem,locks=none
[    0.490578] vgaarb: loaded
[    0.491227] hpet: 3 channels of 0 reserved for per-cpu timers
[    0.491408] hpet0: at MMIO 0xfed00000, IRQs 2, 8, 0
[    0.491498] hpet0: 3 comparators, 64-bit 100.000000 MHz counter
[    0.494472] clocksource: Switched to clocksource tsc-early
[    0.495462] VFS: Disk quotas dquot_6.6.0
[    0.495551] VFS: Dquot-cache hash table entries: 512 (order 0, 4096 bytes)
[    0.497177] ACPI: Failed to create genetlink family for ACPI event
[    0.497288] pnp: PnP ACPI init
[    0.498455] pnp 00:02: [dma 2]
[    0.499385] pnp: PnP ACPI: found 5 devices
[    0.512659] clocksource: acpi_pm: mask: 0xffffff max_cycles: 0xffffff, max_idle_ns: 2085701024 ns
[    0.513128] pci_bus 0000:00: resource 4 [io  0x0000-0x0cf7 window]
[    0.513188] pci_bus 0000:00: resource 5 [io  0x0d00-0xffff window]
[    0.513232] pci_bus 0000:00: resource 6 [mem 0x000a0000-0x000bffff window]
[    0.513279] pci_bus 0000:00: resource 7 [mem 0x10000000-0xfebfffff window]
[    0.513326] pci_bus 0000:00: resource 8 [mem 0x100000000-0x17fffffff window]
[    0.513621] pci 0000:00:01.0: PIIX3: Enabling Passive Release
[    0.513709] pci 0000:00:00.0: Limiting direct PCI/PCI transfers
[    0.513833] PCI: CLS 0 bytes, default 64
[    0.516187] Unpacking initramfs...
[    0.521549] Initialise system trusted keyrings
[    0.522279] workingset: timestamp_bits=56 (anon: 52) max_order=16 bucket_order=0 (anon: 0)
[    0.524554] Key type asymmetric registered
[    0.524628] Asymmetric key parser 'x509' registered
[    0.524761] Block layer SCSI generic (bsg) driver version 0.4 loaded (major 251)
[    0.525028] io scheduler mq-deadline registered
[    0.525088] io scheduler kyber registered
[    0.527451] input: Power Button as /devices/platform/LNXPWRBN:00/input/input0
[    0.528037] ACPI: button: Power Button [PWRF]
[    0.530834] Serial: 8250/16550 driver, 4 ports, IRQ sharing enabled
[    0.532995] 00:04: ttyS0 at I/O 0x3f8 (irq = 4, base_baud = 115200) is a 16550A
[    0.540367] Non-volatile memory driver v1.3
[    0.550034] loop: module loaded
[    0.554611] scsi host0: ata_piix
[    0.556335] scsi host1: ata_piix
[    0.556595] ata1: PATA max MWDMA2 cmd 0x1f0 ctl 0x3f6 bmdma 0xc040 irq 14 lpm-pol 0
[    0.556664] ata2: PATA max MWDMA2 cmd 0x170 ctl 0x376 bmdma 0xc048 irq 15 lpm-pol 0
[    0.557480] i8042: PNP: PS/2 Controller [PNP0303:KBD,PNP0f13:MOU] at 0x60,0x64 irq 1,12
[    0.560647] serio: i8042 KBD port at 0x60,0x64 irq 1
[    0.560806] serio: i8042 AUX port at 0x60,0x64 irq 12
[    0.562033] rtc_cmos PNP0B00:00: RTC can wake from S4
[    0.564316] rtc_cmos PNP0B00:00: registered as rtc0
[    0.565072] rtc_cmos PNP0B00:00: alarms up to one day, y3k, 242 bytes nvram, hpet irqs
[    0.565984] input: AT Translated Set 2 keyboard as /devices/platform/i8042/serio0/input/input1
[    0.568474] device-mapper: ioctl: 4.50.0-ioctl (2025-04-28) initialised: dm-devel@lists.linux.dev
[    0.568698] amd_pstate: the _CPC object is not present in SBIOS or ACPI disabled
[    0.568888] hid: raw HID events driver (C) Jiri Kosina
[    0.571319] IPI shorthand broadcast: enabled
[    0.578278] sched_clock: Marking stable (566203312, 10933926)->(581188456, -4051218)
[    0.579656] Loading compiled-in X.509 certificates
[    0.585705] Demotion targets for Node 0: null
[    0.589808] PM:   Magic number: 6:452:94
[    0.590464] clk: Disabling unused clocks
[    0.590658] KTAP version 1
[    0.590684] 1..0
[    0.700248] Freeing initrd memory: 9420K
[    0.716424] ata2: found unknown device (class 0)
[    0.719191] ata2.00: ATAPI: QEMU DVD-ROM, 2.5+, max UDMA/100
[    0.725463] scsi 1:0:0:0: CD-ROM            QEMU     QEMU DVD-ROM     2.5+ PQ: 0 ANSI: 5
[    0.743727] sr 1:0:0:0: [sr0] scsi3-mmc drive: 4x/4x cd/rw xa/form2 tray
[    0.753967] cdrom: Uniform CD-ROM driver Revision: 3.20
[    0.760505] sr 1:0:0:0: Attached scsi CD-ROM sr0
[    0.761475] sr 1:0:0:0: Attached scsi generic sg0 type 5
[    0.795830] Freeing unused kernel image (initmem) memory: 2552K
[    0.796001] Write protecting the kernel read-only data: 18432k
[    0.797465] Freeing unused kernel image (text/rodata gap) memory: 1592K
[    0.798447] Freeing unused kernel image (rodata/data gap) memory: 1764K
[    0.885370] x86/mm: Checked W+X mappings: passed, no W+X pages found.
[    0.885540] Run /init as init process
[    0.885568]   with arguments:
[    0.885594]     /init
[    0.885615]     nokaslr
[    0.885634]   with environment:
[    0.885659]     HOME=/
[    0.885680]     TERM=linux
[    0.941405] mount (51) used greatest stack depth: 13208 bytes left
/init: 5: mkdir: not found
=== insmod device-registrar target=ftgpio010-gpio ===
[    0.971688] device_registrar: loading out-of-tree module taints kernel.
[    0.975283] device-registrar: 注册 'ftgpio010-gpio' (MMIO @ 0xF0000000)
[    0.976389] device-registrar: 'ftgpio010-gpio' 已注册
REHARNESS_REGISTRAR_INSMOD_RC=0
[    0.982798] input: ImExPS/2 Generic Explorer Mouse as /devices/platform/i8042/serio1/input/input3
=== insmod ftgpio010_gpio ===
[    1.288638] [rhfn] ftgpio_gpio_probe
[    1.289048] [rhbase] ffffc9000002d000
[    1.289611] [rh] W 0x20 0x0
[    1.289646] [rh] W 0x2c 0x0
[    1.289675] [rh] W 0x30 0xffffffff
[    1.289706] [rh] W 0x40 0x0
REHARNESS_DRIVER_INSMOD_RC=0
[    1.549290] tsc: Refined TSC clocksource calibration: 4299.978 MHz
[    1.549789] clocksource: tsc: mask: 0xffffffffffffffff max_cycles: 0x3dfb4f39dea, max_idle_ns: 440795380526 ns
[    1.551473] clocksource: Switched to clocksource tsc
REHARNESS_DRIVER_PROBE_BOUND=1
=== dmesg ===
[    0.030853] PM: hibernation: Registered nosave memory: [mem 0x00000000-0x00000fff]
[    0.030919] PM: hibernation: Registered nosave memory: [mem 0x0009f000-0x000fffff]
[    0.403134] thermal_sys: Registered thermal governor 'step_wise'
[    0.408915] HugeTLB: registered 2.00 MiB page size, pre-allocated 0 pages
[    0.486468] pps_core: LinuxPPS API ver. 1 registered
[    0.524554] Key type asymmetric registered
[    0.524628] Asymmetric key parser 'x509' registered
[    0.525028] io scheduler mq-deadline registered
[    0.525088] io scheduler kyber registered
[    0.564316] rtc_cmos PNP0B00:00: registered as rtc0
[    0.975283] device-registrar: \xe6\xb3\xa8\xe5\x86\x8c 'ftgpio010-gpio' (MMIO @ 0xF0000000)
[    0.976389] device-registrar: 'ftgpio010-gpio' \xe5\xb7\xb2\xe6\xb3\xa8\xe5\x86\x8c
=== exerciser ===
ioctl LINEINFO=0
[    1.632323] [rhfn] ftgpio_gpio_set_config
[    1.632454] [rhfn] ftgpio_gpio_set_config
ioctl GET_LINE=0 fd=4
ioctl GET_VALUES=0 bits=0
ioctl SET_VALUES(1)=0
ioctl SET_VALUES(0)=0
ioctl SET_CONFIG(INPUT)=0
GPIO_TRACE_DONE
EXERCISER_RC=0
=== Linux subsystem test 0 ===
REHARNESS_COVERAGE_chip_info=pass
GPIO_SUBSYSTEM_PASS=gpio-chip-info
REHARNESS_SUBSYSTEM_TEST_0_NAME=gpio-chip-info
REHARNESS_SUBSYSTEM_TEST_0_RC=0
REHARNESS_SUBSYSTEM_TEST_0_STATUS=pass
=== Linux subsystem test 1 ===
REHARNESS_COVERAGE_line_info=pass
GPIO_SUBSYSTEM_PASS=gpio-line-info
REHARNESS_SUBSYSTEM_TEST_1_NAME=gpio-line-info
REHARNESS_SUBSYSTEM_TEST_1_RC=0
REHARNESS_SUBSYSTEM_TEST_1_STATUS=pass
=== Linux subsystem test 2 ===
[    1.657887] [rhfn] ftgpio_gpio_set_config
[    1.657975] [rhfn] ftgpio_gpio_set_config
REHARNESS_COVERAGE_v2_single_line=pass
REHARNESS_COVERAGE_v2_values=pass
GPIO_SUBSYSTEM_PASS=gpio-v2-basic
REHARNESS_SUBSYSTEM_TEST_2_NAME=gpio-v2-basic
REHARNESS_SUBSYSTEM_TEST_2_RC=0
REHARNESS_SUBSYSTEM_TEST_2_STATUS=pass
=== Linux subsystem test 3 ===
[    1.666304] [rhfn] ftgpio_gpio_set_config
[    1.666366] [rhfn] ftgpio_gpio_set_config
[    1.666412] [rhfn] ftgpio_gpio_set_config
[    1.666438] [rhfn] ftgpio_gpio_set_config
REHARNESS_COVERAGE_v2_multi_line=pass
GPIO_SUBSYSTEM_PASS=gpio-v2-multi-line
REHARNESS_SUBSYSTEM_TEST_3_NAME=gpio-v2-multi-line
REHARNESS_SUBSYSTEM_TEST_3_RC=0
REHARNESS_SUBSYSTEM_TEST_3_STATUS=pass
=== Linux subsystem test 4 ===
[    1.674734] [rhfn] ftgpio_gpio_set_config
[    1.674824] [rhfn] ftgpio_gpio_set_config
REHARNESS_COVERAGE_v1_single_line=pass
GPIO_SUBSYSTEM_PASS=gpio-v1-compat
REHARNESS_SUBSYSTEM_TEST_4_NAME=gpio-v1-compat
REHARNESS_SUBSYSTEM_TEST_4_RC=0
REHARNESS_SUBSYSTEM_TEST_4_STATUS=pass
=== Linux subsystem test 5 ===
[    1.683072] [rhfn] ftgpio_gpio_set_config
[    1.683129] [rhfn] ftgpio_gpio_set_config
[    1.683235] [rhfn] ftgpio_gpio_set_config
[    1.683336] [rhfn] ftgpio_gpio_set_config
[    1.683415] [rhfn] ftgpio_gpio_set_config
[    1.683508] [rh] R 0x44 0x0
[    1.683539] [rh] R 0x40 0x0
[    1.683564] [rh] W 0x44 0x101d0
[    1.683600] [rh] W 0x40 0x1
REHARNESS_COVERAGE_config_flags=pass
REHARNESS_COVERAGE_config_debounce=pass
GPIO_SUBSYSTEM_PASS=gpio-config
REHARNESS_SUBSYSTEM_TEST_5_NAME=gpio-config
REHARNESS_SUBSYSTEM_TEST_5_RC=0
REHARNESS_SUBSYSTEM_TEST_5_STATUS=pass
=== Linux subsystem test 6 ===
[    1.691172] [rhfn] ftgpio_gpio_set_config
REHARNESS_COVERAGE_error_paths=pass
GPIO_SUBSYSTEM_PASS=gpio-errors
REHARNESS_SUBSYSTEM_TEST_6_NAME=gpio-errors
REHARNESS_SUBSYSTEM_TEST_6_RC=0
REHARNESS_SUBSYSTEM_TEST_6_STATUS=pass
=== Linux subsystem test 7 ===
[    1.698771] [rhfn] ftgpio_gpio_set_config
[    1.699415] [rhfn] ftgpio_gpio_ack_irq
[    1.699461] [rh] W 0x30 0x1
[    1.699957] [rhfn] ftgpio_gpio_set_irq_type
[    1.700044] [rh] R 0x34 0x0
[    1.700081] [rh] R 0x3c 0x0
[    1.700111] [rh] R 0x38 0x0
[    1.700152] [rh] W 0x34 0x0
[    1.700184] [rh] W 0x3c 0x0
[    1.700214] [rh] W 0x38 0x0
[    1.700242] [rhfn] ftgpio_gpio_ack_irq
[    1.700268] [rh] W 0x30 0x1
[    1.700336] [rhfn] ftgpio_gpio_unmask_irq
[    1.700403] [rh] R 0x20 0x0
[    1.700431] [rh] W 0x20 0x1
[    1.701360] [rhfn] ftgpio_gpio_irq_handler
[    1.701431] [rh] R 0x24 0x0
[    1.701571] [rhfn] ftgpio_gpio_ack_irq
[    1.701595] [rh] W 0x30 0x1
[    1.702407] [rhfn] ftgpio_gpio_mask_irq
[    1.702459] [rh] R 0x20 0x0
[    1.702490] [rh] W 0x20 0x0
REHARNESS_COVERAGE_line_event=pass
GPIO_SUBSYSTEM_PASS=gpio-events
REHARNESS_SUBSYSTEM_TEST_7_NAME=gpio-events
REHARNESS_SUBSYSTEM_TEST_7_RC=0
REHARNESS_SUBSYSTEM_TEST_7_STATUS=pass
=== Linux subsystem test 8 ===
[    1.712278] [rhfn] ftgpio_gpio_set_config
[    1.712409] [rhfn] ftgpio_gpio_set_config
[    1.712456] [rhfn] ftgpio_gpio_set_config
[    1.712500] [rhfn] ftgpio_gpio_set_config
[    1.712534] [rhfn] ftgpio_gpio_set_config
[    1.712567] [rhfn] ftgpio_gpio_set_config
[    1.712600] [rhfn] ftgpio_gpio_set_config
[    1.712632] [rhfn] ftgpio_gpio_set_config
REHARNESS_COVERAGE_lifecycle=pass
GPIO_SUBSYSTEM_PASS=gpio-lifecycle
REHARNESS_SUBSYSTEM_TEST_8_NAME=gpio-lifecycle
REHARNESS_SUBSYSTEM_TEST_8_RC=0
REHARNESS_SUBSYSTEM_TEST_8_STATUS=pass
=== rmmod ftgpio010_gpio ===
[    1.744748] rmmod (76) used greatest stack depth: 13152 bytes left
[    1.748792] device-registrar: 'ftgpio010-gpio' 已注销
=== QEMU_RUN_DONE ===
[    1.960987] sysrq: Power Off
[    1.961380] Kernel panic - not syncing: Attempted to kill init! exitcode=0x00000000
[    1.961743] CPU: 0 UID: 0 PID: 1 Comm: init Tainted: G           O        7.1.0-rc7-gacb7500801e9 #8 PREEMPT(lazy) 
[    1.961864] Tainted: [O]=OOT_MODULE
[    1.961891] Hardware name: QEMU Standard PC (i440FX + PIIX, 1996), BIOS rel-1.17.0-0-gb52ca86e094d-prebuilt.qemu.org 04/01/2014
[    1.962019] Call Trace:
[    1.962362]  <TASK>
[    1.962493]  vpanic+0x32f/0x4b0
[    1.962654]  panic+0x63/0x70
[    1.962686]  do_exit+0x94a/0xaf0
[    1.962711]  do_group_exit+0x30/0x80
[    1.962736]  __x64_sys_exit_group+0x18/0x20
[    1.962768]  x64_sys_call+0x12e2/0x1880
[    1.962796]  do_syscall_64+0x10e/0x4e0
[    1.962828]  entry_SYSCALL_64_after_hwframe+0x77/0x7f
[    1.962929] RIP: 0033:0x7f6634f8f31d
[    1.963071] Code: 02 ba ff ff ff ff 89 d0 c3 0f 1f 40 00 f3 0f 1e fa 48 8b 35 ed 4a 11 00 ba e7 00 00 00 eb 07 66 0f 1f 44 00 00 f4 89 d0 0f 05 <48> 3d 00 f0 ff ff 76 f3 f7 d8 64 89 06 eb ec 0f 1f 40 00 f3 0f 1e
[    1.963196] RSP: 002b:00007ffc105251c8 EFLAGS: 00000202 ORIG_RAX: 00000000000000e7
[    1.963258] RAX: ffffffffffffffda RBX: 00007ffc10525450 RCX: 00007f6634f8f31d
[    1.963301] RDX: 00000000000000e7 RSI: ffffffffffffff88 RDI: 0000000000000000
[    1.963343] RBP: 00007ffc105252a0 R08: 0000555859c95010 R09: 0000000000000007
[    1.963385] R10: 0000555859c97ac0 R11: 0000000000000202 R12: 0000000000000000
[    1.963426] R13: 00007ffc10525440 R14: 0000555838d72dd8 R15: 00007f66350f5000
[    1.963490]  </TASK>
[    1.964088] Kernel Offset: disabled
[    1.964266] Rebooting in 1 seconds..
