c[?7l[2J[0mSeaBIOS (version rel-1.17.0-0-gb52ca86e094d-prebuilt.qemu.org)


iPXE (http://ipxe.org) 00:03.0 CA00 PCI2.10 PnP PMM+0EFD1C90+0EF31C90 CA00
Press Ctrl-B to configure iPXE (PCI 00:03.0)...                                                                               


Booting from ROM..c[?7l[2JNo EFI environment detected.
early console in extract_kernel
input_data: 0x000000000266d2c4
input_len: 0x000000000094b4db
output: 0x0000000001000000
output_len: 0x0000000001f78348
kernel_total_size: 0x0000000001d7d000
needed_size: 0x0000000002000000
trampoline_32bit: 0x0000000000000000


KASLR disabled: 'nokaslr' on cmdline.


Decompressing Linux... Parsing ELF... No relocation needed... done.
Booting the kernel (entry_offset: 0x0000000001a0e3b0).
[    0.000000] Linux version 7.1.0-rc7+ (yfblock@9950x) (gcc (Ubuntu 13.3.0-6ubuntu2~24.04.1) 13.3.0, GNU ld (GNU Binutils for Ubuntu) 2.42) #17 SMP PREEMPT_DYNAMIC Tue Aug 25 17:24:02 CST 2026
[    0.000000] Command line: console=ttyS0 nokaslr panic=1 ignore_loglevel earlyprintk=serial,ttyS0,115200
[    0.000000] BIOS-provided physical RAM map:
[    0.000000] BIOS-e820: [mem 0x0000000000000000-0x000000000009fbff]  System RAM
[    0.000000] BIOS-e820: [mem 0x000000000009fc00-0x000000000009ffff]  device reserved
[    0.000000] BIOS-e820: [gap 0x00000000000a0000-0x00000000000effff]
[    0.000000] BIOS-e820: [mem 0x00000000000f0000-0x00000000000fffff]  device reserved
[    0.000000] BIOS-e820: [mem 0x0000000000100000-0x000000000ffdffff]  System RAM
[    0.000000] BIOS-e820: [mem 0x000000000ffe0000-0x000000000fffffff]  device reserved
[    0.000000] BIOS-e820: [gap 0x0000000010000000-0x00000000fffbffff]
[    0.000000] BIOS-e820: [mem 0x00000000fffc0000-0x00000000ffffffff]  device reserved
[    0.000000] BIOS-e820: [gap 0x0000000100000000-0x000000fcffffffff]
[    0.000000] BIOS-e820: [mem 0x000000fd00000000-0x000000ffffffffff]  device reserved
[    0.000000] printk: debug: ignoring loglevel setting.
[    0.000000] printk: legacy bootconsole [earlyser0] enabled
[    0.000000] NX (Execute Disable) protection: active
[    0.000000] APIC: Static calls initialized
[    0.000000] DMI: SMBIOS 2.8 present.
[    0.000000] DMI: QEMU Standard PC (i440FX + PIIX, 1996), BIOS rel-1.17.0-0-gb52ca86e094d-prebuilt.qemu.org 04/01/2014
[    0.000000] DMI: Memory slots populated: 1/1
[    0.000000] tsc: Fast TSC calibration using PIT
[    0.000000] tsc: Detected 4299.902 MHz processor
[    0.007908] e820: update [mem 0x00000000-0x00000fff] System RAM ==> device reserved
[    0.008085] e820: remove [mem 0x000a0000-0x000fffff] System RAM
[    0.008235] last_pfn = 0xffe0 max_arch_pfn = 0x400000000
[    0.008676] MTRR map: 4 entries (3 fixed + 1 variable; max 19), built from 8 variable MTRRs
[    0.008834] x86/PAT: Configuration [0-7]: WB  WC  UC- UC  WB  WP  UC- WT  
[    0.020518] found SMP MP-table at [mem 0x000f54c0-0x000f54cf]
[    0.023548] RAMDISK: [mem 0x0f82f000-0x0ffdffff]
[    0.023821] ACPI: Early table checksum verification disabled
[    0.024146] ACPI: RSDP 0x00000000000F52E0 000014 (v00 BOCHS )
[    0.024344] ACPI: RSDT 0x000000000FFE2383 000034 (v01 BOCHS  BXPC     00000001 BXPC 00000001)
[    0.024818] ACPI: FACP 0x000000000FFE222F 000074 (v01 BOCHS  BXPC     00000001 BXPC 00000001)
[    0.025256] ACPI: DSDT 0x000000000FFE0040 0021EF (v01 BOCHS  BXPC     00000001 BXPC 00000001)
[    0.025358] ACPI: FACS 0x000000000FFE0000 000040
[    0.025419] ACPI: APIC 0x000000000FFE22A3 000080 (v03 BOCHS  BXPC     00000001 BXPC 00000001)
[    0.025484] ACPI: HPET 0x000000000FFE2323 000038 (v01 BOCHS  BXPC     00000001 BXPC 00000001)
[    0.025549] ACPI: WAET 0x000000000FFE235B 000028 (v01 BOCHS  BXPC     00000001 BXPC 00000001)
[    0.025653] ACPI: Reserving FACP table memory at [mem 0xffe222f-0xffe22a2]
[    0.025704] ACPI: Reserving DSDT table memory at [mem 0xffe0040-0xffe222e]
[    0.025747] ACPI: Reserving FACS table memory at [mem 0xffe0000-0xffe003f]
[    0.025790] ACPI: Reserving APIC table memory at [mem 0xffe22a3-0xffe2322]
[    0.025832] ACPI: Reserving HPET table memory at [mem 0xffe2323-0xffe235a]
[    0.025882] ACPI: Reserving WAET table memory at [mem 0xffe235b-0xffe2382]
[    0.027124] No NUMA configuration found
[    0.027166] Faking a node at [mem 0x0000000000000000-0x000000000ffdffff]
[    0.027556] NODE_DATA(0) allocated [mem 0x0f82b680-0x0f82efff]
[    0.028047] ACPI: PM-Timer IO Port: 0x608
[    0.028321] ACPI: LAPIC_NMI (acpi_id[0xff] dfl dfl lint[0x1])
[    0.028574] IOAPIC[0]: apic_id 0, version 32, address 0xfec00000, GSI 0-23
[    0.028682] ACPI: INT_SRC_OVR (bus 0 bus_irq 0 global_irq 2 dfl dfl)
[    0.028855] ACPI: INT_SRC_OVR (bus 0 bus_irq 5 global_irq 5 high level)
[    0.028918] ACPI: INT_SRC_OVR (bus 0 bus_irq 9 global_irq 9 high level)
[    0.029009] ACPI: INT_SRC_OVR (bus 0 bus_irq 10 global_irq 10 high level)
[    0.029052] ACPI: INT_SRC_OVR (bus 0 bus_irq 11 global_irq 11 high level)
[    0.029195] ACPI: Using ACPI (MADT) for SMP configuration information
[    0.029255] ACPI: HPET id: 0x8086a201 base: 0xfed00000
[    0.029518] CPU topo: Max. logical packages:   1
[    0.029569] CPU topo: Max. logical nodes:      1
[    0.029603] CPU topo: Num. nodes per package:  1
[    0.029662] CPU topo: Max. logical dies:       1
[    0.029694] CPU topo: Max. dies per package:   1
[    0.029754] CPU topo: Max. threads per core:   1
[    0.029861] CPU topo: Num. cores per package:     2
[    0.029898] CPU topo: Num. threads per package:   2
[    0.029931] CPU topo: Allowing 2 present CPUs plus 0 hotplug CPUs
[    0.030427] PM: hibernation: Registered nosave memory: [mem 0x00000000-0x00000fff]
[    0.030492] PM: hibernation: Registered nosave memory: [mem 0x0009f000-0x000fffff]
[    0.030602] [gap 0x10000000-0xfffbffff] available for PCI devices
[    0.030671] Booting paravirtualized kernel on bare hardware
[    0.030884] clocksource: refined-jiffies: mask: 0xffffffff max_cycles: 0xffffffff, max_idle_ns: 1910969940391419 ns
[    0.038102] Zone ranges:
[    0.038138]   DMA      [mem 0x0000000000001000-0x0000000000ffffff]
[    0.038215]   DMA32    [mem 0x0000000001000000-0x000000000ffdffff]
[    0.038260]   Normal   empty
[    0.038296] Movable zone start for each node
[    0.038336] Early memory node ranges
[    0.038375]   node   0: [mem 0x0000000000001000-0x000000000009efff]
[    0.038485]   node   0: [mem 0x0000000000100000-0x000000000ffdffff]
[    0.038594] Initmem setup node 0 [mem 0x0000000000001000-0x000000000ffdffff]
[    0.039216] On node 0, zone DMA: 1 pages in unavailable ranges
[    0.039394] On node 0, zone DMA: 97 pages in unavailable ranges
[    0.040080] On node 0, zone DMA32: 32 pages in unavailable ranges
[    0.040235] setup_percpu: NR_CPUS:64 nr_cpumask_bits:2 nr_cpu_ids:2 nr_node_ids:1
[    0.041022] percpu: Embedded 52 pages/cpu s175064 r8192 d29736 u1048576
[    0.041294] pcpu-alloc: s175064 r8192 d29736 u1048576 alloc=1*2097152
[    0.041379] pcpu-alloc: [0] 0 1 
[    0.042224] Kernel command line: console=ttyS0 nokaslr panic=1 ignore_loglevel earlyprintk=serial,ttyS0,115200
[    0.042935] Unknown kernel command line parameters "nokaslr", will be passed to user space.
[    0.043102] printk: log buffer data + meta data: 262144 + 917504 = 1179648 bytes
[    0.043302] Dentry cache hash table entries: 32768 (order: 6, 262144 bytes, linear)
[    0.043406] Inode-cache hash table entries: 16384 (order: 5, 131072 bytes, linear)
[    0.044874] Fallback order for Node 0: 0 
[    0.045123] Built 1 zonelists, mobility grouping on.  Total pages: 65406
[    0.045202] Policy zone: DMA32
[    0.045364] mem auto-init: stack:all(zero), heap alloc:off, heap free:off
[    0.050579] SLUB: HWalign=64, Order=0-3, MinObjects=0, CPUs=2, Nodes=1
Poking KASLR using RDTSC...
[    0.071676] ftrace: allocating 38031 entries in 150 pages
[    0.071928] ftrace: allocated 150 pages with 4 groups
[    0.076295] Dynamic Preempt: lazy
[    0.078072] rcu: Preemptible hierarchical RCU implementation.
[    0.078117] rcu: 	RCU event tracing is enabled.
[    0.078156] rcu: 	RCU restricting CPUs from NR_CPUS=64 to nr_cpu_ids=2.
[    0.078281] 	Trampoline variant of Tasks RCU enabled.
[    0.078314] 	Rude variant of Tasks RCU enabled.
[    0.078344] 	Tracing variant of Tasks RCU enabled.
[    0.078428] rcu: RCU calculated value of scheduler-enlistment delay is 100 jiffies.
[    0.078484] rcu: Adjusting geometry for rcu_fanout_leaf=16, nr_cpu_ids=2
[    0.079179] RCU Tasks: Setting shift to 1 and lim to 1 rcu_task_cb_adjust=1 rcu_task_cpu_ids=2.
[    0.079240] RCU Tasks Rude: Setting shift to 1 and lim to 1 rcu_task_cb_adjust=1 rcu_task_cpu_ids=2.
[    0.093918] NR_IRQS: 4352, nr_irqs: 440, preallocated irqs: 16
[    0.099312] rcu: srcu_init: Setting srcu_struct sizes based on contention.
[    0.103717] Console: colour VGA+ 80x25
[    0.104826] printk: legacy console [ttyS0] enabled
[    0.104826] printk: legacy console [ttyS0] enabled
[    0.105108] printk: legacy bootconsole [earlyser0] disabled
[    0.105108] printk: legacy bootconsole [earlyser0] disabled
[    0.105960] ACPI: Core revision 20251212
[    0.109030] clocksource: hpet: mask: 0xffffffff max_cycles: 0xffffffff, max_idle_ns: 19112604467 ns
[    0.110183] APIC: Switch to symmetric I/O mode setup
[    0.114518] ..TIMER: vector=0x30 apic1=0 pin1=2 apic2=-1 pin2=-1
[    0.119855] clocksource: tsc-early: mask: 0xffffffffffffffff max_cycles: 0x3dfb0701e17, max_idle_ns: 440795286750 ns
[    0.120123] Calibrating delay loop (skipped), value calculated using timer frequency.. 8599.80 BogoMIPS (lpj=4299902)
[    0.122278] Last level iTLB entries: 4KB 512, 2MB 255, 4MB 127
[    0.122338] Last level dTLB entries: 4KB 512, 2MB 255, 4MB 127, 1GB 0
[    0.122503] mitigations: Enabled attack vectors: user_kernel, user_user, SMT mitigations: auto
[    0.122769] Spectre V2 : Mitigation: Retpolines
[    0.122866] Spectre V1 : Mitigation: usercopy/swapgs barriers and __user pointer sanitization
[    0.123020] Spectre V2 : Spectre v2 / SpectreRSB: Filling RSB on context switch and VMEXIT
[    0.123485] x86/fpu: x87 FPU will use FXSAVE
[    0.185313] pid_max: default: 32768 minimum: 301
[    0.192894] Mount-cache hash table entries: 512 (order: 0, 4096 bytes, linear)
[    0.193033] Mountpoint-cache hash table entries: 512 (order: 0, 4096 bytes, linear)
[    0.197554] VFS: Finished mounting rootfs on nullfs
[    0.311488] smpboot: CPU0: AMD QEMU Virtual CPU version 2.5+ (family: 0xf, model: 0x6b, stepping: 0x1)
[    0.317405] Performance Events: PMU not available due to virtualization, using software events only.
[    0.317966] signal: max sigframe size: 1440
[    0.318679] rcu: Hierarchical SRCU implementation.
[    0.318732] rcu: 	Max phase no-delay instances is 400.
[    0.319407] Timer migration: 1 hierarchy levels; 8 children per group; 1 crossnode level
[    0.321746] smp: Bringing up secondary CPUs ...
[    0.325467] smpboot: x86: Booting SMP configuration:
[    0.325526] .... node  #0, CPUs:      #1
[    0.395607] smp: Brought up 1 node, 2 CPUs
[    0.395756] smpboot: Total of 2 processors activated (17203.19 BogoMIPS)
[    0.400812] Memory: 214648K/261624K available (12659K kernel code, 2337K rwdata, 5116K rodata, 2792K init, 544K bss, 43540K reserved, 0K cma-reserved)
[    0.405638] devtmpfs: initialized
[    0.411207] clocksource: jiffies: mask: 0xffffffff max_cycles: 0xffffffff, max_idle_ns: 1911260446275000 ns
[    0.411207] posixtimers hash table entries: 1024 (order: 2, 16384 bytes, linear)
[    0.411220] futex hash table entries: 512 (32768 bytes on 1 NUMA nodes, total 32 KiB, linear).
[    0.414005] PM: RTC time: 09:34:44, date: 2026-08-25
[    0.416017] NET: Registered PF_NETLINK/PF_ROUTE protocol family
[    0.420305] thermal_sys: Registered thermal governor 'step_wise'
[    0.421097] cpuidle: using governor menu
[    0.421662] Freeing SMP alternatives memory: 36K
[    0.423060] PCI: Using configuration type 1 for base access
[    0.423319] mtrr: your CPUs had inconsistent fixed MTRR settings
[    0.423367] mtrr: your CPUs had inconsistent variable MTRR settings
[    0.423415] mtrr: your CPUs had inconsistent MTRRdefType settings
[    0.423462] mtrr: probably your BIOS does not setup all CPUs.
[    0.423501] mtrr: corrected configuration.
[    0.424729] kprobes: kprobe jump-optimization is enabled. All kprobes are optimized if possible.
[    0.426265] HugeTLB: registered 2.00 MiB page size, pre-allocated 0 pages
[    0.426338] HugeTLB: 28 KiB vmemmap can be freed for a 2.00 MiB page
[    0.429211] ACPI: Added _OSI(Module Device)
[    0.429261] ACPI: Added _OSI(Processor Device)
[    0.429294] ACPI: Added _OSI(Processor Aggregator Device)
[    0.440725] ACPI: 1 ACPI AML tables successfully acquired and loaded
[    0.454284] ACPI: \_SB_: platform _OSC: OS support mask [002a7eee]
[    0.459139] ACPI: Interpreter enabled
[    0.459757] ACPI: PM: (supports S0 S3 S4 S5)
[    0.459813] ACPI: Using IOAPIC for interrupt routing
[    0.460051] PCI: Using host bridge windows from ACPI; if necessary, use "pci=nocrs" and report a bug
[    0.460126] PCI: Using E820 reservations for host bridge windows
[    0.460932] ACPI: Enabled 2 GPEs in block 00 to 0F
[    0.493175] ACPI: PCI Root Bridge [PCI0] (domain 0000 [bus 00-ff])
[    0.493637] acpi PNP0A03:00: _OSC: OS supports [ASPM ClockPM Segments MSI HPX-Type3]
[    0.493767] acpi PNP0A03:00: _OSC: not requesting OS control; OS requires [ExtendedConfig ASPM ClockPM MSI]
[    0.494024] acpi PNP0A03:00: _OSC: platform retains control of PCIe features (AE_ERROR)
[    0.494327] acpi PNP0A03:00: fail to add MMCONFIG information, can't access extended configuration space under this bridge
[    0.496152] PCI host bridge to bus 0000:00
[    0.496305] pci_bus 0000:00: root bus resource [io  0x0000-0x0cf7 window]
[    0.496429] pci_bus 0000:00: root bus resource [io  0x0d00-0xffff window]
[    0.496476] pci_bus 0000:00: root bus resource [mem 0x000a0000-0x000bffff window]
[    0.496543] pci_bus 0000:00: root bus resource [mem 0x10000000-0xfebfffff window]
[    0.496595] pci_bus 0000:00: root bus resource [mem 0x100000000-0x17fffffff window]
[    0.496712] pci_bus 0000:00: root bus resource [bus 00-ff]
[    0.497517] pci 0000:00:00.0: [8086:1237] type 00 class 0x060000 conventional PCI endpoint
[    0.499878] pci 0000:00:01.0: [8086:7000] type 00 class 0x060100 conventional PCI endpoint
[    0.500255] pci 0000:00:01.1: [8086:7010] type 00 class 0x010180 conventional PCI endpoint
[    0.500654] pci 0000:00:01.1: BAR 4 [io  0xc040-0xc04f]
[    0.500732] pci 0000:00:01.1: BAR 0 [io  0x01f0-0x01f7]: legacy IDE quirk
[    0.500788] pci 0000:00:01.1: BAR 1 [io  0x03f6]: legacy IDE quirk
[    0.500845] pci 0000:00:01.1: BAR 2 [io  0x0170-0x0177]: legacy IDE quirk
[    0.500898] pci 0000:00:01.1: BAR 3 [io  0x0376]: legacy IDE quirk
[    0.501286] pci 0000:00:01.3: [8086:7113] type 00 class 0x068000 conventional PCI endpoint
[    0.501547] pci 0000:00:01.3: quirk: [io  0x0600-0x063f] claimed by PIIX4 ACPI
[    0.501636] pci 0000:00:01.3: quirk: [io  0x0700-0x070f] claimed by PIIX4 SMB
[    0.501946] pci 0000:00:02.0: [1234:1111] type 00 class 0x030000 conventional PCI endpoint
[    0.502325] pci 0000:00:02.0: BAR 0 [mem 0xfd000000-0xfdffffff pref]
[    0.502405] pci 0000:00:02.0: BAR 2 [mem 0xfebf0000-0xfebf0fff]
[    0.502448] pci 0000:00:02.0: ROM [mem 0xfebe0000-0xfebeffff pref]
[    0.502624] pci 0000:00:02.0: Video device with shadowed ROM at [mem 0x000c0000-0x000dffff]
[    0.502969] pci 0000:00:03.0: [8086:100e] type 00 class 0x020000 conventional PCI endpoint
[    0.503411] pci 0000:00:03.0: BAR 0 [mem 0xfebc0000-0xfebdffff]
[    0.503464] pci 0000:00:03.0: BAR 1 [io  0xc000-0xc03f]
[    0.503503] pci 0000:00:03.0: ROM [mem 0xfeb80000-0xfebbffff pref]
[    0.508925] ACPI: PCI: Interrupt link LNKA configured for IRQ 10
[    0.509399] ACPI: PCI: Interrupt link LNKB configured for IRQ 10
[    0.509706] ACPI: PCI: Interrupt link LNKC configured for IRQ 11
[    0.509991] ACPI: PCI: Interrupt link LNKD configured for IRQ 11
[    0.510159] ACPI: PCI: Interrupt link LNKS configured for IRQ 9
[    0.512181] iommu: Default domain type: Translated
[    0.512245] iommu: DMA domain TLB invalidation policy: lazy mode
[    0.513078] SCSI subsystem initialized
[    0.513174] libata version 3.00 loaded.
[    0.513599] ACPI: bus type USB registered
[    0.514164] usbcore: registered new interface driver usbfs
[    0.514356] usbcore: registered new interface driver hub
[    0.514455] usbcore: registered new device driver usb
[    0.514629] pps_core: LinuxPPS API ver. 1 registered
[    0.514668] pps_core: Software ver. 5.3.6 - Copyright 2005-2007 Rodolfo Giometti <giometti@linux.it>
[    0.514748] PTP clock support registered
[    0.519104] PCI: Using ACPI for IRQ routing
[    0.519206] PCI: pci_cache_line_size set to 64 bytes
[    0.519430] e820: register RAM buffer resource [mem 0x0009fc00-0x0009ffff]
[    0.519565] e820: register RAM buffer resource [mem 0x0ffe0000-0x0fffffff]
[    0.522330] pci 0000:00:02.0: vgaarb: setting as boot VGA device
[    0.522404] pci 0000:00:02.0: vgaarb: bridge control possible
[    0.522465] pci 0000:00:02.0: vgaarb: VGA device added: decodes=io+mem,owns=io+mem,locks=none
[    0.522465] vgaarb: loaded
[    0.522599] hpet: 3 channels of 0 reserved for per-cpu timers
[    0.522765] hpet0: at MMIO 0xfed00000, IRQs 2, 8, 0
[    0.522845] hpet0: 3 comparators, 64-bit 100.000000 MHz counter
[    0.526615] clocksource: Switched to clocksource tsc-early
[    0.528806] VFS: Disk quotas dquot_6.6.0
[    0.528896] VFS: Dquot-cache hash table entries: 512 (order 0, 4096 bytes)
[    0.530616] pnp: PnP ACPI init
[    0.531774] pnp 00:02: [dma 2]
[    0.532721] pnp: PnP ACPI: found 5 devices
[    0.546130] clocksource: acpi_pm: mask: 0xffffff max_cycles: 0xffffff, max_idle_ns: 2085701024 ns
[    0.546609] NET: Registered PF_INET protocol family
[    0.547165] IP idents hash table entries: 4096 (order: 3, 32768 bytes, linear)
[    0.548652] tcp_listen_portaddr_hash hash table entries: 256 (order: 0, 4096 bytes, linear)
[    0.548848] Table-perturb hash table entries: 65536 (order: 6, 262144 bytes, linear)
[    0.548935] TCP established hash table entries: 2048 (order: 2, 16384 bytes, linear)
[    0.549070] TCP bind hash table entries: 2048 (order: 4, 65536 bytes, linear)
[    0.549195] TCP: Hash tables configured (established 2048 bind 2048)
[    0.550019] UDP hash table entries: 256 (order: 2, 16384 bytes, linear)
[    0.551038] pci_bus 0000:00: resource 4 [io  0x0000-0x0cf7 window]
[    0.551094] pci_bus 0000:00: resource 5 [io  0x0d00-0xffff window]
[    0.551137] pci_bus 0000:00: resource 6 [mem 0x000a0000-0x000bffff window]
[    0.551183] pci_bus 0000:00: resource 7 [mem 0x10000000-0xfebfffff window]
[    0.551229] pci_bus 0000:00: resource 8 [mem 0x100000000-0x17fffffff window]
[    0.551547] pci 0000:00:01.0: PIIX3: Enabling Passive Release
[    0.551634] pci 0000:00:00.0: Limiting direct PCI/PCI transfers
[    0.551749] PCI: CLS 0 bytes, default 64
[    0.554320] Unpacking initramfs...
[    0.558720] Initialise system trusted keyrings
[    0.559700] workingset: timestamp_bits=56 (anon: 52) max_order=16 bucket_order=0 (anon: 0)
[    0.561956] Key type asymmetric registered
[    0.562030] Asymmetric key parser 'x509' registered
[    0.562170] Block layer SCSI generic (bsg) driver version 0.4 loaded (major 250)
[    0.562437] io scheduler mq-deadline registered
[    0.562496] io scheduler kyber registered
[    0.564622] input: Power Button as /devices/platform/LNXPWRBN:00/input/input0
[    0.565201] ACPI: button: Power Button [PWRF]
[    0.569226] Serial: 8250/16550 driver, 4 ports, IRQ sharing enabled
[    0.571421] 00:04: ttyS0 at I/O 0x3f8 (irq = 4, base_baud = 115200) is a 16550A
[    0.577078] Non-volatile memory driver v1.3
[    0.586723] loop: module loaded
[    0.592104] scsi host0: ata_piix
[    0.594025] scsi host1: ata_piix
[    0.594298] ata1: PATA max MWDMA2 cmd 0x1f0 ctl 0x3f6 bmdma 0xc040 irq 14 lpm-pol 0
[    0.594377] ata2: PATA max MWDMA2 cmd 0x170 ctl 0x376 bmdma 0xc048 irq 15 lpm-pol 0
[    0.597242] i8042: PNP: PS/2 Controller [PNP0303:KBD,PNP0f13:MOU] at 0x60,0x64 irq 1,12
[    0.599124] serio: i8042 KBD port at 0x60,0x64 irq 1
[    0.599284] serio: i8042 AUX port at 0x60,0x64 irq 12
[    0.601737] input: AT Translated Set 2 keyboard as /devices/platform/i8042/serio0/input/input1
[    0.602754] rtc_cmos PNP0B00:00: RTC can wake from S4
[    0.605002] rtc_cmos PNP0B00:00: registered as rtc0
[    0.605828] rtc_cmos PNP0B00:00: alarms up to one day, y3k, 242 bytes nvram, hpet irqs
[    0.606433] device-mapper: ioctl: 4.50.0-ioctl (2025-04-28) initialised: dm-devel@lists.linux.dev
[    0.607001] amd_pstate: the _CPC object is not present in SBIOS or ACPI disabled
[    0.607176] hid: raw HID events driver (C) Jiri Kosina
[    0.607597] usbcore: registered new interface driver usbhid
[    0.607645] usbhid: USB HID core driver
[    0.608254] NET: Registered PF_INET6 protocol family
[    0.613753] Segment Routing with IPv6
[    0.613897] In-situ OAM (IOAM) with IPv6
[    0.615883] IPI shorthand broadcast: enabled
[    0.623328] sched_clock: Marking stable (611268438, 11266421)->(624729097, -2194238)
[    0.624678] Loading compiled-in X.509 certificates
[    0.631048] Demotion targets for Node 0: null
[    0.633613] PM:   Magic number: 6:873:576
[    0.634415] clk: Disabling unused clocks
[    0.634768] KTAP version 1
[    0.634796] 1..0
[    0.711378] Freeing initrd memory: 7876K
[    0.751789] ata2: found unknown device (class 0)
[    0.754446] ata2.00: ATAPI: QEMU DVD-ROM, 2.5+, max UDMA/100
[    0.760430] scsi 1:0:0:0: CD-ROM            QEMU     QEMU DVD-ROM     2.5+ PQ: 0 ANSI: 5
[    0.776416] sr 1:0:0:0: [sr0] scsi3-mmc drive: 4x/4x cd/rw xa/form2 tray
[    0.788725] cdrom: Uniform CD-ROM driver Revision: 3.20
[    0.796208] sr 1:0:0:0: Attached scsi CD-ROM sr0
[    0.796843] sr 1:0:0:0: Attached scsi generic sg0 type 5
[    0.833519] Freeing unused kernel image (initmem) memory: 2792K
[    0.833663] Write protecting the kernel read-only data: 20480k
[    0.835185] Freeing unused kernel image (text/rodata gap) memory: 1676K
[    0.835975] Freeing unused kernel image (rodata/data gap) memory: 1028K
[    0.921210] x86/mm: Checked W+X mappings: passed, no W+X pages found.
[    0.921373] Run /init as init process
[    0.921400]   with arguments:
[    0.921425]     /init
[    0.921446]     nokaslr
[    0.921464]   with environment:
[    0.921487]     HOME=/
[    0.921510]     TERM=linux
[    0.976598] mount (54) used greatest stack depth: 13208 bytes left
[    0.984398] mount (55) used greatest stack depth: 13120 bytes left
=== insmod runtime fixture amba-registrar ===
[    1.006363] amba_registrar: loading out-of-tree module taints kernel.
[    1.010339] REHARNESS_AMBA_DEVICE_READY name=reharness-amba periphid=0x00100001
REHARNESS_RUNTIME_FIXTURE_MODULE_0_INSMOD_RC=0
=== insmod reharness_amba_sensor ===
[    1.021270] reharness_amba_sensor reharness-amba: REHARNESS_AMBA_DRIVER_PROBE periphid=0x00100001 resource=0x1000
REHARNESS_DRIVER_INSMOD_RC=0
REHARNESS_DRIVER_PROBE_BOUND=1
=== dmesg ===
[    1.040827] input: ImExPS/2 Generic Explorer Mouse as /devices/platform/i8042/serio1/input/input3
[    1.021270] reharness_amba_sensor reharness-amba: REHARNESS_AMBA_DRIVER_PROBE periphid=0x00100001 resource=0x1000
=== Linux subsystem test 0 ===
AMBA_DEVICE_LIFECYCLE_PASS name=reharness-amba
REHARNESS_SUBSYSTEM_TEST_0_NAME=amba-device-lifecycle
REHARNESS_SUBSYSTEM_TEST_0_KIND=native
REHARNESS_SUBSYSTEM_TEST_0_PROVIDER=
REHARNESS_SUBSYSTEM_TEST_0_REQUIRED=1
REHARNESS_SUBSYSTEM_TEST_0_RC=0
REHARNESS_SUBSYSTEM_TEST_0_STATUS=pass
=== rmmod reharness_amba_sensor ===
[    1.067277] reharness_amba_sensor reharness-amba: REHARNESS_AMBA_DRIVER_REMOVE
REHARNESS_DRIVER_RMMOD_RC=0
[    1.084266] REHARNESS_AMBA_REGISTRAR_UNLOADED
REHARNESS_RUNTIME_FIXTURE_MODULE_0_RMMOD_RC=0
=== QEMU_RUN_DONE ===
[    1.295577] sysrq: Power Off
[    1.295846] Kernel panic - not syncing: Attempted to kill init! exitcode=0x00000000
[    1.296191] CPU: 1 UID: 0 PID: 1 Comm: init Tainted: G           O        7.1.0-rc7+ #17 PREEMPT(lazy) 
[    1.296312] Tainted: [O]=OOT_MODULE
[    1.296344] Hardware name: QEMU Standard PC (i440FX + PIIX, 1996), BIOS rel-1.17.0-0-gb52ca86e094d-prebuilt.qemu.org 04/01/2014
[    1.296471] Call Trace:
[    1.296801]  <TASK>
[    1.296927]  vpanic+0x32f/0x4b0
[    1.297081]  panic+0x63/0x70
[    1.297110]  do_exit+0x952/0xaf0
[    1.297142]  do_group_exit+0x30/0x80
[    1.297166]  __x64_sys_exit_group+0x18/0x20
[    1.297197]  x64_sys_call+0x12e2/0x1880
[    1.297222]  do_syscall_64+0x10e/0x4e0
[    1.297250]  entry_SYSCALL_64_after_hwframe+0x77/0x7f
[    1.297352] RIP: 0033:0x7f81d10df31d
[    1.297487] Code: 02 ba ff ff ff ff 89 d0 c3 0f 1f 40 00 f3 0f 1e fa 48 8b 35 ed 4a 11 00 ba e7 00 00 00 eb 07 66 0f 1f 44 00 00 f4 89 d0 0f 05 <48> 3d 00 f0 ff ff 76 f3 f7 d8 64 89 06 eb ec 0f 1f 40 00 f3 0f 1e
[    1.297608] RSP: 002b:00007fff0ffe7088 EFLAGS: 00000202 ORIG_RAX: 00000000000000e7
[    1.297667] RAX: ffffffffffffffda RBX: 00007fff0ffe7310 RCX: 00007f81d10df31d
[    1.297709] RDX: 00000000000000e7 RSI: ffffffffffffff88 RDI: 0000000000000000
[    1.297750] RBP: 00007fff0ffe7160 R08: 00005637bcdea010 R09: 0000000000000007
[    1.297790] R10: 00005637bcdeda70 R11: 0000000000000202 R12: 0000000000000000
[    1.297830] R13: 00007fff0ffe7300 R14: 00005637a5904dd8 R15: 00007f81d1245000
[    1.297892]  </TASK>
[    1.298260] Kernel Offset: disabled
[    1.298432] Rebooting in 1 seconds..
