c[?7l[2J[0mSeaBIOS (version rel-1.17.0-0-gb52ca86e094d-prebuilt.qemu.org)


iPXE (http://ipxe.org) 00:03.0 CA00 PCI2.10 PnP PMM+0EFD1C90+0EF31C90 CA00
Press Ctrl-B to configure iPXE (PCI 00:03.0)...                                                                               


Booting from ROM..c[?7l[2JNo EFI environment detected.
early console in extract_kernel
input_data: 0x000000000266d2c4
input_len: 0x000000000094b4db
output: 0x0000000001000000
output_len: 0x0000000001f78348
kernel_total_size: 0x0000000001d7d000
needed_size: 0x0000000002000000
trampoline_32bit: 0x0000000000000000


KASLR disabled: 'nokaslr' on cmdline.


Decompressing Linux... Parsing ELF... No relocation needed... done.
Booting the kernel (entry_offset: 0x0000000001a0e3b0).
[    0.000000] Linux version 7.1.0-rc7+ (yfblock@9950x) (gcc (Ubuntu 13.3.0-6ubuntu2~24.04.1) 13.3.0, GNU ld (GNU Binutils for Ubuntu) 2.42) #17 SMP PREEMPT_DYNAMIC Tue Aug 25 17:24:02 CST 2026
[    0.000000] Command line: console=ttyS0 nokaslr panic=1 ignore_loglevel earlyprintk=serial,ttyS0,115200
[    0.000000] BIOS-provided physical RAM map:
[    0.000000] BIOS-e820: [mem 0x0000000000000000-0x000000000009fbff]  System RAM
[    0.000000] BIOS-e820: [mem 0x000000000009fc00-0x000000000009ffff]  device reserved
[    0.000000] BIOS-e820: [gap 0x00000000000a0000-0x00000000000effff]
[    0.000000] BIOS-e820: [mem 0x00000000000f0000-0x00000000000fffff]  device reserved
[    0.000000] BIOS-e820: [mem 0x0000000000100000-0x000000000ffdffff]  System RAM
[    0.000000] BIOS-e820: [mem 0x000000000ffe0000-0x000000000fffffff]  device reserved
[    0.000000] BIOS-e820: [gap 0x0000000010000000-0x00000000fffbffff]
[    0.000000] BIOS-e820: [mem 0x00000000fffc0000-0x00000000ffffffff]  device reserved
[    0.000000] BIOS-e820: [gap 0x0000000100000000-0x000000fcffffffff]
[    0.000000] BIOS-e820: [mem 0x000000fd00000000-0x000000ffffffffff]  device reserved
[    0.000000] printk: debug: ignoring loglevel setting.
[    0.000000] printk: legacy bootconsole [earlyser0] enabled
[    0.000000] NX (Execute Disable) protection: active
[    0.000000] APIC: Static calls initialized
[    0.000000] DMI: SMBIOS 2.8 present.
[    0.000000] DMI: QEMU Standard PC (i440FX + PIIX, 1996), BIOS rel-1.17.0-0-gb52ca86e094d-prebuilt.qemu.org 04/01/2014
[    0.000000] DMI: Memory slots populated: 1/1
[    0.000000] tsc: Fast TSC calibration using PIT
[    0.000000] tsc: Detected 4299.897 MHz processor
[    0.007850] e820: update [mem 0x00000000-0x00000fff] System RAM ==> device reserved
[    0.008026] e820: remove [mem 0x000a0000-0x000fffff] System RAM
[    0.008175] last_pfn = 0xffe0 max_arch_pfn = 0x400000000
[    0.008604] MTRR map: 4 entries (3 fixed + 1 variable; max 19), built from 8 variable MTRRs
[    0.008761] x86/PAT: Configuration [0-7]: WB  WC  UC- UC  WB  WP  UC- WT  
[    0.020366] found SMP MP-table at [mem 0x000f54c0-0x000f54cf]
[    0.023375] RAMDISK: [mem 0x0f82f000-0x0ffdffff]
[    0.023647] ACPI: Early table checksum verification disabled
[    0.023966] ACPI: RSDP 0x00000000000F52E0 000014 (v00 BOCHS )
[    0.024159] ACPI: RSDT 0x000000000FFE2383 000034 (v01 BOCHS  BXPC     00000001 BXPC 00000001)
[    0.024628] ACPI: FACP 0x000000000FFE222F 000074 (v01 BOCHS  BXPC     00000001 BXPC 00000001)
[    0.025060] ACPI: DSDT 0x000000000FFE0040 0021EF (v01 BOCHS  BXPC     00000001 BXPC 00000001)
[    0.025156] ACPI: FACS 0x000000000FFE0000 000040
[    0.025217] ACPI: APIC 0x000000000FFE22A3 000080 (v03 BOCHS  BXPC     00000001 BXPC 00000001)
[    0.025281] ACPI: HPET 0x000000000FFE2323 000038 (v01 BOCHS  BXPC     00000001 BXPC 00000001)
[    0.025345] ACPI: WAET 0x000000000FFE235B 000028 (v01 BOCHS  BXPC     00000001 BXPC 00000001)
[    0.025452] ACPI: Reserving FACP table memory at [mem 0xffe222f-0xffe22a2]
[    0.025503] ACPI: Reserving DSDT table memory at [mem 0xffe0040-0xffe222e]
[    0.025546] ACPI: Reserving FACS table memory at [mem 0xffe0000-0xffe003f]
[    0.025588] ACPI: Reserving APIC table memory at [mem 0xffe22a3-0xffe2322]
[    0.025629] ACPI: Reserving HPET table memory at [mem 0xffe2323-0xffe235a]
[    0.025680] ACPI: Reserving WAET table memory at [mem 0xffe235b-0xffe2382]
[    0.026901] No NUMA configuration found
[    0.026942] Faking a node at [mem 0x0000000000000000-0x000000000ffdffff]
[    0.027326] NODE_DATA(0) allocated [mem 0x0f82b680-0x0f82efff]
[    0.027816] ACPI: PM-Timer IO Port: 0x608
[    0.028085] ACPI: LAPIC_NMI (acpi_id[0xff] dfl dfl lint[0x1])
[    0.028336] IOAPIC[0]: apic_id 0, version 32, address 0xfec00000, GSI 0-23
[    0.028447] ACPI: INT_SRC_OVR (bus 0 bus_irq 0 global_irq 2 dfl dfl)
[    0.028620] ACPI: INT_SRC_OVR (bus 0 bus_irq 5 global_irq 5 high level)
[    0.028684] ACPI: INT_SRC_OVR (bus 0 bus_irq 9 global_irq 9 high level)
[    0.028776] ACPI: INT_SRC_OVR (bus 0 bus_irq 10 global_irq 10 high level)
[    0.028821] ACPI: INT_SRC_OVR (bus 0 bus_irq 11 global_irq 11 high level)
[    0.028965] ACPI: Using ACPI (MADT) for SMP configuration information
[    0.029026] ACPI: HPET id: 0x8086a201 base: 0xfed00000
[    0.029284] CPU topo: Max. logical packages:   1
[    0.029336] CPU topo: Max. logical nodes:      1
[    0.029369] CPU topo: Num. nodes per package:  1
[    0.029430] CPU topo: Max. logical dies:       1
[    0.029463] CPU topo: Max. dies per package:   1
[    0.029523] CPU topo: Max. threads per core:   1
[    0.029631] CPU topo: Num. cores per package:     2
[    0.029670] CPU topo: Num. threads per package:   2
[    0.029703] CPU topo: Allowing 2 present CPUs plus 0 hotplug CPUs
[    0.030193] PM: hibernation: Registered nosave memory: [mem 0x00000000-0x00000fff]
[    0.030257] PM: hibernation: Registered nosave memory: [mem 0x0009f000-0x000fffff]
[    0.030366] [gap 0x10000000-0xfffbffff] available for PCI devices
[    0.030438] Booting paravirtualized kernel on bare hardware
[    0.030652] clocksource: refined-jiffies: mask: 0xffffffff max_cycles: 0xffffffff, max_idle_ns: 1910969940391419 ns
[    0.038109] Zone ranges:
[    0.038145]   DMA      [mem 0x0000000000001000-0x0000000000ffffff]
[    0.038222]   DMA32    [mem 0x0000000001000000-0x000000000ffdffff]
[    0.038267]   Normal   empty
[    0.038300] Movable zone start for each node
[    0.038341] Early memory node ranges
[    0.038381]   node   0: [mem 0x0000000000001000-0x000000000009efff]
[    0.038495]   node   0: [mem 0x0000000000100000-0x000000000ffdffff]
[    0.038603] Initmem setup node 0 [mem 0x0000000000001000-0x000000000ffdffff]
[    0.039231] On node 0, zone DMA: 1 pages in unavailable ranges
[    0.039410] On node 0, zone DMA: 97 pages in unavailable ranges
[    0.040108] On node 0, zone DMA32: 32 pages in unavailable ranges
[    0.040260] setup_percpu: NR_CPUS:64 nr_cpumask_bits:2 nr_cpu_ids:2 nr_node_ids:1
[    0.041034] percpu: Embedded 52 pages/cpu s175064 r8192 d29736 u1048576
[    0.041299] pcpu-alloc: s175064 r8192 d29736 u1048576 alloc=1*2097152
[    0.041384] pcpu-alloc: [0] 0 1 
[    0.042223] Kernel command line: console=ttyS0 nokaslr panic=1 ignore_loglevel earlyprintk=serial,ttyS0,115200
[    0.042928] Unknown kernel command line parameters "nokaslr", will be passed to user space.
[    0.043098] printk: log buffer data + meta data: 262144 + 917504 = 1179648 bytes
[    0.043300] Dentry cache hash table entries: 32768 (order: 6, 262144 bytes, linear)
[    0.043410] Inode-cache hash table entries: 16384 (order: 5, 131072 bytes, linear)
[    0.044913] Fallback order for Node 0: 0 
[    0.045164] Built 1 zonelists, mobility grouping on.  Total pages: 65406
[    0.045246] Policy zone: DMA32
[    0.045409] mem auto-init: stack:all(zero), heap alloc:off, heap free:off
[    0.050546] SLUB: HWalign=64, Order=0-3, MinObjects=0, CPUs=2, Nodes=1
Poking KASLR using RDTSC...
[    0.071807] ftrace: allocating 38031 entries in 150 pages
[    0.072058] ftrace: allocated 150 pages with 4 groups
[    0.076412] Dynamic Preempt: lazy
[    0.078179] rcu: Preemptible hierarchical RCU implementation.
[    0.078223] rcu: 	RCU event tracing is enabled.
[    0.078263] rcu: 	RCU restricting CPUs from NR_CPUS=64 to nr_cpu_ids=2.
[    0.078386] 	Trampoline variant of Tasks RCU enabled.
[    0.078421] 	Rude variant of Tasks RCU enabled.
[    0.078453] 	Tracing variant of Tasks RCU enabled.
[    0.078537] rcu: RCU calculated value of scheduler-enlistment delay is 100 jiffies.
[    0.078595] rcu: Adjusting geometry for rcu_fanout_leaf=16, nr_cpu_ids=2
[    0.079281] RCU Tasks: Setting shift to 1 and lim to 1 rcu_task_cb_adjust=1 rcu_task_cpu_ids=2.
[    0.079343] RCU Tasks Rude: Setting shift to 1 and lim to 1 rcu_task_cb_adjust=1 rcu_task_cpu_ids=2.
[    0.093942] NR_IRQS: 4352, nr_irqs: 440, preallocated irqs: 16
[    0.099288] rcu: srcu_init: Setting srcu_struct sizes based on contention.
[    0.103674] Console: colour VGA+ 80x25
[    0.104775] printk: legacy console [ttyS0] enabled
[    0.104775] printk: legacy console [ttyS0] enabled
[    0.105058] printk: legacy bootconsole [earlyser0] disabled
[    0.105058] printk: legacy bootconsole [earlyser0] disabled
[    0.105923] ACPI: Core revision 20251212
[    0.108993] clocksource: hpet: mask: 0xffffffff max_cycles: 0xffffffff, max_idle_ns: 19112604467 ns
[    0.110141] APIC: Switch to symmetric I/O mode setup
[    0.114446] ..TIMER: vector=0x30 apic1=0 pin1=2 apic2=-1 pin2=-1
[    0.119811] clocksource: tsc-early: mask: 0xffffffffffffffff max_cycles: 0x3dfb0251627, max_idle_ns: 440795412542 ns
[    0.120081] Calibrating delay loop (skipped), value calculated using timer frequency.. 8599.79 BogoMIPS (lpj=4299897)
[    0.122227] Last level iTLB entries: 4KB 512, 2MB 255, 4MB 127
[    0.122286] Last level dTLB entries: 4KB 512, 2MB 255, 4MB 127, 1GB 0
[    0.122451] mitigations: Enabled attack vectors: user_kernel, user_user, SMT mitigations: auto
[    0.122715] Spectre V2 : Mitigation: Retpolines
[    0.122812] Spectre V1 : Mitigation: usercopy/swapgs barriers and __user pointer sanitization
[    0.122913] Spectre V2 : Spectre v2 / SpectreRSB: Filling RSB on context switch and VMEXIT
[    0.123423] x86/fpu: x87 FPU will use FXSAVE
[    0.185157] pid_max: default: 32768 minimum: 301
[    0.193650] Mount-cache hash table entries: 512 (order: 0, 4096 bytes, linear)
[    0.193770] Mountpoint-cache hash table entries: 512 (order: 0, 4096 bytes, linear)
[    0.198252] VFS: Finished mounting rootfs on nullfs
[    0.311956] smpboot: CPU0: AMD QEMU Virtual CPU version 2.5+ (family: 0xf, model: 0x6b, stepping: 0x1)
[    0.317151] Performance Events: PMU not available due to virtualization, using software events only.
[    0.317711] signal: max sigframe size: 1440
[    0.318500] rcu: Hierarchical SRCU implementation.
[    0.318553] rcu: 	Max phase no-delay instances is 400.
[    0.319206] Timer migration: 1 hierarchy levels; 8 children per group; 1 crossnode level
[    0.321549] smp: Bringing up secondary CPUs ...
[    0.325421] smpboot: x86: Booting SMP configuration:
[    0.325480] .... node  #0, CPUs:      #1
[    0.395280] smp: Brought up 1 node, 2 CPUs
[    0.395426] smpboot: Total of 2 processors activated (17195.70 BogoMIPS)
[    0.400396] Memory: 214648K/261624K available (12659K kernel code, 2337K rwdata, 5116K rodata, 2792K init, 544K bss, 43540K reserved, 0K cma-reserved)
[    0.404969] devtmpfs: initialized
[    0.410149] clocksource: jiffies: mask: 0xffffffff max_cycles: 0xffffffff, max_idle_ns: 1911260446275000 ns
[    0.411078] posixtimers hash table entries: 1024 (order: 2, 16384 bytes, linear)
[    0.411264] futex hash table entries: 512 (32768 bytes on 1 NUMA nodes, total 32 KiB, linear).
[    0.413583] PM: RTC time: 09:31:46, date: 2026-08-25
[    0.416065] NET: Registered PF_NETLINK/PF_ROUTE protocol family
[    0.420222] thermal_sys: Registered thermal governor 'step_wise'
[    0.420543] cpuidle: using governor menu
[    0.421613] Freeing SMP alternatives memory: 36K
[    0.422991] PCI: Using configuration type 1 for base access
[    0.423243] mtrr: your CPUs had inconsistent fixed MTRR settings
[    0.423290] mtrr: your CPUs had inconsistent variable MTRR settings
[    0.423335] mtrr: your CPUs had inconsistent MTRRdefType settings
[    0.423383] mtrr: probably your BIOS does not setup all CPUs.
[    0.423421] mtrr: corrected configuration.
[    0.424745] kprobes: kprobe jump-optimization is enabled. All kprobes are optimized if possible.
[    0.429530] HugeTLB: registered 2.00 MiB page size, pre-allocated 0 pages
[    0.429617] HugeTLB: 28 KiB vmemmap can be freed for a 2.00 MiB page
[    0.432142] ACPI: Added _OSI(Module Device)
[    0.432199] ACPI: Added _OSI(Processor Device)
[    0.432233] ACPI: Added _OSI(Processor Aggregator Device)
[    0.454504] ACPI: 1 ACPI AML tables successfully acquired and loaded
[    0.463175] ACPI: \_SB_: platform _OSC: OS support mask [002a7eee]
[    0.465812] ACPI: Interpreter enabled
[    0.466490] ACPI: PM: (supports S0 S3 S4 S5)
[    0.466549] ACPI: Using IOAPIC for interrupt routing
[    0.466780] PCI: Using host bridge windows from ACPI; if necessary, use "pci=nocrs" and report a bug
[    0.466852] PCI: Using E820 reservations for host bridge windows
[    0.467714] ACPI: Enabled 2 GPEs in block 00 to 0F
[    0.490510] ACPI: PCI Root Bridge [PCI0] (domain 0000 [bus 00-ff])
[    0.490972] acpi PNP0A03:00: _OSC: OS supports [ASPM ClockPM Segments MSI HPX-Type3]
[    0.491104] acpi PNP0A03:00: _OSC: not requesting OS control; OS requires [ExtendedConfig ASPM ClockPM MSI]
[    0.491339] acpi PNP0A03:00: _OSC: platform retains control of PCIe features (AE_ERROR)
[    0.491662] acpi PNP0A03:00: fail to add MMCONFIG information, can't access extended configuration space under this bridge
[    0.493498] PCI host bridge to bus 0000:00
[    0.493655] pci_bus 0000:00: root bus resource [io  0x0000-0x0cf7 window]
[    0.493770] pci_bus 0000:00: root bus resource [io  0x0d00-0xffff window]
[    0.493817] pci_bus 0000:00: root bus resource [mem 0x000a0000-0x000bffff window]
[    0.493884] pci_bus 0000:00: root bus resource [mem 0x10000000-0xfebfffff window]
[    0.493935] pci_bus 0000:00: root bus resource [mem 0x100000000-0x17fffffff window]
[    0.494036] pci_bus 0000:00: root bus resource [bus 00-ff]
[    0.494826] pci 0000:00:00.0: [8086:1237] type 00 class 0x060000 conventional PCI endpoint
[    0.497251] pci 0000:00:01.0: [8086:7000] type 00 class 0x060100 conventional PCI endpoint
[    0.497623] pci 0000:00:01.1: [8086:7010] type 00 class 0x010180 conventional PCI endpoint
[    0.498022] pci 0000:00:01.1: BAR 4 [io  0xc040-0xc04f]
[    0.498097] pci 0000:00:01.1: BAR 0 [io  0x01f0-0x01f7]: legacy IDE quirk
[    0.498156] pci 0000:00:01.1: BAR 1 [io  0x03f6]: legacy IDE quirk
[    0.498213] pci 0000:00:01.1: BAR 2 [io  0x0170-0x0177]: legacy IDE quirk
[    0.498264] pci 0000:00:01.1: BAR 3 [io  0x0376]: legacy IDE quirk
[    0.498632] pci 0000:00:01.3: [8086:7113] type 00 class 0x068000 conventional PCI endpoint
[    0.498892] pci 0000:00:01.3: quirk: [io  0x0600-0x063f] claimed by PIIX4 ACPI
[    0.498973] pci 0000:00:01.3: quirk: [io  0x0700-0x070f] claimed by PIIX4 SMB
[    0.499295] pci 0000:00:02.0: [1234:1111] type 00 class 0x030000 conventional PCI endpoint
[    0.499728] pci 0000:00:02.0: BAR 0 [mem 0xfd000000-0xfdffffff pref]
[    0.499810] pci 0000:00:02.0: BAR 2 [mem 0xfebf0000-0xfebf0fff]
[    0.499854] pci 0000:00:02.0: ROM [mem 0xfebe0000-0xfebeffff pref]
[    0.500059] pci 0000:00:02.0: Video device with shadowed ROM at [mem 0x000c0000-0x000dffff]
[    0.500419] pci 0000:00:03.0: [8086:100e] type 00 class 0x020000 conventional PCI endpoint
[    0.500800] pci 0000:00:03.0: BAR 0 [mem 0xfebc0000-0xfebdffff]
[    0.500854] pci 0000:00:03.0: BAR 1 [io  0xc000-0xc03f]
[    0.500893] pci 0000:00:03.0: ROM [mem 0xfeb80000-0xfebbffff pref]
[    0.506325] ACPI: PCI: Interrupt link LNKA configured for IRQ 10
[    0.506806] ACPI: PCI: Interrupt link LNKB configured for IRQ 10
[    0.507157] ACPI: PCI: Interrupt link LNKC configured for IRQ 11
[    0.507462] ACPI: PCI: Interrupt link LNKD configured for IRQ 11
[    0.507616] ACPI: PCI: Interrupt link LNKS configured for IRQ 9
[    0.509847] iommu: Default domain type: Translated
[    0.509913] iommu: DMA domain TLB invalidation policy: lazy mode
[    0.511032] SCSI subsystem initialized
[    0.512109] libata version 3.00 loaded.
[    0.512966] ACPI: bus type USB registered
[    0.512966] usbcore: registered new interface driver usbfs
[    0.513122] usbcore: registered new interface driver hub
[    0.513224] usbcore: registered new device driver usb
[    0.513397] pps_core: LinuxPPS API ver. 1 registered
[    0.513435] pps_core: Software ver. 5.3.6 - Copyright 2005-2007 Rodolfo Giometti <giometti@linux.it>
[    0.513516] PTP clock support registered
[    0.517932] PCI: Using ACPI for IRQ routing
[    0.518024] PCI: pci_cache_line_size set to 64 bytes
[    0.518252] e820: register RAM buffer resource [mem 0x0009fc00-0x0009ffff]
[    0.518384] e820: register RAM buffer resource [mem 0x0ffe0000-0x0fffffff]
[    0.521288] pci 0000:00:02.0: vgaarb: setting as boot VGA device
[    0.521363] pci 0000:00:02.0: vgaarb: bridge control possible
[    0.521424] pci 0000:00:02.0: vgaarb: VGA device added: decodes=io+mem,owns=io+mem,locks=none
[    0.521492] vgaarb: loaded
[    0.521495] hpet: 3 channels of 0 reserved for per-cpu timers
[    0.521666] hpet0: at MMIO 0xfed00000, IRQs 2, 8, 0
[    0.521744] hpet0: 3 comparators, 64-bit 100.000000 MHz counter
[    0.525509] clocksource: Switched to clocksource tsc-early
[    0.526308] VFS: Disk quotas dquot_6.6.0
[    0.526398] VFS: Dquot-cache hash table entries: 512 (order 0, 4096 bytes)
[    0.527653] pnp: PnP ACPI init
[    0.528826] pnp 00:02: [dma 2]
[    0.529786] pnp: PnP ACPI: found 5 devices
[    0.543366] clocksource: acpi_pm: mask: 0xffffff max_cycles: 0xffffff, max_idle_ns: 2085701024 ns
[    0.543785] NET: Registered PF_INET protocol family
[    0.544324] IP idents hash table entries: 4096 (order: 3, 32768 bytes, linear)
[    0.545794] tcp_listen_portaddr_hash hash table entries: 256 (order: 0, 4096 bytes, linear)
[    0.545987] Table-perturb hash table entries: 65536 (order: 6, 262144 bytes, linear)
[    0.546067] TCP established hash table entries: 2048 (order: 2, 16384 bytes, linear)
[    0.546238] TCP bind hash table entries: 2048 (order: 4, 65536 bytes, linear)
[    0.546358] TCP: Hash tables configured (established 2048 bind 2048)
[    0.547072] UDP hash table entries: 256 (order: 2, 16384 bytes, linear)
[    0.548084] pci_bus 0000:00: resource 4 [io  0x0000-0x0cf7 window]
[    0.548140] pci_bus 0000:00: resource 5 [io  0x0d00-0xffff window]
[    0.548184] pci_bus 0000:00: resource 6 [mem 0x000a0000-0x000bffff window]
[    0.548231] pci_bus 0000:00: resource 7 [mem 0x10000000-0xfebfffff window]
[    0.548278] pci_bus 0000:00: resource 8 [mem 0x100000000-0x17fffffff window]
[    0.548604] pci 0000:00:01.0: PIIX3: Enabling Passive Release
[    0.548691] pci 0000:00:00.0: Limiting direct PCI/PCI transfers
[    0.548810] PCI: CLS 0 bytes, default 64
[    0.551198] Unpacking initramfs...
[    0.554768] Initialise system trusted keyrings
[    0.555737] workingset: timestamp_bits=56 (anon: 52) max_order=16 bucket_order=0 (anon: 0)
[    0.557979] Key type asymmetric registered
[    0.558053] Asymmetric key parser 'x509' registered
[    0.558179] Block layer SCSI generic (bsg) driver version 0.4 loaded (major 250)
[    0.558441] io scheduler mq-deadline registered
[    0.558499] io scheduler kyber registered
[    0.560625] input: Power Button as /devices/platform/LNXPWRBN:00/input/input0
[    0.561203] ACPI: button: Power Button [PWRF]
[    0.564436] Serial: 8250/16550 driver, 4 ports, IRQ sharing enabled
[    0.566702] 00:04: ttyS0 at I/O 0x3f8 (irq = 4, base_baud = 115200) is a 16550A
[    0.572114] Non-volatile memory driver v1.3
[    0.581949] loop: module loaded
[    0.586749] scsi host0: ata_piix
[    0.589091] scsi host1: ata_piix
[    0.589416] ata1: PATA max MWDMA2 cmd 0x1f0 ctl 0x3f6 bmdma 0xc040 irq 14 lpm-pol 0
[    0.589495] ata2: PATA max MWDMA2 cmd 0x170 ctl 0x376 bmdma 0xc048 irq 15 lpm-pol 0
[    0.592488] i8042: PNP: PS/2 Controller [PNP0303:KBD,PNP0f13:MOU] at 0x60,0x64 irq 1,12
[    0.594414] serio: i8042 KBD port at 0x60,0x64 irq 1
[    0.594864] serio: i8042 AUX port at 0x60,0x64 irq 12
[    0.596743] input: AT Translated Set 2 keyboard as /devices/platform/i8042/serio0/input/input1
[    0.597544] rtc_cmos PNP0B00:00: RTC can wake from S4
[    0.600301] rtc_cmos PNP0B00:00: registered as rtc0
[    0.601101] rtc_cmos PNP0B00:00: alarms up to one day, y3k, 242 bytes nvram, hpet irqs
[    0.602075] device-mapper: ioctl: 4.50.0-ioctl (2025-04-28) initialised: dm-devel@lists.linux.dev
[    0.602308] amd_pstate: the _CPC object is not present in SBIOS or ACPI disabled
[    0.602477] hid: raw HID events driver (C) Jiri Kosina
[    0.602911] usbcore: registered new interface driver usbhid
[    0.602981] usbhid: USB HID core driver
[    0.603647] NET: Registered PF_INET6 protocol family
[    0.607622] Segment Routing with IPv6
[    0.607766] In-situ OAM (IOAM) with IPv6
[    0.609836] IPI shorthand broadcast: enabled
[    0.617143] sched_clock: Marking stable (605316022, 11245955)->(619256844, -2694867)
[    0.618586] Loading compiled-in X.509 certificates
[    0.624896] Demotion targets for Node 0: null
[    0.627635] PM:   Magic number: 6:323:526
[    0.627790]  faux: hash matches
[    0.628456] clk: Disabling unused clocks
[    0.628693] KTAP version 1
[    0.628724] 1..0
[    0.711002] Freeing initrd memory: 7876K
[    0.750189] ata2: found unknown device (class 0)
[    0.752871] ata2.00: ATAPI: QEMU DVD-ROM, 2.5+, max UDMA/100
[    0.759505] scsi 1:0:0:0: CD-ROM            QEMU     QEMU DVD-ROM     2.5+ PQ: 0 ANSI: 5
[    0.773480] sr 1:0:0:0: [sr0] scsi3-mmc drive: 4x/4x cd/rw xa/form2 tray
[    0.783785] cdrom: Uniform CD-ROM driver Revision: 3.20
[    0.790305] sr 1:0:0:0: Attached scsi CD-ROM sr0
[    0.791261] sr 1:0:0:0: Attached scsi generic sg0 type 5
[    0.828035] Freeing unused kernel image (initmem) memory: 2792K
[    0.828190] Write protecting the kernel read-only data: 20480k
[    0.829965] Freeing unused kernel image (text/rodata gap) memory: 1676K
[    0.830404] Freeing unused kernel image (rodata/data gap) memory: 1028K
[    0.917288] x86/mm: Checked W+X mappings: passed, no W+X pages found.
[    0.917461] Run /init as init process
[    0.917489]   with arguments:
[    0.917514]     /init
[    0.917535]     nokaslr
[    0.917553]   with environment:
[    0.917584]     HOME=/
[    0.917605]     TERM=linux
[    0.973523] mount (55) used greatest stack depth: 13208 bytes left
[    0.981927] mount (56) used greatest stack depth: 13120 bytes left
[    0.991800] mount (59) used greatest stack depth: 13112 bytes left
=== insmod runtime fixture amba-registrar ===
[    1.003966] amba_registrar: loading out-of-tree module taints kernel.
[    1.007914] REHARNESS_AMBA_DEVICE_READY name=reharness-amba periphid=0x00100001
REHARNESS_RUNTIME_FIXTURE_MODULE_0_INSMOD_RC=0
=== insmod reharness_amba_sensor ===
[    1.018829] reharness_amba_sensor reharness-amba: REHARNESS_AMBA_DRIVER_PROBE periphid=0x00100001 resource=0x1000
REHARNESS_DRIVER_INSMOD_RC=0
[    1.024379] input: ImExPS/2 Generic Explorer Mouse as /devices/platform/i8042/serio1/input/input3
REHARNESS_DRIVER_PROBE_BOUND=1
=== dmesg ===
[    1.018829] reharness_amba_sensor reharness-amba: REHARNESS_AMBA_DRIVER_PROBE periphid=0x00100001 resource=0x1000
=== Linux subsystem test 0 ===
AMBA_DEVICE_LIFECYCLE_PASS name=reharness-amba
REHARNESS_SUBSYSTEM_TEST_0_NAME=amba-device-lifecycle
REHARNESS_SUBSYSTEM_TEST_0_KIND=native
REHARNESS_SUBSYSTEM_TEST_0_PROVIDER=
REHARNESS_SUBSYSTEM_TEST_0_REQUIRED=1
REHARNESS_SUBSYSTEM_TEST_0_RC=0
REHARNESS_SUBSYSTEM_TEST_0_STATUS=pass
=== rmmod reharness_amba_sensor ===
[    1.064197] reharness_amba_sensor reharness-amba: REHARNESS_AMBA_DRIVER_REMOVE
REHARNESS_DRIVER_RMMOD_RC=0
[    1.083573] REHARNESS_AMBA_REGISTRAR_UNLOADED
REHARNESS_RUNTIME_FIXTURE_MODULE_0_RMMOD_RC=0
=== QEMU_RUN_DONE ===
[    1.293973] sysrq: Power Off
[    1.295058] Kernel panic - not syncing: Attempted to kill init! exitcode=0x00000000
[    1.295431] CPU: 0 UID: 0 PID: 1 Comm: init Tainted: G           O        7.1.0-rc7+ #17 PREEMPT(lazy) 
[    1.295539] Tainted: [O]=OOT_MODULE
[    1.295565] Hardware name: QEMU Standard PC (i440FX + PIIX, 1996), BIOS rel-1.17.0-0-gb52ca86e094d-prebuilt.qemu.org 04/01/2014
[    1.295687] Call Trace:
[    1.296017]  <TASK>
[    1.296142]  vpanic+0x32f/0x4b0
[    1.296308]  panic+0x63/0x70
[    1.296331]  do_exit+0x952/0xaf0
[    1.296357]  ? __schedule+0x4ab/0xf50
[    1.296384]  do_group_exit+0x30/0x80
[    1.296408]  __x64_sys_exit_group+0x18/0x20
[    1.296439]  x64_sys_call+0x12e2/0x1880
[    1.296465]  do_syscall_64+0x10e/0x4e0
[    1.296493]  entry_SYSCALL_64_after_hwframe+0x77/0x7f
[    1.296589] RIP: 0033:0x7f900363d31d
[    1.296725] Code: 02 ba ff ff ff ff 89 d0 c3 0f 1f 40 00 f3 0f 1e fa 48 8b 35 ed 4a 11 00 ba e7 00 00 00 eb 07 66 0f 1f 44 00 00 f4 89 d0 0f 05 <48> 3d 00 f0 ff ff 76 f3 f7 d8 64 89 06 eb ec 0f 1f 40 00 f3 0f 1e
[    1.296846] RSP: 002b:00007ffe3fd61048 EFLAGS: 00000206 ORIG_RAX: 00000000000000e7
[    1.296906] RAX: ffffffffffffffda RBX: 00007ffe3fd612d0 RCX: 00007f900363d31d
[    1.296947] RDX: 00000000000000e7 RSI: ffffffffffffff88 RDI: 0000000000000000
[    1.296988] RBP: 00007ffe3fd61120 R08: 000055e32b009010 R09: 0000000000000007
[    1.297028] R10: 000055e32b00ca70 R11: 0000000000000206 R12: 0000000000000000
[    1.297069] R13: 00007ffe3fd612c0 R14: 000055e30a350dd8 R15: 00007f90037a3000
[    1.297131]  </TASK>
[    1.297484] Kernel Offset: disabled
[    1.297651] Rebooting in 1 seconds..
